 qagamex86

 Timestamp is 51f1958d (Thu Jul 25 16:15:57 2013)

 Preferred load address is 20000000

 Start         Length     Name                   Class
 0001:00000000 0004ee86H .text                   CODE
 0002:00000000 0000010cH .idata$5                DATA
 0002:0000010c 00000004H .CRT$XCA                DATA
 0002:00000110 00000004H .CRT$XCZ                DATA
 0002:00000114 00000004H .CRT$XIA                DATA
 0002:00000118 00000014H .CRT$XIC                DATA
 0002:0000012c 00000004H .CRT$XIZ                DATA
 0002:00000130 00000004H .CRT$XPA                DATA
 0002:00000134 00000008H .CRT$XPX                DATA
 0002:0000013c 00000004H .CRT$XPXA               DATA
 0002:00000140 00000004H .CRT$XPZ                DATA
 0002:00000144 00000004H .CRT$XTA                DATA
 0002:00000148 00000004H .CRT$XTZ                DATA
 0002:00000150 0000cca0H .rdata                  DATA
 0002:0000cdf0 0000000cH .rdata$sxdata           DATA
 0002:0000cdfc 00000004H .rtc$IAA                DATA
 0002:0000ce00 00000004H .rtc$IZZ                DATA
 0002:0000ce04 00000004H .rtc$TAA                DATA
 0002:0000ce08 00000004H .rtc$TZZ                DATA
 0002:0000ce10 00000334H .xdata$x                DATA
 0002:0000d144 00000014H .idata$2                DATA
 0002:0000d158 00000014H .idata$3                DATA
 0002:0000d16c 0000010cH .idata$4                DATA
 0002:0000d278 000004d0H .idata$6                DATA
 0002:0000d750 0000005aH .edata                  DATA
 0003:00000000 00003354H .data                   DATA
 0003:00003360 00150d60H .bss                    DATA
 0004:00000000 00000058H .rsrc$01                DATA
 0004:00000060 00000180H .rsrc$02                DATA

  Address         Publics by Value              Rva+Base       Lib:Object

 0000:00000000       __except_list              00000000     <absolute>
 0000:00000003       ___safe_se_handler_count   00000003     <absolute>
 0000:00000000       ___ImageBase               20000000     <linker-defined>
 0001:00000000       _BotChatTest               20001000 f   ai_chat.obj
 0001:00000940       _BotChatTime               20001940 f   ai_chat.obj
 0001:00000970       _BotChat_Death             20001970 f   ai_chat.obj
 0001:00000d50       _BotChat_EndLevel          20001d50 f   ai_chat.obj
 0001:00000f50       _BotChat_EnemySuicide      20001f50 f   ai_chat.obj
 0001:00001090       _BotChat_EnterGame         20002090 f   ai_chat.obj
 0001:000011d0       _BotChat_ExitGame          200021d0 f   ai_chat.obj
 0001:00001300       _BotChat_HitNoDeath        20002300 f   ai_chat.obj
 0001:000014d0       _BotChat_HitNoKill         200024d0 f   ai_chat.obj
 0001:00001670       _BotChat_HitTalking        20002670 f   ai_chat.obj
 0001:00001820       _BotChat_Kill              20002820 f   ai_chat.obj
 0001:00001a80       _BotChat_Random            20002a80 f   ai_chat.obj
 0001:00001d20       _BotChat_StartLevel        20002d20 f   ai_chat.obj
 0001:00001e50       _BotFirstClientInRankings  20002e50 f   ai_chat.obj
 0001:00001f60       _BotIsFirstInRankings      20002f60 f   ai_chat.obj
 0001:00002070       _BotIsLastInRankings       20003070 f   ai_chat.obj
 0001:00002180       _BotLastClientInRankings   20003180 f   ai_chat.obj
 0001:00002290       _BotMapTitle               20003290 f   ai_chat.obj
 0001:00002300       _BotNumActivePlayers       20003300 f   ai_chat.obj
 0001:000023d0       _BotRandomOpponentName     200033d0 f   ai_chat.obj
 0001:00002560       _BotRandomWeaponName       20003560 f   ai_chat.obj
 0001:00002610       _BotValidChatPosition      20003610 f   ai_chat.obj
 0001:000027c0       _BotVisibleEnemies         200037c0 f   ai_chat.obj
 0001:000028c0       _BotWeaponNameForMeansOfDeath 200038c0 f   ai_chat.obj
 0001:000029b0       _BotAddressedToBot         200039b0 f   ai_cmd.obj
 0001:00002c30       _BotGetItemTeamGoal        20003c30 f   ai_cmd.obj
 0001:00002c90       _BotGetMessageTeamGoal     20003c90 f   ai_cmd.obj
 0001:00002ce0       _BotGetPatrolWaypoints     20003ce0 f   ai_cmd.obj
 0001:00002ee0       _BotGetTime                20003ee0 f   ai_cmd.obj
 0001:00003030       _BotMatchMessage           20004030 f   ai_cmd.obj
 0001:00003350       _BotMatch_AttackEnemyBase  20004350 f   ai_cmd.obj
 0001:00003480       _BotMatch_CTF              20004480 f   ai_cmd.obj
 0001:00003650       _BotMatch_Camp             20004650 f   ai_cmd.obj
 0001:00003980       _BotMatch_CheckPoint       20004980 f   ai_cmd.obj
 0001:00003bd0       _BotMatch_DefendKeyArea    20004bd0 f   ai_cmd.obj
 0001:00003d30       _BotMatch_Dismiss          20004d30 f   ai_cmd.obj
 0001:00003de0       _BotMatch_EnterGame        20004de0 f   ai_cmd.obj
 0001:00003e30       _BotMatch_FormationSpace   20004e30 f   ai_cmd.obj
 0001:00003f20       _BotMatch_GetFlag          20004f20 f   ai_cmd.obj
 0001:00004080       _BotMatch_GetItem          20005080 f   ai_cmd.obj
 0001:000041a0       _BotMatch_Harvest          200051a0 f   ai_cmd.obj
 0001:000042c0       _BotMatch_HelpAccompany    200052c0 f   ai_cmd.obj
 0001:000046b0       _BotMatch_JoinSubteam      200056b0 f   ai_cmd.obj
 0001:00004770       _BotMatch_Kill             20005770 f   ai_cmd.obj
 0001:000048a0       _BotMatch_LeadTheWay       200058a0 f   ai_cmd.obj
 0001:00004b10       _BotMatch_LeaveSubteam     20005b10 f   ai_cmd.obj
 0001:00004bb0       _BotMatch_NewLeader        20005bb0 f   ai_cmd.obj
 0001:00004c10       _BotMatch_Patrol           20005c10 f   ai_cmd.obj
 0001:00004d40       _BotMatch_ReturnFlag       20005d40 f   ai_cmd.obj
 0001:00004e40       _BotMatch_RushBase         20005e40 f   ai_cmd.obj
 0001:00004f80       _BotMatch_StartTeamLeaderShip 20005f80 f   ai_cmd.obj
 0001:00005030       _BotMatch_StopTeamLeaderShip 20006030 f   ai_cmd.obj
 0001:00005100       _BotMatch_Suicide          20006100 f   ai_cmd.obj
 0001:00005190       _BotMatch_TaskPreference   20006190 f   ai_cmd.obj
 0001:000052a0       _BotMatch_WhatAreYouDoing  200062a0 f   ai_cmd.obj
 0001:000054b0       _BotMatch_WhatIsMyCommand  200064b0 f   ai_cmd.obj
 0001:00005510       _BotMatch_WhereAreYou      20006510 f   ai_cmd.obj
 0001:00005830       _BotMatch_WhichTeam        20006830 f   ai_cmd.obj
 0001:000058b0       _BotMatch_WhoIsTeamLeader  200068b0 f   ai_cmd.obj
 0001:00005920       _BotNearestVisibleItem     20006920 f   ai_cmd.obj
 0001:00005a80       _FindClientByName          20006a80 f   ai_cmd.obj
 0001:00005b60       _FindEnemyByName           20006b60 f   ai_cmd.obj
 0001:00005c60       _NumPlayersOnSameTeam      20006c60 f   ai_cmd.obj
 0001:00005d10       _AIEnter_Battle_Chase      20006d10 f   ai_dmnet.obj
 0001:00005d50       _AIEnter_Battle_Fight      20006d50 f   ai_dmnet.obj
 0001:00005d90       _AIEnter_Battle_NBG        20006d90 f   ai_dmnet.obj
 0001:00005dc0       _AIEnter_Battle_Retreat    20006dc0 f   ai_dmnet.obj
 0001:00005df0       _AIEnter_Battle_SuicidalFight 20006df0 f   ai_dmnet.obj
 0001:00005e30       _AIEnter_Intermission      20006e30 f   ai_dmnet.obj
 0001:00005e80       _AIEnter_Observer          20006e80 f   ai_dmnet.obj
 0001:00005eb0       _AIEnter_Respawn           20006eb0 f   ai_dmnet.obj
 0001:00005f90       _AIEnter_Seek_ActivateEntity 20006f90 f   ai_dmnet.obj
 0001:00005fc0       _AIEnter_Seek_LTG          20006fc0 f   ai_dmnet.obj
 0001:00006060       _AIEnter_Seek_NBG          20007060 f   ai_dmnet.obj
 0001:00006100       _AIEnter_Stand             20007100 f   ai_dmnet.obj
 0001:00006150       _AINode_Battle_Chase       20007150 f   ai_dmnet.obj
 0001:00006630       _AINode_Battle_Fight       20007630 f   ai_dmnet.obj
 0001:00006b60       _AINode_Battle_NBG         20007b60 f   ai_dmnet.obj
 0001:00007010       _AINode_Battle_Retreat     20008010 f   ai_dmnet.obj
 0001:00007600       _AINode_Intermission       20008600 f   ai_dmnet.obj
 0001:00007670       _AINode_Observer           20008670 f   ai_dmnet.obj
 0001:000076a0       _AINode_Respawn            200086a0 f   ai_dmnet.obj
 0001:00007780       _AINode_Seek_ActivateEntity 20008780 f   ai_dmnet.obj
 0001:00007dc0       _AINode_Seek_LTG           20008dc0 f   ai_dmnet.obj
 0001:00008420       _AINode_Seek_NBG           20009420 f   ai_dmnet.obj
 0001:00008850       _AINode_Stand              20009850 f   ai_dmnet.obj
 0001:00008970       _BotClearPath              20009970 f   ai_dmnet.obj
 0001:00008d80       _BotDumpNodeSwitches       20009d80 f   ai_dmnet.obj
 0001:00008e20       _BotGetAirGoal             20009e20 f   ai_dmnet.obj
 0001:00008fb0       _BotGetItemLongTermGoal    20009fb0 f   ai_dmnet.obj
 0001:000090c0       _BotGetLongTermGoal        2000a0c0 f   ai_dmnet.obj
 0001:0000b050       _BotGoForAir               2000c050 f   ai_dmnet.obj
 0001:0000b170       _BotLongTermGoal           2000c170 f   ai_dmnet.obj
 0001:0000b620       _BotNearbyGoal             2000c620 f   ai_dmnet.obj
 0001:0000b6c0       _BotReachedGoal            2000c6c0 f   ai_dmnet.obj
 0001:0000b820       _BotRecordNodeSwitch       2000c820 f   ai_dmnet.obj
 0001:0000b8b0       _BotResetNodeSwitches      2000c8b0 f   ai_dmnet.obj
 0001:0000b8c0       _BotSelectActivateWeapon   2000c8c0 f   ai_dmnet.obj
 0001:0000b9b0       _Bot1FCTFCarryingFlag      2000c9b0 f   ai_dmq3.obj
 0001:0000b9d0       _Bot1FCTFRetreatGoals      2000c9d0 f   ai_dmq3.obj
 0001:0000ba50       _Bot1FCTFSeekGoals         2000ca50 f   ai_dmq3.obj
 0001:0000c050       _BotAIBlocked              2000d050 f   ai_dmq3.obj
 0001:0000c340       _BotAIPredictObstacles     2000d340 f   ai_dmq3.obj
 0001:0000c4a0       _BotAggression             2000d4a0 f   ai_dmq3.obj
 0001:0000c5b0       _BotAimAtEnemy             2000d5b0 f   ai_dmq3.obj
 0001:0000d9f0       _BotAlternateRoute         2000e9f0 f   ai_dmq3.obj
 0001:0000da70       _BotAttackMove             2000ea70 f   ai_dmq3.obj
 0001:0000e0d0       _BotBattleUseItems         2000f0d0 f   ai_dmq3.obj
 0001:0000e150       _BotCTFCarryingFlag        2000f150 f   ai_dmq3.obj
 0001:0000e190       _BotCTFRetreatGoals        2000f190 f   ai_dmq3.obj
 0001:0000e200       _BotCTFSeekGoals           2000f200 f   ai_dmq3.obj
 0001:0000ea20       _BotCanAndWantsToRocketJump 2000fa20 f   ai_dmq3.obj
 0001:0000eab0       _BotCheckAir               2000fab0 f   ai_dmq3.obj
 0001:0000eaf0       _BotCheckAttack            2000faf0 f   ai_dmq3.obj
 0001:0000f000       _BotCheckConsoleMessages   20010000 f   ai_dmq3.obj
 0001:0000f3c0       _BotCheckEvents            200103c0 f   ai_dmq3.obj
 0001:0000f8b0       _BotCheckForGrenades       200108b0 f   ai_dmq3.obj
 0001:0000f8f0       _BotCheckForKamikazeBody   200108f0 f   ai_dmq3.obj
 0001:0000f920       _BotCheckForProxMines      20010920 f   ai_dmq3.obj
 0001:0000f9d0       _BotCheckItemPickup        200109d0 f   ai_dmq3.obj
 0001:0000fbb0       _BotCheckSnapshot          20010bb0 f   ai_dmq3.obj
 0001:0000fca0       _BotChooseWeapon           20010ca0 f   ai_dmq3.obj
 0001:0000fd10       _BotClearActivateGoalStack 20010d10 f   ai_dmq3.obj
 0001:0000fd40       _BotCreateWayPoint         20010d40 f   ai_dmq3.obj
 0001:0000fde0       _BotDeathmatchAI           20010de0 f   ai_dmq3.obj
 0001:000100c0       _BotDontAvoid              200110c0 f   ai_dmq3.obj
 0001:00010130       _BotEnableActivateGoalAreas 20011130 f   ai_dmq3.obj
 0001:00010190       _BotEnemyCubeCarrierVisible 20011190 f   ai_dmq3.obj
 0001:00010270       _BotEnemyFlag              20011270 f   ai_dmq3.obj
 0001:000102a0       _BotEnemyFlagCarrierVisible 200112a0 f   ai_dmq3.obj
 0001:00010380       _BotEntityVisible          20011380 f   ai_dmq3.obj
 0001:000107f0       _BotFeelingBad             200117f0 f   ai_dmq3.obj
 0001:00010840       _BotFindEnemy              20011840 f   ai_dmq3.obj
 0001:00010df0       _BotFindWayPoint           20011df0 f   ai_dmq3.obj
 0001:00010e30       _BotFreeWaypoints          20011e30 f   ai_dmq3.obj
 0001:00010e60       _BotFuncButtonActivateGoal 20011e60 f   ai_dmq3.obj
 0001:000118f0       _BotFuncDoorActivateGoal   200128f0 f   ai_dmq3.obj
 0001:00011a50       _BotGetActivateGoal        20012a50 f   ai_dmq3.obj
 0001:00012240       _BotGetAlternateRouteGoal  20013240 f   ai_dmq3.obj
 0001:00012340       _BotGoCamp                 20013340 f   ai_dmq3.obj
 0001:00012440       _BotGoForActivateGoal      20013440 f   ai_dmq3.obj
 0001:00012510       _BotGoForPowerups          20013510 f   ai_dmq3.obj
 0001:00012560       _BotGoHarvest              20013560 f   ai_dmq3.obj
 0001:000125d0       _BotHarvesterCarryingCubes 200135d0 f   ai_dmq3.obj
 0001:00012600       _BotHarvesterRetreatGoals  20013600 f   ai_dmq3.obj
 0001:00012670       _BotHarvesterSeekGoals     20013670 f   ai_dmq3.obj
 0001:00012ac0       _BotHasPersistantPowerupAndWeapon 20013ac0 f   ai_dmq3.obj
 0001:00012bb0       _BotInLavaOrSlime          20013bb0 f   ai_dmq3.obj
 0001:00012c10       _BotInitWaypoints          20013c10 f   ai_dmq3.obj
 0001:00012c30       _BotIntermission           20013c30 f   ai_dmq3.obj
 0001:00012c60       _BotIsDead                 20013c60 f   ai_dmq3.obj
 0001:00012c80       _BotIsGoingToActivateEntity 20013c80 f   ai_dmq3.obj
 0001:00012d00       _BotIsObserver             20013d00 f   ai_dmq3.obj
 0001:00012d90       _BotMapScripts             20013d90 f   ai_dmq3.obj
 0001:00013110       _BotModelMinsMaxs          20014110 f   ai_dmq3.obj
 0001:00013230       _BotObeliskSeekGoals       20014230 f   ai_dmq3.obj
 0001:00013510       _BotOppositeTeam           20014510 f   ai_dmq3.obj
 0001:00013540       _BotPointAreaNum           20014540 f   ai_dmq3.obj
 0001:000135c0       _BotPopFromActivateGoalStack 200145c0 f   ai_dmq3.obj
 0001:00013620       _BotPushOntoActivateGoalStack 20014620 f   ai_dmq3.obj
 0001:00013780       _BotRandomMove             20014780 f   ai_dmq3.obj
 0001:00013830       _BotRefuseOrder            20014830 f   ai_dmq3.obj
 0001:000138a0       _BotRememberLastOrderedTask 200148a0 f   ai_dmq3.obj
 0001:000138f0       _BotRoamGoal               200148f0 f   ai_dmq3.obj
 0001:00013c50       _BotSameTeam               20014c50 f   ai_dmq3.obj
 0001:00013d30       _BotSetEntityNumForGoal    20014d30 f   ai_dmq3.obj
 0001:00013dd0       _BotSetLastOrderedTask     20014dd0 f   ai_dmq3.obj
 0001:00013f00       _BotSetMovedir             20014f00 f   ai_dmq3.obj
 0001:00013fe0       _BotSetTeamStatus          20014fe0 f   ai_dmq3.obj
 0001:000140f0       _BotSetTeleportTime        200150f0 f   ai_dmq3.obj
 0001:00014120       _BotSetUserInfo            20015120 f   ai_dmq3.obj
 0001:00014190       _BotSetupAlternativeRouteGoals 20015190 f   ai_dmq3.obj
 0001:000142f0       _BotSetupDeathmatchAI      200152f0 f   ai_dmq3.obj
 0001:00014660       _BotSetupForMovement       20015660 f   ai_dmq3.obj
 0001:000147b0       _BotSynonymContext         200157b0 f   ai_dmq3.obj
 0001:00014830       _BotTeam                   20015830 f   ai_dmq3.obj
 0001:000148e0       _BotTeamCubeCarrierVisible 200158e0 f   ai_dmq3.obj
 0001:000149c0       _BotTeamFlag               200159c0 f   ai_dmq3.obj
 0001:000149f0       _BotTeamFlagCarrier        200159f0 f   ai_dmq3.obj
 0001:00014a90       _BotTeamFlagCarrierVisible 20015a90 f   ai_dmq3.obj
 0001:00014b70       _BotTeamGoals              20015b70 f   ai_dmq3.obj
 0001:00014c50       _BotTriggerMultipleActivateGoal 20015c50 f   ai_dmq3.obj
 0001:00014ed0       _BotUpdateBattleInventory  20015ed0 f   ai_dmq3.obj
 0001:00014f80       _BotUpdateInventory        20015f80 f   ai_dmq3.obj
 0001:00015290       _BotUseInvulnerability     20016290 f   ai_dmq3.obj
 0001:000154f0       _BotUseKamikaze            200164f0 f   ai_dmq3.obj
 0001:00015870       _BotVisibleTeamMatesAndEnemies 20016870 f   ai_dmq3.obj
 0001:000159c0       _BotWantsToCamp            200169c0 f   ai_dmq3.obj
 0001:00015bd0       _BotWantsToChase           20016bd0 f   ai_dmq3.obj
 0001:00015d00       _BotWantsToRetreat         20016d00 f   ai_dmq3.obj
 0001:00015e40       _ClientFromName            20016e40 f   ai_dmq3.obj
 0001:00015f00       _ClientName                20016f00 f   ai_dmq3.obj
 0001:00015fa0       _ClientOnSameTeamFromName  20016fa0 f   ai_dmq3.obj
 0001:00016070       _EasyClientName            20017070 f   ai_dmq3.obj
 0001:00016290       _EntityCarriesCubes        20017290 f   ai_dmq3.obj
 0001:000162f0       _EntityCarriesFlag         200172f0 f   ai_dmq3.obj
 0001:00016320       _EntityIsChatting          20017320 f   ai_dmq3.obj
 0001:00016340       _EntityIsDead              20017340 f   ai_dmq3.obj
 0001:000163a0       _EntityIsInvisible         200173a0 f   ai_dmq3.obj
 0001:000163d0       _EntityIsShooting          200173d0 f   ai_dmq3.obj
 0001:000163f0       _InFieldOfVision           200173f0 f   ai_dmq3.obj
 0001:000164e0       _TeamPlayIsOn              200174e0 f   ai_dmq3.obj
 0001:000164f0       _stristr                   200174f0 f   ai_dmq3.obj
 0001:00016580       _AngleDifference           20017580 f   ai_main.obj
 0001:000165f0       _BotAI                     200175f0 f   ai_main.obj
 0001:000169e0       _BotAILoadMap              200179e0 f   ai_main.obj
 0001:00016a70       _BotAIRegularUpdate        20017a70 f   ai_main.obj
 0001:00016ab0       _BotAISetup                20017ab0 f   ai_main.obj
 0001:00016c10       _BotAISetupClient          20017c10 f   ai_main.obj
 0001:00016fa0       _BotAIShutdown             20017fa0 f   ai_main.obj
 0001:00016ff0       _BotAIShutdownClient       20017ff0 f   ai_main.obj
 0001:000170c0       _BotAIStartFrame           200180c0 f   ai_main.obj
 0001:000175b0       _BotAI_BotInitialChat      200185b0 f   ai_main.obj
 0001:00017630       _BotAI_GetClientState      20018630 f   ai_main.obj
 0001:00017680       _BotAI_GetEntityState      20018680 f   ai_main.obj
 0001:000176e0       _BotAI_GetSnapshotEntity   200186e0 f   ai_main.obj
 0001:00017730       _BotAI_Print               20018730 f   ai_main.obj
 0001:00017850       _BotAI_Trace               20018850 f   ai_main.obj
 0001:00017930       _BotChangeViewAngle        20018930 f   ai_main.obj
 0001:000179f0       _BotChangeViewAngles       200189f0 f   ai_main.obj
 0001:00017c80       _BotEntityInfo             20018c80 f   ai_main.obj
 0001:00017c90       _BotInitLibrary            20018c90 f   ai_main.obj
 0001:00018150       _BotInputToUserCommand     20019150 f   ai_main.obj
 0001:00018400       _BotInterbreedBots         20019400 f   ai_main.obj
 0001:00018530       _BotInterbreedEndMatch     20019530 f   ai_main.obj
 0001:000185a0       _BotInterbreeding          200195a0 f   ai_main.obj
 0001:000186a0       _BotReadSessionData        200196a0 f   ai_main.obj
 0001:00018770       _BotResetState             20019770 f   ai_main.obj
 0001:000188e0       _BotScheduleBotThink       200198e0 f   ai_main.obj
 0001:00018920       _BotSetInfoConfigString    20019920 f   ai_main.obj
 0001:00018bf0       _BotTeamLeader             20019bf0 f   ai_main.obj
 0001:00018c30       _BotTestAAS                20019c30 f   ai_main.obj
 0001:00018d30       _BotUpdateInfoConfigStrings 20019d30 f   ai_main.obj
 0001:00018df0       _BotUpdateInput            20019df0 f   ai_main.obj
 0001:00018f30       _BotWriteInterbreeded      20019f30 f   ai_main.obj
 0001:00018fa0       _BotWriteSessionData       20019fa0 f   ai_main.obj
 0001:000190a0       _NumBots                   2001a0a0 f   ai_main.obj
 0001:000190b0       _RemoveColorEscapeSequences 2001a0b0 f   ai_main.obj
 0001:00019100       _Bot1FCTFOrders            2001a100 f   ai_team.obj
 0001:00019150       _Bot1FCTFOrders_EnemyDroppedFlag 2001a150 f   ai_team.obj
 0001:000195b0       _Bot1FCTFOrders_EnemyHasFlag 2001a5b0 f   ai_team.obj
 0001:00019a50       _Bot1FCTFOrders_FlagAtCenter 2001aa50 f   ai_team.obj
 0001:00019eb0       _Bot1FCTFOrders_TeamHasFlag 2001aeb0 f   ai_team.obj
 0001:0001a570       _BotCTFOrders              2001b570 f   ai_team.obj
 0001:0001a5f0       _BotCTFOrders_BothFlagsAtBase 2001b5f0 f   ai_team.obj
 0001:0001aa40       _BotCTFOrders_BothFlagsNotAtBase 2001ba40 f   ai_team.obj
 0001:0001adf0       _BotCTFOrders_EnemyFlagNotAtBase 2001bdf0 f   ai_team.obj
 0001:0001b150       _BotCTFOrders_FlagNotAtBase 2001c150 f   ai_team.obj
 0001:0001b5a0       _BotClientTravelTimeToGoal 2001c5a0 f   ai_team.obj
 0001:0001b620       _BotCreateGroup            2001c620 f   ai_team.obj
 0001:0001b6c0       _BotGetTeamMateTaskPreference 2001c6c0 f   ai_team.obj
 0001:0001b730       _BotHarvesterOrders        2001c730 f   ai_team.obj
 0001:0001bb90       _BotNumTeamMates           2001cb90 f   ai_team.obj
 0001:0001bc80       _BotObeliskOrders          2001cc80 f   ai_team.obj
 0001:0001c0e0       _BotSayTeamOrder           2001d0e0 f   ai_team.obj
 0001:0001c120       _BotSayTeamOrderAlways     2001d120 f   ai_team.obj
 0001:0001c1d0       _BotSayVoiceTeamOrder      2001d1d0 f   ai_team.obj
 0001:0001c1e0       _BotSetTeamMateTaskPreference 2001d1e0 f   ai_team.obj
 0001:0001c240       _BotSortTeamMatesByBaseTravelTime 2001d240 f   ai_team.obj
 0001:0001c460       _BotSortTeamMatesByTaskPreference 2001d460 f   ai_team.obj
 0001:0001c570       _BotTeamAI                 2001d570 f   ai_team.obj
 0001:0001cb70       _BotTeamOrders             2001db70 f   ai_team.obj
 0001:0001cd40       _BotValidTeamLeader        2001dd40 f   ai_team.obj
 0001:0001cd80       _BotVoiceChat              2001dd80 f   ai_team.obj
 0001:0001cdd0       _BotVoiceChatOnly          2001ddd0 f   ai_team.obj
 0001:0001ce20       _FindHumanTeamLeader       2001de20 f   ai_team.obj
 0001:0001cea0       _BotVoiceChat_Defend       2001dea0 f   ai_vcmd.obj
 0001:0001cfb0       _BotVoiceChat_GetFlag      2001dfb0 f   ai_vcmd.obj
 0001:0001d0b0       _BotVoiceChat_Offense      2001e0b0 f   ai_vcmd.obj
 0001:0001d1e0       _BotVoiceChat_DefendFlag   2001e1e0 f   ai_vcmd.obj
 0001:0001d1f0       _BotVoiceChat_Patrol       2001e1f0 f   ai_vcmd.obj
 0001:0001d260       _BotVoiceChat_Camp         2001e260 f   ai_vcmd.obj
 0001:0001d420       _BotVoiceChat_FollowMe     2001e420 f   ai_vcmd.obj
 0001:0001d5f0       _BotVoiceChat_FollowFlagCarrier 2001e5f0 f   ai_vcmd.obj
 0001:0001d610       _BotVoiceChat_ReturnFlag   2001e610 f   ai_vcmd.obj
 0001:0001d6c0       _BotVoiceChat_StartLeader  2001e6c0 f   ai_vcmd.obj
 0001:0001d6e0       _BotVoiceChat_StopLeader   2001e6e0 f   ai_vcmd.obj
 0001:0001d740       _BotVoiceChat_WhoIsLeader  2001e740 f   ai_vcmd.obj
 0001:0001d7d0       _BotVoiceChat_WantOnDefense 2001e7d0 f   ai_vcmd.obj
 0001:0001d860       _BotVoiceChat_WantOnOffense 2001e860 f   ai_vcmd.obj
 0001:0001d8f0       _BotVoiceChatCommand       2001e8f0 f   ai_vcmd.obj
 0001:0001da80       _BG_AddPredictableEventToPlayerstate 2001ea80 f   bg_misc.obj
 0001:0001dab0       _BG_CanItemBeGrabbed       2001eab0 f   bg_misc.obj
 0001:0001dd00       _BG_EvaluateTrajectory     2001ed00 f   bg_misc.obj
 0001:0001dea0       _BG_EvaluateTrajectoryDelta 2001eea0 f   bg_misc.obj
 0001:0001e000       _BG_FindItem               2001f000 f   bg_misc.obj
 0001:0001e040       _BG_FindItemForPowerup     2001f040 f   bg_misc.obj
 0001:0001e090       _BG_FindItemForWeapon      2001f090 f   bg_misc.obj
 0001:0001e0d0       _BG_PlayerStateToEntityState 2001f0d0 f   bg_misc.obj
 0001:0001e310       _BG_PlayerStateToEntityStateExtraPolate 2001f310 f   bg_misc.obj
 0001:0001e550       _BG_PlayerTouchesItem      2001f550 f   bg_misc.obj
 0001:0001e5e0       _BG_TouchJumpPad           2001f5e0 f   bg_misc.obj
 0001:0001e750       _PM_AddEvent               2001f750 f   bg_pmove.obj
 0001:0001e770       _PM_AddTouchEnt            2001f770 f   bg_pmove.obj
 0001:0001eeb0       _PM_ClipVelocity           2001feb0 f   bg_pmove.obj
 0001:00020540       _PM_UpdateViewAngles       20021540 f   bg_pmove.obj
 0001:00020fe0       _Pmove                     20021fe0 f   bg_pmove.obj
 0001:00021070       _PmoveSingle               20022070 f   bg_pmove.obj
 0001:00021400       _PM_SlideMove              20022400 f   bg_slidemove.obj
 0001:00021c10       _PM_StepSlideMove          20022c10 f   bg_slidemove.obj
 0001:00021f60       _ClientEndFrame            20022f60 f   g_active.obj
 0001:00022150       _ClientEvents              20023150 f   g_active.obj
 0001:00022470       _ClientImpacts             20023470 f   g_active.obj
 0001:00022530       _ClientInactivityTimer     20023530 f   g_active.obj
 0001:00022640       _ClientIntermissionThink   20023640 f   g_active.obj
 0001:00022680       _ClientThink               20023680 f   g_active.obj
 0001:000226e0       _ClientThink_real          200236e0 f   g_active.obj
 0001:00022da0       _ClientTimerActions        20023da0 f   g_active.obj
 0001:000230a0       _G_RunClient               200240a0 f   g_active.obj
 0001:000230e0       _G_SetClientSound          200240e0 f   g_active.obj
 0001:00023150       _G_TouchTriggers           20024150 f   g_active.obj
 0001:000233b0       _P_DamageFeedback          200243b0 f   g_active.obj
 0001:00023510       _P_WorldEffects            20024510 f   g_active.obj
 0001:000236b0       _SendPendingPredictableEvents 200246b0 f   g_active.obj
 0001:00023750       _SpectatorClientEndFrame   20024750 f   g_active.obj
 0001:00023840       _SpectatorThink            20024840 f   g_active.obj
 0001:00023a10       _Svcmd_AbortPodium_f       20024a10 f   g_arenas.obj
 0001:00023a40       _UpdateTournamentInfo      20024a40 f   g_arenas.obj
 0001:00024110       _G_AddRandomBot            20025110 f   g_bot.obj
 0001:00024390       _G_BotConnect              20025390 f   g_bot.obj
 0001:00024480       _G_CheckBotSpawn           20025480 f   g_bot.obj
 0001:00024510       _G_CheckMinimumPlayers     20025510 f   g_bot.obj
 0001:00024690       _G_CountBotPlayers         20025690 f   g_bot.obj
 0001:00024730       _G_CountHumanPlayers       20025730 f   g_bot.obj
 0001:00024790       _G_GetArenaInfoByMap       20025790 f   g_bot.obj
 0001:000247e0       _G_GetBotInfoByName        200257e0 f   g_bot.obj
 0001:00024830       _G_InitBots                20025830 f   g_bot.obj
 0001:00024e90       _G_ParseInfos              20025e90 f   g_bot.obj
 0001:000250b0       _G_RemoveQueuedBotBegin    200260b0 f   g_bot.obj
 0001:000250e0       _G_RemoveRandomBot         200260e0 f   g_bot.obj
 0001:00025380       _Svcmd_AddBot_f            20026380 f   g_bot.obj
 0001:00025500       _Svcmd_BotList_f           20026500 f   g_bot.obj
 0001:000256c0       _trap_Cvar_VariableValue   200266c0 f   g_bot.obj
 0001:00025720       _BodySink                  20026720 f   g_client.obj
 0001:00025770       _ClientBegin               20026770 f   g_client.obj
 0001:00025930       _ClientConnect             20026930 f   g_client.obj
 0001:00025b70       _ClientDisconnect          20026b70 f   g_client.obj
 0001:00025d40       _ClientSpawn               20026d40 f   g_client.obj
 0001:000264b0       _ClientUserinfoChanged     200274b0 f   g_client.obj
 0001:000269c0       _CopyToBodyQue             200279c0 f   g_client.obj
 0001:00026cb0       _InitBodyQue               20027cb0 f   g_client.obj
 0001:00026cf0       _PickTeam                  20027cf0 f   g_client.obj
 0001:00026d40       _SP_info_player_deathmatch 20027d40 f   g_client.obj
 0001:00026da0       _SP_team_CTF_bluespawn     20027da0 f   g_team.obj
 0001:00026da0       _SP_team_CTF_redspawn      20027da0 f   g_team.obj
 0001:00026da0       _SP_misc_teleporter_dest   20027da0 f   g_misc.obj
 0001:00026da0       _BotVoiceChat_Dummy        20027da0 f   ai_vcmd.obj
 0001:00026da0       _SP_info_player_intermission 20027da0 f   g_client.obj
 0001:00026da0       _SP_item_botroam           20027da0 f   g_spawn.obj
 0001:00026da0       _SP_team_CTF_blueplayer    20027da0 f   g_team.obj
 0001:00026da0       _SP_team_CTF_redplayer     20027da0 f   g_team.obj
 0001:00026db0       _SP_info_player_start      20027db0 f   g_client.obj
 0001:00026dd0       _SelectInitialSpawnPoint   20027dd0 f   g_client.obj
 0001:00026e70       _SelectRandomFurthestSpawnPoint 20027e70 f   g_client.obj
 0001:00027180       _SelectSpawnPoint          20028180 f   g_client.obj
 0001:00027190       _SelectSpectatorSpawnPoint 20028190 f   g_client.obj
 0001:000271f0       _SetClientViewAngle        200281f0 f   g_client.obj
 0001:000272b0       _SpotWouldTelefrag         200282b0 f   g_client.obj
 0001:00027390       _TeamCount                 20028390 f   g_client.obj
 0001:000273e0       _TeamLeader                200283e0 f   g_client.obj
 0001:00027430       _respawn                   20028430 f   g_client.obj
 0001:00027470       _BroadcastTeamChange       20028470 f   g_cmds.obj
 0001:000274e0       _CheatsOk                  200284e0 f   g_cmds.obj
 0001:00027570       _ClientCommand             20028570 f   g_cmds.obj
 0001:00027bd0       _ClientNumberFromString    20028bd0 f   g_cmds.obj
 0001:00027d60       _Cmd_CallTeamVote_f        20028d60 f   g_cmds.obj
 0001:00028320       _Cmd_CallVote_f            20029320 f   g_cmds.obj
 0001:00028930       _Cmd_FollowCycle_f         20029930 f   g_cmds.obj
 0001:00028a20       _Cmd_Follow_f              20029a20 f   g_cmds.obj
 0001:00028b20       _Cmd_GameCommand_f         20029b20 f   g_cmds.obj
 0001:00028bd0       _Cmd_Give_f                20029bd0 f   g_cmds.obj
 0001:00028e50       _Cmd_God_f                 20029e50 f   g_cmds.obj
 0001:00028eb0       _Cmd_Kill_f                20029eb0 f   g_cmds.obj
 0001:00028f00       _Cmd_LevelShot_f           20029f00 f   g_cmds.obj
 0001:00028f60       _Cmd_Noclip_f              20029f60 f   g_cmds.obj
 0001:00028fd0       _Cmd_Notarget_f            20029fd0 f   g_cmds.obj
 0001:00029070       _Cmd_Score_f               2002a070 f   g_cmds.obj
 0001:00029080       _Cmd_SetViewpos_f          2002a080 f   g_cmds.obj
 0001:00029190       _Cmd_TeamTask_f            2002a190 f   g_cmds.obj
 0001:00029250       _Cmd_TeamVote_f            2002a250 f   g_cmds.obj
 0001:000293e0       _Cmd_Team_f                2002a3e0 f   g_cmds.obj
 0001:000299c0       _Cmd_Vote_f                2002a9c0 f   g_cmds.obj
 0001:00029b30       _Cmd_Where_f               2002ab30 f   g_cmds.obj
 0001:00029b80       _ConcatArgs                2002ab80 f   g_cmds.obj
 0001:00029c50       _DeathmatchScoreboardMessage 2002ac50 f   g_cmds.obj
 0001:00029e40       _G_Say                     2002ae40 f   g_cmds.obj
 0001:0002a190       _G_Voice                   2002b190 f   g_cmds.obj
 0001:0002a2f0       _SanitizeString            2002b2f0 f   g_cmds.obj
 0001:0002a340       _SetTeam                   2002b340 f   g_cmds.obj
 0001:0002a6a0       _StopFollowing             2002b6a0 f   g_cmds.obj
 0001:0002a710       _AddScore                  2002b710 f   g_combat.obj
 0001:0002a770       _CanDamage                 2002b770 f   g_combat.obj
 0001:0002aa10       _CheckAlmostCapture        2002ba10 f   g_combat.obj
 0001:0002ab20       _CheckAlmostScored         2002bb20 f   g_combat.obj
 0001:0002abe0       _CheckArmor                2002bbe0 f   g_combat.obj
 0001:0002ac60       _G_Damage                  2002bc60 f   g_combat.obj
 0001:0002b1b0       _G_InvulnerabilityEffect   2002c1b0 f   g_combat.obj
 0001:0002b330       _G_RadiusDamage            2002c330 f   g_combat.obj
 0001:0002b5b0       _GibEntity                 2002c5b0 f   g_combat.obj
 0001:0002b660       _Kamikaze_DeathActivate    2002c660 f   g_combat.obj
 0001:0002b680       _Kamikaze_DeathTimer       2002c680 f   g_combat.obj
 0001:0002b6e0       _LookAtKiller              2002c6e0 f   g_combat.obj
 0001:0002b790       _RaySphereIntersections    2002c790 f   g_combat.obj
 0001:0002b970       _ScorePlum                 2002c970 f   g_combat.obj
 0001:0002b9b0       _TossClientCubes           2002c9b0 f   g_combat.obj
 0001:0002bb80       _TossClientItems           2002cb80 f   g_combat.obj
 0001:0002bcc0       _TossClientPersistantPowerups 2002ccc0 f   g_combat.obj
 0001:0002bd20       _body_die                  2002cd20 f   g_combat.obj
 0001:0002bd60       _player_die                2002cd60 f   g_combat.obj
 0001:0002c2d0       _Add_Ammo                  2002d2d0 f   g_items.obj
 0001:0002c310       _ClearRegisteredItems      2002d310 f   g_items.obj
 0001:0002c370       _Drop_Item                 2002d370 f   g_items.obj
 0001:0002c460       _FinishSpawningItem        2002d460 f   g_items.obj
 0001:0002c6a0       _G_BounceItem              2002d6a0 f   g_items.obj
 0001:0002c880       _G_CheckTeamItems          2002d880 f   g_items.obj
 0001:0002cab0       _G_ItemDisabled            2002dab0 f   g_items.obj
 0001:0002cb00       _G_RunItem                 2002db00 f   g_items.obj
 0001:0002cc60       _G_SpawnItem               2002dc60 f   g_items.obj
 0001:0002cd20       _LaunchItem                2002dd20 f   g_items.obj
 0001:0002ce60       _Pickup_Ammo               2002de60 f   g_items.obj
 0001:0002cea0       _Pickup_Armor              2002dea0 f   g_items.obj
 0001:0002cf00       _Pickup_Health             2002df00 f   g_items.obj
 0001:0002cf90       _Pickup_Holdable           2002df90 f   g_items.obj
 0001:0002cff0       _Pickup_PersistantPowerup  2002dff0 f   g_items.obj
 0001:0002d2b0       _Pickup_Powerup            2002e2b0 f   g_items.obj
 0001:0002d4b0       _Pickup_Weapon             2002e4b0 f   g_items.obj
 0001:0002d570       _RegisterItem              2002e570 f   g_items.obj
 0001:0002d5b0       _RespawnItem               2002e5b0 f   g_items.obj
 0001:0002d6f0       _SaveRegisteredItems       2002e6f0 f   g_items.obj
 0001:0002d780       _Touch_Item                2002e780 f   g_items.obj
 0001:0002da50       _Use_Item                  2002ea50 f   g_items.obj
 0001:0002da60       _AddTournamentPlayer       2002ea60 f   g_main.obj
 0001:0002db20       _AdjustTournamentScores    2002eb20 f   g_main.obj
 0001:0002db80       _BeginIntermission         2002eb80 f   g_main.obj
 0001:0002dc20       _CalculateRanks            2002ec20 f   g_main.obj
 0001:0002df50       _CheckCvars                2002ef50 f   g_main.obj
 0001:0002dfb0       _CheckExitRules            2002efb0 f   g_main.obj
 0001:0002e170       _CheckIntermissionExit     2002f170 f   g_main.obj
 0001:0002e290       _CheckTeamLeader           2002f290 f   g_main.obj
 0001:0002e350       _CheckTeamVote             2002f350 f   g_main.obj
 0001:0002e440       _CheckTournament           2002f440 f   g_main.obj
 0001:0002e660       _CheckVote                 2002f660 f   g_main.obj
 0001:0002e710       _Com_Error                 2002f710 f   g_main.obj
 0001:0002e760       _Com_Printf                2002f760 f   g_main.obj
 0001:0002e7b0       _ExitLevel                 2002f7b0 f   g_main.obj
 0001:0002e8c0       _FindIntermissionPoint     2002f8c0 f   g_main.obj
 0001:0002e9d0       _G_Error                   2002f9d0 f   g_main.obj
 0001:0002ea20       _G_FindTeams               2002fa20 f   g_main.obj
 0001:0002eb90       _G_InitGame                2002fb90 f   g_main.obj
 0001:0002eea0       _G_LogPrintf               2002fea0 f   g_main.obj
 0001:0002ef90       _G_Printf                  2002ff90 f   g_main.obj
 0001:0002efe0       _G_RegisterCvars           2002ffe0 f   g_main.obj
 0001:0002f070       _G_RemapTeamShaders        20030070 f   g_main.obj
 0001:0002f180       _G_RunFrame                20030180 f   g_main.obj
 0001:0002f390       _G_RunThink                20030390 f   g_main.obj
 0001:0002f3f0       _G_ShutdownGame            200303f0 f   g_main.obj
 0001:0002f450       _G_UpdateCvars             20030450 f   g_main.obj
 0001:0002f4d0       _LogExit                   200304d0 f   g_main.obj
 0001:0002f640       _MoveClientToIntermission  20030640 f   g_main.obj
 0001:0002f770       _PrintTeam                 20030770 f   g_main.obj
 0001:0002f7d0       _RemoveTournamentLoser     200307d0 f   g_main.obj
 0001:0002f820       _ScoreIsTied               20030820 f   g_main.obj
 0001:0002f880       _SendScoreboardMessageToAllClients 20030880 f   g_main.obj
 0001:0002f8e0       _SetLeader                 200308e0 f   g_main.obj
 0001:0002f9e0       _SortRanks                 200309e0 f   g_main.obj
 0001:0002faa0       _vmMain                    20030aa0 f   g_main.obj
 0001:0002fb90       _G_Alloc                   20030b90 f   g_mem.obj
 0001:0002fc00       _G_InitMemory              20030c00 f   g_mem.obj
 0001:0002fc10       _Svcmd_GameMem_f           20030c10 f   g_mem.obj
 0001:0002fc30       _DropPortalDestination     20030c30 f   g_misc.obj
 0001:0002fdc0       _DropPortalSource          20030dc0 f   g_misc.obj
 0001:0002ff80       _InitShooter               20030f80 f   g_misc.obj
 0001:00030250       _SP_info_null              20031250 f   g_misc.obj
 0001:00030250       _SP_misc_model             20031250 f   g_misc.obj
 0001:00030250       _SP_light                  20031250 f   g_misc.obj
 0001:00030260       _SP_misc_portal_camera     20031260 f   g_misc.obj
 0001:000302f0       _SP_misc_portal_surface    200312f0 f   g_misc.obj
 0001:00030390       _SP_shooter_grenade        20031390 f   g_misc.obj
 0001:000303b0       _SP_shooter_plasma         200313b0 f   g_misc.obj
 0001:000303d0       _SP_shooter_rocket         200313d0 f   g_misc.obj
 0001:000303f0       _TeleportPlayer            200313f0 f   g_misc.obj
 0001:00030580       _Use_Shooter               20031580 f   g_misc.obj
 0001:000307d0       _locateCamera              200317d0 f   g_misc.obj
 0001:00030900       _G_BounceMissile           20031900 f   g_missile.obj
 0001:00030af0       _G_ExplodeMissile          20031af0 f   g_missile.obj
 0001:00030c10       _G_MissileImpact           20031c10 f   g_missile.obj
 0001:000312c0       _G_RunMissile              200322c0 f   g_missile.obj
 0001:00031740       _ProximityMine_Trigger     20032740 f   g_missile.obj
 0001:00031820       _fire_bfg                  20032820 f   g_missile.obj
 0001:00031980       _fire_grapple              20032980 f   g_missile.obj
 0001:00031ad0       _fire_grenade              20032ad0 f   g_missile.obj
 0001:00031c40       _fire_nail                 20032c40 f   g_missile.obj
 0001:00031f50       _fire_plasma               20032f50 f   g_missile.obj
 0001:000320b0       _fire_prox                 200330b0 f   g_missile.obj
 0001:00032230       _fire_rocket               20033230 f   g_missile.obj
 0001:00032390       _Blocked_Door              20033390 f   g_mover.obj
 0001:00032410       _G_CheckProxMinePosition   20033410 f   g_mover.obj
 0001:00032530       _G_CreateRotationMatrix    20033530 f   g_mover.obj
 0001:00032580       _G_MoverPush               20033580 f   g_mover.obj
 0001:00032bf0       _G_MoverTeam               20033bf0 f   g_mover.obj
 0001:00032da0       _G_RotatePoint             20033da0 f   g_mover.obj
 0001:00032e30       _G_RunMover                20033e30 f   g_mover.obj
 0001:00032e70       _G_TestEntityPosition      20033e70 f   g_mover.obj
 0001:00032f00       _G_TransposeMatrix         20033f00 f   g_mover.obj
 0001:00032f40       _G_TryPushingEntity        20033f40 f   g_mover.obj
 0001:00033320       _G_TryPushingProxMine      20034320 f   g_mover.obj
 0001:000334d0       _InitMover                 200344d0 f   g_mover.obj
 0001:00033750       _MatchTeam                 20034750 f   g_mover.obj
 0001:00033780       _Reached_BinaryMover       20034780 f   g_mover.obj
 0001:00033870       _Reached_Train             20034870 f   g_mover.obj
 0001:00033a00       _ReturnToPos1              20034a00 f   g_mover.obj
 0001:00033a40       _SP_func_bobbing           20034a40 f   g_mover.obj
 0001:00033b50       _SP_func_button            20034b50 f   g_mover.obj
 0001:00033d10       _SP_func_door              20034d10 f   g_mover.obj
 0001:00033f90       _SP_func_pendulum          20034f90 f   g_mover.obj
 0001:000340d0       _SP_func_plat              200350d0 f   g_mover.obj
 0001:00034240       _SP_func_rotating          20035240 f   g_mover.obj
 0001:00034320       _SP_func_static            20035320 f   g_mover.obj
 0001:00034380       _SP_func_train             20035380 f   g_mover.obj
 0001:00034450       _SP_path_corner            20035450 f   g_mover.obj
 0001:00034480       _SetMoverState             20035480 f   g_mover.obj
 0001:000345f0       _SpawnPlatTrigger          200355f0 f   g_mover.obj
 0001:00034780       _Think_BeginMoving         20035780 f   g_mover.obj
 0001:000347a0       _Think_MatchTeam           200357a0 f   g_mover.obj
 0001:000347c0       _Think_SetupTrainTargets   200357c0 f   g_mover.obj
 0001:000348d0       _Think_SpawnNewDoorTrigger 200358d0 f   g_mover.obj
 0001:00034ac0       _Touch_Button              20035ac0 f   g_mover.obj
 0001:00034af0       _Touch_DoorTrigger         20035af0 f   g_mover.obj
 0001:00034cb0       _Touch_Plat                20035cb0 f   g_mover.obj
 0001:00034cf0       _Touch_PlatCenterTrigger   20035cf0 f   g_mover.obj
 0001:00034d30       _Use_BinaryMover           20035d30 f   g_mover.obj
 0001:00034e60       _G_InitSessionData         20035e60 f   g_session.obj
 0001:00034f20       _G_InitWorldSession        20035f20 f   g_session.obj
 0001:00034f90       _G_ReadSessionData         20035f90 f   g_session.obj
 0001:00035060       _G_WriteClientSessionData  20036060 f   g_session.obj
 0001:000350d0       _G_WriteSessionData        200360d0 f   g_session.obj
 0001:00035130       _G_AddSpawnVarToken        20036130 f   g_spawn.obj
 0001:000351a0       _G_CallSpawn               200361a0 f   g_spawn.obj
 0001:00035290       _G_NewString               20036290 f   g_spawn.obj
 0001:00035300       _G_ParseField              20036300 f   g_spawn.obj
 0001:00035490       _G_ParseSpawnVars          20036490 f   g_spawn.obj
 0001:000355e0       _G_SpawnEntitiesFromString 200365e0 f   g_spawn.obj
 0001:00035640       _G_SpawnFloat              20036640 f   g_spawn.obj
 0001:00035670       _G_SpawnGEntityFromSpawnVars 20036670 f   g_spawn.obj
 0001:000357d0       _G_SpawnInt                200367d0 f   g_spawn.obj
 0001:00035800       _G_SpawnString             20036800 f   g_spawn.obj
 0001:00035870       _G_SpawnVector             20036870 f   g_spawn.obj
 0001:000358b0       _SP_worldspawn             200368b0 f   g_spawn.obj
 0001:00035ab0       _ClientForString           20036ab0 f   g_svcmds.obj
 0001:00035b90       _ConsoleCommand            20036b90 f   g_svcmds.obj
 0001:00035de0       _G_FilterPacket            20036de0 f   g_svcmds.obj
 0001:00035e90       _G_ProcessIPBans           20036e90 f   g_svcmds.obj
 0001:00036020       _Svcmd_AddIP_f             20037020 f   g_svcmds.obj
 0001:00036090       _Svcmd_EntityList_f        20037090 f   g_svcmds.obj
 0001:00036220       _Svcmd_ForceTeam_f         20037220 f   g_svcmds.obj
 0001:000362b0       _Svcmd_RemoveIP_f          200372b0 f   g_svcmds.obj
 0001:00036500       _PASSFLOAT                 20037500 f   g_syscalls.obj
 0001:00036520       _dllEntry                  20037520 f   g_syscalls.obj
 0001:00036530       _trap_AAS_AlternativeRouteGoals 20037530 f   g_syscalls.obj
 0001:00036560       _trap_AAS_AreaInfo         20037560 f   g_syscalls.obj
 0001:00036580       _trap_AAS_AreaReachability 20037580 f   g_syscalls.obj
 0001:000365a0       _trap_AAS_AreaTravelTimeToGoalArea 200375a0 f   g_syscalls.obj
 0001:000365c0       _trap_AAS_BBoxAreas        200375c0 f   g_syscalls.obj
 0001:000365e0       _trap_AAS_EnableRoutingArea 200375e0 f   g_syscalls.obj
 0001:00036600       _trap_AAS_EntityInfo       20037600 f   g_syscalls.obj
 0001:00036620       _trap_AAS_FloatForBSPEpairKey 20037620 f   g_syscalls.obj
 0001:00036640       _trap_AAS_Initialized      20037640 f   g_syscalls.obj
 0001:00036650       _trap_AAS_IntForBSPEpairKey 20037650 f   g_syscalls.obj
 0001:00036670       _trap_AAS_NextBSPEntity    20037670 f   g_syscalls.obj
 0001:00036690       _trap_AAS_PointAreaNum     20037690 f   g_syscalls.obj
 0001:000366b0       _trap_AAS_PointContents    200376b0 f   g_syscalls.obj
 0001:000366d0       _trap_AAS_PredictClientMovement 200376d0 f   g_syscalls.obj
 0001:00036720       _trap_AAS_PredictRoute     20037720 f   g_syscalls.obj
 0001:00036760       _trap_AAS_PresenceTypeBoundingBox 20037760 f   g_syscalls.obj
 0001:00036780       _trap_AAS_Swimming         20037780 f   g_syscalls.obj
 0001:000367a0       _trap_AAS_Time             200377a0 f   g_syscalls.obj
 0001:000367c0       _trap_AAS_TraceAreas       200377c0 f   g_syscalls.obj
 0001:000367f0       _trap_AAS_ValueForBSPEpairKey 200377f0 f   g_syscalls.obj
 0001:00036810       _trap_AAS_VectorForBSPEpairKey 20037810 f   g_syscalls.obj
 0001:00036830       _trap_AdjustAreaPortalState 20037830 f   g_syscalls.obj
 0001:00036850       _trap_Argc                 20037850 f   g_syscalls.obj
 0001:00036860       _trap_Argv                 20037860 f   g_syscalls.obj
 0001:00036880       _trap_BotAddAvoidSpot      20037880 f   g_syscalls.obj
 0001:000368b0       _trap_BotAllocChatState    200378b0 f   g_syscalls.obj
 0001:000368c0       _trap_BotAllocGoalState    200378c0 f   g_syscalls.obj
 0001:000368e0       _trap_BotAllocMoveState    200378e0 f   g_syscalls.obj
 0001:000368f0       _trap_BotAllocWeaponState  200378f0 f   g_syscalls.obj
 0001:00036900       _trap_BotAllocateClient    20037900 f   g_syscalls.obj
 0001:00036910       _trap_BotChooseBestFightWeapon 20037910 f   g_syscalls.obj
 0001:00036930       _trap_BotChooseLTGItem     20037930 f   g_syscalls.obj
 0001:00036950       _trap_BotChooseNBGItem     20037950 f   g_syscalls.obj
 0001:00036990       _trap_BotDumpAvoidGoals    20037990 f   g_syscalls.obj
 0001:000369b0       _trap_BotDumpGoalStack     200379b0 f   g_syscalls.obj
 0001:000369d0       _trap_BotEmptyGoalStack    200379d0 f   g_syscalls.obj
 0001:000369f0       _trap_BotEnterChat         200379f0 f   g_syscalls.obj
 0001:00036a10       _trap_BotFindMatch         20037a10 f   g_syscalls.obj
 0001:00036a30       _trap_BotFreeCharacter     20037a30 f   g_syscalls.obj
 0001:00036a50       _trap_BotFreeChatState     20037a50 f   g_syscalls.obj
 0001:00036a70       _trap_BotFreeGoalState     20037a70 f   g_syscalls.obj
 0001:00036a90       _trap_BotFreeMoveState     20037a90 f   g_syscalls.obj
 0001:00036ab0       _trap_BotFreeWeaponState   20037ab0 f   g_syscalls.obj
 0001:00036ad0       _trap_BotGetChatMessage    20037ad0 f   g_syscalls.obj
 0001:00036af0       _trap_BotGetLevelItemGoal  20037af0 f   g_syscalls.obj
 0001:00036b10       _trap_BotGetNextCampSpotGoal 20037b10 f   g_syscalls.obj
 0001:00036b30       _trap_BotGetSecondGoal     20037b30 f   g_syscalls.obj
 0001:00036b50       _trap_BotGetServerCommand  20037b50 f   g_syscalls.obj
 0001:00036b70       _trap_BotGetSnapshotEntity 20037b70 f   g_syscalls.obj
 0001:00036b90       _trap_BotGetTopGoal        20037b90 f   g_syscalls.obj
 0001:00036bb0       _trap_BotGetWeaponInfo     20037bb0 f   g_syscalls.obj
 0001:00036bd0       _trap_BotGoalName          20037bd0 f   g_syscalls.obj
 0001:00036bf0       _trap_BotInitMoveState     20037bf0 f   g_syscalls.obj
 0001:00036c10       _trap_BotInitialChat       20037c10 f   g_syscalls.obj
 0001:00036c50       _trap_BotInterbreedGoalFuzzyLogic 20037c50 f   g_syscalls.obj
 0001:00036c70       _trap_BotItemGoalInVisButNotVisible 20037c70 f   g_syscalls.obj
 0001:00036c90       _trap_BotLibDefine         20037c90 f   g_syscalls.obj
 0001:00036cb0       _trap_BotLibLoadMap        20037cb0 f   g_syscalls.obj
 0001:00036cd0       _trap_BotLibSetup          20037cd0 f   g_syscalls.obj
 0001:00036ce0       _trap_BotLibShutdown       20037ce0 f   g_syscalls.obj
 0001:00036cf0       _trap_BotLibStartFrame     20037cf0 f   g_syscalls.obj
 0001:00036d20       _trap_BotLibUpdateEntity   20037d20 f   g_syscalls.obj
 0001:00036d40       _trap_BotLibVarSet         20037d40 f   g_syscalls.obj
 0001:00036d60       _trap_BotLoadCharacter     20037d60 f   g_syscalls.obj
 0001:00036d90       _trap_BotLoadChatFile      20037d90 f   g_syscalls.obj
 0001:00036db0       _trap_BotLoadItemWeights   20037db0 f   g_syscalls.obj
 0001:00036dd0       _trap_BotLoadWeaponWeights 20037dd0 f   g_syscalls.obj
 0001:00036df0       _trap_BotMatchVariable     20037df0 f   g_syscalls.obj
 0001:00036e10       _trap_BotMoveInDirection   20037e10 f   g_syscalls.obj
 0001:00036e40       _trap_BotMoveToGoal        20037e40 f   g_syscalls.obj
 0001:00036e60       _trap_BotMovementViewTarget 20037e60 f   g_syscalls.obj
 0001:00036ea0       _trap_BotMutateGoalFuzzyLogic 20037ea0 f   g_syscalls.obj
 0001:00036ed0       _trap_BotNextConsoleMessage 20037ed0 f   g_syscalls.obj
 0001:00036ef0       _trap_BotNumConsoleMessages 20037ef0 f   g_syscalls.obj
 0001:00036f10       _trap_BotNumInitialChats   20037f10 f   g_syscalls.obj
 0001:00036f30       _trap_BotPopGoal           20037f30 f   g_syscalls.obj
 0001:00036f50       _trap_BotPredictVisiblePosition 20037f50 f   g_syscalls.obj
 0001:00036f80       _trap_BotPushGoal          20037f80 f   g_syscalls.obj
 0001:00036fa0       _trap_BotQueueConsoleMessage 20037fa0 f   g_syscalls.obj
 0001:00036fc0       _trap_BotRemoveConsoleMessage 20037fc0 f   g_syscalls.obj
 0001:00036fe0       _trap_BotRemoveFromAvoidGoals 20037fe0 f   g_syscalls.obj
 0001:00037000       _trap_BotReplaceSynonyms   20038000 f   g_syscalls.obj
 0001:00037020       _trap_BotReplyChat         20038020 f   g_syscalls.obj
 0001:00037060       _trap_BotResetAvoidGoals   20038060 f   g_syscalls.obj
 0001:00037080       _trap_BotResetAvoidReach   20038080 f   g_syscalls.obj
 0001:000370a0       _trap_BotResetGoalState    200380a0 f   g_syscalls.obj
 0001:000370c0       _trap_BotResetLastAvoidReach 200380c0 f   g_syscalls.obj
 0001:000370e0       _trap_BotResetMoveState    200380e0 f   g_syscalls.obj
 0001:00037100       _trap_BotResetWeaponState  20038100 f   g_syscalls.obj
 0001:00037120       _trap_BotSaveGoalFuzzyLogic 20038120 f   g_syscalls.obj
 0001:00037140       _trap_BotSetAvoidGoalTime  20038140 f   g_syscalls.obj
 0001:00037170       _trap_BotSetChatGender     20038170 f   g_syscalls.obj
 0001:00037190       _trap_BotSetChatName       20038190 f   g_syscalls.obj
 0001:000371b0       _trap_BotTouchingGoal      200381b0 f   g_syscalls.obj
 0001:000371d0       _trap_BotUpdateEntityItems 200381d0 f   g_syscalls.obj
 0001:000371e0       _trap_BotUserCommand       200381e0 f   g_syscalls.obj
 0001:00037200       _trap_Characteristic_BFloat 20038200 f   g_syscalls.obj
 0001:00037250       _trap_Characteristic_BInteger 20038250 f   g_syscalls.obj
 0001:00037270       _trap_Characteristic_String 20038270 f   g_syscalls.obj
 0001:00037290       _trap_Cvar_Register        20038290 f   g_syscalls.obj
 0001:000372b0       _trap_Cvar_Set             200382b0 f   g_syscalls.obj
 0001:000372d0       _trap_Cvar_Update          200382d0 f   g_syscalls.obj
 0001:000372f0       _trap_Cvar_VariableIntegerValue 200382f0 f   g_syscalls.obj
 0001:00037310       _trap_Cvar_VariableStringBuffer 20038310 f   g_syscalls.obj
 0001:00037330       _trap_DropClient           20038330 f   g_syscalls.obj
 0001:00037350       _trap_EA_Action            20038350 f   g_syscalls.obj
 0001:00037370       _trap_EA_Attack            20038370 f   g_syscalls.obj
 0001:00037390       _trap_EA_Command           20038390 f   g_syscalls.obj
 0001:000373b0       _trap_EA_Crouch            200383b0 f   g_syscalls.obj
 0001:000373d0       _trap_EA_Gesture           200383d0 f   g_syscalls.obj
 0001:000373f0       _trap_EA_GetInput          200383f0 f   g_syscalls.obj
 0001:00037420       _trap_EA_ResetInput        20038420 f   g_syscalls.obj
 0001:00037440       _trap_EA_Respawn           20038440 f   g_syscalls.obj
 0001:00037460       _trap_EA_SayTeam           20038460 f   g_syscalls.obj
 0001:00037480       _trap_EA_SelectWeapon      20038480 f   g_syscalls.obj
 0001:000374a0       _trap_EA_Talk              200384a0 f   g_syscalls.obj
 0001:000374c0       _trap_EA_Use               200384c0 f   g_syscalls.obj
 0001:000374e0       _trap_EA_View              200384e0 f   g_syscalls.obj
 0001:00037500       _trap_EntitiesInBox        20038500 f   g_syscalls.obj
 0001:00037520       _trap_EntityContact        20038520 f   g_syscalls.obj
 0001:00037540       _trap_Error                20038540 f   g_syscalls.obj
 0001:00037560       _trap_FS_FCloseFile        20038560 f   g_syscalls.obj
 0001:00037580       _trap_FS_FOpenFile         20038580 f   g_syscalls.obj
 0001:000375a0       _trap_FS_GetFileList       200385a0 f   g_syscalls.obj
 0001:000375c0       _trap_FS_Read              200385c0 f   g_syscalls.obj
 0001:000375e0       _trap_FS_Write             200385e0 f   g_syscalls.obj
 0001:00037600       _trap_GeneticParentsAndChildSelection 20038600 f   g_syscalls.obj
 0001:00037630       _trap_GetConfigstring      20038630 f   g_syscalls.obj
 0001:00037650       _trap_GetEntityToken       20038650 f   g_syscalls.obj
 0001:00037670       _trap_GetServerinfo        20038670 f   g_syscalls.obj
 0001:00037690       _trap_GetUsercmd           20038690 f   g_syscalls.obj
 0001:000376b0       _trap_GetUserinfo          200386b0 f   g_syscalls.obj
 0001:000376d0       _trap_InPVS                200386d0 f   g_syscalls.obj
 0001:000376f0       _trap_LinkEntity           200386f0 f   g_syscalls.obj
 0001:00037710       _trap_LocateGameData       20038710 f   g_syscalls.obj
 0001:00037730       _trap_Milliseconds         20038730 f   g_syscalls.obj
 0001:00037740       _trap_PointContents        20038740 f   g_syscalls.obj
 0001:00037760       _trap_Printf               20038760 f   g_syscalls.obj
 0001:00037780       _trap_SendConsoleCommand   20038780 f   g_syscalls.obj
 0001:000377a0       _trap_SendServerCommand    200387a0 f   g_syscalls.obj
 0001:000377c0       _trap_SetBrushModel        200387c0 f   g_syscalls.obj
 0001:000377e0       _trap_SetConfigstring      200387e0 f   g_syscalls.obj
 0001:00037800       _trap_SetUserinfo          20038800 f   g_syscalls.obj
 0001:00037820       _trap_SnapVector           20038820 f   g_syscalls.obj
 0001:00037840       _trap_Trace                20038840 f   g_syscalls.obj
 0001:00037870       _trap_UnifyWhiteSpaces     20038870 f   g_syscalls.obj
 0001:00037890       _trap_UnlinkEntity         20038890 f   g_syscalls.obj
 0001:000378b0       _SP_target_delay           200388b0 f   g_target.obj
 0001:00037910       _SP_target_give            20038910 f   g_target.obj
 0001:00037930       _SP_target_kill            20038930 f   g_target.obj
 0001:00037950       _SP_target_laser           20038950 f   g_target.obj
 0001:00037970       _SP_target_location        20038970 f   g_target.obj
 0001:000379a0       _SP_info_camp              200389a0 f   g_misc.obj
 0001:000379a0       _SP_target_position        200389a0 f   g_target.obj
 0001:000379a0       _SP_info_notnull           200389a0 f   g_misc.obj
 0001:000379c0       _SP_target_print           200389c0 f   g_target.obj
 0001:000379e0       _SP_target_relay           200389e0 f   g_target.obj
 0001:00037a00       _SP_target_remove_powerups 20038a00 f   g_target.obj
 0001:00037a20       _SP_target_score           20038a20 f   g_target.obj
 0001:00037a50       _SP_target_speaker         20038a50 f   g_target.obj
 0001:00037bb0       _SP_target_teleporter      20038bb0 f   g_target.obj
 0001:00037bf0       _Think_Target_Delay        20038bf0 f   g_target.obj
 0001:00037c10       _Use_Target_Delay          20038c10 f   g_target.obj
 0001:00037ca0       _Use_Target_Give           20038ca0 f   g_target.obj
 0001:00037d50       _Use_Target_Print          20038d50 f   g_target.obj
 0001:00037e20       _Use_Target_Score          20038e20 f   g_target.obj
 0001:00037e40       _Use_Target_Speaker        20038e40 f   g_target.obj
 0001:00037eb0       _Use_target_remove_powerups 20038eb0 f   g_target.obj
 0001:00037f10       _target_kill_use           20038f10 f   g_target.obj
 0001:00037f40       _target_laser_off          20038f40 f   g_target.obj
 0001:00037f60       _target_laser_on           20038f60 f   g_target.obj
 0001:00037f90       _target_laser_start        20038f90 f   g_target.obj
 0001:00038050       _target_laser_think        20039050 f   g_target.obj
 0001:00038240       _target_laser_use          20039240 f   g_target.obj
 0001:00038310       _target_relay_use          20039310 f   g_target.obj
 0001:00038390       _target_teleporter_use     20039390 f   g_target.obj
 0001:000383e0       _AddTeamScore              200393e0 f   g_team.obj
 0001:000384b0       _CheckObeliskAttack        200394b0 f   g_team.obj
 0001:00038580       _CheckTeamStatus           20039580 f   g_team.obj
 0001:000389e0       _OnSameTeam                200399e0 f   g_team.obj
 0001:00038a20       _OtherTeam                 20039a20 f   g_team.obj
 0001:00038a40       _Pickup_Team               20039a40 f   g_team.obj
 0001:00038bb0       _PrintMsg                  20039bb0 f   g_team.obj
 0001:00038c80       _SP_team_blueobelisk       20039c80 f   g_team.obj
 0001:00038d10       _SP_team_neutralobelisk    20039d10 f   g_team.obj
 0001:00038d80       _SP_team_redobelisk        20039d80 f   g_team.obj
 0001:00038e10       _SelectCTFSpawnPoint       20039e10 f   g_team.obj
 0001:00038e80       _SelectRandomTeamSpawnPoint 20039e80 f   g_team.obj
 0001:00038f60       _SpawnObelisk              20039f60 f   g_team.obj
 0001:00039170       _TeamName                  2003a170 f   g_team.obj
 0001:000391a0       _Team_CaptureFlagSound     2003a1a0 f   g_team.obj
 0001:000391e0       _Team_CheckDroppedItem     2003a1e0 f   g_team.obj
 0001:00039230       _Team_CheckHurtCarrier     2003a230 f   g_team.obj
 0001:000392c0       _Team_DroppedFlagThink     2003a2c0 f   g_team.obj
 0001:00039310       _Team_ForceGesture         2003a310 f   g_team.obj
 0001:00039350       _Team_FragBonuses          2003a350 f   g_team.obj
 0001:000399a0       _Team_FreeEntity           2003a9a0 f   g_team.obj
 0001:000399f0       _Team_GetLocation          2003a9f0 f   g_team.obj
 0001:00039ad0       _Team_GetLocationMsg       2003aad0 f   g_team.obj
 0001:00039b60       _Team_InitGame             2003ab60 f   g_team.obj
 0001:00039be0       _Team_ResetFlag            2003abe0 f   g_team.obj
 0001:00039c80       _Team_ResetFlags           2003ac80 f   g_team.obj
 0001:00039cb0       _Team_ReturnFlag           2003acb0 f   g_team.obj
 0001:00039d00       _Team_ReturnFlagSound      2003ad00 f   g_team.obj
 0001:00039d50       _Team_SetFlagStatus        2003ad50 f   g_team.obj
 0001:00039e00       _Team_TakeFlagSound        2003ae00 f   g_team.obj
 0001:00039ea0       _Team_TouchEnemyFlag       2003aea0 f   g_team.obj
 0001:00039f70       _Team_TouchOurFlag         2003af70 f   g_team.obj
 0001:0003a250       _TeamplayInfoMessage       2003b250 f   g_team.obj
 0001:0003a480       _AimAtTarget               2003b480 f   g_trigger.obj
 0001:0003a5e0       _InitTrigger               2003b5e0 f   g_trigger.obj
 0001:0003a660       _SP_func_timer             2003b660 f   g_trigger.obj
 0001:0003a710       _SP_target_push            2003b710 f   g_trigger.obj
 0001:0003a810       _SP_trigger_always         2003b810 f   g_trigger.obj
 0001:0003a840       _SP_trigger_hurt           2003b840 f   g_trigger.obj
 0001:0003a8b0       _SP_trigger_multiple       2003b8b0 f   g_trigger.obj
 0001:0003a940       _SP_trigger_push           2003b940 f   g_trigger.obj
 0001:0003a9a0       _SP_trigger_teleport       2003b9a0 f   g_trigger.obj
 0001:0003a9f0       _Touch_Multi               2003b9f0 f   g_trigger.obj
 0001:0003aa10       _Use_Multi                 2003ba10 f   g_trigger.obj
 0001:0003aa30       _Use_target_push           2003ba30 f   g_trigger.obj
 0001:0003aaa0       _func_timer_think          2003baa0 f   g_trigger.obj
 0001:0003ab30       _func_timer_use            2003bb30 f   g_trigger.obj
 0001:0003ab60       _hurt_touch                2003bb60 f   g_trigger.obj
 0001:0003abe0       _hurt_use                  2003bbe0 f   g_trigger.obj
 0001:0003ac10       _multi_trigger             2003bc10 f   g_trigger.obj
 0001:0003ad20       _multi_wait                2003bd20 f   g_trigger.obj
 0001:0003ad40       _trigger_always_think      2003bd40 f   g_trigger.obj
 0001:0003ad60       _trigger_push_touch        2003bd60 f   g_trigger.obj
 0001:0003ad80       _trigger_teleporter_touch  2003bd80 f   g_trigger.obj
 0001:0003adf0       _AddRemap                  2003bdf0 f   g_utils.obj
 0001:0003aec0       _BuildShaderStateConfig    2003bec0 f   g_utils.obj
 0001:0003af70       _G_AddEvent                2003bf70 f   g_utils.obj
 0001:0003b020       _G_AddPredictableEvent     2003c020 f   g_utils.obj
 0001:0003b050       _G_EntitiesFree            2003c050 f   g_utils.obj
 0001:0003b080       _G_Find                    2003c080 f   g_utils.obj
 0001:0003b110       _G_FindConfigstringIndex   2003c110 f   g_utils.obj
 0001:0003b210       _G_FreeEntity              2003c210 f   g_utils.obj
 0001:0003b260       _G_InitGentity             2003c260 f   g_utils.obj
 0001:0003b2b0       _G_KillBox                 2003c2b0 f   g_utils.obj
 0001:0003b3b0       _G_ModelIndex              2003c3b0 f   g_utils.obj
 0001:0003b3d0       _G_PickTarget              2003c3d0 f   g_utils.obj
 0001:0003b460       _G_SetMovedir              2003c460 f   g_utils.obj
 0001:0003b550       _G_SetOrigin               2003c550 f   g_utils.obj
 0001:0003b5b0       _G_Sound                   2003c5b0 f   g_utils.obj
 0001:0003b5e0       _G_SoundIndex              2003c5e0 f   g_utils.obj
 0001:0003b600       _G_Spawn                   2003c600 f   g_utils.obj
 0001:0003b700       _G_TeamCommand             2003c700 f   g_utils.obj
 0001:0003b770       _G_TempEntity              2003c770 f   g_utils.obj
 0001:0003b800       _G_UseTargets              2003c800 f   g_utils.obj
 0001:0003b8e0       _vectoyaw                  2003c8e0 f   g_utils.obj
 0001:0003b990       _vtos                      2003c990 f   g_utils.obj
 0001:0003b9e0       _BFG_Fire                  2003c9e0 f   g_weapon.obj
 0001:0003ba40       _Bullet_Fire               2003ca40 f   g_weapon.obj
 0001:0003bde0       _CalcMuzzlePoint           2003cde0 f   g_weapon.obj
 0001:0003be90       _CalcMuzzlePointOrigin     2003ce90 f   g_weapon.obj
 0001:0003bf40       _CheckGauntletAttack       2003cf40 f   g_weapon.obj
 0001:0003c130       _FireWeapon                2003d130 f   g_weapon.obj
 0001:0003c310       _G_BounceProjectile        2003d310 f   g_weapon.obj
 0001:0003c400       _G_StartKamikaze           2003d400 f   g_weapon.obj
 0001:0003cd80       _LogAccuracyHit            2003dd80 f   g_weapon.obj
 0001:0003cdd0       _ShotgunPattern            2003ddd0 f   g_weapon.obj
 0001:0003cf80       _ShotgunPellet             2003df80 f   g_weapon.obj
 0001:0003d130       _SnapVectorTowards         2003e130 f   g_weapon.obj
 0001:0003d170       _Weapon_GrapplingHook_Fire 2003e170 f   g_weapon.obj
 0001:0003d1c0       _Weapon_HookFree           2003e1c0 f   g_weapon.obj
 0001:0003d200       _Weapon_HookThink          2003e200 f   g_weapon.obj
 0001:0003d350       _Weapon_LightningFire      2003e350 f   g_weapon.obj
 0001:0003d660       _Weapon_Nailgun_Fire       2003e660 f   g_weapon.obj
 0001:0003d6d0       _Weapon_Plasmagun_Fire     2003e6d0 f   g_weapon.obj
 0001:0003d730       _Weapon_RocketLauncher_Fire 2003e730 f   g_weapon.obj
 0001:0003d790       _weapon_grenadelauncher_fire 2003e790 f   g_weapon.obj
 0001:0003d810       _weapon_proxlauncher_fire  2003e810 f   g_weapon.obj
 0001:0003d890       _weapon_railgun_fire       2003e890 f   g_weapon.obj
 0001:0003dce0       _weapon_supershotgun_fire  2003ece0 f   g_weapon.obj
 0001:0003dda0       _AddPointToBounds          2003eda0 f   q_math.obj
 0001:0003de20       _AngleMod                  2003ee20 f   q_math.obj
 0001:0003de60       _AngleNormalize180         2003ee60 f   q_math.obj
 0001:0003dea0       _AngleNormalize360         2003eea0 f   q_math.obj
 0001:0003def0       _AngleVectors              2003eef0 f   q_math.obj
 0001:0003e0b0       _DirToByte                 2003f0b0 f   q_math.obj
 0001:0003e120       _PerpendicularVector       2003f120 f   q_math.obj
 0001:0003e1f0       _ProjectPointOnPlane       2003f1f0 f   q_math.obj
 0001:0003e2a0       _Q_crandom                 2003f2a0 f   q_math.obj
 0001:0003e2e0       _Q_rand                    2003f2e0 f   q_math.obj
 0001:0003e300       _Q_random                  2003f300 f   q_math.obj
 0001:0003e330       _RadiusFromBounds          2003f330 f   q_math.obj
 0001:0003e3f0       _VectorNormalize           2003f3f0 f   q_math.obj
 0001:0003e4b0       _VectorNormalize2          2003f4b0 f   q_math.obj
 0001:0003e560       _vectoangles               2003f560 f   q_math.obj
 0001:0003e6e0       _COM_Parse                 2003f6e0 f   q_shared.obj
 0001:0003e700       _COM_ParseExt              2003f700 f   q_shared.obj
 0001:0003e860       _Com_sprintf               2003f860 f   q_shared.obj
 0001:0003e8f0       _Info_RemoveKey            2003f8f0 f   q_shared.obj
 0001:0003ea00       _Info_SetValueForKey       2003fa00 f   q_shared.obj
 0001:0003ebb0       _Info_Validate             2003fbb0 f   q_shared.obj
 0001:0003ebe0       _Info_ValueForKey          2003fbe0 f   q_shared.obj
 0001:0003ed00       _Q_CleanStr                2003fd00 f   q_shared.obj
 0001:0003ed50       _Q_strcat                  2003fd50 f   q_shared.obj
 0001:0003eda0       _Q_stricmp                 2003fda0 f   q_shared.obj
 0001:0003edd0       _Q_stricmpn                2003fdd0 f   q_shared.obj
 0001:0003ee50       _Q_strncmp                 2003fe50 f   q_shared.obj
 0001:0003eea0       _Q_strncpyz                2003fea0 f   q_shared.obj
 0001:0003ef00       _Q_strrchr                 2003ff00 f   q_shared.obj
 0001:0003ef80       _va                        2003ff80 f   q_shared.obj
 0001:0003efc0       _strncpy                   2003ffc0 f   LIBCMT:strncpy.obj
 0001:0003f0e4       _atoi                      200400e4 f   LIBCMT:atox.obj
 0001:0003f0ed       _atol                      200400ed f   LIBCMT:atox.obj
 0001:0003f101       _rand                      20040101 f   LIBCMT:rand.obj
 0001:0003f124       _srand                     20040124 f   LIBCMT:rand.obj
 0001:0003f134       @__security_check_cookie@4 20040134 f   LIBCMT:secchk.obj
 0001:0003f143       __fpmath                   20040143 f   LIBCMT:fpinit.obj
 0001:0003f15a       __cfltcvt_init             2004015a f   LIBCMT:fpinit.obj
 0001:0003f1ba       ??0_LocaleUpdate@@QAE@PAUlocaleinfo_struct@@@Z 200401ba f i LIBCMT:atof.obj
 0001:0003f242       __atof_l                   20040242 f   LIBCMT:atof.obj
 0001:0003f2de       _atof                      200402de f   LIBCMT:atof.obj
 0001:0003f2ef       _sscanf                    200402ef f   LIBCMT:sscanf.obj
 0001:0003f380       __libm_sse2_sqrt_precise   20040380 f   LIBCMT:sqrt_sse2_precise.obj
 0001:0003f480       _memset                    20040480 f   LIBCMT:memset.obj
 0001:0003f510       _memmove                   20040510 f   LIBCMT:memmove.obj
 0001:0003fb60       _strstr                    20040b60 f   LIBCMT:strstr.obj
 0001:0003fdc3       __toupper_l                20040dc3 f   LIBCMT:toupper.obj
 0001:0003ff05       _toupper                   20040f05 f   LIBCMT:toupper.obj
 0001:0003ff31       __vsprintf_l               20040f31 f   LIBCMT:vsprintf.obj
 0001:0003ffb3       _vsprintf                  20040fb3 f   LIBCMT:vsprintf.obj
 0001:0003ffd0       _strchr                    20040fd0 f   LIBCMT:strchr.obj
 0001:0004003e       ___from_strstr_to_strchr   2004103e     LIBCMT:strchr.obj
 0001:00040100       _memcpy                    20041100 f   LIBCMT:memcpy.obj
 0001:00040750       __libm_sse2_cos_precise    20041750 f   LIBCMT:cos_sse2_precise.obj
 0001:00040910       __libm_sse2_sin_precise    20041910 f   LIBCMT:sin_sse2_precise.obj
 0001:00040ae0       __alloca_probe             20041ae0     LIBCMT:chkstk.obj
 0001:00040ae0       __chkstk                   20041ae0 f   LIBCMT:chkstk.obj
 0001:00040b0b       ___raise_securityfailure   20041b0b f   LIBCMT:gs_report.obj
 0001:00040b48       ___report_gsfailure        20041b48 f   LIBCMT:gs_report.obj
 0001:00040c41       ___report_rangecheckfailure 20041c41 f   LIBCMT:gs_report.obj
 0001:00040c4d       ___report_securityfailure  20041c4d f   LIBCMT:gs_report.obj
 0001:00040d1b       __tolower_l                20041d1b f   LIBCMT:tolower.obj
 0001:00040e5c       _tolower                   20041e5c f   LIBCMT:tolower.obj
 0001:00040e90       _ceil                      20041e90 f   LIBCMT:ceil_pentium4.obj
 0001:00040ed0       __ceil_pentium4            20041ed0 f   LIBCMT:ceil_pentium4.obj
 0001:00040fb0       __ftol2_sse                20041fb0 f   LIBCMT:ftol2.obj
 0001:00040fb9       __ftol2_pentium4           20041fb9 f   LIBCMT:ftol2.obj
 0001:00040fcc       __ftol2_sse_excpt          20041fcc f   LIBCMT:ftol2.obj
 0001:00040fe6       __ftol2                    20041fe6 f   LIBCMT:ftol2.obj
 0001:00041060       _qsort                     20042060 f   LIBCMT:qsort.obj
 0001:0004138c       ___isa_available_init      2004238c f   LIBCMT:cpu_disp.obj
 0001:000414d0       _atan2                     200424d0 f   LIBCMT:87ctriga.obj
 0001:000414da       __CIatan2                  200424da f   LIBCMT:87ctriga.obj
 0001:000414e4       __CRT_INIT@12              200424e4 f   LIBCMT:dllcrt0.obj
 0001:00041656       __DllMainCRTStartup@12     20042656 f   LIBCMT:dllcrt0.obj
 0001:00041787       ___DllXcptFilter           20042787 f   LIBCMT:dllcrt0.obj
 0001:000419d0       _strtol                    200429d0 f   LIBCMT:strtol.obj
 0001:000419fa       __freefls@4                200429fa f   LIBCMT:tidtable.obj
 0001:00041b31       __freeptd                  20042b31 f   LIBCMT:tidtable.obj
 0001:00041b67       __getptd                   20042b67 f   LIBCMT:tidtable.obj
 0001:00041b7f       __getptd_noexit            20042b7f f   LIBCMT:tidtable.obj
 0001:00041bee       __initptd                  20042bee f   LIBCMT:tidtable.obj
 0001:00041ca1       __mtinit                   20042ca1 f   LIBCMT:tidtable.obj
 0001:00041d17       __mtterm                   20042d17 f   LIBCMT:tidtable.obj
 0001:00041d34       __cfltcvt                  20042d34 f   LIBCMT:cvt.obj
 0001:00041d55       __cfltcvt_l                20042d55 f   LIBCMT:cvt.obj
 0001:00041ddb       __cftoa_l                  20042ddb f   LIBCMT:cvt.obj
 0001:00042135       __cftoe                    20043135 f   LIBCMT:cvt.obj
 0001:000422a2       __cftoe_l                  200432a2 f   LIBCMT:cvt.obj
 0001:00042458       __cftof_l                  20043458 f   LIBCMT:cvt.obj
 0001:00042517       __cftog_l                  20043517 f   LIBCMT:cvt.obj
 0001:00042614       __cropzeros                20043614 f   LIBCMT:cvt.obj
 0001:00042625       __cropzeros_l              20043625 f   LIBCMT:cvt.obj
 0001:000426a3       __fassign                  200436a3 f   LIBCMT:cvt.obj
 0001:000426bb       __fassign_l                200436bb f   LIBCMT:cvt.obj
 0001:000426fb       __forcdecpt                200436fb f   LIBCMT:cvt.obj
 0001:0004270c       __forcdecpt_l              2004370c f   LIBCMT:cvt.obj
 0001:0004277e       __positive                 2004377e f   LIBCMT:cvt.obj
 0001:000427c0       __setdefaultprecision      200437c0 f   LIBCMT:fp8.obj
 0001:000427e7       __initp_misc_cfltcvt_tab   200437e7 f   LIBCMT:cmiscdat.obj
 0001:00042806       __call_reportfault         20043806 f   LIBCMT:invarg.obj
 0001:00042929       __initp_misc_invarg        20043929 f   LIBCMT:invarg.obj
 0001:00042936       __invalid_parameter        20043936 f   LIBCMT:invarg.obj
 0001:00042961       __invalid_parameter_noinfo 20043961 f   LIBCMT:invarg.obj
 0001:00042971       __invoke_watson            20043971 f   LIBCMT:invarg.obj
 0001:0004299c       ___doserrno                2004399c f   LIBCMT:dosmap.obj
 0001:000429af       __dosmaperr                200439af f   LIBCMT:dosmap.obj
 0001:000429d0       __errno                    200439d0 f   LIBCMT:dosmap.obj
 0001:000429e3       __get_errno_from_oserr     200439e3 f   LIBCMT:dosmap.obj
 0001:00042a24       __fltin2                   20043a24 f   LIBCMT:cfin.obj
 0001:00042ac9       ___strgtold12_l            20043ac9 f   LIBCMT:strgtold.obj
 0001:00043245       ___addlocaleref            20044245 f   LIBCMT:localref.obj
 0001:000432d5       ___freetlocinfo            200442d5 f   LIBCMT:localref.obj
 0001:0004342f       ___removelocaleref         2004442f f   LIBCMT:localref.obj
 0001:000434ca       ___updatetlocinfo          200444ca f   LIBCMT:localref.obj
 0001:00043546       __updatetlocinfoEx_nolock  20044546 f   LIBCMT:localref.obj
 0001:00043591       ___initmbctable            20044591 f   LIBCMT:mbctype.obj
 0001:0004384c       ___updatetmbcinfo          2004484c f   LIBCMT:mbctype.obj
 0001:000438f1       __setmbcp                  200448f1 f   LIBCMT:mbctype.obj
 0001:00043a9f       __setmbcp_nolock           20044a9f f   LIBCMT:mbctype.obj
 0001:00043c94       __isctype_l                20044c94 f   LIBCMT:isctype.obj
 0001:00043d50       _strlen                    20044d50 f   LIBCMT:strlen.obj
 0001:00043e7d       __input_l                  20044e7d f   LIBCMT:input.obj
 0001:00044f99       ___libm_error_support      20045f99 f   LIBCMT:libm_error.obj
 0001:00045290       __CIsqrt                   20046290 f   LIBCMT:sqrt.obj
 0001:000452a4       _sqrt                      200462a4     LIBCMT:sqrt.obj
 0001:0004534a       __VEC_memset               2004634a f   LIBCMT:p4_memset.obj
 0001:00045412       __isleadbyte_l             20046412 f i LIBCMT:_wctype.obj
 0001:00045448       _isleadbyte                20046448 f i LIBCMT:_wctype.obj
 0001:00045642       ___crtLCMapStringA         20046642 f   LIBCMT:a_map.obj
 0001:00045686       __freea                    20046686 f i LIBCMT:a_map.obj
 0001:000456a4       __locterm                  200466a4 f   LIBCMT:wsetloca.obj
 0001:000456f6       __flsbuf                   200466f6 f   LIBCMT:_flsbuf.obj
 0001:00045843       __output_l                 20046843 f   LIBCMT:output.obj
 0001:000464c0       _cos                       200474c0 f   LIBCMT:cos.obj
 0001:00046500       __CIcos                    20047500 f   LIBCMT:cos.obj
 0001:0004653b       __CIcos_default            2004753b f   LIBCMT:cos.obj
 0001:0004654f       __cos_default              2004754f     LIBCMT:cos.obj
 0001:000465f0       _sin                       200475f0 f   LIBCMT:sin.obj
 0001:00046630       __CIsin                    20047630 f   LIBCMT:sin.obj
 0001:0004666b       __CIsin_default            2004766b f   LIBCMT:sin.obj
 0001:0004667f       __sin_default              2004767f     LIBCMT:sin.obj
 0001:00046719       __crt_debugger_hook        20047719 f   LIBCMT:dbghook.obj
 0001:00046721       ___crtFlsAlloc             20047721 f   LIBCMT:winapisupp.obj
 0001:0004673f       ___crtFlsFree              2004773f f   LIBCMT:winapisupp.obj
 0001:0004675e       ___crtFlsGetValue          2004775e f   LIBCMT:winapisupp.obj
 0001:0004677d       ___crtFlsSetValue          2004777d f   LIBCMT:winapisupp.obj
 0001:0004679f       ___crtIsPackagedApp        2004779f f   LIBCMT:winapisupp.obj
 0001:000467dd       ___crtLoadWinApiPointers   200477dd f   LIBCMT:winapisupp.obj
 0001:00046a1c       ___crtTerminateProcess     20047a1c f   LIBCMT:winapisupp.obj
 0001:00046a31       ___crtUnhandledException   20047a31 f   LIBCMT:winapisupp.obj
 0001:00046a47       __sse2_mathfcns_init       20047a47 f   LIBCMT:mathfcns.obj
 0001:00046a56       __ceil_default             20047a56 f   LIBCMT:ceil.obj
 0001:00046b4c       __fFATN2                   20047b4c     LIBCMT:87triga.obj
 0001:00046b9c       __rtpiby2                  20047b9c     LIBCMT:87triga.obj
 0001:00046be0       __cintrindisp2             20047be0 f   LIBCMT:87cdisp.obj
 0001:00046c1e       __cintrindisp1             20047c1e f   LIBCMT:87cdisp.obj
 0001:00046c5b       __ctrandisp2               20047c5b f   LIBCMT:87cdisp.obj
 0001:00046dea       __ctrandisp1               20047dea f   LIBCMT:87cdisp.obj
 0001:00046e1d       __fload                    20047e1d f   LIBCMT:87cdisp.obj
 0001:00046e59       __XcptFilter               20047e59 f   LIBCMT:winxfltr.obj
 0001:00046fb4       ___CppXcptFilter           20047fb4 f   LIBCMT:winxfltr.obj
 0001:00046fd2       ___crtCorExitProcess       20047fd2 f   LIBCMT:crt0dat.obj
 0001:00047004       ___crtExitProcess          20048004 f   LIBCMT:crt0dat.obj
 0001:0004701a       ___freeCrtMemory           2004801a f   LIBCMT:crt0dat.obj
 0001:0004712a       __amsg_exit                2004812a f   LIBCMT:crt0dat.obj
 0001:00047146       __cexit                    20048146 f   LIBCMT:crt0dat.obj
 0001:00047155       __cinit                    20048155 f   LIBCMT:crt0dat.obj
 0001:000471e6       __exit                     200481e6 f   LIBCMT:crt0dat.obj
 0001:000471fa       __init_pointers            200481fa f   LIBCMT:crt0dat.obj
 0001:0004724e       __initterm_e               2004824e f   LIBCMT:crt0dat.obj
 0001:00047270       __lockexit                 20048270 f   LIBCMT:crt0dat.obj
 0001:00047279       __unlockexit               20048279 f   LIBCMT:crt0dat.obj
 0001:000473b1       __heap_init                200483b1 f   LIBCMT:heapinit.obj
 0001:000473c6       __heap_term                200483c6 f   LIBCMT:heapinit.obj
 0001:000473ce       __ioinit                   200483ce f   LIBCMT:ioinit.obj
 0001:0004767c       __ioterm                   2004867c f   LIBCMT:ioinit.obj
 0001:000476ce       __setargv                  200486ce f   LIBCMT:stdargv.obj
 0001:000478fb       __setenvp                  200488fb f   LIBCMT:stdenvp.obj
 0001:000479dc       _free                      200489dc f   LIBCMT:free.obj
 0001:00047a14       ___security_init_cookie    20048a14 f   LIBCMT:gs_support.obj
 0001:00047aae       _DllMain@12                20048aae f   LIBCMT:dllmain.obj
 0001:00047ab4       ___crtGetEnvironmentStringsA 20048ab4 f   LIBCMT:a_env.obj
 0001:00047b3f       __calloc_crt               20048b3f f   LIBCMT:crtheap.obj
 0001:00047b89       __malloc_crt               20048b89 f   LIBCMT:crtheap.obj
 0001:00047bd2       __realloc_crt              20048bd2 f   LIBCMT:crtheap.obj
 0001:00047c1e       __recalloc_crt             20048c1e f   LIBCMT:crtheap.obj
 0001:00047c6e       __RTC_Initialize           20048c6e f   LIBCMT:initsect.obj
 0001:00047c8e       __RTC_Terminate            20048c8e f   LIBCMT:initsect.obj
 0001:00047cb0       __SEH_prolog4              20048cb0 f   LIBCMT:sehprolg4.obj
 0001:00047cf5       __SEH_epilog4              20048cf5 f   LIBCMT:sehprolg4.obj
 0001:00047d10       __except_handler4          20048d10 f   LIBCMT:chandler4.obj
 0001:00047eb0       __allmul                   20048eb0 f   LIBCMT:llmul.obj
 0001:00047ef0       __aulldvrm                 20048ef0 f   LIBCMT:ulldvrm.obj
 0001:00047f85       __lock                     20048f85 f   LIBCMT:mlock.obj
 0001:00047fb9       __mtdeletelocks            20048fb9 f   LIBCMT:mlock.obj
 0001:0004800d       __mtinitlocknum            2004900d f   LIBCMT:mlock.obj
 0001:000480b4       __mtinitlocks              200490b4 f   LIBCMT:mlock.obj
 0001:000480e9       __unlock                   200490e9 f   LIBCMT:mlock.obj
 0001:000480fe       __isdigit_l                200490fe f i LIBCMT:_ctype.obj
 0001:0004814e       __isspace_l                2004914e f i LIBCMT:_ctype.obj
 0001:0004819e       __isxdigit_l               2004919e f i LIBCMT:_ctype.obj
 0001:000481f4       _isdigit                   200491f4 f i LIBCMT:_ctype.obj
 0001:0004821f       _isspace                   2004921f f i LIBCMT:_ctype.obj
 0001:0004824a       _isxdigit                  2004924a f i LIBCMT:_ctype.obj
 0001:00048277       _strcpy_s                  20049277 f   LIBCMT:strcpy_s.obj
 0001:000482d0       _strrchr                   200492d0 f   LIBCMT:strrchr.obj
 0001:00048407       __fptostr                  20049407 f   LIBCMT:_fptostr.obj
[...]
 0002:000074f0       P_2                        200574f0     LIBCMT:cos_sse2_precise.obj
 0002:00007500       P_1                        20057500     LIBCMT:cos_sse2_precise.obj
 0002:00007508       P_3                        20057508     LIBCMT:cos_sse2_precise.obj
 0002:00007510       TWO_POW_55                 20057510     LIBCMT:cos_sse2_precise.obj
 0002:00007518       TWO_POW_M55                20057518     LIBCMT:cos_sse2_precise.obj
 0002:00007520       ALL_ONES                   20057520     LIBCMT:cos_sse2_precise.obj
 0002:00007528       NEG_ZERO                   20057528     LIBCMT:cos_sse2_precise.obj
 0002:00007530       ONE                        20057530     LIBCMT:cos_sse2_precise.obj
 0002:00007540       SIGN_MASK                  20057540     LIBCMT:cos_sse2_precise.obj
 0002:00007550       Ctable                     20057550     LIBCMT:sin_sse2_precise.obj
 0002:00007d50       SC_1                       20057d50     LIBCMT:sin_sse2_precise.obj
 0002:00007d60       SC_2                       20057d60     LIBCMT:sin_sse2_precise.obj
 0002:00007d70       SC_3                       20057d70     LIBCMT:sin_sse2_precise.obj
 0002:00007d80       SC_4                       20057d80     LIBCMT:sin_sse2_precise.obj
 0002:00007d90       PI32INV                    20057d90     LIBCMT:sin_sse2_precise.obj
 0002:00007d98       SHIFTER                    20057d98     LIBCMT:sin_sse2_precise.obj
 0002:00007da0       P_2                        20057da0     LIBCMT:sin_sse2_precise.obj
 0002:00007db0       P_1                        20057db0     LIBCMT:sin_sse2_precise.obj
 0002:00007db8       P_3                        20057db8     LIBCMT:sin_sse2_precise.obj
 0002:00007dc0       TWO_POW_55                 20057dc0     LIBCMT:sin_sse2_precise.obj
 0002:00007dc8       TWO_POW_M55                20057dc8     LIBCMT:sin_sse2_precise.obj
 0002:00007dd0       ALL_ONES                   20057dd0     LIBCMT:sin_sse2_precise.obj
 0002:00007dd8       NEG_ZERO                   20057dd8     LIBCMT:sin_sse2_precise.obj
 0002:00007de0       ONE                        20057de0     LIBCMT:sin_sse2_precise.obj
 0002:00007df0       _GS_ExceptionPointers      20057df0     LIBCMT:gs_report.obj
 0002:00007e00       _One                       20057e00     LIBCMT:ceil_pentium4.obj
 0002:00007e10       _Bns                       20057e10     LIBCMT:ceil_pentium4.obj
 0002:00007e20       _Zero                      20057e20     LIBCMT:ceil_pentium4.obj
 0002:00007e30       _S                         20057e30     LIBCMT:ceil_pentium4.obj
 0002:00007e40       _NegZero                   20057e40     LIBCMT:ceil_pentium4.obj
 0002:00007e54       __mb_locale_names          20057e54     LIBCMT:mbctype.obj
 0002:000081f0       _INF                       200581f0     LIBCMT:libm_error.obj
 0002:00008200       _BIG                       20058200     LIBCMT:libm_error.obj
 0002:00008210       _ZERO                      20058210     LIBCMT:libm_error.obj
 0002:00008220       _INF_32                    20058220     LIBCMT:libm_error.obj
 0002:00008228       _NAN_32                    20058228     LIBCMT:libm_error.obj
 0002:00008230       _ZERO_32                   20058230     LIBCMT:libm_error.obj
 0002:00008238       _libm_largef               20058238     LIBCMT:libm_error.obj
 0002:00008240       _libm_smallf               20058240     LIBCMT:libm_error.obj
 0002:00008248       _libm_small                20058248     LIBCMT:libm_error.obj
 0002:000082b8       __first_127char            200582b8     LIBCMT:wsetloca.obj
 0002:00008680       DblMax                     20058680     LIBCMT:87cdisp.obj
 0002:00008688       DblMin                     20058688     LIBCMT:87cdisp.obj
 0002:00008690       IeeeAdjO                   20058690     LIBCMT:87cdisp.obj
 0002:00008698       IeeeAdjU                   20058698     LIBCMT:87cdisp.obj
 0002:000086a0       _infinity                  200586a0     LIBCMT:87cdisp.obj
 0002:000086a8       _zero                      200586a8     LIBCMT:87cdisp.obj
 0002:00008f94       One                        20058f94     LIBCMT:87disp.obj
 0002:00008f9c       XAMtoTagTab                20058f9c     LIBCMT:87disp.obj
 0002:00008fb0       One                        20058fb0     LIBCMT:common.obj
 0002:00008fc4       DblMax                     20058fc4     LIBCMT:common.obj
 0002:00008fcc       DblMin                     20058fcc     LIBCMT:common.obj
 0002:00008fd4       IeeeAdjO                   20058fd4     LIBCMT:common.obj
 0002:00008fdc       IeeeAdjU                   20058fdc     LIBCMT:common.obj
 0002:00008fe4       _infinity                  20058fe4     LIBCMT:common.obj
 0002:00008fec       _zero                      20058fec     LIBCMT:common.obj
 0002:0000b0e0       Ctable                     2005b0e0     LIBCMT:cos_pentium4.obj
 0002:0000b8e0       SC_1                       2005b8e0     LIBCMT:cos_pentium4.obj
 0002:0000b8f0       SC_2                       2005b8f0     LIBCMT:cos_pentium4.obj
 0002:0000b900       SC_3                       2005b900     LIBCMT:cos_pentium4.obj
 0002:0000b910       SC_4                       2005b910     LIBCMT:cos_pentium4.obj
 0002:0000b920       PI32INV                    2005b920     LIBCMT:cos_pentium4.obj
 0002:0000b928       SHIFTER                    2005b928     LIBCMT:cos_pentium4.obj
 0002:0000b930       P_2                        2005b930     LIBCMT:cos_pentium4.obj
 0002:0000b940       P_1                        2005b940     LIBCMT:cos_pentium4.obj
 0002:0000b948       P_3                        2005b948     LIBCMT:cos_pentium4.obj
 0002:0000b950       TWO_POW_55                 2005b950     LIBCMT:cos_pentium4.obj
 0002:0000b958       TWO_POW_M55                2005b958     LIBCMT:cos_pentium4.obj
 0002:0000b960       ALL_ONES                   2005b960     LIBCMT:cos_pentium4.obj
 0002:0000b968       NEG_ZERO                   2005b968     LIBCMT:cos_pentium4.obj
 0002:0000b970       ONE                        2005b970     LIBCMT:cos_pentium4.obj
 0002:0000b980       SIGN_MASK                  2005b980     LIBCMT:cos_pentium4.obj
 0002:0000b990       Ctable                     2005b990     LIBCMT:sin_pentium4.obj
 0002:0000c190       SC_1                       2005c190     LIBCMT:sin_pentium4.obj
 0002:0000c1a0       SC_2                       2005c1a0     LIBCMT:sin_pentium4.obj
 0002:0000c1b0       SC_3                       2005c1b0     LIBCMT:sin_pentium4.obj
 0002:0000c1c0       SC_4                       2005c1c0     LIBCMT:sin_pentium4.obj
 0002:0000c1d0       PI32INV                    2005c1d0     LIBCMT:sin_pentium4.obj
 0002:0000c1d8       SHIFTER                    2005c1d8     LIBCMT:sin_pentium4.obj
 0002:0000c1e0       P_2                        2005c1e0     LIBCMT:sin_pentium4.obj
 0002:0000c1f0       P_1                        2005c1f0     LIBCMT:sin_pentium4.obj
 0002:0000c1f8       P_3                        2005c1f8     LIBCMT:sin_pentium4.obj
 0002:0000c200       TWO_POW_55                 2005c200     LIBCMT:sin_pentium4.obj
 0002:0000c208       TWO_POW_M55                2005c208     LIBCMT:sin_pentium4.obj
 0002:0000c210       ALL_ONES                   2005c210     LIBCMT:sin_pentium4.obj
 0002:0000c218       NEG_ZERO                   2005c218     LIBCMT:sin_pentium4.obj
 0002:0000c220       ONE                        2005c220     LIBCMT:sin_pentium4.obj
 0002:0000cb28       _rterrs                    2005cb28     LIBCMT:crt0msg.obj
 0002:0000ce10       __sehtable$__CRT_INIT@12   2005ce10     LIBCMT:dllcrt0.obj
 0002:0000ce30       __sehtable$___DllMainCRTStartup 2005ce30     LIBCMT:dllcrt0.obj
 0002:0000ce50       __sehtable$__freefls@4     2005ce50     LIBCMT:tidtable.obj
 0002:0000ce78       __sehtable$__initptd       2005ce78     LIBCMT:tidtable.obj
 0002:0000cea0       __sehtable$___updatetlocinfo 2005cea0     LIBCMT:localref.obj
 0002:0000cec0       __sehtable$___updatetmbcinfo 2005cec0     LIBCMT:mbctype.obj
 0002:0000cee0       __sehtable$__setmbcp       2005cee0     LIBCMT:mbctype.obj
 0002:0000cf00       __sehtable$__locterm       2005cf00     LIBCMT:wsetloca.obj
 0002:0000cf20       __sehtable$_doexit         2005cf20     LIBCMT:crt0dat.obj
 0002:0000cf40       __sehtable$__ioinit        2005cf40     LIBCMT:ioinit.obj
 0002:0000cf60       __sehtable$__mtinitlocknum 2005cf60     LIBCMT:mlock.obj
 0002:0000cf80       __sehtable$__write         2005cf80     LIBCMT:write.obj
 0002:0000cfa0       __sehtable$__lseeki64      2005cfa0     LIBCMT:lseeki64.obj
 0002:0000cfc0       __sehtable$___set_fpsr_sse2 2005cfc0     LIBCMT:fpctrl.obj
 0002:0000cfe0       __sehtable$__IsNonwritableInCurrentImage 2005cfe0     LIBCMT:pesect.obj
 0002:0000d000       __sehtable$__onexit        2005d000     LIBCMT:onexit.obj
 0002:0000d020       __sehtable$?terminate@@YAXXZ 2005d020     LIBCMT:hooks.obj
 0002:0000d040       __sehtable$_raise          2005d040     LIBCMT:winsig.obj
 0002:0000d060       __sehtable$__read          2005d060     LIBCMT:read.obj
 0002:0000d080       __sehtable$__fcloseall     2005d080     LIBCMT:closeall.obj
 0002:0000d0a0       __sehtable$_flsall         2005d0a0     LIBCMT:fflush.obj
 0002:0000d0c8       __sehtable$___lock_fhandle 2005d0c8     LIBCMT:osfinfo.obj
 0002:0000d0e8       __sehtable$_fclose         2005d0e8     LIBCMT:fclose.obj
 0002:0000d108       __sehtable$__commit        2005d108     LIBCMT:commit.obj
 0002:0000d128       __sehtable$__close         2005d128     LIBCMT:close.obj
 0002:0000d73a       .idata$6                   2005d73a     kernel32:KERNEL32.dll
 0002:0000d750       .edata                     2005d750     qagamex86.exp
 0002:0000d778       rgpv                       2005d778     qagamex86.exp
 0002:0000d780       rgszName                   2005d780     qagamex86.exp
 0002:0000d788       rgwOrd                     2005d788     qagamex86.exp
 0002:0000d78c       szName                     2005d78c     qagamex86.exp
 0002:0000d79a       $N00001                    2005d79a     qagamex86.exp
 0002:0000d7a3       $N00002                    2005d7a3     qagamex86.exp
 0003:00000000       _VEC_UP                    2005e000     ai_dmq3.obj
 0003:0000000c       _MOVEDIR_UP                2005e00c     ai_dmq3.obj
 0003:00000018       _VEC_DOWN                  2005e018     ai_dmq3.obj
 0003:00000024       _MOVEDIR_DOWN              2005e024     ai_dmq3.obj
 0003:00000cd0       ?range@?1??G_TouchTriggers@@9@9 2005ecd0     g_active.obj
 0003:00000cdc       _offsetFirst               2005ecdc     g_arenas.obj
 0003:00000ce8       _offsetSecond              2005ece8     g_arenas.obj
 0003:00000cf4       _offsetThird               2005ecf4     g_arenas.obj
 0003:00000d00       _playerMins                2005ed00     g_client.obj
 0003:00000d0c       _playerMaxs                2005ed0c     g_client.obj
 0003:00000d18       _gc_orders                 2005ed18     g_cmds.obj
 0003:00000d34       _gameNames                 2005ed34     g_cmds.obj
 0003:00000dd0       _gameCvarTable             2005edd0     g_main.obj
 0003:0000140c       _gameCvarTableSize         2005f40c     g_main.obj
 0003:00001410       ?lastMod@?1??CheckCvars@@9@9 2005f410     g_main.obj
 0003:00001708       ?gametypeNames@?1??G_SpawnGEntityFromSpawnVars@@9@9 2005f708     g_spawn.obj
 0003:0000172c       _syscall                   2005f72c     g_syscalls.obj
 0003:00001730       _ctfFlagStatusRemap        2005f730     g_team.obj
 0003:00001738       _oneFlagStatusRemap        2005f738     g_team.obj
 0003:00001740       ?VEC_UP@?1??G_SetMovedir@@9@9 2005f740     g_utils.obj
 0003:0000174c       ?MOVEDIR_UP@?1??G_SetMovedir@@9@9 2005f74c     g_utils.obj
 0003:00001758       ?VEC_DOWN@?1??G_SetMovedir@@9@9 2005f758     g_utils.obj
 0003:00001764       ?MOVEDIR_DOWN@?1??G_SetMovedir@@9@9 2005f764     g_utils.obj
 0003:000020b0       _errtable                  200600b0     LIBCMT:dosmap.obj
 0003:00002218       _ErrnoNoMem                20060218     LIBCMT:dosmap.obj
 0003:0000221c       _DoserrorNoMem             2006021c     LIBCMT:dosmap.obj
 0003:00002224       ___rgctypeflag             20060224     LIBCMT:mbctype.obj
 0003:00002228       ___rgcode_page_info        20060228     LIBCMT:mbctype.obj
 0003:00002980       _NAME_                     20060980     LIBCMT:sqrt.obj
 0003:00002988       __ctype_loc_style          20060988     LIBCMT:wsetloca.obj
 0003:000029a0       _NAME_                     200609a0     LIBCMT:cos.obj
 0003:000029b0       _NAME_                     200609b0     LIBCMT:sin.obj
 0003:000029b8       ?isPackaged@?1??__crtIsPackagedApp@@9@9 200609b8     LIBCMT:winapisupp.obj
 0003:000029bc       _newcw                     200609bc     LIBCMT:ceil.obj
 0003:00002a00       __locktable                20060a00     LIBCMT:mlock.obj
 0003:00002b20       _DoubleFormat              20060b20     LIBCMT:intrncvt.obj
 0003:00002b38       _FloatFormat               20060b38     LIBCMT:intrncvt.obj
 0003:00003100       ?_names@?1??_get_fname@@9@9 20061100     LIBCMT:fpexcept.obj
 0003:00003210       _over                      20061210     LIBCMT:fpctrl.obj
 0003:0000321c       _under                     2006121c     LIBCMT:fpctrl.obj
 0003:00003228       ?__DAZ_ENABLED@?1??__set_fpsr_sse2@@9@9 20061228     LIBCMT:fpctrl.obj
 0003:00003360       ?maxclients@?1??BotNumActivePlayers@@9@9 20061360     ai_chat.obj
 0003:00003364       ?maxclients@?1??BotIsFirstInRankings@@9@9 20061364     ai_chat.obj
 0003:00003368       ?maxclients@?1??BotIsLastInRankings@@9@9 20061368     ai_chat.obj
 0003:0000336c       ?name@?1??BotFirstClientInRankings@@9@9 2006136c     ai_chat.obj
 0003:0000338c       ?maxclients@?1??BotFirstClientInRankings@@9@9 2006138c     ai_chat.obj
 0003:00003390       ?name@?1??BotLastClientInRankings@@9@9 20061390     ai_chat.obj
 0003:000033b0       ?maxclients@?1??BotLastClientInRankings@@9@9 200613b0     ai_chat.obj
 0003:000033b4       ?maxclients@?1??BotRandomOpponentName@@9@9 200613b4     ai_chat.obj
 0003:000033b8       ?name@?1??BotRandomOpponentName@@9@9 200613b8     ai_chat.obj
 0003:000033d8       ?mapname@?1??BotMapTitle@@9@9 200613d8     ai_chat.obj
 0003:00003458       ?maxclients@?1??FindClientByName@@9@9 20061458     ai_cmd.obj
 0003:0000345c       ?maxclients@?1??FindEnemyByName@@9@9 2006145c     ai_cmd.obj
 0003:00003460       ?maxclients@?1??NumPlayersOnSameTeam@@9@9 20061460     ai_cmd.obj
 0003:00003464       ?maxclients@?1??ClientFromName@@9@9 20061464     ai_dmq3.obj
 0003:00003468       ?maxclients@?1??ClientOnSameTeamFromName@@9@9 20061468     ai_dmq3.obj
 0003:0000346c       ?local_time@?1??BotAIStartFrame@@9@9 2006146c     ai_main.obj
 0003:00003470       ?botlib_residual@?1??BotAIStartFrame@@9@9 20061470     ai_main.obj
 0003:00003474       ?lastbotthink_time@?1??BotAIStartFrame@@9@9 20061474     ai_main.obj
 0003:00003478       ?maxclients@?1??BotNumTeamMates@@9@9 20061478     ai_team.obj
 0003:0000347c       ?maxclients@?1??BotSortTeamMatesByBaseTravelTime@@9@9 2006147c     ai_team.obj
 0003:00003480       ?maxclients@?1??BotTeamOrders@@9@9 20061480     ai_team.obj
 0003:00003488       _g_numBots                 20061488     g_bot.obj
 0003:0000348c       ?checkminimumplayers_time@?1??G_CheckMinimumPlayers@@9@9 2006148c     g_bot.obj
 0003:00003490       _g_botInfos                20061490     g_bot.obj
 0003:00004490       _g_arenaInfos              20062490     g_bot.obj
 0003:00005490       _botSpawnQueue             20063490     g_bot.obj
 0003:00005510       ?line@?1??ConcatArgs@@9@9  20063510     g_cmds.obj
 0003:00005910       ?i@?CD@??player_die@@9@9   20063910     g_combat.obj
 0003:00005918       _memoryPool                20063918     g_mem.obj
 0003:00045918       _allocPoint                200a3918     g_mem.obj
 0003:00045920       _ipFilters                 200a3920     g_svcmds.obj
 0003:00047920       _numIPFilters              200a5920     g_svcmds.obj
 0003:0004792c       ?index@?1??tv@@9@9         200a592c     g_utils.obj
 0003:00047930       ?buff@?1??BuildShaderStateConfig@@9@9 200a5930     g_utils.obj
 0003:00048930       ?vecs@?1??tv@@9@9          200a6930     g_utils.obj
 0003:00048990       ?index@?1??vtos@@9@9       200a6990     g_utils.obj
 0003:00048998       ?str@?1??vtos@@9@9         200a6998     g_utils.obj
 0003:00048a98       _s_quadFactor              200a6a98     g_weapon.obj
 0003:00048a9c       _forward                   200a6a9c     g_weapon.obj
 0003:00048aa8       _right                     200a6aa8     g_weapon.obj
 0003:00048ab4       _up                        200a6ab4     g_weapon.obj
 0003:00048ac0       _muzzle                    200a6ac0     g_weapon.obj
 0003:00048ad8       ?bops_initialized@?1??BoxOnPlaneSide@@9@9 200a6ad8     q_math.obj
 0003:00048adc       ?Ljmptab@?1??BoxOnPlaneSide@@9@9 200a6adc     q_math.obj
 0003:00048afc       ?sr@?1??AngleVectors@@9@9  200a6afc     q_math.obj
 0003:00048b00       ?sp@?1??AngleVectors@@9@9  200a6b00     q_math.obj
 0003:00048b04       ?sy@?1??AngleVectors@@9@9  200a6b04     q_math.obj
 0003:00048b08       ?cr@?1??AngleVectors@@9@9  200a6b08     q_math.obj
 0003:00048b0c       ?cp@?1??AngleVectors@@9@9  200a6b0c     q_math.obj
 0003:00048b10       ?cy@?1??AngleVectors@@9@9  200a6b10     q_math.obj
 0003:00048b18       ?index@?1??va@@9@9         200a6b18     q_shared.obj
 0003:00048b1c       ?valueindex@?1??Info_ValueForKey@@9@9 200a6b1c     q_shared.obj
 0003:00048b20       _com_token                 200a6b20     q_shared.obj
 0003:00048f20       _com_parsename             200a6f20     q_shared.obj
 0003:00049320       _com_lines                 200a7320     q_shared.obj
 0003:00049328       ?string@?1??COM_ParseError@@9@9 200a7328     q_shared.obj
 0003:0004a328       ?string@?1??COM_ParseWarning@@9@9 200a8328     q_shared.obj
 0003:0004b328       ?string@?1??va@@9@9        200a9328     q_shared.obj
 0003:0005ad28       ?value@?1??Info_ValueForKey@@9@9 200b8d28     q_shared.obj
 0003:0005ed30       _GS_ExceptionRecord        200bcd30     LIBCMT:gs_report.obj
 0003:0005ed80       _GS_ContextRecord          200bcd80     LIBCMT:gs_report.obj
 0003:0005f04c       _DebuggerWasPresent        200bd04c     LIBCMT:gs_report.obj
 0003:0005f058       ___proc_attached           200bd058     LIBCMT:dllcrt0.obj
 0003:0005f080       _fSystemSet                200bd080     LIBCMT:mbctype.obj
 0003:0005f084       __pmatherr_set             200bd084     LIBCMT:libm_error.obj
 0003:0005f1c8       ?_pgmname@?1??_setargv@@9@9 200bd1c8     LIBCMT:stdargv.obj
 0003:0005f2d8       _lclcritsects              200bd2d8     LIBCMT:mlock.obj
 0003:0005f434       ___crtCallProc             200bd434     LIBCMT:winapinls.obj
 0003:0005f43c       ___enable_percent_n        200bd43c     LIBCMT:printf.obj
 0003:0005f448       ?outmsg@?8??_NMSG_WRITE@@9@9 200bd448     LIBCMT:crt0msg.obj
 0003:0005fa7c       _g_pfnRtlGenRandom         200bda7c     LIBCMT:rand_s.obj
 0003:0005fa80       _ctrlc_action              200bda80     LIBCMT:winsig.obj
 0003:0005fa84       _ctrlbreak_action          200bda84     LIBCMT:winsig.obj
 0003:0005fa88       _abort_action              200bda88     LIBCMT:winsig.obj
 0003:0005fa8c       _term_action               200bda8c     LIBCMT:winsig.obj
 0003:0005fa90       _ConsoleCtrlHandler_Installed 200bda90     LIBCMT:winsig.obj
 0003:0005faa4       ?pfnMessageBox@?1??__crtMessageBoxW@@9@9 200bdaa4     LIBCMT:crtmboxw.obj
 0003:0005faa8       ?pfnGetActiveWindow@?1??__crtMessageBoxW@@9@9 200bdaa8     LIBCMT:crtmboxw.obj
 0003:0005faac       ?pfnGetLastActivePopup@?1??__crtMessageBoxW@@9@9 200bdaac     LIBCMT:crtmboxw.obj
 0003:0005fab0       ?pfnGetProcessWindowStation@?1??__crtMessageBoxW@@9@9 200bdab0     LIBCMT:crtmboxw.obj
 0003:0005fab4       ?pfnGetUserObjectInformation@?1??__crtMessageBoxW@@9@9 200bdab4     LIBCMT:crtmboxw.obj
 0004:00000060       $R000000                   201b3060     * linker generated manifest res *
