 cgamex86

 Timestamp is 51f1958b (Thu Jul 25 16:15:55 2013)

 Preferred load address is 30000000

 Start         Length     Name                   Class
 0001:00000000 00042866H .text                   CODE
 0002:00000000 00000104H .idata$5                DATA
 0002:00000104 00000004H .CRT$XCA                DATA
 0002:00000108 00000004H .CRT$XCZ                DATA
 0002:0000010c 00000004H .CRT$XIA                DATA
 0002:00000110 00000014H .CRT$XIC                DATA
 0002:00000124 00000004H .CRT$XIZ                DATA
 0002:00000128 00000004H .CRT$XPA                DATA
 0002:0000012c 00000008H .CRT$XPX                DATA
 0002:00000134 00000004H .CRT$XPXA               DATA
 0002:00000138 00000004H .CRT$XPZ                DATA
 0002:0000013c 00000004H .CRT$XTA                DATA
 0002:00000140 00000004H .CRT$XTZ                DATA
 0002:00000150 00013c80H .rdata                  DATA
 0002:00013dd0 0000000cH .rdata$sxdata           DATA
 0002:00013ddc 00000004H .rtc$IAA                DATA
 0002:00013de0 00000004H .rtc$IZZ                DATA
 0002:00013de4 00000004H .rtc$TAA                DATA
 0002:00013de8 00000004H .rtc$TZZ                DATA
 0002:00013df0 00000314H .xdata$x                DATA
 0002:00014104 00000014H .idata$2                DATA
 0002:00014118 00000014H .idata$3                DATA
 0002:0001412c 00000104H .idata$4                DATA
 0002:00014230 000004b4H .idata$6                DATA
 0002:000146f0 00000059H .edata                  DATA
 0003:00000000 00004394H .data                   DATA
 0003:000043a0 0052ab00H .bss                    DATA
 0004:00000000 00000058H .rsrc$01                DATA
 0004:00000060 00000180H .rsrc$02                DATA

  Address         Publics by Value              Rva+Base       Lib:Object

 0000:00000000       __except_list              00000000     <absolute>
 0000:00000003       ___safe_se_handler_count   00000003     <absolute>
 0000:00000000       ___ImageBase               30000000     <linker-defined>
 0001:00000000       _BG_AddPredictableEventToPlayerstate 30001000 f   bg_misc.obj
 0001:00000030       _BG_CanItemBeGrabbed       30001030 f   bg_misc.obj
 0001:00000280       _BG_EvaluateTrajectory     30001280 f   bg_misc.obj
 0001:00000420       _BG_EvaluateTrajectoryDelta 30001420 f   bg_misc.obj
 0001:00000570       _BG_FindItemForHoldable    30001570 f   bg_misc.obj
 0001:000005c0       _BG_FindItemForPowerup     300015c0 f   bg_misc.obj
 0001:00000610       _BG_PlayerStateToEntityState 30001610 f   bg_misc.obj
 0001:00000850       _BG_PlayerTouchesItem      30001850 f   bg_misc.obj
 0001:000008e0       _BG_TouchJumpPad           300018e0 f   bg_misc.obj
 0001:00000a50       _PM_AddEvent               30001a50 f   bg_pmove.obj
 0001:00000a70       _PM_AddTouchEnt            30001a70 f   bg_pmove.obj
 0001:000011b0       _PM_ClipVelocity           300021b0 f   bg_pmove.obj
 0001:00002840       _PM_UpdateViewAngles       30003840 f   bg_pmove.obj
 0001:000032e0       _Pmove                     300042e0 f   bg_pmove.obj
 0001:00003370       _PmoveSingle               30004370 f   bg_pmove.obj
 0001:00003700       _PM_SlideMove              30004700 f   bg_slidemove.obj
 0001:00003f10       _PM_StepSlideMove          30004f10 f   bg_slidemove.obj
 0001:00004260       _CG_TargetCommand_f        30005260 f   cg_consolecmds.obj
 0001:00004bd0       _CG_ConsoleCommand         30005bd0 f   cg_consolecmds.obj
 0001:00004c10       _CG_InitConsoleCommands    30005c10 f   cg_consolecmds.obj
 0001:00004d50       _CG_AddLagometerFrameInfo  30005d50 f   cg_draw.obj
 0001:00004d80       _CG_AddLagometerSnapshotInfo 30005d80 f   cg_draw.obj
 0001:00004de0       _CG_CenterPrint            30005de0 f   cg_draw.obj
 0001:00004f30       _CG_Draw3DModel            30005f30 f   cg_draw.obj
 0001:00005070       _CG_DrawActive             30006070 f   cg_draw.obj
 0001:00005940       _CG_DrawFlagModel          30006940 f   cg_draw.obj
 0001:00005c20       _CG_DrawHead               30006c20 f   cg_draw.obj
 0001:00006730       _CG_DrawTeamBackground     30007730 f   cg_draw.obj
 0001:00006d10       _CG_DrawTimedMenus         30007d10 f   cg_draw.obj
 0001:00007300       _CG_Text_Height            30008300 f   cg_draw.obj
 0001:000073c0       _CG_Text_Paint             300083c0 f   cg_draw.obj
 0001:00007690       _CG_Text_PaintChar         30008690 f   cg_draw.obj
 0001:00007740       _CG_Text_Width             30008740 f   cg_draw.obj
 0001:000077f0       _CG_AdjustFrom640          300087f0 f   cg_drawtools.obj
 0001:00007850       _CG_ColorForHealth         30008850 f   cg_drawtools.obj
 0001:00007880       _CG_DrawBigString          30008880 f   cg_drawtools.obj
 0001:000078e0       _CG_DrawBigStringColor     300088e0 f   cg_drawtools.obj
 0001:00007910       _CG_DrawChar               30008910 f   cg_drawtools.obj
 0001:00007a20       _CG_DrawPic                30008a20 f   cg_drawtools.obj
 0001:00007aa0       _CG_DrawRect               30008aa0 f   cg_drawtools.obj
 0001:00007b30       _CG_DrawSides              30008b30 f   cg_drawtools.obj
 0001:00007c20       _CG_DrawSmallString        30008c20 f   cg_drawtools.obj
 0001:00007c80       _CG_DrawStringExt          30008c80 f   cg_drawtools.obj
 0001:00007df0       _CG_DrawStrlen             30008df0 f   cg_drawtools.obj
 0001:00007e30       _CG_DrawTopBottom          30008e30 f   cg_drawtools.obj
 0001:00007f20       _CG_FadeColor              30008f20 f   cg_drawtools.obj
 0001:00007fa0       _CG_FillRect               30008fa0 f   cg_drawtools.obj
 0001:00008030       _CG_GetColorForHealth      30009030 f   cg_drawtools.obj
 0001:00008110       _CG_TileClear              30009110 f   cg_drawtools.obj
 0001:00008280       _UI_DrawProportionalString 30009280 f   cg_drawtools.obj
 0001:00008670       _UI_ProportionalSizeScale  30009670 f   cg_drawtools.obj
 0001:00008690       _UI_ProportionalStringWidth 30009690 f   cg_drawtools.obj
 0001:000086d0       _CG_Bleed                  300096d0 f   cg_effects.obj
 0001:00008780       _CG_BubbleTrail            30009780 f   cg_effects.obj
 0001:00008ab0       _CG_GibPlayer              30009ab0 f   cg_effects.obj
 0001:00009450       _CG_InvulnerabilityImpact  3000a450 f   cg_effects.obj
 0001:00009570       _CG_InvulnerabilityJuiced  3000a570 f   cg_effects.obj
 0001:00009690       _CG_KamikazeEffect         3000a690 f   cg_effects.obj
 0001:00009760       _CG_LaunchGib              3000a760 f   cg_effects.obj
 0001:00009850       _CG_LightningBoltBeam      3000a850 f   cg_effects.obj
 0001:000098d0       _CG_MakeExplosion          3000a8d0 f   cg_effects.obj
 0001:00009aa0       _CG_ObeliskExplode         3000aaa0 f   cg_effects.obj
 0001:00009b20       _CG_ObeliskPain            3000ab20 f   cg_effects.obj
 0001:00009b70       _CG_ScorePlum              3000ab70 f   cg_effects.obj
 0001:00009cd0       _CG_SmokePuff              3000acd0 f   cg_effects.obj
 0001:00009e80       _CG_SpawnEffect            3000ae80 f   cg_effects.obj
 0001:0000a050       _CG_AddPacketEntities      3000b050 f   cg_ents.obj
 0001:0000a1c0       _CG_AdjustPositionForMover 3000b1c0 f   cg_ents.obj
 0001:0000a2c0       _CG_Beam                   3000b2c0 f   cg_ents.obj
 0001:0000b4f0       _CG_PositionEntityOnTag    3000c4f0 f   cg_ents.obj
 0001:0000b640       _CG_PositionRotatedEntityOnTag 3000c640 f   cg_ents.obj
 0001:0000b790       _CG_SetEntitySoundPosition 3000c790 f   cg_ents.obj
 0001:0000be00       _CG_CheckEvents            3000ce00 f   cg_event.obj
 0001:0000be90       _CG_EntityEvent            3000ce90 f   cg_event.obj
 0001:0000ddc0       _CG_PainEvent              3000edc0 f   cg_event.obj
 0001:0000de30       _CG_PlaceString            3000ee30 f   cg_event.obj
 0001:0000e000       _CG_DrawInformation        3000f000 f   cg_info.obj
 0001:0000e4d0       _CG_LoadingClient          3000f4d0 f   cg_info.obj
 0001:0000e670       _CG_LoadingItem            3000f670 f   cg_info.obj
 0001:0000e6c0       _CG_LoadingString          3000f6c0 f   cg_info.obj
 0001:0000e7b0       _CG_AddFadeRGB             3000f7b0 f   cg_localents.obj
 0001:0000e930       _CG_AddFragment            3000f930 f   cg_localents.obj
 0001:0000eb60       _CG_AddInvulnerabilityImpact 3000fb60 f   cg_localents.obj
 0001:0000eb70       _CG_AddInvulnerabilityJuiced 3000fb70 f   cg_localents.obj
 0001:0000ec40       _CG_AddKamikaze            3000fc40 f   cg_localents.obj
 0001:0000f210       _CG_AddLocalEntities       30010210 f   cg_localents.obj
 0001:0000f470       _CG_AddRefEntity           30010470 f   cg_localents.obj
 0001:0000f580       _CG_AddScorePlum           30010580 f   cg_localents.obj
 0001:0000fa60       _CG_AllocLocalEntity       30010a60 f   cg_localents.obj
 0001:0000fac0       _CG_BloodTrail             30010ac0 f   cg_localents.obj
 0001:0000fbb0       _CG_FragmentBounceMark     30010bb0 f   cg_localents.obj
 0001:0000fcd0       _CG_FragmentBounceSound    30010cd0 f   cg_localents.obj
 0001:0000fd30       _CG_FreeLocalEntity        30010d30 f   cg_localents.obj
 0001:0000fd70       _CG_InitLocalEntities      30010d70 f   cg_localents.obj
 0001:0000fdd0       _CG_ReflectVelocity        30010dd0 f   cg_localents.obj
 0001:0000ff20       _CG_Argv                   30010f20 f   cg_main.obj
 0001:0000ff50       _CG_AssetCache             30010f50 f   cg_main.obj
 0001:00010060       _CG_Asset_Parse            30011060 f   cg_main.obj
 0001:00010500       _CG_BuildSpectatorString   30011500 f   cg_main.obj
 0001:00010580       _CG_ConfigString           30011580 f   cg_main.obj
 0001:000105b0       _CG_CrosshairPlayer        300115b0 f   cg_main.obj
 0001:00010670       _CG_Error                  30011670 f   cg_main.obj
 0001:00010a90       _CG_Init                   30011a90 f   cg_main.obj
 0001:00010cf0       _CG_LastAttacker           30011cf0 f   cg_main.obj
 0001:00010d10       _CG_LoadHudMenu            30011d10 f   cg_main.obj
 0001:00010f20       _CG_LoadMenus              30011f20 f   cg_main.obj
 0001:00011090       _CG_Load_Menu              30012090 f   cg_main.obj
 0001:00011210       _CG_ParseMenu              30012210 f   cg_main.obj
 0001:00011310       _CG_Printf                 30012310 f   cg_main.obj
 0001:000113c0       _CG_RegisterCvars          300123c0 f   cg_main.obj
 0001:00012c00       _CG_SetScoreSelection      30013c00 f   cg_main.obj
 0001:00012cb0       _CG_StartMusic             30013cb0 f   cg_main.obj
 0001:00012d40       _CG_Text_PaintWithCursor   30013d40 f   cg_main.obj
 0001:00012d90       _CG_UpdateCvars            30013d90 f   cg_main.obj
 0001:00012e20       _Com_Error                 30013e20 f   cg_main.obj
 0001:00012e70       _Com_Printf                30013e70 f   cg_main.obj
 0001:00012ec0       _vmMain                    30013ec0 f   cg_main.obj
 0001:00012f90       _CG_AddMarks               30013f90 f   cg_marks.obj
 0001:00013150       _CG_AddParticleToScene     30014150 f   cg_marks.obj
 0001:00014f10       _CG_AddParticles           30015f10 f   cg_marks.obj
 0001:000152b0       _CG_AllocMark              300162b0 f   cg_marks.obj
 0001:00015320       _CG_ClearParticles         30016320 f   cg_marks.obj
 0001:00015430       _CG_FreeMarkPoly           30016430 f   cg_marks.obj
 0001:00015470       _CG_ImpactMark             30016470 f   cg_marks.obj
 0001:000158a0       _CG_InitMarkPolys          300168a0 f   cg_marks.obj
 0001:00015900       _CG_ParticleExplosion      30016900 f   cg_marks.obj
 0001:00015aa0       _CG_CheckOrderPending      30016aa0 f   cg_newDraw.obj
 0001:00016740       _CG_DrawMedal              30017740 f   cg_newDraw.obj
 0001:00016940       _CG_DrawNewTeamInfo        30017940 f   cg_newDraw.obj
 0001:00018640       _CG_DrawTeamSpectators     30019640 f   cg_newDraw.obj
 0001:000188c0       _CG_EventHandling          300198c0 f   cg_newDraw.obj
 0001:000188e0       _CG_GameTypeString         300198e0 f   cg_newDraw.obj
 0001:00018930       _CG_GetGameStatusText      30019930 f   cg_newDraw.obj
 0001:000189c0       _CG_GetKillerText          300199c0 f   cg_newDraw.obj
 0001:000189f0       _CG_GetSelectedPlayer      300199f0 f   cg_newDraw.obj
 0001:00018a10       _CG_GetTeamColor           30019a10 f   cg_newDraw.obj
 0001:00018a80       _CG_GetValue               30019a80 f   cg_newDraw.obj
 0001:00018db0       _CG_HideTeamMenu           30019db0 f   cg_newDraw.obj
 0001:00018dd0       _CG_InitTeamChat           30019dd0 f   cg_newDraw.obj
 0001:00018e10       _CG_KeyEvent               30019e10 f   cg_newDraw.obj
 0001:00018ea0       _CG_MouseEvent             30019ea0 f   cg_newDraw.obj
 0001:00019060       _CG_OtherTeamHasFlag       3001a060 f   cg_newDraw.obj
 0001:000190d0       _CG_OwnerDraw              3001a0d0 f   cg_newDraw.obj
 0001:00019800       _CG_OwnerDrawVisible       3001a800 f   cg_newDraw.obj
 0001:00019970       _CG_RunMenuScript          3001a970 f   cg_newDraw.obj
 0001:00019980       _CG_SelectNextPlayer       3001a980 f   cg_newDraw.obj
 0001:000199b0       _CG_SelectPrevPlayer       3001a9b0 f   cg_newDraw.obj
 0001:00019a60       _CG_ShowResponseHead       3001aa60 f   cg_newDraw.obj
 0001:00019a90       _CG_StatusHandle           3001aa90 f   cg_newDraw.obj
 0001:00019d20       _CG_YourTeamHasFlag        3001ad20 f   cg_newDraw.obj
 0001:00019e00       _CG_AddRefEntityWithPowerups 3001ae00 f   cg_players.obj
 0001:0001a1d0       _CG_CustomSound            3001b1d0 f   cg_players.obj
 0001:0001aaa0       _CG_LoadDeferredPlayers    3001baa0 f   cg_players.obj
 0001:0001ab00       _CG_NewClientInfo          3001bb00 f   cg_players.obj
 0001:0001b5d0       _CG_Player                 3001c5d0 f   cg_players.obj
 0001:0001dbf0       _CG_ResetPlayerEntity      3001ebf0 f   cg_players.obj
 0001:0001e4f0       _CG_CheckAmmo              3001f4f0 f   cg_playerstate.obj
 0001:0001e5a0       _CG_CheckLocalSounds       3001f5a0 f   cg_playerstate.obj
 0001:0001e990       _CG_CheckPlayerstateEvents 3001f990 f   cg_playerstate.obj
 0001:0001ea60       _CG_DamageFeedback         3001fa60 f   cg_playerstate.obj
 0001:0001edd0       _CG_Respawn                3001fdd0 f   cg_playerstate.obj
 0001:0001ee00       _CG_TransitionPlayerState  3001fe00 f   cg_playerstate.obj
 0001:0001ef30       _CG_BuildSolidList         3001ff30 f   cg_predict.obj
 0001:0001f370       _CG_PointContents          30020370 f   cg_predict.obj
 0001:0001f3f0       _CG_PredictPlayerState     300203f0 f   cg_predict.obj
 0001:0001fc20       _CG_Trace                  30020c20 f   cg_predict.obj
 0001:0001fcc0       _CG_AddBufferedVoiceChat   30020cc0 f   cg_servercmds.obj
 0001:000200e0       _CG_ExecuteNewServerCommands 300210e0 f   cg_servercmds.obj
 0001:00020120       _CG_GetVoiceChat           30021120 f   cg_servercmds.obj
 0001:000201c0       _CG_HeadModelVoiceChats    300211c0 f   cg_servercmds.obj
 0001:000202f0       _CG_LoadVoiceChats         300212f0 f   cg_servercmds.obj
 0001:00020670       _CG_ParseServerinfo        30021670 f   cg_servercmds.obj
 0001:00020880       _CG_ParseVoiceChats        30021880 f   cg_servercmds.obj
 0001:00020c60       _CG_PlayBufferedVoiceChats 30021c60 f   cg_servercmds.obj
 0001:00020cc0       _CG_PlayVoiceChat          30021cc0 f   cg_servercmds.obj
 0001:00021350       _CG_SetConfigValues        30022350 f   cg_servercmds.obj
 0001:000213f0       _CG_ShaderStateChanged     300223f0 f   cg_servercmds.obj
 0001:00021550       _CG_VoiceChat              30022550 f   cg_servercmds.obj
 0001:000216c0       _CG_VoiceChatListForClient 300226c0 f   cg_servercmds.obj
 0001:000219d0       _CG_VoiceChatLocal         300229d0 f   cg_servercmds.obj
 0001:00021af0       _CG_ProcessSnapshots       30022af0 f   cg_snapshot.obj
 0001:00021d20       _CG_SetInitialSnapshot     30022d20 f   cg_snapshot.obj
 0001:000220f0       _PASSFLOAT                 300230f0 f   cg_syscalls.obj
 0001:00022110       _dllEntry                  30023110 f   cg_syscalls.obj
 0001:00022120       _trap_AddCommand           30023120 f   cg_syscalls.obj
 0001:00022140       _trap_Argc                 30023140 f   cg_syscalls.obj
 0001:00022150       _trap_Args                 30023150 f   cg_syscalls.obj
 0001:00022170       _trap_Argv                 30023170 f   cg_syscalls.obj
 0001:00022190       _trap_CIN_DrawCinematic    30023190 f   cg_syscalls.obj
 0001:000221b0       _trap_CIN_PlayCinematic    300231b0 f   cg_syscalls.obj
 0001:000221e0       _trap_CIN_RunCinematic     300231e0 f   cg_syscalls.obj
 0001:00022200       _trap_CIN_SetExtents       30023200 f   cg_syscalls.obj
 0001:00022220       _trap_CIN_StopCinematic    30023220 f   cg_syscalls.obj
 0001:00022240       _trap_CM_BoxTrace          30023240 f   cg_syscalls.obj
 0001:00022270       _trap_CM_InlineModel       30023270 f   cg_syscalls.obj
 0001:00022290       _trap_CM_LoadMap           30023290 f   cg_syscalls.obj
 0001:000222b0       _trap_CM_MarkFragments     300232b0 f   cg_syscalls.obj
 0001:000222e0       _trap_CM_NumInlineModels   300232e0 f   cg_syscalls.obj
 0001:000222f0       _trap_CM_PointContents     300232f0 f   cg_syscalls.obj
 0001:00022310       _trap_CM_TempBoxModel      30023310 f   cg_syscalls.obj
 0001:00022330       _trap_CM_TransformedBoxTrace 30023330 f   cg_syscalls.obj
 0001:00022360       _trap_CM_TransformedPointContents 30023360 f   cg_syscalls.obj
 0001:00022380       _trap_Cvar_Register        30023380 f   cg_syscalls.obj
 0001:000223a0       _trap_Cvar_Set             300233a0 f   cg_syscalls.obj
 0001:000223c0       _trap_Cvar_Update          300233c0 f   cg_syscalls.obj
 0001:000223e0       _trap_Cvar_VariableStringBuffer 300233e0 f   cg_syscalls.obj
 0001:00022400       _trap_Error                30023400 f   cg_syscalls.obj
 0001:00022420       _trap_FS_FCloseFile        30023420 f   cg_syscalls.obj
 0001:00022440       _trap_FS_FOpenFile         30023440 f   cg_syscalls.obj
 0001:00022460       _trap_FS_Read              30023460 f   cg_syscalls.obj
 0001:00022480       _trap_GetCurrentCmdNumber  30023480 f   cg_syscalls.obj
 0001:00022490       _trap_GetCurrentSnapshotNumber 30023490 f   cg_syscalls.obj
 0001:000224b0       _trap_GetGameState         300234b0 f   cg_syscalls.obj
 0001:000224d0       _trap_GetGlconfig          300234d0 f   cg_syscalls.obj
 0001:000224f0       _trap_GetServerCommand     300234f0 f   cg_syscalls.obj
 0001:00022510       _trap_GetSnapshot          30023510 f   cg_syscalls.obj
 0001:00022530       _trap_GetUserCmd           30023530 f   cg_syscalls.obj
 0001:00022550       _trap_Key_SetCatcher       30023550 f   cg_syscalls.obj
 0001:00022570       _trap_MemoryRemaining      30023570 f   cg_syscalls.obj
 0001:00022580       _trap_Milliseconds         30023580 f   cg_syscalls.obj
 0001:00022590       _trap_PC_FreeSource        30023590 f   cg_syscalls.obj
 0001:000225b0       _trap_PC_LoadSource        300235b0 f   cg_syscalls.obj
 0001:000225d0       _trap_PC_ReadToken         300235d0 f   cg_syscalls.obj
 0001:000225f0       _trap_PC_SourceFileAndLine 300235f0 f   cg_syscalls.obj
 0001:00022610       _trap_Print                30023610 f   cg_syscalls.obj
 0001:00022630       _trap_R_AddLightToScene    30023630 f   cg_syscalls.obj
 0001:000226a0       _trap_R_AddPolyToScene     300236a0 f   cg_syscalls.obj
 0001:000226c0       _trap_R_AddRefEntityToScene 300236c0 f   cg_syscalls.obj
 0001:000226e0       _trap_R_ClearScene         300236e0 f   cg_syscalls.obj
 0001:000226f0       _trap_R_DrawStretchPic     300236f0 f   cg_syscalls.obj
 0001:000227b0       _trap_R_LerpTag            300237b0 f   cg_syscalls.obj
 0001:000227f0       _trap_R_LoadWorldMap       300237f0 f   cg_syscalls.obj
 0001:00022810       _trap_R_ModelBounds        30023810 f   cg_syscalls.obj
 0001:00022830       _trap_R_RegisterFont       30023830 f   cg_syscalls.obj
 0001:00022850       _trap_R_RegisterModel      30023850 f   cg_syscalls.obj
 0001:00022870       _trap_R_RegisterShader     30023870 f   cg_syscalls.obj
 0001:00022890       _trap_R_RegisterShaderNoMip 30023890 f   cg_syscalls.obj
 0001:000228b0       _trap_R_RegisterSkin       300238b0 f   cg_syscalls.obj
 0001:000228d0       _trap_R_RemapShader        300238d0 f   cg_syscalls.obj
 0001:000228f0       _trap_R_RenderScene        300238f0 f   cg_syscalls.obj
 0001:00022910       _trap_R_SetColor           30023910 f   cg_syscalls.obj
 0001:00022930       _trap_S_AddLoopingSound    30023930 f   cg_syscalls.obj
 0001:00022950       _trap_S_AddRealLoopingSound 30023950 f   cg_syscalls.obj
 0001:00022970       _trap_S_ClearLoopingSounds 30023970 f   cg_syscalls.obj
 0001:00022990       _trap_S_RegisterSound      30023990 f   cg_syscalls.obj
 0001:000229b0       _trap_S_Respatialize       300239b0 f   cg_syscalls.obj
 0001:000229d0       _trap_S_StartBackgroundTrack 300239d0 f   cg_syscalls.obj
 0001:000229f0       _trap_S_StartLocalSound    300239f0 f   cg_syscalls.obj
 0001:00022a10       _trap_S_StartSound         30023a10 f   cg_syscalls.obj
 0001:00022a30       _trap_S_StopBackgroundTrack 30023a30 f   cg_syscalls.obj
 0001:00022a40       _trap_S_StopLoopingSound   30023a40 f   cg_syscalls.obj
 0001:00022a60       _trap_S_UpdateEntityPosition 30023a60 f   cg_syscalls.obj
 0001:00022a80       _trap_SendClientCommand    30023a80 f   cg_syscalls.obj
 0001:00022aa0       _trap_SendConsoleCommand   30023aa0 f   cg_syscalls.obj
 0001:00022ac0       _trap_SetUserCmdValue      30023ac0 f   cg_syscalls.obj
 0001:00022af0       _trap_SnapVector           30023af0 f   cg_syscalls.obj
 0001:00022b10       _trap_UpdateScreen         30023b10 f   cg_syscalls.obj
 0001:00022b20       _CG_AddBufferedSound       30023b20 f   cg_view.obj
 0001:00023410       _CG_DrawActiveFrame        30024410 f   cg_view.obj
 0001:00023f10       _CG_TestGun_f              30024f10 f   cg_view.obj
 0001:00023f30       _CG_TestModelNextFrame_f   30024f30 f   cg_view.obj
 0001:00023f50       _CG_TestModelNextSkin_f    30024f50 f   cg_view.obj
 0001:00023f70       _CG_TestModelPrevFrame_f   30024f70 f   cg_view.obj
 0001:00023fa0       _CG_TestModelPrevSkin_f    30024fa0 f   cg_view.obj
 0001:00023fd0       _CG_TestModel_f            30024fd0 f   cg_view.obj
 0001:00024130       _CG_ZoomDown_f             30025130 f   cg_view.obj
 0001:00024150       _CG_ZoomUp_f               30025150 f   cg_view.obj
 0001:00024170       _CG_AddPlayerWeapon        30025170 f   cg_weapons.obj
 0001:00024640       _CG_AddViewWeapon          30025640 f   cg_weapons.obj
 0001:00024970       _CG_Bullet                 30025970 f   cg_weapons.obj
 0001:00024e30       _CG_DrawWeaponSelect       30025e30 f   cg_weapons.obj
 0001:00025020       _CG_FireWeapon             30026020 f   cg_weapons.obj
 0001:000250f0       _CG_GrappleTrail           300260f0 f   cg_weapons.obj
 0001:00025b60       _CG_MissileHitPlayer       30026b60 f   cg_weapons.obj
 0001:00025bc0       _CG_MissileHitWall         30026bc0 f   cg_weapons.obj
 0001:00026350       _CG_NextWeapon_f           30027350 f   cg_weapons.obj
 0001:000263c0       _CG_OutOfAmmoChange        300273c0 f   cg_weapons.obj
 0001:00026840       _CG_PrevWeapon_f           30027840 f   cg_weapons.obj
 0001:000268c0       _CG_RailTrail              300278c0 f   cg_weapons.obj
 0001:00026e40       _CG_RegisterItemVisuals    30027e40 f   cg_weapons.obj
 0001:00026f00       _CG_RegisterWeapon         30027f00 f   cg_weapons.obj
 0001:00027d30       _CG_ShotgunFire            30028d30 f   cg_weapons.obj
 0001:00028190       _CG_Tracer                 30029190 f   cg_weapons.obj
 0001:000285e0       _CG_Weapon_f               300295e0 f   cg_weapons.obj
 0001:00028640       _AngleMod                  30029640 f   q_math.obj
 0001:00028680       _AngleNormalize180         30029680 f   q_math.obj
 0001:000286c0       _AngleNormalize360         300296c0 f   q_math.obj
 0001:00028710       _AngleSubtract             30029710 f   q_math.obj
 0001:00028770       _AngleVectors              30029770 f   q_math.obj
 0001:00028930       _AnglesSubtract            30029930 f   q_math.obj
 0001:000289a0       _AnglesToAxis              300299a0 f   q_math.obj
 0001:00028a00       _AxisClear                 30029a00 f   q_math.obj
 0001:00028a50       _AxisCopy                  30029a50 f   q_math.obj
 0001:00028a90       _ByteToDir                 30029a90 f   q_math.obj
 0001:00028af0       _LerpAngle                 30029af0 f   q_math.obj
 0001:00028b50       _MatrixMultiply            30029b50 f   q_math.obj
 0001:00028ce0       _PerpendicularVector       30029ce0 f   q_math.obj
 0001:00028db0       _ProjectPointOnPlane       30029db0 f   q_math.obj
 0001:00028e60       _Q_crandom                 30029e60 f   q_math.obj
 0001:00028ea0       _Q_rand                    30029ea0 f   q_math.obj
 0001:00028ec0       _Q_random                  30029ec0 f   q_math.obj
 0001:00028ef0       _RotateAroundDirection     30029ef0 f   q_math.obj
 0001:00028fb0       _RotatePointAroundVector   30029fb0 f   q_math.obj
 0001:00029210       _VectorNormalize           3002a210 f   q_math.obj
 0001:000292d0       _VectorNormalize2          3002a2d0 f   q_math.obj
 0001:00029380       _vectoangles               3002a380 f   q_math.obj
 0001:00029500       _COM_Compress              3002a500 f   q_shared.obj
 0001:00029610       _COM_Parse                 3002a610 f   q_shared.obj
 0001:00029630       _COM_ParseExt              3002a630 f   q_shared.obj
 0001:00029790       _COM_StripExtension        3002a790 f   q_shared.obj
 0001:000297c0       _Com_sprintf               3002a7c0 f   q_shared.obj
 0001:00029850       _Info_ValueForKey          3002a850 f   q_shared.obj
 0001:00029970       _Q_CleanStr                3002a970 f   q_shared.obj
 0001:000299c0       _Q_PrintStrlen             3002a9c0 f   q_shared.obj
 0001:00029a00       _Q_strcat                  3002aa00 f   q_shared.obj
 0001:00029a50       _Q_stricmp                 3002aa50 f   q_shared.obj
 0001:00029a80       _Q_stricmpn                3002aa80 f   q_shared.obj
 0001:00029b00       _Q_strncpyz                3002ab00 f   q_shared.obj
 0001:00029b60       _Q_strrchr                 3002ab60 f   q_shared.obj
 0001:00029b90       _Q_strupr                  3002ab90 f   q_shared.obj
 0001:00029c10       _va                        3002ac10 f   q_shared.obj
 0001:00029c50       _MenuParse_visible         3002ac50 f   ui_shared.obj
 0001:00029c50       _ItemParse_visible         3002ac50 f   ui_shared.obj
 0001:00029c90       _ItemParse_ownerdraw       3002ac90 f   ui_shared.obj
 0001:00029cc0       _ItemParse_align           3002acc0 f   ui_shared.obj
 0001:00029cc0       _MenuParse_fadeCycle       3002acc0 f   ui_shared.obj
 0001:00029ce0       _ItemParse_textalign       3002ace0 f   ui_shared.obj
 0001:00029d00       _ItemParse_textalignx      3002ad00 f   ui_shared.obj
 0001:00029d00       _MenuParse_fadeAmount      3002ad00 f   ui_shared.obj
 0001:00029d20       _ItemParse_textaligny      3002ad20 f   ui_shared.obj
 0001:00029d40       _Script_Show               3002ad40 f   ui_shared.obj
 0001:00029d80       _ItemParse_textscale       3002ad80 f   ui_shared.obj
 0001:00029da0       _ItemParse_textstyle       3002ada0 f   ui_shared.obj
 0001:00029dc0       _Script_Hide               3002adc0 f   ui_shared.obj
 0001:00029e00       _ItemParse_backcolor       3002ae00 f   ui_shared.obj
 0001:00029e50       _Script_FadeIn             3002ae50 f   ui_shared.obj
 0001:00029e90       _Script_FadeOut            3002ae90 f   ui_shared.obj
 0001:00029ed0       _ItemParse_forecolor       3002aed0 f   ui_shared.obj
 0001:00029f30       _Script_Open               3002af30 f   ui_shared.obj
 0001:00029f60       _ItemParse_bordercolor     3002af60 f   ui_shared.obj
 0001:00029fb0       _Script_ConditionalOpen    3002afb0 f   ui_shared.obj
 0001:0002a040       _MenuParse_outlinecolor    3002b040 f   ui_shared.obj
 0001:0002a040       _ItemParse_outlinecolor    3002b040 f   ui_shared.obj
 0001:0002a060       _Script_Close              3002b060 f   ui_shared.obj
 0001:0002a090       _MenuParse_cinematic       3002b090 f   ui_shared.obj
 0001:0002a090       _ItemParse_cinematic       3002b090 f   ui_shared.obj
 0001:0002a0b0       _ItemParse_doubleClick     3002b0b0 f   ui_shared.obj
 0001:0002a0f0       _ItemParse_onFocus         3002b0f0 f   ui_shared.obj
 0001:0002a110       _Script_Transition         3002b110 f   ui_shared.obj
 0001:0002a1d0       _ItemParse_leaveFocus      3002b1d0 f   ui_shared.obj
 0001:0002a1f0       _ItemParse_mouseEnter      3002b1f0 f   ui_shared.obj
 0001:0002a210       _ItemParse_mouseExit       3002b210 f   ui_shared.obj
 0001:0002a230       _ItemParse_mouseEnterText  3002b230 f   ui_shared.obj
 0001:0002a250       _ItemParse_mouseExitText   3002b250 f   ui_shared.obj
 0001:0002a270       _Script_Orbit              3002b270 f   ui_shared.obj
 0001:0002a340       _ItemParse_action          3002b340 f   ui_shared.obj
 0001:0002a360       _ItemParse_special         3002b360 f   ui_shared.obj
 0001:0002a360       _ItemParse_feeder          3002b360 f   ui_shared.obj
 0001:0002a380       _Script_SetFocus           3002b380 f   ui_shared.obj
 0001:0002a400       _ItemParse_cvarTest        3002b400 f   ui_shared.obj
 0001:0002a420       _ItemParse_cvar            3002b420 f   ui_shared.obj
 0001:0002a470       _Script_SetPlayerModel     3002b470 f   ui_shared.obj
 0001:0002a4a0       _ItemParse_maxChars        3002b4a0 f   ui_shared.obj
 0001:0002a4f0       _Script_SetPlayerHead      3002b4f0 f   ui_shared.obj
 0001:0002a520       _Script_SetCvar            3002b520 f   ui_shared.obj
 0001:0002a570       _ItemParse_maxPaintChars   3002b570 f   ui_shared.obj
 0001:0002a5c0       _Script_Exec               3002b5c0 f   ui_shared.obj
 0001:0002a600       _ItemParse_cvarFloat       3002b600 f   ui_shared.obj
 0001:0002a680       _Script_Play               3002b680 f   ui_shared.obj
 0001:0002a6c0       _ItemParse_cvarStrList     3002b6c0 f   ui_shared.obj
 0001:0002a800       _Script_playLooped         3002b800 f   ui_shared.obj
 0001:0002a840       _ItemParse_cvarFloatList   3002b840 f   ui_shared.obj
 0001:0002a970       _ItemParse_addColorRange   3002b970 f   ui_shared.obj
 0001:0002aa20       _ItemParse_enableCvar      3002ba20 f   ui_shared.obj
 0001:0002aa60       _ItemParse_disableCvar     3002ba60 f   ui_shared.obj
 0001:0002aaa0       _ItemParse_showCvar        3002baa0 f   ui_shared.obj
 0001:0002aae0       _ItemParse_hideCvar        3002bae0 f   ui_shared.obj
 0001:0002ab20       _MenuParse_font            3002bb20 f   ui_shared.obj
 0001:0002ab80       _MenuParse_name            3002bb80 f   ui_shared.obj
 0001:0002abc0       _MenuParse_fullscreen      3002bbc0 f   ui_shared.obj
 0001:0002abe0       _MenuParse_rect            3002bbe0 f   ui_shared.obj
 0001:0002ac00       _ItemParse_style           3002bc00 f   ui_shared.obj
 0001:0002ac00       _MenuParse_style           3002bc00 f   ui_shared.obj
 0001:0002ac20       _MenuParse_onOpen          3002bc20 f   ui_shared.obj
 0001:0002ac40       _MenuParse_onClose         3002bc40 f   ui_shared.obj
 0001:0002ac60       _MenuParse_onESC           3002bc60 f   ui_shared.obj
 0001:0002ac80       _ItemParse_bordersize      3002bc80 f   ui_shared.obj
 0001:0002ac80       _MenuParse_borderSize      3002bc80 f   ui_shared.obj
 0001:0002aca0       _MenuParse_backcolor       3002bca0 f   ui_shared.obj
 0001:0002acf0       _MenuParse_forecolor       3002bcf0 f   ui_shared.obj
 0001:0002ad40       _MenuParse_bordercolor     3002bd40 f   ui_shared.obj
 0001:0002ad90       _MenuParse_focuscolor      3002bd90 f   ui_shared.obj
 0001:0002ade0       _MenuParse_disablecolor    3002bde0 f   ui_shared.obj
 0001:0002ae30       _MenuParse_background      3002be30 f   ui_shared.obj
 0001:0002ae30       _ItemParse_background      3002be30 f   ui_shared.obj
 0001:0002ae70       _MenuParse_ownerdrawFlag   3002be70 f   ui_shared.obj
 0001:0002ae70       _ItemParse_ownerdrawFlag   3002be70 f   ui_shared.obj
 0001:0002aea0       _MenuParse_ownerdraw       3002bea0 f   ui_shared.obj
 0001:0002aec0       _MenuParse_popup           3002bec0 f   ui_shared.obj
 0001:0002aee0       _MenuParse_outOfBounds     3002bee0 f   ui_shared.obj
 0001:0002af00       _MenuParse_soundLoop       3002bf00 f   ui_shared.obj
 0001:0002af00       _ItemParse_text            3002bf00 f   ui_shared.obj
 0001:0002af20       _MenuParse_fadeClamp       3002bf20 f   ui_shared.obj
 0001:0002af40       _MenuParse_itemDef         3002bf40 f   ui_shared.obj
 0001:0002afd0       _ItemParse_name            3002bfd0 f   ui_shared.obj
 0001:0002aff0       _ItemParse_focusSound      3002bff0 f   ui_shared.obj
 0001:0002b040       _ItemParse_group           3002c040 f   ui_shared.obj
 0001:0002b060       _ItemParse_asset_model     3002c060 f   ui_shared.obj
 0001:0002b0c0       _ItemParse_asset_shader    3002c0c0 f   ui_shared.obj
 0001:0002b100       _ItemParse_model_origin    3002c100 f   ui_shared.obj
 0001:0002b160       _ItemParse_model_rotation  3002c160 f   ui_shared.obj
 0001:0002b190       _ItemParse_model_angle     3002c190 f   ui_shared.obj
 0001:0002b1c0       _Script_SetColor           3002c1c0 f   ui_shared.obj
 0001:0002b270       _ItemParse_rect            3002c270 f   ui_shared.obj
 0001:0002b290       _ItemParse_decoration      3002c290 f   ui_shared.obj
 0001:0002b2b0       _ItemParse_notselectable   3002c2b0 f   ui_shared.obj
 0001:0002b2f0       _Script_SetAsset           3002c2f0 f   ui_shared.obj
 0001:0002b310       _ItemParse_wrapped         3002c310 f   ui_shared.obj
 0001:0002b330       _Script_SetBackground      3002c330 f   ui_shared.obj
 0001:0002b370       _ItemParse_autowrapped     3002c370 f   ui_shared.obj
 0001:0002b390       _ItemParse_horizontalscroll 3002c390 f   ui_shared.obj
 0001:0002b3b0       _ItemParse_type            3002c3b0 f   ui_shared.obj
 0001:0002b3f0       _ItemParse_elementwidth    3002c3f0 f   ui_shared.obj
 0001:0002b3f0       _ItemParse_model_fovx      3002c3f0 f   ui_shared.obj
 0001:0002b420       _Script_SetTeamColor       3002c420 f   ui_shared.obj
 0001:0002b490       _ItemParse_model_fovy      3002c490 f   ui_shared.obj
 0001:0002b490       _ItemParse_elementheight   3002c490 f   ui_shared.obj
 0001:0002b4c0       _Script_SetItemColor       3002c4c0 f   ui_shared.obj
 0001:0002b5e0       _ItemParse_elementtype     3002c5e0 f   ui_shared.obj
 0001:0002b620       _ItemParse_columns         3002c620 f   ui_shared.obj
 0001:0002b6e0       _ItemParse_border          3002c6e0 f   ui_shared.obj
 0001:0002b6e0       _MenuParse_border          3002c6e0 f   ui_shared.obj
 0001:0002b700       _AdjustFrom640             3002c700 f   ui_shared.obj
 0001:0002b760       _BindingFromName           3002c760 f   ui_shared.obj
 0001:0002b850       _BindingIDFromName         3002c850 f   ui_shared.obj
 0001:0002b890       _Color_Parse               3002c890 f   ui_shared.obj
 0001:0002b8e0       _Controls_GetConfig        3002c8e0 f   ui_shared.obj
 0001:0002b9c0       _Controls_SetConfig        3002c9c0 f   ui_shared.obj
 0001:0002ba20       _Display_CaptureItem       3002ca20 f   ui_shared.obj
 0001:0002bad0       _Display_CursorType        3002cad0 f   ui_shared.obj
 0001:0002bb90       _Display_HandleKey         3002cb90 f   ui_shared.obj
 0001:0002bbc0       _Display_MouseMove         3002cbc0 f   ui_shared.obj
 0001:0002bcc0       _Display_VisibleMenuCount  3002ccc0 f   ui_shared.obj
 0001:0002bcf0       _Fade                      3002ccf0 f   ui_shared.obj
 0001:0002bd70       _Float_Parse               3002cd70 f   ui_shared.obj
 0001:0002bdb0       _GradientBar_Paint         3002cdb0 f   ui_shared.obj
 0001:0002be20       _Init_Display              3002ce20 f   ui_shared.obj
 0001:0002be30       _Int_Parse                 3002ce30 f   ui_shared.obj
 0001:0002be70       _IsVisible                 3002ce70 f   ui_shared.obj
 0001:0002be90       _Item_Action               3002ce90 f   ui_shared.obj
 0001:0002beb0       _Item_Bind_HandleKey       3002ceb0 f   ui_shared.obj
 0001:0002c100       _Item_Bind_Paint           3002d100 f   ui_shared.obj
 0001:0002c380       _Item_EnableShowViaCvar    3002d380 f   ui_shared.obj
 0001:0002c4f0       _Item_HandleKey            3002d4f0 f   ui_shared.obj
 0001:0002c610       _Item_Init                 3002d610 f   ui_shared.obj
 0001:0002c640       _Item_InitControls         3002d640 f   ui_shared.obj
 0001:0002c680       _Item_ListBox_HandleKey    3002d680 f   ui_shared.obj
 0001:0002ca30       _Item_ListBox_MaxScroll    3002da30 f   ui_shared.obj
 0001:0002caa0       _Item_ListBox_MouseEnter   3002daa0 f   ui_shared.obj
 0001:0002cc50       _Item_ListBox_OverLB       3002dc50 f   ui_shared.obj
 0001:0002cfc0       _Item_ListBox_Paint        3002dfc0 f   ui_shared.obj
 0001:0002d980       _Item_ListBox_ThumbDrawPosition 3002e980 f   ui_shared.obj
 0001:0002da70       _Item_ListBox_ThumbPosition 3002ea70 f   ui_shared.obj
 0001:0002db50       _Item_Model_Paint          3002eb50 f   ui_shared.obj
 0001:0002de40       _Item_MouseEnter           3002ee40 f   ui_shared.obj
 0001:0002df80       _Item_MouseLeave           3002ef80 f   ui_shared.obj
 0001:0002dfc0       _Item_Multi_CountSettings  3002efc0 f   ui_shared.obj
 0001:0002dfe0       _Item_Multi_FindCvarByValue 3002efe0 f   ui_shared.obj
 0001:0002e0f0       _Item_Multi_HandleKey      3002f0f0 f   ui_shared.obj
 0001:0002e240       _Item_Multi_Paint          3002f240 f   ui_shared.obj
 0001:0002e410       _Item_Multi_Setting        3002f410 f   ui_shared.obj
 0001:0002e520       _Item_OwnerDraw_HandleKey  3002f520 f   ui_shared.obj
 0001:0002e560       _Item_OwnerDraw_Paint      3002f560 f   ui_shared.obj
 0001:0002e9b0       _Item_Paint                3002f9b0 f   ui_shared.obj
 0001:0002ee30       _Item_Parse                3002fe30 f   ui_shared.obj
 0001:0002ef50       _Item_RunScript            3002ff50 f   ui_shared.obj
 0001:0002f070       _Item_SetFocus             30030070 f   ui_shared.obj
 0001:0002f210       _Item_SetMouseOver         30030210 f   ui_shared.obj
 0001:0002f230       _Item_SetScreenCoords      30030230 f   ui_shared.obj
 0001:0002f2a0       _Item_SetTextExtents       300302a0 f   ui_shared.obj
 0001:0002f4b0       _Item_SetupKeywordHash     300304b0 f   ui_shared.obj
 0001:0002f500       _Item_Slider_HandleKey     30030500 f   ui_shared.obj
 0001:0002f690       _Item_Slider_OverSlider    30030690 f   ui_shared.obj
 0001:0002f710       _Item_Slider_Paint         30030710 f   ui_shared.obj
 0001:0002f930       _Item_Slider_ThumbPosition 30030930 f   ui_shared.obj
 0001:0002f9f0       _Item_StartCapture         300309f0 f   ui_shared.obj
 0001:0002fbd0       _Item_TextColor            30030bd0 f   ui_shared.obj
 0001:0002fdf0       _Item_TextField_HandleKey  30030df0 f   ui_shared.obj
 0001:00030230       _Item_TextField_Paint      30031230 f   ui_shared.obj
 0001:000304f0       _Item_Text_AutoWrapped_Paint 300314f0 f   ui_shared.obj
 0001:00030790       _Item_Text_Paint           30031790 f   ui_shared.obj
 0001:000308b0       _Item_Text_Wrapped_Paint   300318b0 f   ui_shared.obj
 0001:00030aa0       _Item_UpdatePosition       30031aa0 f   ui_shared.obj
 0001:00030af0       _Item_ValidateTypeData     30031af0 f   ui_shared.obj
 0001:00030bd0       _Item_YesNo_HandleKey      30031bd0 f   ui_shared.obj
 0001:00030ca0       _Item_YesNo_Paint          30031ca0 f   ui_shared.obj
 0001:00030ed0       _KeywordHash_Add           30031ed0 f   ui_shared.obj
 0001:00030f00       _KeywordHash_Find          30031f00 f   ui_shared.obj
 0001:00030f50       _KeywordHash_Key           30031f50 f   ui_shared.obj
 0001:00030fa0       _LerpColor                 30031fa0 f   ui_shared.obj
 0001:00031080       _Menu_ClearFocus           30032080 f   ui_shared.obj
 0001:00031160       _Menu_Count                30032160 f   ui_shared.obj
 0001:00031170       _Menu_FadeItemByName       30032170 f   ui_shared.obj
 0001:000311d0       _Menu_FindItemByName       300321d0 f   ui_shared.obj
 0001:00031230       _Menu_GetFocused           30032230 f   ui_shared.obj
 0001:00031270       _Menu_GetMatchingItemByNumber 30032270 f   ui_shared.obj
 0001:000312f0       _Menu_HandleKey            300322f0 f   ui_shared.obj
 0001:00031810       _Menu_HandleMouseMove      30032810 f   ui_shared.obj
 0001:000319e0       _Menu_Init                 300329e0 f   ui_shared.obj
 0001:00031a40       _Menu_ItemsMatchingGroup   30032a40 f   ui_shared.obj
 0001:00031ab0       _Menu_New                  30032ab0 f   ui_shared.obj
 0001:00031b00       _Menu_OrbitItemByName      30032b00 f   ui_shared.obj
 0001:00031c80       _Menu_Paint                30032c80 f   ui_shared.obj
 0001:00031e00       _Menu_PaintAll             30032e00 f   ui_shared.obj
 0001:00031ee0       _Menu_Parse                30032ee0 f   ui_shared.obj
 0001:00032020       _Menu_PostParse            30033020 f   ui_shared.obj
 0001:00032060       _Menu_Reset                30033060 f   ui_shared.obj
 0001:000320c0       _Menu_ScrollFeeder         300330c0 f   ui_shared.obj
 0001:00032140       _Menu_SetFeederSelection   30033140 f   ui_shared.obj
 0001:00032210       _Menu_SetNextCursorItem    30033210 f   ui_shared.obj
 0001:00032310       _Menu_SetPrevCursorItem    30033310 f   ui_shared.obj
 0001:00032410       _Menu_SetupKeywordHash     30033410 f   ui_shared.obj
 0001:00032460       _Menu_ShowItemByName       30033460 f   ui_shared.obj
 0001:000324d0       _Menu_TransitionItemByName 300334d0 f   ui_shared.obj
 0001:000325f0       _Menu_UpdatePosition       300335f0 f   ui_shared.obj
 0001:00032690       _Menus_Activate            30033690 f   ui_shared.obj
 0001:00032700       _Menus_ActivateByName      30033700 f   ui_shared.obj
 0001:00032790       _Menus_CloseByName         30033790 f   ui_shared.obj
 0001:000327c0       _Menus_FindByName          300337c0 f   ui_shared.obj
 0001:00032810       _Menus_HandleOOBClick      30033810 f   ui_shared.obj
 0001:00032910       _Menus_OpenByName          30033910 f   ui_shared.obj
 0001:00032920       _PC_Color_Parse            30033920 f   ui_shared.obj
 0001:00032970       _PC_Float_Parse            30033970 f   ui_shared.obj
 0001:00032a30       _PC_Int_Parse              30033a30 f   ui_shared.obj
 0001:00032ae0       _PC_Rect_Parse             30033ae0 f   ui_shared.obj
 0001:00032b40       _PC_Script_Parse           30033b40 f   ui_shared.obj
 0001:00032c90       _PC_SourceError            30033c90 f   ui_shared.obj
 0001:00032d10       _PC_String_Parse           30033d10 f   ui_shared.obj
 0001:00032d80       _Rect_ContainsPoint        30033d80 f   ui_shared.obj
 0001:00032dd0       _Rect_Parse                30033dd0 f   ui_shared.obj
 0001:00033190       _String_Alloc              30034190 f   ui_shared.obj
 0001:000332a0       _String_Init               300342a0 f   ui_shared.obj
 0001:000332f0       _String_Parse              300342f0 f   ui_shared.obj
 0001:00033330       _ToWindowCoords            30034330 f   ui_shared.obj
 0001:00033380       _UI_Alloc                  30034380 f   ui_shared.obj
 0001:000333e0       _UI_InitMemory             300343e0 f   ui_shared.obj
 0001:00033430       _Window_Init               30034430 f   ui_shared.obj
 0001:00033480       _Window_Paint              30034480 f   ui_shared.obj
 0001:00033a3e       @__security_check_cookie@4 30034a3e f   LIBCMT:secchk.obj
 0001:00033a50       __libm_sse2_cos_precise    30034a50 f   LIBCMT:cos_sse2_precise.obj
 0001:00033c10       __libm_sse2_sin_precise    30034c10 f   LIBCMT:sin_sse2_precise.obj
 0001:00033dd8       __fpmath                   30034dd8 f   LIBCMT:fpinit.obj
 0001:00033def       __cfltcvt_init             30034def f   LIBCMT:fpinit.obj
 0001:00033e50       __libm_sse2_sqrt_precise   30034e50 f   LIBCMT:sqrt_sse2_precise.obj
 0001:00033f50       _memset                    30034f50 f   LIBCMT:memset.obj
 0001:00033fe0       _atoi                      30034fe0 f   LIBCMT:atox.obj
 0001:00033fe9       _atol                      30034fe9 f   LIBCMT:atox.obj
 0001:00033ffd       ___raise_securityfailure   30034ffd f   LIBCMT:gs_report.obj
 0001:0003403a       ___report_gsfailure        3003503a f   LIBCMT:gs_report.obj
 0001:00034133       ___report_rangecheckfailure 30035133 f   LIBCMT:gs_report.obj
 0001:0003413f       ___report_securityfailure  3003513f f   LIBCMT:gs_report.obj
 0001:0003420d       _rand                      3003520d f   LIBCMT:rand.obj
 0001:00034230       __libm_sse2_acos_precise   30035230 f   LIBCMT:acos_sse2_precise.obj
 0001:00034750       ??0_LocaleUpdate@@QAE@PAUlocaleinfo_struct@@@Z 30035750 f i LIBCMT:atof.obj
 0001:000347d8       __atof_l                   300357d8 f   LIBCMT:atof.obj
 0001:00034874       _atof                      30035874 f   LIBCMT:atof.obj
 0001:00034885       __vsprintf_l               30035885 f   LIBCMT:vsprintf.obj
 0001:00034907       _vsprintf                  30035907 f   LIBCMT:vsprintf.obj
 0001:00034920       _memcpy                    30035920 f   LIBCMT:memcpy.obj
 0001:00034f70       __alloca_probe             30035f70     LIBCMT:chkstk.obj
 0001:00034f70       __chkstk                   30035f70 f   LIBCMT:chkstk.obj
 0001:00034fa0       _floor                     30035fa0 f   LIBCMT:floor_pentium4.obj
 0001:00034fe0       __floor_pentium4           30035fe0 f   LIBCMT:floor_pentium4.obj
 0001:000350d0       _strchr                    300360d0 f   LIBCMT:strchr.obj
 0001:0003513e       ___from_strstr_to_strchr   3003613e     LIBCMT:strchr.obj
 0001:00035200       _strncpy                   30036200 f   LIBCMT:strncpy.obj
 0001:00035330       _strstr                    30036330 f   LIBCMT:strstr.obj
 0001:000355a0       _atan2                     300365a0 f   LIBCMT:87ctriga.obj
 0001:000355aa       __CIatan2                  300365aa f   LIBCMT:87ctriga.obj
 0001:000355c0       __libm_sse2_tan_precise    300365c0 f   LIBCMT:tan_sse2_precise.obj
 0001:00035830       __toupper_l                30036830 f   LIBCMT:toupper.obj
 0001:00035972       _toupper                   30036972 f   LIBCMT:toupper.obj
 0001:0003599e       __tolower_l                3003699e f   LIBCMT:tolower.obj
 0001:00035adf       _tolower                   30036adf f   LIBCMT:tolower.obj
 0001:00035b10       _memmove                   30036b10 f   LIBCMT:memmove.obj
 0001:00036154       __CRT_INIT@12              30037154 f   LIBCMT:dllcrt0.obj
 0001:000362c6       __DllMainCRTStartup@12     300372c6 f   LIBCMT:dllcrt0.obj
 0001:000363f7       ___DllXcptFilter           300373f7 f   LIBCMT:dllcrt0.obj
 0001:00036420       _cos                       30037420 f   LIBCMT:cos.obj
 0001:00036460       __CIcos                    30037460 f   LIBCMT:cos.obj
 0001:0003649b       __CIcos_default            3003749b f   LIBCMT:cos.obj
 0001:000364af       __cos_default              300374af     LIBCMT:cos.obj
 0001:00036550       _sin                       30037550 f   LIBCMT:sin.obj
 0001:00036590       __CIsin                    30037590 f   LIBCMT:sin.obj
 0001:000365cb       __CIsin_default            300375cb f   LIBCMT:sin.obj
 0001:000365df       __sin_default              300375df     LIBCMT:sin.obj
 0001:00036679       __cfltcvt                  30037679 f   LIBCMT:cvt.obj
 0001:0003669a       __cfltcvt_l                3003769a f   LIBCMT:cvt.obj
 0001:00036720       __cftoa_l                  30037720 f   LIBCMT:cvt.obj
 0001:00036a7a       __cftoe                    30037a7a f   LIBCMT:cvt.obj
 0001:00036be7       __cftoe_l                  30037be7 f   LIBCMT:cvt.obj
 0001:00036d9d       __cftof_l                  30037d9d f   LIBCMT:cvt.obj
 0001:00036e5c       __cftog_l                  30037e5c f   LIBCMT:cvt.obj
 0001:00036f59       __cropzeros                30037f59 f   LIBCMT:cvt.obj
 0001:00036f6a       __cropzeros_l              30037f6a f   LIBCMT:cvt.obj
 0001:00036fe8       __fassign                  30037fe8 f   LIBCMT:cvt.obj
 0001:00037000       __fassign_l                30038000 f   LIBCMT:cvt.obj
 0001:00037040       __forcdecpt                30038040 f   LIBCMT:cvt.obj
 0001:00037051       __forcdecpt_l              30038051 f   LIBCMT:cvt.obj
 0001:000370c3       __positive                 300380c3 f   LIBCMT:cvt.obj
 0001:00037105       __setdefaultprecision      30038105 f   LIBCMT:fp8.obj
 0001:0003712c       __initp_misc_cfltcvt_tab   3003812c f   LIBCMT:cmiscdat.obj
 0001:0003714b       ___libm_error_support      3003814b f   LIBCMT:libm_error.obj
 0001:00037440       __CIsqrt                   30038440 f   LIBCMT:sqrt.obj
 0001:00037454       _sqrt                      30038454     LIBCMT:sqrt.obj
 0001:000374fa       __VEC_memset               300384fa f   LIBCMT:p4_memset.obj
 0001:000375c2       ___isa_available_init      300385c2 f   LIBCMT:cpu_disp.obj
 0001:0003791f       _strtol                    3003891f f   LIBCMT:strtol.obj
 0001:00037949       __crt_debugger_hook        30038949 f   LIBCMT:dbghook.obj
 0001:00037951       ___crtFlsAlloc             30038951 f   LIBCMT:winapisupp.obj
 0001:0003796f       ___crtFlsFree              3003896f f   LIBCMT:winapisupp.obj
 0001:0003798e       ___crtFlsGetValue          3003898e f   LIBCMT:winapisupp.obj
 0001:000379ad       ___crtFlsSetValue          300389ad f   LIBCMT:winapisupp.obj
 0001:000379cf       ___crtIsPackagedApp        300389cf f   LIBCMT:winapisupp.obj
 0001:00037a0d       ___crtLoadWinApiPointers   30038a0d f   LIBCMT:winapisupp.obj
 0001:00037c4c       ___crtTerminateProcess     30038c4c f   LIBCMT:winapisupp.obj
 0001:00037c61       ___crtUnhandledException   30038c61 f   LIBCMT:winapisupp.obj
 0001:00037c77       __freefls@4                30038c77 f   LIBCMT:tidtable.obj
 0001:00037dae       __freeptd                  30038dae f   LIBCMT:tidtable.obj
 0001:00037de4       __getptd                   30038de4 f   LIBCMT:tidtable.obj
 0001:00037dfc       __getptd_noexit            30038dfc f   LIBCMT:tidtable.obj
 0001:00037e6b       __initptd                  30038e6b f   LIBCMT:tidtable.obj
 0001:00037f1e       __mtinit                   30038f1e f   LIBCMT:tidtable.obj
 0001:00037f94       __mtterm                   30038f94 f   LIBCMT:tidtable.obj
 0001:00037fc0       _acos                      30038fc0 f   LIBCMT:acos.obj
 0001:00038000       __CIacos                   30039000 f   LIBCMT:acos.obj
 0001:0003803b       __CIacos_default           3003903b f   LIBCMT:acos.obj
 0001:0003804f       __acos_default             3003904f     LIBCMT:acos.obj
 0001:00038106       __call_reportfault         30039106 f   LIBCMT:invarg.obj
 0001:00038229       __initp_misc_invarg        30039229 f   LIBCMT:invarg.obj
 0001:00038236       __invalid_parameter        30039236 f   LIBCMT:invarg.obj
 0001:00038261       __invalid_parameter_noinfo 30039261 f   LIBCMT:invarg.obj
 0001:00038271       __invoke_watson            30039271 f   LIBCMT:invarg.obj
 0001:0003829c       ___doserrno                3003929c f   LIBCMT:dosmap.obj
 0001:000382af       __dosmaperr                300392af f   LIBCMT:dosmap.obj
 0001:000382d0       __errno                    300392d0 f   LIBCMT:dosmap.obj
 0001:000382e3       __get_errno_from_oserr     300392e3 f   LIBCMT:dosmap.obj
 0001:00038324       __fltin2                   30039324 f   LIBCMT:cfin.obj
 0001:000383c9       ___strgtold12_l            300393c9 f   LIBCMT:strgtold.obj
 0001:00038b45       ___addlocaleref            30039b45 f   LIBCMT:localref.obj
 0001:00038bd5       ___freetlocinfo            30039bd5 f   LIBCMT:localref.obj
 0001:00038d2f       ___removelocaleref         30039d2f f   LIBCMT:localref.obj
 0001:00038dca       ___updatetlocinfo          30039dca f   LIBCMT:localref.obj
 0001:00038e46       __updatetlocinfoEx_nolock  30039e46 f   LIBCMT:localref.obj
 0001:00038e91       ___initmbctable            30039e91 f   LIBCMT:mbctype.obj
 0001:0003914c       ___updatetmbcinfo          3003a14c f   LIBCMT:mbctype.obj
 0001:000391f1       __setmbcp                  3003a1f1 f   LIBCMT:mbctype.obj
 0001:0003939f       __setmbcp_nolock           3003a39f f   LIBCMT:mbctype.obj
 0001:00039594       __isctype_l                3003a594 f   LIBCMT:isctype.obj
 0001:00039643       __flsbuf                   3003a643 f   LIBCMT:_flsbuf.obj
 0001:00039790       __output_l                 3003a790 f   LIBCMT:output.obj
 0001:0003a402       __sse2_mathfcns_init       3003b402 f   LIBCMT:mathfcns.obj
 0001:0003a411       __floor_default            3003b411 f   LIBCMT:floor.obj
 0001:0003a50c       __fFATN2                   3003b50c     LIBCMT:87triga.obj
 0001:0003a55c       __rtpiby2                  3003b55c     LIBCMT:87triga.obj
 0001:0003a5a0       __cintrindisp2             3003b5a0 f   LIBCMT:87cdisp.obj
 0001:0003a5de       __cintrindisp1             3003b5de f   LIBCMT:87cdisp.obj
 0001:0003a61b       __ctrandisp2               3003b61b f   LIBCMT:87cdisp.obj
 0001:0003a7aa       __ctrandisp1               3003b7aa f   LIBCMT:87cdisp.obj
 0001:0003a7dd       __fload                    3003b7dd f   LIBCMT:87cdisp.obj
 0001:0003a820       _tan                       3003b820 f   LIBCMT:tan.obj
 0001:0003a860       __CItan                    3003b860 f   LIBCMT:tan.obj
 0001:0003a89b       __CItan_default            3003b89b f   LIBCMT:tan.obj
 0001:0003a8af       __tan_default              3003b8af     LIBCMT:tan.obj
 0001:0003a94d       __isleadbyte_l             3003b94d f i LIBCMT:_wctype.obj
 0001:0003a983       _isleadbyte                3003b983 f i LIBCMT:_wctype.obj
 0001:0003ab7d       ___crtLCMapStringA         3003bb7d f   LIBCMT:a_map.obj
 0001:0003abc1       __freea                    3003bbc1 f i LIBCMT:a_map.obj
 0001:0003abdf       __locterm                  3003bbdf f   LIBCMT:wsetloca.obj
 0001:0003ac31       __XcptFilter               3003bc31 f   LIBCMT:winxfltr.obj
 0001:0003ad8c       ___CppXcptFilter           3003bd8c f   LIBCMT:winxfltr.obj
 0001:0003adaa       ___crtCorExitProcess       3003bdaa f   LIBCMT:crt0dat.obj
 0001:0003addc       ___crtExitProcess          3003bddc f   LIBCMT:crt0dat.obj
 0001:0003adf2       ___freeCrtMemory           3003bdf2 f   LIBCMT:crt0dat.obj
 0001:0003af02       __amsg_exit                3003bf02 f   LIBCMT:crt0dat.obj
 0001:0003af1e       __cexit                    3003bf1e f   LIBCMT:crt0dat.obj
 0001:0003af2d       __cinit                    3003bf2d f   LIBCMT:crt0dat.obj
 0001:0003afbe       __exit                     3003bfbe f   LIBCMT:crt0dat.obj
 0001:0003afd2       __init_pointers            3003bfd2 f   LIBCMT:crt0dat.obj
 0001:0003b026       __initterm_e               3003c026 f   LIBCMT:crt0dat.obj
 0001:0003b048       __lockexit                 3003c048 f   LIBCMT:crt0dat.obj
 0001:0003b051       __unlockexit               3003c051 f   LIBCMT:crt0dat.obj
 0001:0003b189       __heap_init                3003c189 f   LIBCMT:heapinit.obj
 0001:0003b19e       __heap_term                3003c19e f   LIBCMT:heapinit.obj
 0001:0003b1a6       __ioinit                   3003c1a6 f   LIBCMT:ioinit.obj
 0001:0003b454       __ioterm                   3003c454 f   LIBCMT:ioinit.obj
 0001:0003b4a6       __setargv                  3003c4a6 f   LIBCMT:stdargv.obj
 0001:0003b6d3       __setenvp                  3003c6d3 f   LIBCMT:stdenvp.obj
 0001:0003b7b4       _free                      3003c7b4 f   LIBCMT:free.obj
 0001:0003b7ec       ___security_init_cookie    3003c7ec f   LIBCMT:gs_support.obj
 0001:0003b886       _DllMain@12                3003c886 f   LIBCMT:dllmain.obj
 0001:0003b88c       ___crtGetEnvironmentStringsA 3003c88c f   LIBCMT:a_env.obj
 0001:0003b917       __calloc_crt               3003c917 f   LIBCMT:crtheap.obj
 0001:0003b961       __malloc_crt               3003c961 f   LIBCMT:crtheap.obj
 0001:0003b9aa       __realloc_crt              3003c9aa f   LIBCMT:crtheap.obj
 0001:0003b9f6       __RTC_Initialize           3003c9f6 f   LIBCMT:initsect.obj
 0001:0003ba16       __RTC_Terminate            3003ca16 f   LIBCMT:initsect.obj
 0001:0003ba40       __SEH_prolog4              3003ca40 f   LIBCMT:sehprolg4.obj
 0001:0003ba85       __SEH_epilog4              3003ca85 f   LIBCMT:sehprolg4.obj
 0001:0003baa0       __except_handler4          3003caa0 f   LIBCMT:chandler4.obj
 0001:0003bc40       __CIcos_pentium4           3003cc40 f   LIBCMT:cos_pentium4.obj
 0001:0003bc58       __cos_pentium4             3003cc58     LIBCMT:cos_pentium4.obj
 0001:0003bdf0       __trandisp1                3003cdf0 f   LIBCMT:87disp.obj
 0001:0003be57       __trandisp2                3003ce57 f   LIBCMT:87disp.obj
 0001:0003bee3       __rttospopde               3003cee3     LIBCMT:87disp.obj
 0001:0003bee8       __rttospop                 3003cee8     LIBCMT:87disp.obj
 0001:0003beea       __rtnospop                 3003ceea     LIBCMT:87disp.obj
 0001:0003beec       __rttosnpop                3003ceec     LIBCMT:87disp.obj
 0001:0003beed       __rtnospopde               3003ceed     LIBCMT:87disp.obj
 0001:0003bef4       __rtzeropop                3003cef4     LIBCMT:87disp.obj
 0001:0003bef6       __rtzeronpop               3003cef6     LIBCMT:87disp.obj
 0001:0003befb       __rtonepop                 3003cefb     LIBCMT:87disp.obj
 0001:0003befd       __rtonenpop                3003cefd     LIBCMT:87disp.obj
 0001:0003bf02       __tosnan1                  3003cf02     LIBCMT:87disp.obj
 0001:0003bf2d       __nosnan2                  3003cf2d     LIBCMT:87disp.obj
 0001:0003bf2f       __tosnan2                  3003cf2f     LIBCMT:87disp.obj
 0001:0003bf57       __nan2                     3003cf57     LIBCMT:87disp.obj
 0001:0003bf96       __rtindfpop                3003cf96     LIBCMT:87disp.obj
 0001:0003bf98       __rtindfnpop               3003cf98     LIBCMT:87disp.obj
 0001:0003bfa9       __rttosnpopde              3003cfa9     LIBCMT:87disp.obj
 0001:0003bfb3       __rtchsifneg               3003cfb3     LIBCMT:87disp.obj
 0001:0003bfc0       __twoToTOS                 3003cfc0 f   LIBCMT:common.obj
 0001:0003bfd5       __load_CW                  3003cfd5 f   LIBCMT:common.obj
 0001:0003bfec       __convertTOStoQNaN         3003cfec f   LIBCMT:common.obj
 0001:0003c005       __fload_withFB             3003d005 f   LIBCMT:common.obj
 0001:0003c048       __checkTOS_withFB          3003d048 f   LIBCMT:common.obj
 0001:0003c05e       __fast_exit                3003d05e f   LIBCMT:common.obj
 0001:0003c06b       __math_exit                3003d06b f   LIBCMT:common.obj
 0001:0003c095       __check_overflow_exit      3003d095 f   LIBCMT:common.obj
 0001:0003c0a9       __check_range_exit         3003d0a9 f   LIBCMT:common.obj
 0001:0003c150       __startTwoArgErrorHandling 3003d150 f   LIBCMT:genexcep.obj
 0001:0003c167       __startOneArgErrorHandling 3003d167 f   LIBCMT:genexcep.obj
 0001:0003c1b0       __CIsin_pentium4           3003d1b0 f   LIBCMT:sin_pentium4.obj
 0001:0003c1c8       __sin_pentium4             3003d1c8     LIBCMT:sin_pentium4.obj
 0001:0003c378       __isdigit_l                3003d378 f i LIBCMT:_ctype.obj
 0001:0003c3c8       _isdigit                   3003d3c8 f i LIBCMT:_ctype.obj
 0001:0003c3f3       _strcpy_s                  3003d3f3 f   LIBCMT:strcpy_s.obj
 0001:0003c450       _strlen                    3003d450 f   LIBCMT:strlen.obj
 0001:0003c4e0       _strrchr                   3003d4e0 f   LIBCMT:strrchr.obj
 0001:0003c617       __fptostr                  3003d617 f   LIBCMT:_fptostr.obj
 0001:0003c6c7       __atodbl_l                 3003d6c7 f   LIBCMT:atodbl.obj
 0001:0003c753       __atoflt_l                 3003d753 f   LIBCMT:atodbl.obj
 0001:0003c7df       ___dtold                   3003d7df f   LIBCMT:cfout.obj
 0001:0003c8a5       __fltout2                  3003d8a5 f   LIBCMT:cfout.obj
 0001:0003c940       __alldvrm                  3003d940 f   LIBCMT:lldvrm.obj
 0001:0003ca20       __aullshr                  3003da20 f   LIBCMT:ullshr.obj
 0001:0003ca3f       __controlfp_s              3003da3f f   LIBCMT:contrlfp.obj
 0001:0003ca9c       __fptrap                   3003da9c f   LIBCMT:crt0fp.obj
 0001:0003caa5       __matherr                  3003daa5 f   LIBCMT:matherr.obj
 0001:0003cab0       __allmul                   3003dab0 f   LIBCMT:llmul.obj
 0001:0003caf0       __aulldvrm                 3003daf0 f   LIBCMT:ulldvrm.obj
 0001:0003cb85       __lock                     3003db85 f   LIBCMT:mlock.obj
 0001:0003cbb9       __mtdeletelocks            3003dbb9 f   LIBCMT:mlock.obj
 0001:0003cc0d       __mtinitlocknum            3003dc0d f   LIBCMT:mlock.obj
 0001:0003ccb4       __mtinitlocks              3003dcb4 f   LIBCMT:mlock.obj
 0001:0003cce9       __unlock                   3003dce9 f   LIBCMT:mlock.obj
 0001:0003cd00       __CIacos_pentium4          3003dd00 f   LIBCMT:acos_pentium4.obj
 0001:0003cd18       __acos_pentium4            3003dd18     LIBCMT:acos_pentium4.obj
 0001:0003d254       __ld12tod                  3003e254 f   LIBCMT:intrncvt.obj
 0001:0003d7c4       __ld12tof                  3003e7c4 f   LIBCMT:intrncvt.obj
 0001:0003dd34       ___mtold12                 3003ed34 f   LIBCMT:mantold.obj
 0001:0003df16       ___free_lconv_mon          3003ef16 f   LIBCMT:initmon.obj
 0001:0003e012       ___free_lconv_num          3003f012 f   LIBCMT:initnum.obj
 0001:0003e079       ___free_lc_time            3003f079 f   LIBCMT:inittime.obj
 0001:0003e4e5       ___crtGetStringTypeA       3003f4e5 f   LIBCMT:a_str.obj
 0001:0003e523       ___initstdio               3003f523 f   LIBCMT:_file.obj
 0001:0003e596       ___endstdio                3003f596 f   LIBCMT:_file.obj
 0001:0003e5bd       ___iob_func                3003f5bd f   LIBCMT:_file.obj
 0001:0003e5c3       __lock_file                3003f5c3 f   LIBCMT:_file.obj
 0001:0003e602       __lock_file2               3003f602 f   LIBCMT:_file.obj
 0001:0003e632       __unlock_file              3003f632 f   LIBCMT:_file.obj
 0001:0003e66c       __unlock_file2             3003f66c f   LIBCMT:_file.obj
 0001:0003e699       __fileno                   3003f699 f   LIBCMT:fileno.obj
 0001:0003e6bd       __isatty                   3003f6bd f   LIBCMT:isatty.obj
 0001:0003e711       __write                    3003f711 f   LIBCMT:write.obj
 0001:0003e7f3       __write_nolock             3003f7f3 f   LIBCMT:write.obj
 0001:0003f01d       __lseeki64                 3004001d f   LIBCMT:lseeki64.obj
 0001:0003f119       __lseeki64_nolock          30040119 f   LIBCMT:lseeki64.obj
 0001:0003f18a       __getbuf                   3004018a f   LIBCMT:_getbuf.obj
 0001:0003f1d0       __get_printf_count_output  300401d0 f   LIBCMT:printf.obj
 0001:0003f1e5       __wctomb_s_l               300401e5 f   LIBCMT:wctomb.obj
 0001:0003f307       _wctomb_s                  30040307 f   LIBCMT:wctomb.obj
 0001:0003f322       __frnd                     30040322 f   LIBCMT:frnd.obj
 0001:0003f334       __errcode                  30040334 f   LIBCMT:fpexcept.obj
 0001:0003f366       __except1                  30040366 f   LIBCMT:fpexcept.obj
 0001:0003f42e       __handle_exc               3004042e f   LIBCMT:fpexcept.obj
 0001:0003f60a       __handle_qnan1             3004060a f   LIBCMT:fpexcept.obj
 0001:0003f65a       __raise_exc                3004065a f   LIBCMT:fpexcept.obj
 0001:0003f67b       __raise_exc_ex             3004067b f   LIBCMT:fpexcept.obj
 0001:0003f960       __set_errno_from_matherr   30040960 f   LIBCMT:fpexcept.obj
 0001:0003f98d       __umatherr                 3004098d f   LIBCMT:fpexcept.obj
 0001:0003fa2b       __decomp                   30040a2b f   LIBCMT:util.obj
 0001:0003fafd       __set_exp                  30040afd f   LIBCMT:util.obj
 0001:0003fb28       __sptype                   30040b28 f   LIBCMT:util.obj
 0001:0003fb84       ___set_fpsr_sse2           30040b84 f   LIBCMT:fpctrl.obj
 0001:0003fbfa       __clrfp                    30040bfa f   LIBCMT:fpctrl.obj
 0001:0003fc09       __ctrlfp                   30040c09 f   LIBCMT:fpctrl.obj
 0001:0003fc32       __set_statfp               30040c32 f   LIBCMT:fpctrl.obj
 0001:0003fc88       __statfp                   30040c88 f   LIBCMT:fpctrl.obj
 0001:0003fc96       __87except                 30040c96 f   LIBCMT:87except.obj
 0001:0003fda0       __CItan_pentium4           30040da0 f   LIBCMT:tan_pentium4.obj
 0001:0003fdb8       __tan_pentium4             30040db8     LIBCMT:tan_pentium4.obj
 0001:00040000       _malloc                    30041000 f   LIBCMT:malloc.obj
 0001:00040092       _GetTableIndexFromLocaleName 30041092 f   LIBCMT:winapinls.obj
 0001:000400e0       ___crtDownlevelLocaleNameToLCID 300410e0 f   LIBCMT:winapinls.obj
 0001:0004010a       ___crtLCMapStringEx        3004110a f   LIBCMT:winapinls.obj
 0001:00040156       ___wcsnicmp_ascii          30041156 f   LIBCMT:winapinls.obj
 0001:000401d0       __alloca_probe_16          300411d0 f   LIBCMT:alloca16.obj
 0001:000401e6       __alloca_probe_8           300411e6     LIBCMT:alloca16.obj
 0001:000401fc       _wcscat_s                  300411fc f   LIBCMT:wcscat_s.obj
 0001:00040268       _wcscpy_s                  30041268 f   LIBCMT:wcscpy_s.obj
 0001:000402c4       _wcslen                    300412c4 f   LIBCMT:wcslen.obj
 0001:000402dd       _wcsncpy_s                 300412dd f   LIBCMT:wcsncpy_s.obj
 0001:0004039b       __FF_MSGBANNER             3004139b f   LIBCMT:crt0msg.obj
 0001:000403d4       __GET_RTERRMSG             300413d4 f   LIBCMT:crt0msg.obj
 0001:000403f8       __NMSG_WRITE               300413f8 f   LIBCMT:crt0msg.obj
 0001:000405c0       __FindPESection            300415c0 f   LIBCMT:pesect.obj
 0001:00040610       __IsNonwritableInCurrentImage 30041610 f   LIBCMT:pesect.obj
 0001:000406d0       __ValidateImageBase        300416d0 f   LIBCMT:pesect.obj
 0001:00040701       ___onexitinit              30041701 f   LIBCMT:onexit.obj
 0001:00040730       __onexit                   30041730 f   LIBCMT:onexit.obj
 0001:00040826       _atexit                    30041826 f   LIBCMT:onexit.obj
 0001:0004083b       ?terminate@@YAXXZ          3004183b f   LIBCMT:hooks.obj
 0001:0004086f       __initp_eh_hooks           3004186f f   LIBCMT:hooks.obj
 0001:00040880       __callnewh                 30041880 f   LIBCMT:handler.obj
 0001:000408a6       __initp_heap_handler       300418a6 f   LIBCMT:handler.obj
 0001:000408b3       __initp_misc_purevirt      300418b3 f   LIBCMT:inithelp.obj
 0001:000408c0       __initp_misc_rand_s        300418c0 f   LIBCMT:rand_s.obj
 0001:000408cd       ___get_sigabrt             300418cd f   LIBCMT:winsig.obj
 0001:000408da       __initp_misc_winsig        300418da f   LIBCMT:winsig.obj
 0001:000408f6       _raise                     300418f6 f   LIBCMT:winsig.obj
 0001:00040af0       __local_unwind4            30041af0 f   LIBCMT:exsup4.obj
 0001:00040bc6       __seh_longjmp_unwind4@4    30041bc6 f   LIBCMT:exsup4.obj
 0001:00040be2       @_EH4_CallFilterFunc@8     30041be2 f   LIBCMT:exsup4.obj
 0001:00040bf9       @_EH4_TransferToHandler@8  30041bf9 f   LIBCMT:exsup4.obj
 0001:00040c12       @_EH4_GlobalUnwind2@8      30041c12 f   LIBCMT:exsup4.obj
 0001:00040c2b       @_EH4_LocalUnwind@16       30041c2b f   LIBCMT:exsup4.obj
 0001:00040c98       __ismbblead                30041c98 f   LIBCMT:ismbbyte.obj
 0001:00040cae       _realloc                   30041cae f   LIBCMT:realloc.obj
 0001:00040d59       __calloc_impl              30041d59 f   LIBCMT:calloc_impl.obj
 0001:00040dd3       _$I10_OUTPUT               30041dd3 f   LIBCMT:x10fout.obj
 0001:00041840       __control87                30042840 f i LIBCMT:ieee87.obj
 0001:00041bd7       __fcloseall                30042bd7 f   LIBCMT:closeall.obj
 0001:00041c74       __fflush_nolock            30042c74 f   LIBCMT:fflush.obj
 0001:00041cba       __flush                    30042cba f   LIBCMT:fflush.obj
 0001:00041d1e       __flushall                 30042d1e f   LIBCMT:fflush.obj
 0001:00041e0b       ___lock_fhandle            30042e0b f   LIBCMT:osfinfo.obj
 0001:00041e97       __free_osfhnd              30042e97 f   LIBCMT:osfinfo.obj
 0001:00041f1d       __get_osfhandle            30042f1d f   LIBCMT:osfinfo.obj
 0001:00041f84       __unlock_fhandle           30042f84 f   LIBCMT:osfinfo.obj
 0001:00041faa       __mbtowc_l                 30042faa f   LIBCMT:mbtowc.obj
 0001:0004209d       _mbtowc                    3004309d f   LIBCMT:mbtowc.obj
 0001:000420b5       __putwch_nolock            300430b5 f   LIBCMT:putwch.obj
 0001:000420f6       __set_error_mode           300430f6 f   LIBCMT:errmode.obj
 0001:00042136       ___crtMessageBoxW          30043136 f   LIBCMT:crtmboxw.obj
 0001:00042318       __msize                    30043318 f   LIBCMT:msize.obj
 0001:00042349       _abort                     30043349 f   LIBCMT:abort.obj
 0001:00042390       __global_unwind2           30043390 f   LIBCMT:exsup.obj
 0001:000423f5       __local_unwind2            300433f5 f   LIBCMT:exsup.obj
 0001:00042479       __abnormal_termination     30043479 f   LIBCMT:exsup.obj
 0001:0004249c       __NLG_Notify1              3004349c f   LIBCMT:exsup.obj
 0001:000424a5       __NLG_Notify               300434a5 f   LIBCMT:exsup.obj
 0001:000424bc       __NLG_Dispatch2            300434bc     LIBCMT:exsup.obj
 0001:000424bc       __NLG_Dispatch             300434bc     LIBCMT:exsup.obj
 0001:000424c4       __NLG_Call                 300434c4 f   LIBCMT:exsup.obj
 0001:000424c6       __NLG_Return2              300434c6     LIBCMT:exsup.obj
 0001:000424c7       __fclose_nolock            300434c7 f   LIBCMT:fclose.obj
 0001:00042533       _fclose                    30043533 f   LIBCMT:fclose.obj
 0001:000425aa       __commit                   300435aa f   LIBCMT:commit.obj
 0001:00042690       ___termconout              30043690 f   LIBCMT:initcon.obj
 0001:000426a7       ___initconout              300436a7 f   LIBCMT:initcon.obj
 0001:000426c6       __close                    300436c6 f   LIBCMT:close.obj
 0001:00042790       __close_nolock             30043790 f   LIBCMT:close.obj
 0001:0004282a       __freebuf                  3004382a f   LIBCMT:_freebuf.obj
 0001:0004285a       _IsProcessorFeaturePresent@4 3004385a f   kernel32:KERNEL32.dll
 0001:00042860       _RtlUnwind@16              30043860 f   kernel32:KERNEL32.dll
 0002:00000000       __imp__IsDebuggerPresent@0 30044000     kernel32:KERNEL32.dll
 0002:00000004       __imp__IsProcessorFeaturePresent@4 30044004     kernel32:KERNEL32.dll
 0002:00000008       __imp__GetCommandLineA@0   30044008     kernel32:KERNEL32.dll
 0002:0000000c       __imp__GetCurrentThreadId@0 3004400c     kernel32:KERNEL32.dll
 0002:00000010       __imp__EncodePointer@4     30044010     kernel32:KERNEL32.dll
 0002:00000014       __imp__DecodePointer@4     30044014     kernel32:KERNEL32.dll
 0002:00000018       __imp__UnhandledExceptionFilter@4 30044018     kernel32:KERNEL32.dll
 0002:0000001c       __imp__SetUnhandledExceptionFilter@4 3004401c     kernel32:KERNEL32.dll
 0002:00000020       __imp__SetLastError@4      30044020     kernel32:KERNEL32.dll
 0002:00000024       __imp__InitializeCriticalSectionAndSpinCount@8 30044024     kernel32:KERNEL32.dll
 0002:00000028       __imp__GetCurrentProcess@0 30044028     kernel32:KERNEL32.dll
 0002:0000002c       __imp__TerminateProcess@8  3004402c     kernel32:KERNEL32.dll
 0002:00000030       __imp__TlsAlloc@0          30044030     kernel32:KERNEL32.dll
 0002:00000034       __imp__TlsGetValue@4       30044034     kernel32:KERNEL32.dll
 0002:00000038       __imp__TlsSetValue@8       30044038     kernel32:KERNEL32.dll
 0002:0000003c       __imp__TlsFree@4           3004403c     kernel32:KERNEL32.dll
 0002:00000040       __imp__GetStartupInfoW@4   30044040     kernel32:KERNEL32.dll
 0002:00000044       __imp__GetModuleHandleW@4  30044044     kernel32:KERNEL32.dll
 0002:00000048       __imp__GetProcAddress@8    30044048     kernel32:KERNEL32.dll
 0002:0000004c       __imp__GetLastError@0      3004404c     kernel32:KERNEL32.dll
 0002:00000050       __imp__InterlockedIncrement@4 30044050     kernel32:KERNEL32.dll
 0002:00000054       __imp__InterlockedDecrement@4 30044054     kernel32:KERNEL32.dll
 0002:00000058       __imp__IsValidCodePage@4   30044058     kernel32:KERNEL32.dll
 0002:0000005c       __imp__GetACP@0            3004405c     kernel32:KERNEL32.dll
 0002:00000060       __imp__GetOEMCP@0          30044060     kernel32:KERNEL32.dll
 0002:00000064       __imp__GetCPInfo@8         30044064     kernel32:KERNEL32.dll
 0002:00000068       __imp__MultiByteToWideChar@24 30044068     kernel32:KERNEL32.dll
 0002:0000006c       __imp__WideCharToMultiByte@32 3004406c     kernel32:KERNEL32.dll
 0002:00000070       __imp__ExitProcess@4       30044070     kernel32:KERNEL32.dll
 0002:00000074       __imp__GetModuleHandleExW@12 30044074     kernel32:KERNEL32.dll
 0002:00000078       __imp__GetProcessHeap@0    30044078     kernel32:KERNEL32.dll
 0002:0000007c       __imp__GetStdHandle@4      3004407c     kernel32:KERNEL32.dll
 0002:00000080       __imp__GetFileType@4       30044080     kernel32:KERNEL32.dll
 0002:00000084       __imp__DeleteCriticalSection@4 30044084     kernel32:KERNEL32.dll
 0002:00000088       __imp__GetModuleFileNameA@12 30044088     kernel32:KERNEL32.dll
 0002:0000008c       __imp__HeapFree@12         3004408c     kernel32:KERNEL32.dll
 0002:00000090       __imp__QueryPerformanceCounter@4 30044090     kernel32:KERNEL32.dll
 0002:00000094       __imp__GetCurrentProcessId@0 30044094     kernel32:KERNEL32.dll
 0002:00000098       __imp__GetSystemTimeAsFileTime@4 30044098     kernel32:KERNEL32.dll
 0002:0000009c       __imp__GetEnvironmentStringsW@0 3004409c     kernel32:KERNEL32.dll
 0002:000000a0       __imp__FreeEnvironmentStringsW@4 300440a0     kernel32:KERNEL32.dll
 0002:000000a4       __imp__Sleep@4             300440a4     kernel32:KERNEL32.dll
 0002:000000a8       __imp__EnterCriticalSection@4 300440a8     kernel32:KERNEL32.dll
 0002:000000ac       __imp__LeaveCriticalSection@4 300440ac     kernel32:KERNEL32.dll
 0002:000000b0       __imp__GetStringTypeW@16   300440b0     kernel32:KERNEL32.dll
 0002:000000b4       __imp__WriteFile@20        300440b4     kernel32:KERNEL32.dll
 0002:000000b8       __imp__GetConsoleCP@0      300440b8     kernel32:KERNEL32.dll
 0002:000000bc       __imp__GetConsoleMode@8    300440bc     kernel32:KERNEL32.dll
 0002:000000c0       __imp__SetFilePointerEx@20 300440c0     kernel32:KERNEL32.dll
 0002:000000c4       __imp__RaiseException@16   300440c4     kernel32:KERNEL32.dll
 0002:000000c8       __imp__HeapAlloc@12        300440c8     kernel32:KERNEL32.dll
 0002:000000cc       __imp__LCMapStringW@24     300440cc     kernel32:KERNEL32.dll
 0002:000000d0       __imp__GetModuleFileNameW@12 300440d0     kernel32:KERNEL32.dll
 0002:000000d4       __imp__LoadLibraryExW@12   300440d4     kernel32:KERNEL32.dll
 0002:000000d8       __imp__RtlUnwind@16        300440d8     kernel32:KERNEL32.dll
 0002:000000dc       __imp__HeapReAlloc@16      300440dc     kernel32:KERNEL32.dll
 0002:000000e0       __imp__SetStdHandle@8      300440e0     kernel32:KERNEL32.dll
 0002:000000e4       __imp__WriteConsoleW@20    300440e4     kernel32:KERNEL32.dll
 0002:000000e8       __imp__OutputDebugStringW@4 300440e8     kernel32:KERNEL32.dll
 0002:000000ec       __imp__LoadLibraryW@4      300440ec     kernel32:KERNEL32.dll
 0002:000000f0       __imp__HeapSize@12         300440f0     kernel32:KERNEL32.dll
 0002:000000f4       __imp__FlushFileBuffers@4  300440f4     kernel32:KERNEL32.dll
 0002:000000f8       __imp__CreateFileW@28      300440f8     kernel32:KERNEL32.dll
 0002:000000fc       __imp__CloseHandle@4       300440fc     kernel32:KERNEL32.dll
 0002:00000100       \177KERNEL32_NULL_THUNK_DATA 30044100     kernel32:KERNEL32.dll
 0002:00000104       ___xc_a                    30044104     LIBCMT:crt0init.obj
 0002:00000108       ___xc_z                    30044108     LIBCMT:crt0init.obj
 0002:0000010c       ___xi_a                    3004410c     LIBCMT:crt0init.obj
 0002:00000124       ___xi_z                    30044124     LIBCMT:crt0init.obj
 0002:00000128       ___xp_a                    30044128     LIBCMT:crt0init.obj
 0002:00000138       ___xp_z                    30044138     LIBCMT:crt0init.obj
 0002:0000013c       ___xt_a                    3004413c     LIBCMT:crt0init.obj
 0002:00000140       ___xt_z                    30044140     LIBCMT:crt0init.obj
 0002:00000150       ??_C@_0M@NLICANGB@ammo_shells?$AA@ 30044150     bg_misc.obj
 0002:0000015c       ??_C@_0BH@DPAADLFH@sound?1misc?1am_pkup?4wav?$AA@ 3004415c     bg_misc.obj
 0002:00000174       ??_C@_0CD@MBAGJHDE@models?1powerups?1ammo?1shotgunam?4m@ 30044174     bg_misc.obj
 0002:00000198       ??_C@_0BE@NMAFHJEI@icons?1icona_shotgun?$AA@ 30044198     bg_misc.obj
 0002:000001ac       ??_C@_06PBPEPGGL@Shells?$AA@ 300441ac     bg_misc.obj
 0002:000001b4       ??_C@_0N@NHCMDNIK@ammo_bullets?$AA@ 300441b4     bg_misc.obj
 0002:000001c4       ??_C@_0CG@OLENEOKN@models?1powerups?1ammo?1machineguna@ 300441c4     bg_misc.obj
 0002:000001ec       ??_C@_0BH@HMOAGCNP@icons?1icona_machinegun?$AA@ 300441ec     bg_misc.obj
 0002:00000204       ??_C@_07DHNDKCGP@Bullets?$AA@ 30044204     bg_misc.obj
 0002:0000020c       ??_C@_0O@CMJIOKCF@ammo_grenades?$AA@ 3004420c     bg_misc.obj
 0002:0000021c       ??_C@_0CD@HNOBKKLC@models?1powerups?1ammo?1grenadeam?4m@ 3004421c     bg_misc.obj
 0002:00000240       ??_C@_0BE@LHOKGGAM@icons?1icona_grenade?$AA@ 30044240     bg_misc.obj
 0002:00000254       ??_C@_08PMBIADEN@Grenades?$AA@ 30044254     bg_misc.obj
 0002:00000260       ??_C@_0L@LLNMBAJC@ammo_cells?$AA@ 30044260     bg_misc.obj
 0002:0000026c       ??_C@_0CC@FGLALJGN@models?1powerups?1ammo?1plasmaam?4md@ 3004426c     bg_misc.obj
 0002:00000290       ??_C@_0BD@NCNJEHKB@icons?1icona_plasma?$AA@ 30044290     bg_misc.obj
 0002:000002a4       ??_C@_05KCAMIOGJ@Cells?$AA@ 300442a4     bg_misc.obj
 0002:000002ac       ??_C@_0P@NBJHKAMD@ammo_lightning?$AA@ 300442ac     bg_misc.obj
 0002:000002bc       ??_C@_0CF@HDAADIIL@models?1powerups?1ammo?1lightningam@ 300442bc     bg_misc.obj
 0002:000002e4       ??_C@_0BG@MEGMAGOM@icons?1icona_lightning?$AA@ 300442e4     bg_misc.obj
 0002:000002fc       ??_C@_09JCCOMJEA@Lightning?$AA@ 300442fc     bg_misc.obj
 0002:00000308       ??_C@_0N@CLEPKBOE@ammo_rockets?$AA@ 30044308     bg_misc.obj
 0002:00000318       ??_C@_0CC@KCOEDLFM@models?1powerups?1ammo?1rocketam?4md@ 30044318     bg_misc.obj
 0002:0000033c       ??_C@_0BD@BFBJLPJK@icons?1icona_rocket?$AA@ 3004433c     bg_misc.obj
 0002:00000350       ??_C@_07MLLADOAB@Rockets?$AA@ 30044350     bg_misc.obj
 0002:00000358       ??_C@_0L@JEFOIHIM@ammo_slugs?$AA@ 30044358     bg_misc.obj
 0002:00000364       ??_C@_0CD@CAJEPMME@models?1powerups?1ammo?1railgunam?4m@ 30044364     bg_misc.obj
 0002:00000388       ??_C@_0BE@DPOADFL@icons?1icona_railgun?$AA@ 30044388     bg_misc.obj
 0002:0000039c       ??_C@_05INIOBJHH@Slugs?$AA@ 3004439c     bg_misc.obj
 0002:000003a4       ??_C@_08EHEJHGBG@ammo_bfg?$AA@ 300443a4     bg_misc.obj
 0002:000003b0       ??_C@_0BP@BOBKFIKJ@models?1powerups?1ammo?1bfgam?4md3?$AA@ 300443b0     bg_misc.obj
 0002:000003d0       ??_C@_0BA@NIKNDLKG@icons?1icona_bfg?$AA@ 300443d0     bg_misc.obj
 0002:000003e0       ??_C@_08LIBOGPIN@Bfg?5Ammo?$AA@ 300443e0     bg_misc.obj
 0002:000003ec       ??_C@_0BE@GNEKBMLB@holdable_teleporter?$AA@ 300443ec     bg_misc.obj
 0002:00000400       ??_C@_0BJ@PNIOAJDI@sound?1items?1holdable?4wav?$AA@ 30044400     bg_misc.obj
 0002:0000041c       ??_C@_0CI@FHEOFFOB@models?1powerups?1holdable?1telepor@ 3004441c     bg_misc.obj
 0002:00000444       ??_C@_0BB@HCFICFKF@icons?1teleporter?$AA@ 30044444     bg_misc.obj
 0002:00000458       ??_C@_0BE@PCKJDFFA@Personal?5Teleporter?$AA@ 30044458     bg_misc.obj
 0002:0000046c       ??_C@_0BA@PDDMBOCP@holdable_medkit?$AA@ 3004446c     bg_misc.obj
[...]
 0002:0000bfa8       _libm_largef               3004ffa8     LIBCMT:libm_error.obj
 0002:0000bfb0       _libm_smallf               3004ffb0     LIBCMT:libm_error.obj
 0002:0000bfb8       _libm_small                3004ffb8     LIBCMT:libm_error.obj
 0002:0000c2ac       __mb_locale_names          300502ac     LIBCMT:mbctype.obj
 0002:0000c710       DblMax                     30050710     LIBCMT:87cdisp.obj
 0002:0000c718       DblMin                     30050718     LIBCMT:87cdisp.obj
 0002:0000c720       IeeeAdjO                   30050720     LIBCMT:87cdisp.obj
 0002:0000c728       IeeeAdjU                   30050728     LIBCMT:87cdisp.obj
 0002:0000c730       _infinity                  30050730     LIBCMT:87cdisp.obj
 0002:0000c738       _zero                      30050738     LIBCMT:87cdisp.obj
 0002:0000c740       __first_127char            30050740     LIBCMT:wsetloca.obj
 0002:0000c890       Ctable                     30050890     LIBCMT:cos_pentium4.obj
 0002:0000d090       SC_1                       30051090     LIBCMT:cos_pentium4.obj
 0002:0000d0a0       SC_2                       300510a0     LIBCMT:cos_pentium4.obj
 0002:0000d0b0       SC_3                       300510b0     LIBCMT:cos_pentium4.obj
 0002:0000d0c0       SC_4                       300510c0     LIBCMT:cos_pentium4.obj
 0002:0000d0d0       PI32INV                    300510d0     LIBCMT:cos_pentium4.obj
 0002:0000d0d8       SHIFTER                    300510d8     LIBCMT:cos_pentium4.obj
 0002:0000d0e0       P_2                        300510e0     LIBCMT:cos_pentium4.obj
 0002:0000d0f0       P_1                        300510f0     LIBCMT:cos_pentium4.obj
 0002:0000d0f8       P_3                        300510f8     LIBCMT:cos_pentium4.obj
 0002:0000d100       TWO_POW_55                 30051100     LIBCMT:cos_pentium4.obj
 0002:0000d108       TWO_POW_M55                30051108     LIBCMT:cos_pentium4.obj
 0002:0000d110       ALL_ONES                   30051110     LIBCMT:cos_pentium4.obj
 0002:0000d118       NEG_ZERO                   30051118     LIBCMT:cos_pentium4.obj
 0002:0000d120       ONE                        30051120     LIBCMT:cos_pentium4.obj
 0002:0000d130       SIGN_MASK                  30051130     LIBCMT:cos_pentium4.obj
 0002:0000d154       One                        30051154     LIBCMT:87disp.obj
 0002:0000d15c       XAMtoTagTab                3005115c     LIBCMT:87disp.obj
 0002:0000d170       One                        30051170     LIBCMT:common.obj
 0002:0000d184       DblMax                     30051184     LIBCMT:common.obj
 0002:0000d18c       DblMin                     3005118c     LIBCMT:common.obj
 0002:0000d194       IeeeAdjO                   30051194     LIBCMT:common.obj
 0002:0000d19c       IeeeAdjU                   3005119c     LIBCMT:common.obj
 0002:0000d1a4       _infinity                  300511a4     LIBCMT:common.obj
 0002:0000d1ac       _zero                      300511ac     LIBCMT:common.obj
 0002:0000d1c0       Ctable                     300511c0     LIBCMT:sin_pentium4.obj
 0002:0000d9c0       SC_1                       300519c0     LIBCMT:sin_pentium4.obj
 0002:0000d9d0       SC_2                       300519d0     LIBCMT:sin_pentium4.obj
 0002:0000d9e0       SC_3                       300519e0     LIBCMT:sin_pentium4.obj
 0002:0000d9f0       SC_4                       300519f0     LIBCMT:sin_pentium4.obj
 0002:0000da00       PI32INV                    30051a00     LIBCMT:sin_pentium4.obj
 0002:0000da08       SHIFTER                    30051a08     LIBCMT:sin_pentium4.obj
 0002:0000da10       P_2                        30051a10     LIBCMT:sin_pentium4.obj
 0002:0000da20       P_1                        30051a20     LIBCMT:sin_pentium4.obj
 0002:0000da28       P_3                        30051a28     LIBCMT:sin_pentium4.obj
 0002:0000da30       TWO_POW_55                 30051a30     LIBCMT:sin_pentium4.obj
 0002:0000da38       TWO_POW_M55                30051a38     LIBCMT:sin_pentium4.obj
 0002:0000da40       ALL_ONES                   30051a40     LIBCMT:sin_pentium4.obj
 0002:0000da48       NEG_ZERO                   30051a48     LIBCMT:sin_pentium4.obj
 0002:0000da50       ONE                        30051a50     LIBCMT:sin_pentium4.obj
 0002:0000da60       Shifter                    30051a60     LIBCMT:acos_pentium4.obj
 0002:0000da70       Tbl_addr                   30051a70     LIBCMT:acos_pentium4.obj
 0002:0000e970       T_table                    30052970     LIBCMT:acos_pentium4.obj
 0002:0000f170       PI_BY_2                    30053170     LIBCMT:acos_pentium4.obj
 0002:0000f180       NEG_PI                     30053180     LIBCMT:acos_pentium4.obj
 0002:0000f190       PI                         30053190     LIBCMT:acos_pentium4.obj
 0002:0000f1a0       SIGNMASK                   300531a0     LIBCMT:acos_pentium4.obj
 0002:0000f1b0       HALFMASK                   300531b0     LIBCMT:acos_pentium4.obj
 0002:0000f1c0       HALFMASK2                  300531c0     LIBCMT:acos_pentium4.obj
 0002:0000f1d0       cv                         300531d0     LIBCMT:acos_pentium4.obj
 0002:0000f1f0       cv2                        300531f0     LIBCMT:acos_pentium4.obj
 0002:0000f230       ABSVALMASK                 30053230     LIBCMT:acos_pentium4.obj
 0002:0000f238       TMASK                      30053238     LIBCMT:acos_pentium4.obj
 0002:0000f240       ONEMASK                    30053240     LIBCMT:acos_pentium4.obj
 0002:0000f248       ONE_BY_2                   30053248     LIBCMT:acos_pentium4.obj
 0002:0000f250       EMIN                       30053250     LIBCMT:acos_pentium4.obj
 0002:0000f258       MAX_ARG                    30053258     LIBCMT:acos_pentium4.obj
 0002:0000f260       MIN_ARG                    30053260     LIBCMT:acos_pentium4.obj
 0002:0000f268       INF                        30053268     LIBCMT:acos_pentium4.obj
 0002:0000f270       ZERO                       30053270     LIBCMT:acos_pentium4.obj
 0002:0000f278       ALPHA                      30053278     LIBCMT:acos_pentium4.obj
 0002:0000fb60       Ctable                     30053b60     LIBCMT:tan_pentium4.obj
 0002:00011160       PI32INV                    30055160     LIBCMT:tan_pentium4.obj
 0002:00011170       SHIFTER                    30055170     LIBCMT:tan_pentium4.obj
 0002:00011180       P_1                        30055180     LIBCMT:tan_pentium4.obj
 0002:00011190       P_2                        30055190     LIBCMT:tan_pentium4.obj
 0002:000111a0       P_3                        300551a0     LIBCMT:tan_pentium4.obj
 0002:000111b0       QQ_2                       300551b0     LIBCMT:tan_pentium4.obj
 0002:000111b8       ONE                        300551b8     LIBCMT:tan_pentium4.obj
 0002:000111c0       MASK_35                    300551c0     LIBCMT:tan_pentium4.obj
 0002:000111d0       sign_mask                  300551d0     LIBCMT:tan_pentium4.obj
 0002:000111d8       TWO_POW_55                 300551d8     LIBCMT:tan_pentium4.obj
 0002:000111e0       TWO_POW_M55                300551e0     LIBCMT:tan_pentium4.obj
 0002:000111e8       TWO_POW_M53                300551e8     LIBCMT:tan_pentium4.obj
 0002:000111f0       INF                        300551f0     LIBCMT:tan_pentium4.obj
 0002:00013b08       _rterrs                    30057b08     LIBCMT:crt0msg.obj
 0002:00013df0       __sehtable$__CRT_INIT@12   30057df0     LIBCMT:dllcrt0.obj
 0002:00013e10       __sehtable$___DllMainCRTStartup 30057e10     LIBCMT:dllcrt0.obj
 0002:00013e30       __sehtable$__freefls@4     30057e30     LIBCMT:tidtable.obj
 0002:00013e58       __sehtable$__initptd       30057e58     LIBCMT:tidtable.obj
 0002:00013e80       __sehtable$___updatetlocinfo 30057e80     LIBCMT:localref.obj
 0002:00013ea0       __sehtable$___updatetmbcinfo 30057ea0     LIBCMT:mbctype.obj
 0002:00013ec0       __sehtable$__setmbcp       30057ec0     LIBCMT:mbctype.obj
 0002:00013ee0       __sehtable$__locterm       30057ee0     LIBCMT:wsetloca.obj
 0002:00013f00       __sehtable$_doexit         30057f00     LIBCMT:crt0dat.obj
 0002:00013f20       __sehtable$__ioinit        30057f20     LIBCMT:ioinit.obj
 0002:00013f40       __sehtable$__mtinitlocknum 30057f40     LIBCMT:mlock.obj
 0002:00013f60       __sehtable$__write         30057f60     LIBCMT:write.obj
 0002:00013f80       __sehtable$__lseeki64      30057f80     LIBCMT:lseeki64.obj
 0002:00013fa0       __sehtable$___set_fpsr_sse2 30057fa0     LIBCMT:fpctrl.obj
 0002:00013fc0       __sehtable$__IsNonwritableInCurrentImage 30057fc0     LIBCMT:pesect.obj
 0002:00013fe0       __sehtable$__onexit        30057fe0     LIBCMT:onexit.obj
 0002:00014000       __sehtable$?terminate@@YAXXZ 30058000     LIBCMT:hooks.obj
 0002:00014020       __sehtable$_raise          30058020     LIBCMT:winsig.obj
 0002:00014040       __sehtable$__fcloseall     30058040     LIBCMT:closeall.obj
 0002:00014060       __sehtable$_flsall         30058060     LIBCMT:fflush.obj
 0002:00014088       __sehtable$___lock_fhandle 30058088     LIBCMT:osfinfo.obj
 0002:000140a8       __sehtable$_fclose         300580a8     LIBCMT:fclose.obj
 0002:000140c8       __sehtable$__commit        300580c8     LIBCMT:commit.obj
 0002:000140e8       __sehtable$__close         300580e8     LIBCMT:close.obj
 0002:000146d6       .idata$6                   300586d6     kernel32:KERNEL32.dll
 0002:000146f0       .edata                     300586f0     cgamex86.exp
 0002:00014718       rgpv                       30058718     cgamex86.exp
 0002:00014720       rgszName                   30058720     cgamex86.exp
 0002:00014728       rgwOrd                     30058728     cgamex86.exp
 0002:0001472c       szName                     3005872c     cgamex86.exp
 0002:00014739       $N00001                    30058739     cgamex86.exp
 0002:00014742       $N00002                    30058742     cgamex86.exp
 0003:00000c28       _commands                  30059c28     cg_consolecmds.obj
 0003:00000da0       ?firstTime@?1??CG_DrawScoreboard@@9@9 30059da0     cg_draw.obj
 0003:00000da8       ?red@?1??CG_TeamColor@@9@9 30059da8     cg_drawtools.obj
 0003:00000db8       ?blue@?1??CG_TeamColor@@9@9 30059db8     cg_drawtools.obj
 0003:00000dc8       ?other@?1??CG_TeamColor@@9@9 30059dc8     cg_drawtools.obj
 0003:00000dd8       ?spectator@?1??CG_TeamColor@@9@9 30059dd8     cg_drawtools.obj
 0003:00000de8       _propMap                   30059de8     cg_drawtools.obj
 0003:000013e8       _propMapB                  3005a3e8     cg_drawtools.obj
 0003:00001520       ?seed@?1??CG_SmokePuff@@9@9 3005a520     cg_effects.obj
 0003:0000152c       _cvarTableSize             3005a52c     cg_main.obj
 0003:00001530       _cvarTable                 3005a530     cg_main.obj
 0003:00001b80       ?sb_nums@?1??CG_RegisterGraphics@@9@9 3005ab80     cg_main.obj
 0003:00001bb0       _shaderAnimNames           3005abb0     cg_marks.obj
 0003:00001c30       _shaderAnimCounts          3005ac30     cg_marks.obj
 0003:00001cb0       _shaderAnimSTRatio         3005acb0     cg_marks.obj
 0003:00001db8       ?movementOffsets@?1??CG_PlayerAngles@@9@9 3005adb8     cg_players.obj
 0003:00001dd8       _syscall                   3005add8     cg_syscalls.obj
 0003:00001ddc       ?mins@?1??CG_OffsetThirdPersonView@@9@9 3005addc     cg_view.obj
 0003:00001de8       ?maxs@?1??CG_OffsetThirdPersonView@@9@9 3005ade8     cg_view.obj
 0003:000026e8       _g_bindings                3005b6e8     ui_shared.obj
 0003:00002d34       ?staticNULL@?1??String_Alloc@@9@9 3005bd34     ui_shared.obj
 0003:000031a0       _NAME_                     3005c1a0     LIBCMT:cos.obj
 0003:000031b0       _NAME_                     3005c1b0     LIBCMT:sin.obj
 0003:000031e0       _NAME_                     3005c1e0     LIBCMT:sqrt.obj
 0003:000031ec       ?isPackaged@?1??__crtIsPackagedApp@@9@9 3005c1ec     LIBCMT:winapisupp.obj
 0003:00003200       _NAME_                     3005c200     LIBCMT:acos.obj
 0003:00003208       _errtable                  3005c208     LIBCMT:dosmap.obj
 0003:00003370       _ErrnoNoMem                3005c370     LIBCMT:dosmap.obj
 0003:00003374       _DoserrorNoMem             3005c374     LIBCMT:dosmap.obj
 0003:0000337c       ___rgctypeflag             3005c37c     LIBCMT:mbctype.obj
 0003:00003380       ___rgcode_page_info        3005c380     LIBCMT:mbctype.obj
 0003:00003ad8       _newcw                     3005cad8     LIBCMT:floor.obj
 0003:00003ae0       _NAME_                     3005cae0     LIBCMT:tan.obj
 0003:00003ae8       __ctype_loc_style          3005cae8     LIBCMT:wsetloca.obj
 0003:00003b40       __locktable                3005cb40     LIBCMT:mlock.obj
 0003:00003c60       _DoubleFormat              3005cc60     LIBCMT:intrncvt.obj
 0003:00003c78       _FloatFormat               3005cc78     LIBCMT:intrncvt.obj
 0003:00004238       ?_names@?1??_get_fname@@9@9 3005d238     LIBCMT:fpexcept.obj
 0003:00004348       _over                      3005d348     LIBCMT:fpctrl.obj
 0003:00004354       _under                     3005d354     LIBCMT:fpctrl.obj
 0003:00004360       ?__DAZ_ENABLED@?1??__set_fpsr_sse2@@9@9 3005d360     LIBCMT:fpctrl.obj
 0003:000043a8       ?previousTimes@?1??CG_DrawFPS@@9@9 3005d3a8     cg_draw.obj
 0003:000043b8       ?index@?1??CG_DrawFPS@@9@9 3005d3b8     cg_draw.obj
 0003:000043bc       ?previous@?1??CG_DrawFPS@@9@9 3005d3bc     cg_draw.obj
 0003:000043c0       ?proxTime@?1??CG_DrawProxWarning@@9@9 3005d3c0     cg_draw.obj
 0003:000043c4       ?proxCounter@?1??CG_DrawProxWarning@@9@9 3005d3c4     cg_draw.obj
 0003:000043c8       ?proxTick@?1??CG_DrawProxWarning@@9@9 3005d3c8     cg_draw.obj
 0003:000043cc       ?color@?1??CG_FadeColor@@9@9 3005d3cc     cg_drawtools.obj
 0003:000043dc       ?lastPos@?1??CG_ScorePlum@@9@9 3005d3dc     cg_effects.obj
 0003:000043e8       ?str@?1??CG_PlaceString@@9@9 3005d3e8     cg_event.obj
 0003:00004428       _loadingPlayerIconCount    3005d428     cg_info.obj
 0003:0000442c       _loadingItemIconCount      3005d42c     cg_info.obj
 0003:00004430       _loadingPlayerIcons        3005d430     cg_info.obj
 0003:00004470       _loadingItemIcons          3005d470     cg_info.obj
 0003:000044d8       ?buffer@?1??CG_Argv@@9@9   3005d4d8     cg_main.obj
 0003:000048d8       ?buf@?1??CG_GetMenuBuffer@@9@9 3005d8d8     cg_main.obj
 0003:0000c8d8       ?buf@?1??CG_LoadMenus@@9@9 300658d8     cg_main.obj
 0003:0000d8dc       _roll                      300668dc     cg_marks.obj
 0003:0000d8e0       _markTotal                 300668e0     cg_marks.obj
 0003:0000d8e4       _numShaderAnims            300668e4     cg_marks.obj
 0003:0000d8e8       _shaderAnims               300668e8     cg_marks.obj
 0003:0000f8e8       _cg_pmove                  300688e8     cg_predict.obj
 0003:0000f9d0       _cg_numSolidEntities       300689d0     cg_predict.obj
 0003:0000f9d4       _cg_numTriggerEntities     300689d4     cg_predict.obj
 0003:0000f9d8       _cg_solidEntities          300689d8     cg_predict.obj
 0003:0000fdd8       _cg_triggerEntities        30068dd8     cg_predict.obj
 0003:000101d8       _localClient               300691d8     cg_scoreboard.obj
 0003:000101e8       ?bops_initialized@?1??BoxOnPlaneSide@@9@9 300691e8     q_math.obj
 0003:000101ec       ?Ljmptab@?1??BoxOnPlaneSide@@9@9 300691ec     q_math.obj
 0003:0001020c       ?sr@?1??AngleVectors@@9@9  3006920c     q_math.obj
 0003:00010210       ?sp@?1??AngleVectors@@9@9  30069210     q_math.obj
 0003:00010214       ?sy@?1??AngleVectors@@9@9  30069214     q_math.obj
 0003:00010218       ?cr@?1??AngleVectors@@9@9  30069218     q_math.obj
 0003:0001021c       ?cp@?1??AngleVectors@@9@9  3006921c     q_math.obj
 0003:00010220       ?cy@?1??AngleVectors@@9@9  30069220     q_math.obj
 0003:00010228       ?index@?1??va@@9@9         30069228     q_shared.obj
 0003:0001022c       ?valueindex@?1??Info_ValueForKey@@9@9 3006922c     q_shared.obj
 0003:00010230       _com_token                 30069230     q_shared.obj
 0003:00010630       _com_parsename             30069630     q_shared.obj
 0003:00010a30       _com_lines                 30069a30     q_shared.obj
 0003:00010a38       ?string@?1??COM_ParseError@@9@9 30069a38     q_shared.obj
 0003:00011a38       ?string@?1??COM_ParseWarning@@9@9 3006aa38     q_shared.obj
 0003:00012a38       ?string@?1??va@@9@9        3006ba38     q_shared.obj
 0003:00022438       ?value@?1??Info_ValueForKey@@9@9 3007b438     q_shared.obj
 0003:00026438       _captureFunc               3007f438     ui_shared.obj
 0003:0002643c       _captureData               3007f43c     ui_shared.obj
 0003:00026440       _itemCapture               3007f440     ui_shared.obj
 0003:00026448       _g_waitingForKey           3007f448     ui_shared.obj
 0003:0002644c       _g_editingField            3007f44c     ui_shared.obj
 0003:00026450       _g_bindItem                3007f450     ui_shared.obj
 0003:00026454       _g_editItem                3007f454     ui_shared.obj
 0003:00026460       _debugMode                 3007f460     ui_shared.obj
 0003:00026464       _lastListBoxClickTime      3007f464     ui_shared.obj
 0003:00026468       _strPoolIndex              3007f468     ui_shared.obj
 0003:0002646c       _strHandleCount            3007f46c     ui_shared.obj
 0003:00026470       ?inHandleKey@?9??Menu_HandleKey@@9@9 3007f470     ui_shared.obj
 0003:00026474       _scrollInfo                3007f474     ui_shared.obj
 0003:00026494       _allocPoint                3007f494     ui_shared.obj
 0003:00026498       _memoryPool                3007f498     ui_shared.obj
 0003:00126498       _outOfMemory               3017f498     ui_shared.obj
 0003:001264a0       _strPool                   3017f4a0     ui_shared.obj
 0003:001864a0       _strHandle                 301df4a0     ui_shared.obj
 0003:001884a0       ?string@?1??PC_SourceWarning@@9@9 301e14a0     ui_shared.obj
 0003:001894a0       ?string@?1??PC_SourceError@@9@9 301e24a0     ui_shared.obj
 0003:0018a4a0       ?rect@?1??Item_CorrectedTextRect@@9@9 301e34a0     ui_shared.obj
 0003:0018a4b8       _GS_ExceptionRecord        301e34b8     LIBCMT:gs_report.obj
 0003:0018a508       _GS_ContextRecord          301e3508     LIBCMT:gs_report.obj
 0003:0018a7d4       _DebuggerWasPresent        301e37d4     LIBCMT:gs_report.obj
 0003:0018a7d8       ___proc_attached           301e37d8     LIBCMT:dllcrt0.obj
 0003:0018a7e4       __pmatherr_set             301e37e4     LIBCMT:libm_error.obj
 0003:0018a80c       _fSystemSet                301e380c     LIBCMT:mbctype.obj
 0003:0018a950       ?_pgmname@?1??_setargv@@9@9 301e3950     LIBCMT:stdargv.obj
 0003:0018aa60       _lclcritsects              301e3a60     LIBCMT:mlock.obj
 0003:0018abbc       ___enable_percent_n        301e3bbc     LIBCMT:printf.obj
 0003:0018abc0       ___crtCallProc             301e3bc0     LIBCMT:winapinls.obj
 0003:0018abd0       ?outmsg@?8??_NMSG_WRITE@@9@9 301e3bd0     LIBCMT:crt0msg.obj
 0003:0018b204       _g_pfnRtlGenRandom         301e4204     LIBCMT:rand_s.obj
 0003:0018b208       _ctrlc_action              301e4208     LIBCMT:winsig.obj
 0003:0018b20c       _ctrlbreak_action          301e420c     LIBCMT:winsig.obj
 0003:0018b210       _abort_action              301e4210     LIBCMT:winsig.obj
 0003:0018b214       _term_action               301e4214     LIBCMT:winsig.obj
 0003:0018b218       _ConsoleCtrlHandler_Installed 301e4218     LIBCMT:winsig.obj
 0003:0018b22c       ?pfnMessageBox@?1??__crtMessageBoxW@@9@9 301e422c     LIBCMT:crtmboxw.obj
 0003:0018b230       ?pfnGetActiveWindow@?1??__crtMessageBoxW@@9@9 301e4230     LIBCMT:crtmboxw.obj
 0003:0018b234       ?pfnGetLastActivePopup@?1??__crtMessageBoxW@@9@9 301e4234     LIBCMT:crtmboxw.obj
 0003:0018b238       ?pfnGetProcessWindowStation@?1??__crtMessageBoxW@@9@9 301e4238     LIBCMT:crtmboxw.obj
 0003:0018b23c       ?pfnGetUserObjectInformation@?1??__crtMessageBoxW@@9@9 301e423c     LIBCMT:crtmboxw.obj
 0004:00000060       $R000000                   30588060     * linker generated manifest res *
