 uix86

 Timestamp is 51f1958d (Thu Jul 25 16:15:57 2013)

 Preferred load address is 40000000

 Start         Length     Name                   Class
 0001:00000000 000296b4H .text                   CODE
 0002:00000000 00000104H .idata$5                DATA
 0002:00000104 00000004H .CRT$XCA                DATA
 0002:00000108 00000004H .CRT$XCZ                DATA
 0002:0000010c 00000004H .CRT$XIA                DATA
 0002:00000110 00000014H .CRT$XIC                DATA
 0002:00000124 00000004H .CRT$XIZ                DATA
 0002:00000128 00000004H .CRT$XPA                DATA
 0002:0000012c 00000008H .CRT$XPX                DATA
 0002:00000134 00000004H .CRT$XPXA               DATA
 0002:00000138 00000004H .CRT$XPZ                DATA
 0002:0000013c 00000004H .CRT$XTA                DATA
 0002:00000140 00000004H .CRT$XTZ                DATA
 0002:00000150 0000d8d0H .rdata                  DATA
 0002:0000da20 0000000cH .rdata$sxdata           DATA
 0002:0000da2c 00000004H .rtc$IAA                DATA
 0002:0000da30 00000004H .rtc$IZZ                DATA
 0002:0000da34 00000004H .rtc$TAA                DATA
 0002:0000da38 00000004H .rtc$TZZ                DATA
 0002:0000da40 00000314H .xdata$x                DATA
 0002:0000dd54 00000014H .idata$2                DATA
 0002:0000dd68 00000014H .idata$3                DATA
 0002:0000dd7c 00000104H .idata$4                DATA
 0002:0000de80 000004b4H .idata$6                DATA
 0002:0000e340 00000056H .edata                  DATA
 0003:00000000 000037acH .data                   DATA
 0003:000037c0 001bc8e0H .bss                    DATA
 0004:00000000 00000058H .rsrc$01                DATA
 0004:00000060 00000180H .rsrc$02                DATA

  Address         Publics by Value              Rva+Base       Lib:Object

 0000:00000000       __except_list              00000000     <absolute>
 0000:00000003       ___safe_se_handler_count   00000003     <absolute>
 0000:00000000       ___ImageBase               40000000     <linker-defined>
 0001:00000000       _AngleMod                  40001000 f   q_math.obj
 0001:00000040       _AngleSubtract             40001040 f   q_math.obj
 0001:000000a0       _AngleVectors              400010a0 f   q_math.obj
 0001:00000260       _AnglesSubtract            40001260 f   q_math.obj
 0001:000002d0       _AnglesToAxis              400012d0 f   q_math.obj
 0001:00000330       _AxisClear                 40001330 f   q_math.obj
 0001:00000380       _MatrixMultiply            40001380 f   q_math.obj
 0001:00000510       _Q_fabs                    40001510 f   q_math.obj
 0001:00000520       _COM_Compress              40001520 f   q_shared.obj
 0001:00000630       _COM_Parse                 40001630 f   q_shared.obj
 0001:00000650       _COM_ParseExt              40001650 f   q_shared.obj
 0001:000007b0       _COM_StripExtension        400017b0 f   q_shared.obj
 0001:000007e0       _Com_Clamp                 400017e0 f   q_shared.obj
 0001:00000810       _Com_sprintf               40001810 f   q_shared.obj
 0001:000008a0       _Info_RemoveKey            400018a0 f   q_shared.obj
 0001:000009b0       _Info_SetValueForKey       400019b0 f   q_shared.obj
 0001:00000b60       _Info_ValueForKey          40001b60 f   q_shared.obj
 0001:00000c80       _Q_CleanStr                40001c80 f   q_shared.obj
 0001:00000cd0       _Q_strcat                  40001cd0 f   q_shared.obj
 0001:00000d20       _Q_stricmp                 40001d20 f   q_shared.obj
 0001:00000d50       _Q_stricmpn                40001d50 f   q_shared.obj
 0001:00000dd0       _Q_strncpyz                40001dd0 f   q_shared.obj
 0001:00000e30       _Q_strupr                  40001e30 f   q_shared.obj
 0001:00000eb0       _va                        40001eb0 f   q_shared.obj
 0001:00000ef0       _Com_Error                 40001ef0 f   ui_atoms.obj
 0001:00000f40       _Com_Printf                40001f40 f   ui_atoms.obj
 0001:00000f90       _UI_AdjustFrom640          40001f90 f   ui_atoms.obj
 0001:00000ff0       _UI_Argv                   40001ff0 f   ui_atoms.obj
 0001:00001430       _UI_ClearScores            40002430 f   ui_atoms.obj
 0001:00001530       _UI_ConsoleCommand         40002530 f   ui_atoms.obj
 0001:000016e0       _UI_Cvar_VariableString    400026e0 f   ui_atoms.obj
 0001:00001700       _UI_DrawHandlePic          40002700 f   ui_atoms.obj
 0001:00001800       _UI_FillRect               40002800 f   ui_atoms.obj
 0001:00001890       _UI_LoadBestScores         40002890 f   ui_atoms.obj
 0001:000019b0       _UI_SetBestScores          400029b0 f   ui_atoms.obj
 0001:00001cd0       _UI_SetColor               40002cd0 f   ui_atoms.obj
 0001:00001ce0       _UI_GetBotInfoByNumber     40002ce0 f   ui_gameinfo.obj
 0001:00001d20       _UI_GetBotNameByNumber     40002d20 f   ui_gameinfo.obj
 0001:00001d50       _UI_GetNumBots             40002d50 f   ui_gameinfo.obj
 0001:00001d90       _UI_LoadArenas             40002d90 f   ui_gameinfo.obj
 0001:000021e0       _UI_LoadBots               400031e0 f   ui_gameinfo.obj
 0001:00002430       _UI_ParseInfos             40003430 f   ui_gameinfo.obj
 0001:00002790       _AssetCache                40003790 f   ui_main.obj
 0001:000028e0       _Asset_Parse               400038e0 f   ui_main.obj
 0001:00003110       _GetMenuBuffer             40004110 f   ui_main.obj
 0001:000031c0       _Load_Menu                 400041c0 f   ui_main.obj
 0001:00003660       _Text_Height               40004660 f   ui_main.obj
 0001:00003720       _Text_Paint                40004720 f   ui_main.obj
 0001:000039f0       _Text_PaintCenter          400049f0 f   ui_main.obj
 0001:00003a60       _Text_PaintCenter_AutoWrapped 40004a60 f   ui_main.obj
 0001:00003be0       _Text_PaintChar            40004be0 f   ui_main.obj
 0001:00003c90       _Text_PaintWithCursor      40004c90 f   ui_main.obj
 0001:000042f0       _Text_Width                400052f0 f   ui_main.obj
 0001:00005d50       _UI_DrawConnectScreen      40006d50 f   ui_main.obj
 0001:00009080       _UI_Load                   4000a080 f   ui_main.obj
 0001:00009250       _UI_LoadMenus              4000a250 f   ui_main.obj
 0001:00009510       _UI_LoadNonIngame          4000a510 f   ui_main.obj
 0001:0000a7e0       _UI_ParseMenu              4000b7e0 f   ui_main.obj
 0001:0000ad00       _UI_RegisterCvars          4000bd00 f   ui_main.obj
 0001:0000ad90       _UI_Report                 4000bd90 f   ui_main.obj
 0001:0000c5d0       _UI_ServersSort            4000d5d0 f   ui_main.obj
 0001:0000c6f0       _UI_ShowPostGame           4000d6f0 f   ui_main.obj
 0001:0000da00       _UI_UpdateCvars            4000ea00 f   ui_main.obj
 0001:0000da60       _UI_hasSkinForBase         4000ea60 f   ui_main.obj
 0001:0000db00       __UI_DrawRect              4000eb00 f   ui_main.obj
 0001:0000db90       __UI_DrawSides             4000eb90 f   ui_main.obj
 0001:0000dc80       __UI_DrawTopBottom         4000ec80 f   ui_main.obj
 0001:0000dda0       __UI_Init                  4000eda0 f   ui_main.obj
 0001:0000e200       __UI_IsFullscreen          4000f200 f   ui_main.obj
 0001:0000e210       __UI_KeyEvent              4000f210 f   ui_main.obj
 0001:0000e290       __UI_MouseEvent            4000f290 f   ui_main.obj
 0001:0000e300       __UI_Refresh               4000f300 f   ui_main.obj
 0001:0000e400       __UI_SetActiveMenu         4000f400 f   ui_main.obj
 0001:0000e5c0       __UI_Shutdown              4000f5c0 f   ui_main.obj
 0001:0000e660       _vmMain                    4000f660 f   ui_main.obj
 0001:0000e740       _UI_DrawPlayer             4000f740 f   ui_players.obj
 0001:0000f160       _UI_MachinegunSpinAngle    40010160 f   ui_players.obj
 0001:0000fa30       _UI_PlayerInfo_SetInfo     40010a30 f   ui_players.obj
 0001:0000fcb0       _UI_PlayerInfo_SetModel    40010cb0 f   ui_players.obj
 0001:000102c0       _UI_RegisterClientModelname 400112c0 f   ui_players.obj
 0001:00010c80       _MenuParse_border          40011c80 f   ui_shared.obj
 0001:00010c80       _ItemParse_border          40011c80 f   ui_shared.obj
 0001:00010ca0       _ItemParse_ownerdraw       40011ca0 f   ui_shared.obj
 0001:00010cd0       _ItemParse_textalign       40011cd0 f   ui_shared.obj
 0001:00010cf0       _Script_Show               40011cf0 f   ui_shared.obj
 0001:00010d30       _ItemParse_textaligny      40011d30 f   ui_shared.obj
 0001:00010d50       _Script_Hide               40011d50 f   ui_shared.obj
 0001:00010d90       _ItemParse_textscale       40011d90 f   ui_shared.obj
 0001:00010db0       _Script_FadeIn             40011db0 f   ui_shared.obj
 0001:00010df0       _ItemParse_textstyle       40011df0 f   ui_shared.obj
 0001:00010e10       _Script_FadeOut            40011e10 f   ui_shared.obj
 0001:00010e50       _ItemParse_backcolor       40011e50 f   ui_shared.obj
 0001:00010ea0       _Script_Open               40011ea0 f   ui_shared.obj
 0001:00010ed0       _ItemParse_forecolor       40011ed0 f   ui_shared.obj
 0001:00010f30       _Script_ConditionalOpen    40011f30 f   ui_shared.obj
 0001:00010fc0       _ItemParse_bordercolor     40011fc0 f   ui_shared.obj
 0001:00011010       _Script_Close              40012010 f   ui_shared.obj
 0001:00011040       _ItemParse_background      40012040 f   ui_shared.obj
 0001:00011040       _MenuParse_background      40012040 f   ui_shared.obj
 0001:00011080       _MenuParse_cinematic       40012080 f   ui_shared.obj
 0001:00011080       _ItemParse_cinematic       40012080 f   ui_shared.obj
 0001:000110a0       _ItemParse_doubleClick     400120a0 f   ui_shared.obj
 0001:000110e0       _Script_Transition         400120e0 f   ui_shared.obj
 0001:000111a0       _ItemParse_onFocus         400121a0 f   ui_shared.obj
 0001:000111c0       _ItemParse_leaveFocus      400121c0 f   ui_shared.obj
 0001:000111e0       _ItemParse_mouseEnter      400121e0 f   ui_shared.obj
 0001:00011200       _ItemParse_mouseExit       40012200 f   ui_shared.obj
 0001:00011220       _ItemParse_mouseEnterText  40012220 f   ui_shared.obj
 0001:00011240       _Script_Orbit              40012240 f   ui_shared.obj
 0001:00011310       _ItemParse_mouseExitText   40012310 f   ui_shared.obj
 0001:00011330       _ItemParse_action          40012330 f   ui_shared.obj
 0001:00011350       _Script_SetFocus           40012350 f   ui_shared.obj
 0001:000113d0       _Script_SetPlayerModel     400123d0 f   ui_shared.obj
 0001:00011400       _ItemParse_cvarTest        40012400 f   ui_shared.obj
 0001:00011420       _ItemParse_cvar            40012420 f   ui_shared.obj
 0001:00011470       _Script_SetPlayerHead      40012470 f   ui_shared.obj
 0001:000114a0       _ItemParse_maxChars        400124a0 f   ui_shared.obj
 0001:000114f0       _Script_SetCvar            400124f0 f   ui_shared.obj
 0001:00011540       _Script_Exec               40012540 f   ui_shared.obj
 0001:00011580       _ItemParse_maxPaintChars   40012580 f   ui_shared.obj
 0001:000115d0       _Script_Play               400125d0 f   ui_shared.obj
 0001:00011610       _ItemParse_cvarFloat       40012610 f   ui_shared.obj
 0001:00011690       _Script_playLooped         40012690 f   ui_shared.obj
 0001:000116d0       _ItemParse_cvarStrList     400126d0 f   ui_shared.obj
 0001:00011810       _ItemParse_cvarFloatList   40012810 f   ui_shared.obj
 0001:00011940       _ItemParse_addColorRange   40012940 f   ui_shared.obj
 0001:000119f0       _MenuParse_ownerdrawFlag   400129f0 f   ui_shared.obj
 0001:000119f0       _ItemParse_ownerdrawFlag   400129f0 f   ui_shared.obj
 0001:00011a20       _ItemParse_enableCvar      40012a20 f   ui_shared.obj
 0001:00011a60       _ItemParse_disableCvar     40012a60 f   ui_shared.obj
 0001:00011aa0       _ItemParse_showCvar        40012aa0 f   ui_shared.obj
 0001:00011ae0       _ItemParse_hideCvar        40012ae0 f   ui_shared.obj
 0001:00011b20       _MenuParse_font            40012b20 f   ui_shared.obj
 0001:00011b80       _MenuParse_name            40012b80 f   ui_shared.obj
 0001:00011bc0       _MenuParse_fullscreen      40012bc0 f   ui_shared.obj
 0001:00011be0       _MenuParse_rect            40012be0 f   ui_shared.obj
 0001:00011c00       _MenuParse_style           40012c00 f   ui_shared.obj
 0001:00011c00       _ItemParse_style           40012c00 f   ui_shared.obj
 0001:00011c20       _ItemParse_visible         40012c20 f   ui_shared.obj
 0001:00011c20       _MenuParse_visible         40012c20 f   ui_shared.obj
 0001:00011c60       _MenuParse_onOpen          40012c60 f   ui_shared.obj
 0001:00011c80       _MenuParse_onClose         40012c80 f   ui_shared.obj
 0001:00011ca0       _MenuParse_onESC           40012ca0 f   ui_shared.obj
 0001:00011cc0       _ItemParse_bordersize      40012cc0 f   ui_shared.obj
 0001:00011cc0       _MenuParse_borderSize      40012cc0 f   ui_shared.obj
 0001:00011ce0       _MenuParse_backcolor       40012ce0 f   ui_shared.obj
 0001:00011d30       _MenuParse_forecolor       40012d30 f   ui_shared.obj
 0001:00011d80       _MenuParse_bordercolor     40012d80 f   ui_shared.obj
 0001:00011dd0       _MenuParse_focuscolor      40012dd0 f   ui_shared.obj
 0001:00011e20       _MenuParse_disablecolor    40012e20 f   ui_shared.obj
 0001:00011e70       _MenuParse_outlinecolor    40012e70 f   ui_shared.obj
 0001:00011e70       _ItemParse_outlinecolor    40012e70 f   ui_shared.obj
 0001:00011e90       _MenuParse_ownerdraw       40012e90 f   ui_shared.obj
 0001:00011eb0       _MenuParse_popup           40012eb0 f   ui_shared.obj
 0001:00011ed0       _MenuParse_outOfBounds     40012ed0 f   ui_shared.obj
 0001:00011ef0       _MenuParse_fadeClamp       40012ef0 f   ui_shared.obj
 0001:00011f10       _MenuParse_fadeAmount      40012f10 f   ui_shared.obj
 0001:00011f10       _ItemParse_textalignx      40012f10 f   ui_shared.obj
 0001:00011f30       _ItemParse_align           40012f30 f   ui_shared.obj
 0001:00011f30       _MenuParse_fadeCycle       40012f30 f   ui_shared.obj
 0001:00011f50       _MenuParse_itemDef         40012f50 f   ui_shared.obj
 0001:00011fe0       _ItemParse_name            40012fe0 f   ui_shared.obj
 0001:00012000       _ItemParse_focusSound      40013000 f   ui_shared.obj
 0001:00012050       _MenuParse_soundLoop       40013050 f   ui_shared.obj
 0001:00012050       _ItemParse_text            40013050 f   ui_shared.obj
 0001:00012070       _ItemParse_group           40013070 f   ui_shared.obj
 0001:00012090       _ItemParse_asset_model     40013090 f   ui_shared.obj
 0001:000120f0       _ItemParse_asset_shader    400130f0 f   ui_shared.obj
 0001:00012130       _ItemParse_model_origin    40013130 f   ui_shared.obj
 0001:00012190       _ItemParse_elementwidth    40013190 f   ui_shared.obj
 0001:00012190       _ItemParse_model_fovx      40013190 f   ui_shared.obj
 0001:000121c0       _ItemParse_elementheight   400131c0 f   ui_shared.obj
 0001:000121c0       _ItemParse_model_fovy      400131c0 f   ui_shared.obj
 0001:000121f0       _ItemParse_model_rotation  400131f0 f   ui_shared.obj
 0001:00012220       _Script_SetColor           40013220 f   ui_shared.obj
 0001:000122d0       _ItemParse_model_angle     400132d0 f   ui_shared.obj
 0001:00012300       _ItemParse_rect            40013300 f   ui_shared.obj
 0001:00012320       _Script_SetAsset           40013320 f   ui_shared.obj
 0001:00012340       _ItemParse_decoration      40013340 f   ui_shared.obj
 0001:00012360       _Script_SetBackground      40013360 f   ui_shared.obj
 0001:000123a0       _ItemParse_notselectable   400133a0 f   ui_shared.obj
 0001:000123e0       _ItemParse_wrapped         400133e0 f   ui_shared.obj
 0001:00012400       _ItemParse_autowrapped     40013400 f   ui_shared.obj
 0001:00012420       _ItemParse_horizontalscroll 40013420 f   ui_shared.obj
 0001:00012440       _Script_SetTeamColor       40013440 f   ui_shared.obj
 0001:000124b0       _ItemParse_type            400134b0 f   ui_shared.obj
 0001:000124f0       _Script_SetItemColor       400134f0 f   ui_shared.obj
 0001:00012610       _ItemParse_special         40013610 f   ui_shared.obj
 0001:00012610       _ItemParse_feeder          40013610 f   ui_shared.obj
 0001:00012630       _ItemParse_elementtype     40013630 f   ui_shared.obj
 0001:00012670       _ItemParse_columns         40013670 f   ui_shared.obj
 0001:00012730       _AdjustFrom640             40013730 f   ui_shared.obj
 0001:00012790       _BindingFromName           40013790 f   ui_shared.obj
 0001:00012880       _BindingIDFromName         40013880 f   ui_shared.obj
 0001:000128c0       _Color_Parse               400138c0 f   ui_shared.obj
 0001:00012910       _Controls_GetConfig        40013910 f   ui_shared.obj
 0001:000129f0       _Controls_SetConfig        400139f0 f   ui_shared.obj
 0001:00012a50       _Controls_SetDefaults      40013a50 f   ui_shared.obj
 0001:00012a70       _Display_CacheAll          40013a70 f   ui_shared.obj
 0001:00012ad0       _Display_KeyBindPending    40013ad0 f   ui_shared.obj
 0001:00012ae0       _Display_MouseMove         40013ae0 f   ui_shared.obj
 0001:00012be0       _Display_VisibleMenuCount  40013be0 f   ui_shared.obj
 0001:00012c10       _Fade                      40013c10 f   ui_shared.obj
 0001:00012c90       _Float_Parse               40013c90 f   ui_shared.obj
 0001:00012cd0       _GradientBar_Paint         40013cd0 f   ui_shared.obj
 0001:00012d40       _Init_Display              40013d40 f   ui_shared.obj
 0001:00012d50       _Int_Parse                 40013d50 f   ui_shared.obj
 0001:00012d90       _IsVisible                 40013d90 f   ui_shared.obj
 0001:00012db0       _Item_Action               40013db0 f   ui_shared.obj
 0001:00012de0       _Item_Bind_HandleKey       40013de0 f   ui_shared.obj
 0001:00013030       _Item_Bind_Paint           40014030 f   ui_shared.obj
 0001:000132d0       _Item_EnableShowViaCvar    400142d0 f   ui_shared.obj
 0001:00013440       _Item_HandleKey            40014440 f   ui_shared.obj
 0001:00013560       _Item_Init                 40014560 f   ui_shared.obj
 0001:00013590       _Item_InitControls         40014590 f   ui_shared.obj
 0001:000135d0       _Item_ListBox_HandleKey    400145d0 f   ui_shared.obj
 0001:00013980       _Item_ListBox_MaxScroll    40014980 f   ui_shared.obj
 0001:000139f0       _Item_ListBox_MouseEnter   400149f0 f   ui_shared.obj
 0001:00013ba0       _Item_ListBox_OverLB       40014ba0 f   ui_shared.obj
 0001:00013f10       _Item_ListBox_Paint        40014f10 f   ui_shared.obj
 0001:000148d0       _Item_ListBox_ThumbDrawPosition 400158d0 f   ui_shared.obj
 0001:000149c0       _Item_ListBox_ThumbPosition 400159c0 f   ui_shared.obj
 0001:00014aa0       _Item_Model_Paint          40015aa0 f   ui_shared.obj
 0001:00014d90       _Item_MouseEnter           40015d90 f   ui_shared.obj
 0001:00014ed0       _Item_MouseLeave           40015ed0 f   ui_shared.obj
 0001:00014f10       _Item_Multi_CountSettings  40015f10 f   ui_shared.obj
 0001:00014f30       _Item_Multi_FindCvarByValue 40015f30 f   ui_shared.obj
 0001:00015040       _Item_Multi_HandleKey      40016040 f   ui_shared.obj
 0001:00015190       _Item_Multi_Paint          40016190 f   ui_shared.obj
 0001:00015360       _Item_Multi_Setting        40016360 f   ui_shared.obj
 0001:00015470       _Item_OwnerDraw_HandleKey  40016470 f   ui_shared.obj
 0001:000154b0       _Item_OwnerDraw_Paint      400164b0 f   ui_shared.obj
 0001:00015900       _Item_Paint                40016900 f   ui_shared.obj
 0001:00015d80       _Item_Parse                40016d80 f   ui_shared.obj
 0001:00015ea0       _Item_RunScript            40016ea0 f   ui_shared.obj
 0001:00015fc0       _Item_SetFocus             40016fc0 f   ui_shared.obj
 0001:00016160       _Item_SetMouseOver         40017160 f   ui_shared.obj
 0001:00016180       _Item_SetScreenCoords      40017180 f   ui_shared.obj
 0001:000161f0       _Item_SetTextExtents       400171f0 f   ui_shared.obj
 0001:00016400       _Item_SetupKeywordHash     40017400 f   ui_shared.obj
 0001:00016450       _Item_Slider_HandleKey     40017450 f   ui_shared.obj
 0001:000165e0       _Item_Slider_OverSlider    400175e0 f   ui_shared.obj
 0001:00016660       _Item_Slider_Paint         40017660 f   ui_shared.obj
 0001:00016880       _Item_Slider_ThumbPosition 40017880 f   ui_shared.obj
 0001:00016940       _Item_StartCapture         40017940 f   ui_shared.obj
 0001:00016b20       _Item_TextColor            40017b20 f   ui_shared.obj
 0001:00016d40       _Item_TextField_HandleKey  40017d40 f   ui_shared.obj
 0001:00017180       _Item_TextField_Paint      40018180 f   ui_shared.obj
 0001:00017440       _Item_Text_AutoWrapped_Paint 40018440 f   ui_shared.obj
 0001:000176e0       _Item_Text_Paint           400186e0 f   ui_shared.obj
 0001:00017800       _Item_Text_Wrapped_Paint   40018800 f   ui_shared.obj
 0001:000179f0       _Item_UpdatePosition       400189f0 f   ui_shared.obj
 0001:00017a40       _Item_ValidateTypeData     40018a40 f   ui_shared.obj
 0001:00017b20       _Item_YesNo_HandleKey      40018b20 f   ui_shared.obj
 0001:00017bf0       _Item_YesNo_Paint          40018bf0 f   ui_shared.obj
 0001:00017e20       _KeywordHash_Add           40018e20 f   ui_shared.obj
 0001:00017e50       _KeywordHash_Find          40018e50 f   ui_shared.obj
 0001:00017ea0       _KeywordHash_Key           40018ea0 f   ui_shared.obj
 0001:00017ef0       _LerpColor                 40018ef0 f   ui_shared.obj
 0001:00018040       _Menu_ClearFocus           40019040 f   ui_shared.obj
 0001:00018120       _Menu_Count                40019120 f   ui_shared.obj
 0001:00018130       _Menu_FadeItemByName       40019130 f   ui_shared.obj
 0001:00018190       _Menu_FindItemByName       40019190 f   ui_shared.obj
 0001:000181f0       _Menu_GetFocused           400191f0 f   ui_shared.obj
 0001:00018230       _Menu_GetMatchingItemByNumber 40019230 f   ui_shared.obj
 0001:000182b0       _Menu_HandleKey            400192b0 f   ui_shared.obj
 0001:000187d0       _Menu_HandleMouseMove      400197d0 f   ui_shared.obj
 0001:000189a0       _Menu_Init                 400199a0 f   ui_shared.obj
 0001:00018a00       _Menu_ItemsMatchingGroup   40019a00 f   ui_shared.obj
 0001:00018a70       _Menu_New                  40019a70 f   ui_shared.obj
 0001:00018ac0       _Menu_OrbitItemByName      40019ac0 f   ui_shared.obj
 0001:00018c40       _Menu_Paint                40019c40 f   ui_shared.obj
 0001:00018dc0       _Menu_PaintAll             40019dc0 f   ui_shared.obj
 0001:00018ea0       _Menu_Parse                40019ea0 f   ui_shared.obj
 0001:00018fe0       _Menu_PostParse            40019fe0 f   ui_shared.obj
 0001:00019020       _Menu_Reset                4001a020 f   ui_shared.obj
 0001:00019080       _Menu_SetFeederSelection   4001a080 f   ui_shared.obj
 0001:00019150       _Menu_SetNextCursorItem    4001a150 f   ui_shared.obj
 0001:00019250       _Menu_SetPrevCursorItem    4001a250 f   ui_shared.obj
 0001:00019350       _Menu_SetupKeywordHash     4001a350 f   ui_shared.obj
 0001:000193a0       _Menu_ShowItemByName       4001a3a0 f   ui_shared.obj
 0001:00019410       _Menu_TransitionItemByName 4001a410 f   ui_shared.obj
 0001:00019530       _Menu_UpdatePosition       4001a530 f   ui_shared.obj
 0001:000195d0       _Menus_Activate            4001a5d0 f   ui_shared.obj
 0001:00019640       _Menus_ActivateByName      4001a640 f   ui_shared.obj
 0001:000196d0       _Menus_AnyFullScreenVisible 4001a6d0 f   ui_shared.obj
 0001:00019700       _Menus_CloseAll            4001a700 f   ui_shared.obj
 0001:00019740       _Menus_CloseByName         4001a740 f   ui_shared.obj
 0001:00019770       _Menus_FindByName          4001a770 f   ui_shared.obj
 0001:000197c0       _Menus_HandleOOBClick      4001a7c0 f   ui_shared.obj
 0001:000198c0       _Menus_OpenByName          4001a8c0 f   ui_shared.obj
 0001:000198d0       _PC_Color_Parse            4001a8d0 f   ui_shared.obj
 0001:00019920       _PC_Float_Parse            4001a920 f   ui_shared.obj
 0001:000199e0       _PC_Int_Parse              4001a9e0 f   ui_shared.obj
 0001:00019a90       _PC_Rect_Parse             4001aa90 f   ui_shared.obj
 0001:00019af0       _PC_Script_Parse           4001aaf0 f   ui_shared.obj
 0001:00019c40       _PC_SourceError            4001ac40 f   ui_shared.obj
 0001:00019cc0       _PC_String_Parse           4001acc0 f   ui_shared.obj
 0001:00019d30       _Rect_ContainsPoint        4001ad30 f   ui_shared.obj
 0001:00019d80       _Rect_Parse                4001ad80 f   ui_shared.obj
 0001:0001a140       _String_Alloc              4001b140 f   ui_shared.obj
 0001:0001a250       _String_Init               4001b250 f   ui_shared.obj
 0001:0001a2a0       _String_Parse              4001b2a0 f   ui_shared.obj
 0001:0001a2e0       _String_Report             4001b2e0 f   ui_shared.obj
 0001:0001a370       _ToWindowCoords            4001b370 f   ui_shared.obj
 0001:0001a3c0       _UI_Alloc                  4001b3c0 f   ui_shared.obj
 0001:0001a420       _UI_InitMemory             4001b420 f   ui_shared.obj
 0001:0001a440       _UI_OutOfMemory            4001b440 f   ui_shared.obj
 0001:0001a4e0       _Window_Init               4001b4e0 f   ui_shared.obj
 0001:0001a530       _Window_Paint              4001b530 f   ui_shared.obj
 0001:0001aaf0       _PASSFLOAT                 4001baf0 f   ui_syscalls.obj
 0001:0001ab10       _dllEntry                  4001bb10 f   ui_syscalls.obj
 0001:0001ab20       _trap_Argc                 4001bb20 f   ui_syscalls.obj
 0001:0001ab30       _trap_Argv                 4001bb30 f   ui_syscalls.obj
 0001:0001ab50       _trap_CIN_DrawCinematic    4001bb50 f   ui_syscalls.obj
 0001:0001ab70       _trap_CIN_PlayCinematic    4001bb70 f   ui_syscalls.obj
 0001:0001aba0       _trap_CIN_RunCinematic     4001bba0 f   ui_syscalls.obj
 0001:0001abc0       _trap_CIN_SetExtents       4001bbc0 f   ui_syscalls.obj
 0001:0001abe0       _trap_CIN_StopCinematic    4001bbe0 f   ui_syscalls.obj
 0001:0001ac00       _trap_CM_LerpTag           4001bc00 f   ui_syscalls.obj
 0001:0001ac40       _trap_Cmd_ExecuteText      4001bc40 f   ui_syscalls.obj
 0001:0001ac60       _trap_Cvar_Register        4001bc60 f   ui_syscalls.obj
 0001:0001ac80       _trap_Cvar_Set             4001bc80 f   ui_syscalls.obj
 0001:0001aca0       _trap_Cvar_SetValue        4001bca0 f   ui_syscalls.obj
 0001:0001acd0       _trap_Cvar_Update          4001bcd0 f   ui_syscalls.obj
 0001:0001acf0       _trap_Cvar_VariableStringBuffer 4001bcf0 f   ui_syscalls.obj
 0001:0001ad10       _trap_Cvar_VariableValue   4001bd10 f   ui_syscalls.obj
 0001:0001ad30       _trap_Error                4001bd30 f   ui_syscalls.obj
 0001:0001ad50       _trap_FS_FCloseFile        4001bd50 f   ui_syscalls.obj
 0001:0001ad70       _trap_FS_FOpenFile         4001bd70 f   ui_syscalls.obj
 0001:0001ad90       _trap_FS_GetFileList       4001bd90 f   ui_syscalls.obj
 0001:0001adb0       _trap_FS_Read              4001bdb0 f   ui_syscalls.obj
 0001:0001add0       _trap_FS_Write             4001bdd0 f   ui_syscalls.obj
 0001:0001adf0       _trap_GetCDKey             4001bdf0 f   ui_syscalls.obj
 0001:0001ae10       _trap_GetClientState       4001be10 f   ui_syscalls.obj
 0001:0001ae30       _trap_GetConfigString      4001be30 f   ui_syscalls.obj
 0001:0001ae50       _trap_GetGlconfig          4001be50 f   ui_syscalls.obj
 0001:0001ae70       _trap_Key_ClearStates      4001be70 f   ui_syscalls.obj
 0001:0001ae80       _trap_Key_GetBindingBuf    4001be80 f   ui_syscalls.obj
 0001:0001aea0       _trap_Key_GetCatcher       4001bea0 f   ui_syscalls.obj
 0001:0001aeb0       _trap_Key_GetOverstrikeMode 4001beb0 f   ui_syscalls.obj
 0001:0001aec0       _trap_Key_KeynumToStringBuf 4001bec0 f   ui_syscalls.obj
 0001:0001aee0       _trap_Key_SetBinding       4001bee0 f   ui_syscalls.obj
 0001:0001af00       _trap_Key_SetCatcher       4001bf00 f   ui_syscalls.obj
 0001:0001af20       _trap_Key_SetOverstrikeMode 4001bf20 f   ui_syscalls.obj
 0001:0001af40       _trap_LAN_AddServer        4001bf40 f   ui_syscalls.obj
 0001:0001af60       _trap_LAN_CompareServers   4001bf60 f   ui_syscalls.obj
 0001:0001af80       _trap_LAN_GetServerAddressString 4001bf80 f   ui_syscalls.obj
 0001:0001afa0       _trap_LAN_GetServerCount   4001bfa0 f   ui_syscalls.obj
 0001:0001afc0       _trap_LAN_GetServerInfo    4001bfc0 f   ui_syscalls.obj
 0001:0001afe0       _trap_LAN_GetServerPing    4001bfe0 f   ui_syscalls.obj
 0001:0001b000       _trap_LAN_LoadCachedServers 4001c000 f   ui_syscalls.obj
 0001:0001b010       _trap_LAN_MarkServerVisible 4001c010 f   ui_syscalls.obj
 0001:0001b030       _trap_LAN_RemoveServer     4001c030 f   ui_syscalls.obj
 0001:0001b050       _trap_LAN_ResetPings       4001c050 f   ui_syscalls.obj
 0001:0001b070       _trap_LAN_SaveCachedServers 4001c070 f   ui_syscalls.obj
 0001:0001b080       _trap_LAN_ServerIsVisible  4001c080 f   ui_syscalls.obj
 0001:0001b0a0       _trap_LAN_ServerStatus     4001c0a0 f   ui_syscalls.obj
 0001:0001b0c0       _trap_LAN_UpdateVisiblePings 4001c0c0 f   ui_syscalls.obj
 0001:0001b0e0       _trap_Milliseconds         4001c0e0 f   ui_syscalls.obj
 0001:0001b0f0       _trap_PC_FreeSource        4001c0f0 f   ui_syscalls.obj
 0001:0001b110       _trap_PC_LoadSource        4001c110 f   ui_syscalls.obj
 0001:0001b130       _trap_PC_ReadToken         4001c130 f   ui_syscalls.obj
 0001:0001b150       _trap_PC_SourceFileAndLine 4001c150 f   ui_syscalls.obj
 0001:0001b170       _trap_Print                4001c170 f   ui_syscalls.obj
 0001:0001b190       _trap_R_AddLightToScene    4001c190 f   ui_syscalls.obj
 0001:0001b200       _trap_R_AddRefEntityToScene 4001c200 f   ui_syscalls.obj
 0001:0001b220       _trap_R_ClearScene         4001c220 f   ui_syscalls.obj
 0001:0001b230       _trap_R_DrawStretchPic     4001c230 f   ui_syscalls.obj
 0001:0001b2f0       _trap_R_ModelBounds        4001c2f0 f   ui_syscalls.obj
 0001:0001b310       _trap_R_RegisterFont       4001c310 f   ui_syscalls.obj
 0001:0001b330       _trap_R_RegisterModel      4001c330 f   ui_syscalls.obj
 0001:0001b350       _trap_R_RegisterShaderNoMip 4001c350 f   ui_syscalls.obj
 0001:0001b370       _trap_R_RegisterSkin       4001c370 f   ui_syscalls.obj
 0001:0001b390       _trap_R_RemapShader        4001c390 f   ui_syscalls.obj
 0001:0001b3b0       _trap_R_RenderScene        4001c3b0 f   ui_syscalls.obj
 0001:0001b3d0       _trap_R_SetColor           4001c3d0 f   ui_syscalls.obj
 0001:0001b3f0       _trap_RealTime             4001c3f0 f   ui_syscalls.obj
 0001:0001b410       _trap_S_RegisterSound      4001c410 f   ui_syscalls.obj
 0001:0001b430       _trap_S_StartBackgroundTrack 4001c430 f   ui_syscalls.obj
 0001:0001b450       _trap_S_StartLocalSound    4001c450 f   ui_syscalls.obj
 0001:0001b470       _trap_S_StopBackgroundTrack 4001c470 f   ui_syscalls.obj
 0001:0001b480       _trap_SetCDKey             4001c480 f   ui_syscalls.obj
 0001:0001b4a0       _trap_SetPbClStatus        4001c4a0 f   ui_syscalls.obj
 0001:0001b4c0       _trap_VerifyCDKey          4001c4c0 f   ui_syscalls.obj
 0001:0001b4d6       @__security_check_cookie@4 4001c4d6 f   LIBCMT:secchk.obj
 0001:0001b4f0       __libm_sse2_cos_precise    4001c4f0 f   LIBCMT:cos_sse2_precise.obj
 0001:0001b6b0       __libm_sse2_sin_precise    4001c6b0 f   LIBCMT:sin_sse2_precise.obj
 0001:0001b878       __fpmath                   4001c878 f   LIBCMT:fpinit.obj
 0001:0001b88f       __cfltcvt_init             4001c88f f   LIBCMT:fpinit.obj
 0001:0001b8f0       _atan2                     4001c8f0 f   LIBCMT:87ctriga.obj
 0001:0001b8fa       __CIatan2                  4001c8fa f   LIBCMT:87ctriga.obj
 0001:0001b910       __libm_sse2_sqrt_precise   4001c910 f   LIBCMT:sqrt_sse2_precise.obj
 0001:0001ba10       ___raise_securityfailure   4001ca10 f   LIBCMT:gs_report.obj
 0001:0001ba4d       ___report_gsfailure        4001ca4d f   LIBCMT:gs_report.obj
 0001:0001bb46       ___report_rangecheckfailure 4001cb46 f   LIBCMT:gs_report.obj
 0001:0001bb52       ___report_securityfailure  4001cb52 f   LIBCMT:gs_report.obj
 0001:0001bc20       ??0_LocaleUpdate@@QAE@PAUlocaleinfo_struct@@@Z 4001cc20 f i LIBCMT:atof.obj
 0001:0001bca8       __atof_l                   4001cca8 f   LIBCMT:atof.obj
 0001:0001bd44       _atof                      4001cd44 f   LIBCMT:atof.obj
 0001:0001bd55       __vsprintf_l               4001cd55 f   LIBCMT:vsprintf.obj
 0001:0001bdd7       _vsprintf                  4001cdd7 f   LIBCMT:vsprintf.obj
 0001:0001bdf0       _strchr                    4001cdf0 f   LIBCMT:strchr.obj
 0001:0001be5e       ___from_strstr_to_strchr   4001ce5e     LIBCMT:strchr.obj
 0001:0001bf20       _strncpy                   4001cf20 f   LIBCMT:strncpy.obj
 0001:0001c044       __toupper_l                4001d044 f   LIBCMT:toupper.obj
 0001:0001c186       _toupper                   4001d186 f   LIBCMT:toupper.obj
 0001:0001c1b2       __tolower_l                4001d1b2 f   LIBCMT:tolower.obj
 0001:0001c2f3       _tolower                   4001d2f3 f   LIBCMT:tolower.obj
 0001:0001c320       __chkstk                   4001d320 f   LIBCMT:chkstk.obj
 0001:0001c320       __alloca_probe             4001d320     LIBCMT:chkstk.obj
 0001:0001c34b       _atoi                      4001d34b f   LIBCMT:atox.obj
 0001:0001c354       _atol                      4001d354 f   LIBCMT:atox.obj
 0001:0001c370       __ftol2_sse                4001d370 f   LIBCMT:ftol2.obj
 0001:0001c379       __ftol2_pentium4           4001d379 f   LIBCMT:ftol2.obj
 0001:0001c38c       __ftol2_sse_excpt          4001d38c f   LIBCMT:ftol2.obj
 0001:0001c3a6       __ftol2                    4001d3a6 f   LIBCMT:ftol2.obj
 0001:0001c420       _memset                    4001d420 f   LIBCMT:memset.obj
 0001:0001c4b0       _strstr                    4001d4b0 f   LIBCMT:strstr.obj
 0001:0001c720       _qsort                     4001d720 f   LIBCMT:qsort.obj
 0001:0001ca4c       _rand                      4001da4c f   LIBCMT:rand.obj
 0001:0001ca70       __libm_sse2_tan_precise    4001da70 f   LIBCMT:tan_sse2_precise.obj
 0001:0001cce0       _memmove                   4001dce0 f   LIBCMT:memmove.obj
 0001:0001d324       __CRT_INIT@12              4001e324 f   LIBCMT:dllcrt0.obj
 0001:0001d496       __DllMainCRTStartup@12     4001e496 f   LIBCMT:dllcrt0.obj
 0001:0001d5c7       ___DllXcptFilter           4001e5c7 f   LIBCMT:dllcrt0.obj
 0001:0001d5f0       _cos                       4001e5f0 f   LIBCMT:cos.obj
 0001:0001d630       __CIcos                    4001e630 f   LIBCMT:cos.obj
 0001:0001d66b       __CIcos_default            4001e66b f   LIBCMT:cos.obj
 0001:0001d67f       __cos_default              4001e67f     LIBCMT:cos.obj
 0001:0001d720       _sin                       4001e720 f   LIBCMT:sin.obj
 0001:0001d760       __CIsin                    4001e760 f   LIBCMT:sin.obj
 0001:0001d79b       __CIsin_default            4001e79b f   LIBCMT:sin.obj
 0001:0001d7af       __sin_default              4001e7af     LIBCMT:sin.obj
 0001:0001d849       __cfltcvt                  4001e849 f   LIBCMT:cvt.obj
 0001:0001d86a       __cfltcvt_l                4001e86a f   LIBCMT:cvt.obj
 0001:0001d8f0       __cftoa_l                  4001e8f0 f   LIBCMT:cvt.obj
 0001:0001dc4a       __cftoe                    4001ec4a f   LIBCMT:cvt.obj
 0001:0001ddb7       __cftoe_l                  4001edb7 f   LIBCMT:cvt.obj
 0001:0001df6d       __cftof_l                  4001ef6d f   LIBCMT:cvt.obj
 0001:0001e02c       __cftog_l                  4001f02c f   LIBCMT:cvt.obj
 0001:0001e129       __cropzeros                4001f129 f   LIBCMT:cvt.obj
 0001:0001e13a       __cropzeros_l              4001f13a f   LIBCMT:cvt.obj
 0001:0001e1b8       __fassign                  4001f1b8 f   LIBCMT:cvt.obj
 0001:0001e1d0       __fassign_l                4001f1d0 f   LIBCMT:cvt.obj
 0001:0001e210       __forcdecpt                4001f210 f   LIBCMT:cvt.obj
 0001:0001e221       __forcdecpt_l              4001f221 f   LIBCMT:cvt.obj
 0001:0001e293       __positive                 4001f293 f   LIBCMT:cvt.obj
 0001:0001e2d5       __setdefaultprecision      4001f2d5 f   LIBCMT:fp8.obj
 0001:0001e2fc       __initp_misc_cfltcvt_tab   4001f2fc f   LIBCMT:cmiscdat.obj
 0001:0001e33c       __fFATN2                   4001f33c     LIBCMT:87triga.obj
 0001:0001e38c       __rtpiby2                  4001f38c     LIBCMT:87triga.obj
 0001:0001e3d0       __cintrindisp2             4001f3d0 f   LIBCMT:87cdisp.obj
 0001:0001e40e       __cintrindisp1             4001f40e f   LIBCMT:87cdisp.obj
 0001:0001e44b       __ctrandisp2               4001f44b f   LIBCMT:87cdisp.obj
 0001:0001e5da       __ctrandisp1               4001f5da f   LIBCMT:87cdisp.obj
 0001:0001e60d       __fload                    4001f60d f   LIBCMT:87cdisp.obj
 0001:0001e649       ___libm_error_support      4001f649 f   LIBCMT:libm_error.obj
 0001:0001e940       __CIsqrt                   4001f940 f   LIBCMT:sqrt.obj
 0001:0001e954       _sqrt                      4001f954     LIBCMT:sqrt.obj
 0001:0001e9fa       __crt_debugger_hook        4001f9fa f   LIBCMT:dbghook.obj
 0001:0001ea02       ___crtFlsAlloc             4001fa02 f   LIBCMT:winapisupp.obj
 0001:0001ea20       ___crtFlsFree              4001fa20 f   LIBCMT:winapisupp.obj
 0001:0001ea3f       ___crtFlsGetValue          4001fa3f f   LIBCMT:winapisupp.obj
 0001:0001ea5e       ___crtFlsSetValue          4001fa5e f   LIBCMT:winapisupp.obj
 0001:0001ea80       ___crtIsPackagedApp        4001fa80 f   LIBCMT:winapisupp.obj
 0001:0001eabe       ___crtLoadWinApiPointers   4001fabe f   LIBCMT:winapisupp.obj
 0001:0001ecfd       ___crtTerminateProcess     4001fcfd f   LIBCMT:winapisupp.obj
 0001:0001ed12       ___crtUnhandledException   4001fd12 f   LIBCMT:winapisupp.obj
 0001:0001ed28       __call_reportfault         4001fd28 f   LIBCMT:invarg.obj
 0001:0001ee4b       __initp_misc_invarg        4001fe4b f   LIBCMT:invarg.obj
 0001:0001ee58       __invalid_parameter        4001fe58 f   LIBCMT:invarg.obj
 0001:0001ee83       __invalid_parameter_noinfo 4001fe83 f   LIBCMT:invarg.obj
 0001:0001ee93       __invoke_watson            4001fe93 f   LIBCMT:invarg.obj
 0001:0001eebe       ___doserrno                4001febe f   LIBCMT:dosmap.obj
 0001:0001eed1       __dosmaperr                4001fed1 f   LIBCMT:dosmap.obj
 0001:0001eef2       __errno                    4001fef2 f   LIBCMT:dosmap.obj
 0001:0001ef05       __get_errno_from_oserr     4001ff05 f   LIBCMT:dosmap.obj
 0001:0001ef46       __fltin2                   4001ff46 f   LIBCMT:cfin.obj
 0001:0001efeb       ___strgtold12_l            4001ffeb f   LIBCMT:strgtold.obj
 0001:0001f767       ___addlocaleref            40020767 f   LIBCMT:localref.obj
 0001:0001f7f7       ___freetlocinfo            400207f7 f   LIBCMT:localref.obj
 0001:0001f951       ___removelocaleref         40020951 f   LIBCMT:localref.obj
 0001:0001f9ec       ___updatetlocinfo          400209ec f   LIBCMT:localref.obj
 0001:0001fa68       __updatetlocinfoEx_nolock  40020a68 f   LIBCMT:localref.obj
 0001:0001fab3       ___initmbctable            40020ab3 f   LIBCMT:mbctype.obj
 0001:0001fd6e       ___updatetmbcinfo          40020d6e f   LIBCMT:mbctype.obj
 0001:0001fe13       __setmbcp                  40020e13 f   LIBCMT:mbctype.obj
 0001:0001ffc1       __setmbcp_nolock           40020fc1 f   LIBCMT:mbctype.obj
 0001:000201b6       __isctype_l                400211b6 f   LIBCMT:isctype.obj
 0001:00020265       __freefls@4                40021265 f   LIBCMT:tidtable.obj
 0001:0002039c       __freeptd                  4002139c f   LIBCMT:tidtable.obj
 0001:000203d2       __getptd                   400213d2 f   LIBCMT:tidtable.obj
 0001:000203ea       __getptd_noexit            400213ea f   LIBCMT:tidtable.obj
 0001:00020459       __initptd                  40021459 f   LIBCMT:tidtable.obj
 0001:0002050c       __mtinit                   4002150c f   LIBCMT:tidtable.obj
 0001:00020582       __mtterm                   40021582 f   LIBCMT:tidtable.obj
 0001:0002059f       __flsbuf                   4002159f f   LIBCMT:_flsbuf.obj
 0001:000206ec       __output_l                 400216ec f   LIBCMT:output.obj
 0001:0002135e       ___isa_available_init      4002235e f   LIBCMT:cpu_disp.obj
 0001:00021497       __isleadbyte_l             40022497 f i LIBCMT:_wctype.obj
 0001:000214cd       _isleadbyte                400224cd f i LIBCMT:_wctype.obj
 0001:000216c7       ___crtLCMapStringA         400226c7 f   LIBCMT:a_map.obj
 0001:0002170b       __freea                    4002270b f i LIBCMT:a_map.obj
 0001:00021729       __locterm                  40022729 f   LIBCMT:wsetloca.obj
 0001:0002199f       _strtol                    4002299f f   LIBCMT:strtol.obj
 0001:000219c9       __VEC_memset               400229c9 f   LIBCMT:p4_memset.obj
 0001:00021aa0       _tan                       40022aa0 f   LIBCMT:tan.obj
 0001:00021ae0       __CItan                    40022ae0 f   LIBCMT:tan.obj
 0001:00021b1b       __CItan_default            40022b1b f   LIBCMT:tan.obj
 0001:00021b2f       __tan_default              40022b2f     LIBCMT:tan.obj
 0001:00021bcd       __XcptFilter               40022bcd f   LIBCMT:winxfltr.obj
 0001:00021d28       ___CppXcptFilter           40022d28 f   LIBCMT:winxfltr.obj
 0001:00021d46       ___crtCorExitProcess       40022d46 f   LIBCMT:crt0dat.obj
 0001:00021d78       ___crtExitProcess          40022d78 f   LIBCMT:crt0dat.obj
 0001:00021d8e       ___freeCrtMemory           40022d8e f   LIBCMT:crt0dat.obj
 0001:00021e9e       __amsg_exit                40022e9e f   LIBCMT:crt0dat.obj
 0001:00021eba       __cexit                    40022eba f   LIBCMT:crt0dat.obj
 0001:00021ec9       __cinit                    40022ec9 f   LIBCMT:crt0dat.obj
 0001:00021f5a       __exit                     40022f5a f   LIBCMT:crt0dat.obj
 0001:00021f6e       __init_pointers            40022f6e f   LIBCMT:crt0dat.obj
 0001:00021fc2       __initterm_e               40022fc2 f   LIBCMT:crt0dat.obj
 0001:00021fe4       __lockexit                 40022fe4 f   LIBCMT:crt0dat.obj
 0001:00021fed       __unlockexit               40022fed f   LIBCMT:crt0dat.obj
 0001:00022125       __heap_init                40023125 f   LIBCMT:heapinit.obj
 0001:0002213a       __heap_term                4002313a f   LIBCMT:heapinit.obj
 0001:00022142       __ioinit                   40023142 f   LIBCMT:ioinit.obj
 0001:000223f0       __ioterm                   400233f0 f   LIBCMT:ioinit.obj
 0001:00022442       __setargv                  40023442 f   LIBCMT:stdargv.obj
 0001:0002266f       __setenvp                  4002366f f   LIBCMT:stdenvp.obj
 0001:00022750       _free                      40023750 f   LIBCMT:free.obj
 0001:00022788       ___security_init_cookie    40023788 f   LIBCMT:gs_support.obj
 0001:00022822       _DllMain@12                40023822 f   LIBCMT:dllmain.obj
 0001:00022828       ___crtGetEnvironmentStringsA 40023828 f   LIBCMT:a_env.obj
 0001:000228b3       __calloc_crt               400238b3 f   LIBCMT:crtheap.obj
 0001:000228fd       __malloc_crt               400238fd f   LIBCMT:crtheap.obj
 0001:00022946       __realloc_crt              40023946 f   LIBCMT:crtheap.obj
 0001:00022992       __RTC_Initialize           40023992 f   LIBCMT:initsect.obj
 0001:000229b2       __RTC_Terminate            400239b2 f   LIBCMT:initsect.obj
 0001:000229e0       __SEH_prolog4              400239e0 f   LIBCMT:sehprolg4.obj
 0001:00022a25       __SEH_epilog4              40023a25 f   LIBCMT:sehprolg4.obj
 0001:00022a40       __except_handler4          40023a40 f   LIBCMT:chandler4.obj
 0001:00022bd5       __sse2_mathfcns_init       40023bd5 f   LIBCMT:mathfcns.obj
 0001:00022bf0       __CIcos_pentium4           40023bf0 f   LIBCMT:cos_pentium4.obj
 0001:00022c08       __cos_pentium4             40023c08     LIBCMT:cos_pentium4.obj
 0001:00022da0       __trandisp1                40023da0 f   LIBCMT:87disp.obj
 0001:00022e07       __trandisp2                40023e07 f   LIBCMT:87disp.obj
 0001:00022e93       __rttospopde               40023e93     LIBCMT:87disp.obj
 0001:00022e98       __rttospop                 40023e98     LIBCMT:87disp.obj
 0001:00022e9a       __rtnospop                 40023e9a     LIBCMT:87disp.obj
 0001:00022e9c       __rttosnpop                40023e9c     LIBCMT:87disp.obj
 0001:00022e9d       __rtnospopde               40023e9d     LIBCMT:87disp.obj
 0001:00022ea4       __rtzeropop                40023ea4     LIBCMT:87disp.obj
 0001:00022ea6       __rtzeronpop               40023ea6     LIBCMT:87disp.obj
 0001:00022eab       __rtonepop                 40023eab     LIBCMT:87disp.obj
 0001:00022ead       __rtonenpop                40023ead     LIBCMT:87disp.obj
 0001:00022eb2       __tosnan1                  40023eb2     LIBCMT:87disp.obj
 0001:00022edd       __nosnan2                  40023edd     LIBCMT:87disp.obj
 0001:00022edf       __tosnan2                  40023edf     LIBCMT:87disp.obj
 0001:00022f07       __nan2                     40023f07     LIBCMT:87disp.obj
 0001:00022f46       __rtindfpop                40023f46     LIBCMT:87disp.obj
 0001:00022f48       __rtindfnpop               40023f48     LIBCMT:87disp.obj
 0001:00022f59       __rttosnpopde              40023f59     LIBCMT:87disp.obj
 0001:00022f63       __rtchsifneg               40023f63     LIBCMT:87disp.obj
 0001:00022f70       __twoToTOS                 40023f70 f   LIBCMT:common.obj
 0001:00022f85       __load_CW                  40023f85 f   LIBCMT:common.obj
 0001:00022f9c       __convertTOStoQNaN         40023f9c f   LIBCMT:common.obj
 0001:00022fb5       __fload_withFB             40023fb5 f   LIBCMT:common.obj
 0001:00022ff8       __checkTOS_withFB          40023ff8 f   LIBCMT:common.obj
 0001:0002300e       __fast_exit                4002400e f   LIBCMT:common.obj
 0001:0002301b       __math_exit                4002401b f   LIBCMT:common.obj
 0001:00023045       __check_overflow_exit      40024045 f   LIBCMT:common.obj
 0001:00023059       __check_range_exit         40024059 f   LIBCMT:common.obj
 0001:00023100       __startTwoArgErrorHandling 40024100 f   LIBCMT:genexcep.obj
 0001:00023117       __startOneArgErrorHandling 40024117 f   LIBCMT:genexcep.obj
 0001:00023160       __CIsin_pentium4           40024160 f   LIBCMT:sin_pentium4.obj
 0001:00023178       __sin_pentium4             40024178     LIBCMT:sin_pentium4.obj
 0001:00023328       __isdigit_l                40024328 f i LIBCMT:_ctype.obj
 0001:00023378       _isdigit                   40024378 f i LIBCMT:_ctype.obj
 0001:000233a3       _strcpy_s                  400243a3 f   LIBCMT:strcpy_s.obj
 0001:00023400       _strlen                    40024400 f   LIBCMT:strlen.obj
 0001:00023490       _strrchr                   40024490 f   LIBCMT:strrchr.obj
 0001:000235c7       __fptostr                  400245c7 f   LIBCMT:_fptostr.obj
 0001:00023677       __atodbl_l                 40024677 f   LIBCMT:atodbl.obj
 0001:00023703       __atoflt_l                 40024703 f   LIBCMT:atodbl.obj
 0001:0002378f       ___dtold                   4002478f f   LIBCMT:cfout.obj
 0001:00023855       __fltout2                  40024855 f   LIBCMT:cfout.obj
 0001:000238f0       __alldvrm                  400248f0 f   LIBCMT:lldvrm.obj
 0001:000239d0       __aullshr                  400249d0 f   LIBCMT:ullshr.obj
 0001:000239ef       __controlfp_s              400249ef f   LIBCMT:contrlfp.obj
 0001:00023a4c       __fptrap                   40024a4c f   LIBCMT:crt0fp.obj
 0001:00023a55       __87except                 40024a55 f   LIBCMT:87except.obj
 0001:00023b5e       __matherr                  40024b5e f   LIBCMT:matherr.obj
 0001:00023b61       __ld12tod                  40024b61 f   LIBCMT:intrncvt.obj
 0001:000240d1       __ld12tof                  400250d1 f   LIBCMT:intrncvt.obj
 0001:00024641       ___mtold12                 40025641 f   LIBCMT:mantold.obj
 0001:00024823       __lock                     40025823 f   LIBCMT:mlock.obj
 0001:00024857       __mtdeletelocks            40025857 f   LIBCMT:mlock.obj
 0001:000248ab       __mtinitlocknum            400258ab f   LIBCMT:mlock.obj
 0001:00024952       __mtinitlocks              40025952 f   LIBCMT:mlock.obj
 0001:00024987       __unlock                   40025987 f   LIBCMT:mlock.obj
 0001:0002499c       ___free_lconv_mon          4002599c f   LIBCMT:initmon.obj
 0001:00024a98       ___free_lconv_num          40025a98 f   LIBCMT:initnum.obj
 0001:00024aff       ___free_lc_time            40025aff f   LIBCMT:inittime.obj
 0001:00024f6b       ___crtGetStringTypeA       40025f6b f   LIBCMT:a_str.obj
 0001:00024fa9       ___initstdio               40025fa9 f   LIBCMT:_file.obj
 0001:0002501c       ___endstdio                4002601c f   LIBCMT:_file.obj
 0001:00025043       ___iob_func                40026043 f   LIBCMT:_file.obj
 0001:00025049       __lock_file                40026049 f   LIBCMT:_file.obj
 0001:00025088       __lock_file2               40026088 f   LIBCMT:_file.obj
 0001:000250b8       __unlock_file              400260b8 f   LIBCMT:_file.obj
 0001:000250f2       __unlock_file2             400260f2 f   LIBCMT:_file.obj
 0001:0002511f       __fileno                   4002611f f   LIBCMT:fileno.obj
 0001:00025143       __isatty                   40026143 f   LIBCMT:isatty.obj
 0001:00025197       __write                    40026197 f   LIBCMT:write.obj
 0001:00025279       __write_nolock             40026279 f   LIBCMT:write.obj
 0001:00025aa3       __lseeki64                 40026aa3 f   LIBCMT:lseeki64.obj
 0001:00025b9f       __lseeki64_nolock          40026b9f f   LIBCMT:lseeki64.obj
 0001:00025c10       __getbuf                   40026c10 f   LIBCMT:_getbuf.obj
 0001:00025c56       __get_printf_count_output  40026c56 f   LIBCMT:printf.obj
 0001:00025c6b       __wctomb_s_l               40026c6b f   LIBCMT:wctomb.obj
 0001:00025d8d       _wctomb_s                  40026d8d f   LIBCMT:wctomb.obj
 0001:00025db0       __aulldvrm                 40026db0 f   LIBCMT:ulldvrm.obj
 0001:00025e45       _malloc                    40026e45 f   LIBCMT:malloc.obj
 0001:00025ed7       _GetTableIndexFromLocaleName 40026ed7 f   LIBCMT:winapinls.obj
 0001:00025f25       ___crtDownlevelLocaleNameToLCID 40026f25 f   LIBCMT:winapinls.obj
 0001:00025f4f       ___crtLCMapStringEx        40026f4f f   LIBCMT:winapinls.obj
 0001:00025f9b       ___wcsnicmp_ascii          40026f9b f   LIBCMT:winapinls.obj
 0001:00026010       __alloca_probe_16          40027010 f   LIBCMT:alloca16.obj
 0001:00026026       __alloca_probe_8           40027026     LIBCMT:alloca16.obj
 0001:00026040       _memcpy                    40027040 f   LIBCMT:memcpy.obj
 0001:00026684       _wcscat_s                  40027684 f   LIBCMT:wcscat_s.obj
 0001:000266f0       _wcscpy_s                  400276f0 f   LIBCMT:wcscpy_s.obj
 0001:0002674c       _wcslen                    4002774c f   LIBCMT:wcslen.obj
 0001:00026765       _wcsncpy_s                 40027765 f   LIBCMT:wcsncpy_s.obj
 0001:00026830       __allmul                   40027830 f   LIBCMT:llmul.obj
 0001:00026870       __CItan_pentium4           40027870 f   LIBCMT:tan_pentium4.obj
 0001:00026888       __tan_pentium4             40027888     LIBCMT:tan_pentium4.obj
 0001:00026ad0       __FF_MSGBANNER             40027ad0 f   LIBCMT:crt0msg.obj
 0001:00026b09       __GET_RTERRMSG             40027b09 f   LIBCMT:crt0msg.obj
 0001:00026b2d       __NMSG_WRITE               40027b2d f   LIBCMT:crt0msg.obj
 0001:00026cf0       __FindPESection            40027cf0 f   LIBCMT:pesect.obj
 0001:00026d40       __IsNonwritableInCurrentImage 40027d40 f   LIBCMT:pesect.obj
 0001:00026e00       __ValidateImageBase        40027e00 f   LIBCMT:pesect.obj
 0001:00026e31       ___onexitinit              40027e31 f   LIBCMT:onexit.obj
 0001:00026e60       __onexit                   40027e60 f   LIBCMT:onexit.obj
 0001:00026f56       _atexit                    40027f56 f   LIBCMT:onexit.obj
 0001:00026f6b       ?terminate@@YAXXZ          40027f6b f   LIBCMT:hooks.obj
 0001:00026f9f       __initp_eh_hooks           40027f9f f   LIBCMT:hooks.obj
 0001:00026fb0       __callnewh                 40027fb0 f   LIBCMT:handler.obj
 0001:00026fd6       __initp_heap_handler       40027fd6 f   LIBCMT:handler.obj
 0001:00026fe3       __initp_misc_purevirt      40027fe3 f   LIBCMT:inithelp.obj
 0001:00026ff0       __initp_misc_rand_s        40027ff0 f   LIBCMT:rand_s.obj
 0001:00026ffe       ___get_sigabrt             40027ffe f   LIBCMT:winsig.obj
 0001:0002700b       __initp_misc_winsig        4002800b f   LIBCMT:winsig.obj
 0001:00027027       _raise                     40028027 f   LIBCMT:winsig.obj
 0001:00027220       __local_unwind4            40028220 f   LIBCMT:exsup4.obj
 0001:000272f6       __seh_longjmp_unwind4@4    400282f6 f   LIBCMT:exsup4.obj
 0001:00027312       @_EH4_CallFilterFunc@8     40028312 f   LIBCMT:exsup4.obj
 0001:00027329       @_EH4_TransferToHandler@8  40028329 f   LIBCMT:exsup4.obj
 0001:00027342       @_EH4_GlobalUnwind2@8      40028342 f   LIBCMT:exsup4.obj
 0001:0002735b       @_EH4_LocalUnwind@16       4002835b f   LIBCMT:exsup4.obj
 0001:000273c8       __ismbblead                400283c8 f   LIBCMT:ismbbyte.obj
 0001:000273de       _realloc                   400283de f   LIBCMT:realloc.obj
 0001:00027489       __calloc_impl              40028489 f   LIBCMT:calloc_impl.obj
 0001:00027503       _$I10_OUTPUT               40028503 f   LIBCMT:x10fout.obj
 0001:00027f70       __control87                40028f70 f i LIBCMT:ieee87.obj
 0001:00028307       __handle_exc               40029307 f   LIBCMT:fpexcept.obj
 0001:000284e3       __raise_exc                400294e3 f   LIBCMT:fpexcept.obj
 0001:00028504       __raise_exc_ex             40029504 f   LIBCMT:fpexcept.obj
 0001:000287e9       __set_errno_from_matherr   400297e9 f   LIBCMT:fpexcept.obj
 0001:00028816       ___set_fpsr_sse2           40029816 f   LIBCMT:fpctrl.obj
 0001:0002888c       __clrfp                    4002988c f   LIBCMT:fpctrl.obj
 0001:0002889b       __ctrlfp                   4002989b f   LIBCMT:fpctrl.obj
 0001:000288c4       __set_statfp               400298c4 f   LIBCMT:fpctrl.obj
 0001:0002891a       __statfp                   4002991a f   LIBCMT:fpctrl.obj
 0001:00028928       __fcloseall                40029928 f   LIBCMT:closeall.obj
 0001:000289c5       __fflush_nolock            400299c5 f   LIBCMT:fflush.obj
 0001:00028a0b       __flush                    40029a0b f   LIBCMT:fflush.obj
 0001:00028a6f       __flushall                 40029a6f f   LIBCMT:fflush.obj
 0001:00028b5c       ___lock_fhandle            40029b5c f   LIBCMT:osfinfo.obj
 0001:00028be8       __free_osfhnd              40029be8 f   LIBCMT:osfinfo.obj
 0001:00028c6e       __get_osfhandle            40029c6e f   LIBCMT:osfinfo.obj
 0001:00028cd5       __unlock_fhandle           40029cd5 f   LIBCMT:osfinfo.obj
 0001:00028cfb       __mbtowc_l                 40029cfb f   LIBCMT:mbtowc.obj
 0001:00028dee       _mbtowc                    40029dee f   LIBCMT:mbtowc.obj
 0001:00028e06       __putwch_nolock            40029e06 f   LIBCMT:putwch.obj
 0001:00028e47       __set_error_mode           40029e47 f   LIBCMT:errmode.obj
 0001:00028e87       ___crtMessageBoxW          40029e87 f   LIBCMT:crtmboxw.obj
 0001:00029069       __msize                    4002a069 f   LIBCMT:msize.obj
 0001:0002909a       _abort                     4002a09a f   LIBCMT:abort.obj
 0001:000290e0       __global_unwind2           4002a0e0 f   LIBCMT:exsup.obj
 0001:00029145       __local_unwind2            4002a145 f   LIBCMT:exsup.obj
 0001:000291c9       __abnormal_termination     4002a1c9 f   LIBCMT:exsup.obj
 0001:000291ec       __NLG_Notify1              4002a1ec f   LIBCMT:exsup.obj
 0001:000291f5       __NLG_Notify               4002a1f5 f   LIBCMT:exsup.obj
 0001:0002920c       __NLG_Dispatch             4002a20c     LIBCMT:exsup.obj
 0001:0002920c       __NLG_Dispatch2            4002a20c     LIBCMT:exsup.obj
 0001:00029214       __NLG_Call                 4002a214 f   LIBCMT:exsup.obj
 0001:00029216       __NLG_Return2              4002a216     LIBCMT:exsup.obj
 0001:00029217       __decomp                   4002a217 f   LIBCMT:util.obj
 0001:000292e9       __set_exp                  4002a2e9 f   LIBCMT:util.obj
 0001:00029314       __fclose_nolock            4002a314 f   LIBCMT:fclose.obj
 0001:00029380       _fclose                    4002a380 f   LIBCMT:fclose.obj
 0001:000293f7       __commit                   4002a3f7 f   LIBCMT:commit.obj
 0001:000294dd       ___termconout              4002a4dd f   LIBCMT:initcon.obj
 0001:000294f4       ___initconout              4002a4f4 f   LIBCMT:initcon.obj
 0001:00029513       __close                    4002a513 f   LIBCMT:close.obj
 0001:000295dd       __close_nolock             4002a5dd f   LIBCMT:close.obj
 0001:00029677       __freebuf                  4002a677 f   LIBCMT:_freebuf.obj
 0001:000296a8       _IsProcessorFeaturePresent@4 4002a6a8 f   kernel32:KERNEL32.dll
 0001:000296ae       _RtlUnwind@16              4002a6ae f   kernel32:KERNEL32.dll
 0002:00000000       __imp__IsDebuggerPresent@0 4002b000     kernel32:KERNEL32.dll
 0002:00000004       __imp__IsProcessorFeaturePresent@4 4002b004     kernel32:KERNEL32.dll
 0002:00000008       __imp__GetCommandLineA@0   4002b008     kernel32:KERNEL32.dll
 0002:0000000c       __imp__GetCurrentThreadId@0 4002b00c     kernel32:KERNEL32.dll
 0002:00000010       __imp__EncodePointer@4     4002b010     kernel32:KERNEL32.dll
 0002:00000014       __imp__DecodePointer@4     4002b014     kernel32:KERNEL32.dll
 0002:00000018       __imp__UnhandledExceptionFilter@4 4002b018     kernel32:KERNEL32.dll
 0002:0000001c       __imp__SetUnhandledExceptionFilter@4 4002b01c     kernel32:KERNEL32.dll
 0002:00000020       __imp__SetLastError@4      4002b020     kernel32:KERNEL32.dll
 0002:00000024       __imp__InitializeCriticalSectionAndSpinCount@8 4002b024     kernel32:KERNEL32.dll
 0002:00000028       __imp__GetCurrentProcess@0 4002b028     kernel32:KERNEL32.dll
 0002:0000002c       __imp__TerminateProcess@8  4002b02c     kernel32:KERNEL32.dll
 0002:00000030       __imp__TlsAlloc@0          4002b030     kernel32:KERNEL32.dll
 0002:00000034       __imp__TlsGetValue@4       4002b034     kernel32:KERNEL32.dll
 0002:00000038       __imp__TlsSetValue@8       4002b038     kernel32:KERNEL32.dll
 0002:0000003c       __imp__TlsFree@4           4002b03c     kernel32:KERNEL32.dll
 0002:00000040       __imp__GetStartupInfoW@4   4002b040     kernel32:KERNEL32.dll
 0002:00000044       __imp__GetModuleHandleW@4  4002b044     kernel32:KERNEL32.dll
 0002:00000048       __imp__GetProcAddress@8    4002b048     kernel32:KERNEL32.dll
 0002:0000004c       __imp__InterlockedIncrement@4 4002b04c     kernel32:KERNEL32.dll
 0002:00000050       __imp__InterlockedDecrement@4 4002b050     kernel32:KERNEL32.dll
 0002:00000054       __imp__IsValidCodePage@4   4002b054     kernel32:KERNEL32.dll
 0002:00000058       __imp__GetACP@0            4002b058     kernel32:KERNEL32.dll
 0002:0000005c       __imp__GetOEMCP@0          4002b05c     kernel32:KERNEL32.dll
 0002:00000060       __imp__GetCPInfo@8         4002b060     kernel32:KERNEL32.dll
 0002:00000064       __imp__GetLastError@0      4002b064     kernel32:KERNEL32.dll
 0002:00000068       __imp__MultiByteToWideChar@24 4002b068     kernel32:KERNEL32.dll
 0002:0000006c       __imp__WideCharToMultiByte@32 4002b06c     kernel32:KERNEL32.dll
 0002:00000070       __imp__ExitProcess@4       4002b070     kernel32:KERNEL32.dll
 0002:00000074       __imp__GetModuleHandleExW@12 4002b074     kernel32:KERNEL32.dll
 0002:00000078       __imp__GetProcessHeap@0    4002b078     kernel32:KERNEL32.dll
 0002:0000007c       __imp__GetStdHandle@4      4002b07c     kernel32:KERNEL32.dll
 0002:00000080       __imp__GetFileType@4       4002b080     kernel32:KERNEL32.dll
 0002:00000084       __imp__DeleteCriticalSection@4 4002b084     kernel32:KERNEL32.dll
 0002:00000088       __imp__GetModuleFileNameA@12 4002b088     kernel32:KERNEL32.dll
 0002:0000008c       __imp__HeapFree@12         4002b08c     kernel32:KERNEL32.dll
 0002:00000090       __imp__QueryPerformanceCounter@4 4002b090     kernel32:KERNEL32.dll
 0002:00000094       __imp__GetCurrentProcessId@0 4002b094     kernel32:KERNEL32.dll
 0002:00000098       __imp__GetSystemTimeAsFileTime@4 4002b098     kernel32:KERNEL32.dll
 0002:0000009c       __imp__GetEnvironmentStringsW@0 4002b09c     kernel32:KERNEL32.dll
 0002:000000a0       __imp__FreeEnvironmentStringsW@4 4002b0a0     kernel32:KERNEL32.dll
 0002:000000a4       __imp__Sleep@4             4002b0a4     kernel32:KERNEL32.dll
 0002:000000a8       __imp__EnterCriticalSection@4 4002b0a8     kernel32:KERNEL32.dll
 0002:000000ac       __imp__LeaveCriticalSection@4 4002b0ac     kernel32:KERNEL32.dll
 0002:000000b0       __imp__GetStringTypeW@16   4002b0b0     kernel32:KERNEL32.dll
 0002:000000b4       __imp__WriteFile@20        4002b0b4     kernel32:KERNEL32.dll
 0002:000000b8       __imp__GetConsoleCP@0      4002b0b8     kernel32:KERNEL32.dll
 0002:000000bc       __imp__GetConsoleMode@8    4002b0bc     kernel32:KERNEL32.dll
 0002:000000c0       __imp__SetFilePointerEx@20 4002b0c0     kernel32:KERNEL32.dll
 0002:000000c4       __imp__HeapAlloc@12        4002b0c4     kernel32:KERNEL32.dll
 0002:000000c8       __imp__LCMapStringW@24     4002b0c8     kernel32:KERNEL32.dll
 0002:000000cc       __imp__GetModuleFileNameW@12 4002b0cc     kernel32:KERNEL32.dll
 0002:000000d0       __imp__LoadLibraryExW@12   4002b0d0     kernel32:KERNEL32.dll
 0002:000000d4       __imp__RtlUnwind@16        4002b0d4     kernel32:KERNEL32.dll
 0002:000000d8       __imp__HeapReAlloc@16      4002b0d8     kernel32:KERNEL32.dll
 0002:000000dc       __imp__RaiseException@16   4002b0dc     kernel32:KERNEL32.dll
 0002:000000e0       __imp__SetStdHandle@8      4002b0e0     kernel32:KERNEL32.dll
 0002:000000e4       __imp__WriteConsoleW@20    4002b0e4     kernel32:KERNEL32.dll
 0002:000000e8       __imp__OutputDebugStringW@4 4002b0e8     kernel32:KERNEL32.dll
 0002:000000ec       __imp__LoadLibraryW@4      4002b0ec     kernel32:KERNEL32.dll
 0002:000000f0       __imp__HeapSize@12         4002b0f0     kernel32:KERNEL32.dll
 0002:000000f4       __imp__FlushFileBuffers@4  4002b0f4     kernel32:KERNEL32.dll
 0002:000000f8       __imp__CreateFileW@28      4002b0f8     kernel32:KERNEL32.dll
 0002:000000fc       __imp__CloseHandle@4       4002b0fc     kernel32:KERNEL32.dll
 0002:00000100       \177KERNEL32_NULL_THUNK_DATA 4002b100     kernel32:KERNEL32.dll
 0002:00000104       ___xc_a                    4002b104     LIBCMT:crt0init.obj
 0002:00000108       ___xc_z                    4002b108     LIBCMT:crt0init.obj
 0002:0000010c       ___xi_a                    4002b10c     LIBCMT:crt0init.obj
 0002:00000124       ___xi_z                    4002b124     LIBCMT:crt0init.obj
 0002:00000128       ___xp_a                    4002b128     LIBCMT:crt0init.obj
 0002:00000138       ___xp_z                    4002b138     LIBCMT:crt0init.obj
 0002:0000013c       ___xt_a                    4002b13c     LIBCMT:crt0init.obj
 0002:00000140       ___xt_z                    4002b140     LIBCMT:crt0init.obj
 0002:00000150       ??_C@_0O@CMJIOKCF@ammo_grenades?$AA@ 4002b150     bg_misc.obj
 0002:00000160       ??_C@_0CD@HNOBKKLC@models?1powerups?1ammo?1grenadeam?4m@ 4002b160     bg_misc.obj
 0002:00000184       ??_C@_0BE@LHOKGGAM@icons?1icona_grenade?$AA@ 4002b184     bg_misc.obj
 0002:00000198       ??_C@_08PMBIADEN@Grenades?$AA@ 4002b198     bg_misc.obj
 0002:000001a4       ??_C@_0L@LLNMBAJC@ammo_cells?$AA@ 4002b1a4     bg_misc.obj
 0002:000001b0       ??_C@_0CC@FGLALJGN@models?1powerups?1ammo?1plasmaam?4md@ 4002b1b0     bg_misc.obj
 0002:000001d4       ??_C@_0BD@NCNJEHKB@icons?1icona_plasma?$AA@ 4002b1d4     bg_misc.obj
 0002:000001e8       ??_C@_05KCAMIOGJ@Cells?$AA@ 4002b1e8     bg_misc.obj
 0002:000001f0       ??_C@_0P@NBJHKAMD@ammo_lightning?$AA@ 4002b1f0     bg_misc.obj
 0002:00000200       ??_C@_0CF@HDAADIIL@models?1powerups?1ammo?1lightningam@ 4002b200     bg_misc.obj
 0002:00000228       ??_C@_0BG@MEGMAGOM@icons?1icona_lightning?$AA@ 4002b228     bg_misc.obj
 0002:00000240       ??_C@_09JCCOMJEA@Lightning?$AA@ 4002b240     bg_misc.obj
 0002:0000024c       ??_C@_0N@CLEPKBOE@ammo_rockets?$AA@ 4002b24c     bg_misc.obj
 0002:0000025c       ??_C@_0CC@KCOEDLFM@models?1powerups?1ammo?1rocketam?4md@ 4002b25c     bg_misc.obj
 0002:00000280       ??_C@_0BD@BFBJLPJK@icons?1icona_rocket?$AA@ 4002b280     bg_misc.obj
 0002:00000294       ??_C@_07MLLADOAB@Rockets?$AA@ 4002b294     bg_misc.obj
 0002:0000029c       ??_C@_0L@JEFOIHIM@ammo_slugs?$AA@ 4002b29c     bg_misc.obj
 0002:000002a8       ??_C@_0CD@CAJEPMME@models?1powerups?1ammo?1railgunam?4m@ 4002b2a8     bg_misc.obj
 0002:000002cc       ??_C@_0BE@DPOADFL@icons?1icona_railgun?$AA@ 4002b2cc     bg_misc.obj
 0002:000002e0       ??_C@_05INIOBJHH@Slugs?$AA@ 4002b2e0     bg_misc.obj
 0002:000002e8       ??_C@_08EHEJHGBG@ammo_bfg?$AA@ 4002b2e8     bg_misc.obj
 0002:000002f4       ??_C@_0BP@BOBKFIKJ@models?1powerups?1ammo?1bfgam?4md3?$AA@ 4002b2f4     bg_misc.obj
 0002:00000314       ??_C@_0BA@NIKNDLKG@icons?1icona_bfg?$AA@ 4002b314     bg_misc.obj
 0002:00000324       ??_C@_08LIBOGPIN@Bfg?5Ammo?$AA@ 4002b324     bg_misc.obj
 0002:00000330       ??_C@_0BE@GNEKBMLB@holdable_teleporter?$AA@ 4002b330     bg_misc.obj
 0002:00000344       ??_C@_0BJ@PNIOAJDI@sound?1items?1holdable?4wav?$AA@ 4002b344     bg_misc.obj
 0002:00000360       ??_C@_0CI@FHEOFFOB@models?1powerups?1holdable?1telepor@ 4002b360     bg_misc.obj
 0002:00000388       ??_C@_0BB@HCFICFKF@icons?1teleporter?$AA@ 4002b388     bg_misc.obj
 0002:0000039c       ??_C@_0BE@PCKJDFFA@Personal?5Teleporter?$AA@ 4002b39c     bg_misc.obj
 0002:000003b0       ??_C@_0BA@PDDMBOCP@holdable_medkit?$AA@ 4002b3b0     bg_misc.obj
 0002:000003c0       ??_C@_0CE@NKMJILL@models?1powerups?1holdable?1medkit?4@ 4002b3c0     bg_misc.obj
 0002:000003e4       ??_C@_0CL@LOBKLABC@models?1powerups?1holdable?1medkit_@ 4002b3e4     bg_misc.obj
 0002:00000410       ??_C@_0N@PNMDFAPK@icons?1medkit?$AA@ 4002b410     bg_misc.obj
 0002:00000420       ??_C@_06JDLGEHAD@Medkit?$AA@ 4002b420     bg_misc.obj
 0002:00000428       ??_C@_0BL@GLIFPGGG@sound?1items?1use_medkit?4wav?$AA@ 4002b428     bg_misc.obj
 0002:00000444       ??_C@_09MDKNIFFH@item_quad?$AA@ 4002b444     bg_misc.obj
 0002:00000450       ??_C@_0BL@GLEJLOCA@sound?1items?1quaddamage?4wav?$AA@ 4002b450     bg_misc.obj
 0002:0000046c       ??_C@_0CB@HIFGFDGN@models?1powerups?1instant?1quad?4md3@ 4002b46c     bg_misc.obj
 0002:00000490       ??_C@_0CG@JNMBMLHJ@models?1powerups?1instant?1quad_rin@ 4002b490     bg_misc.obj
 0002:000004b8       ??_C@_0L@DICHEOBB@icons?1quad?$AA@ 4002b4b8     bg_misc.obj
 0002:000004c4       ??_C@_0M@KOJLOALK@Quad?5Damage?$AA@ 4002b4c4     bg_misc.obj
 0002:000004d0       ??_C@_0DA@PPPPKFJI@sound?1items?1damage2?4wav?5sound?1it@ 4002b4d0     bg_misc.obj
 0002:00000500       ??_C@_0M@HBCGNAN@item_enviro?$AA@ 4002b500     bg_misc.obj
 0002:0000050c       ??_C@_0BI@DEKBIKDD@sound?1items?1protect?4wav?$AA@ 4002b50c     bg_misc.obj
 0002:00000524       ??_C@_0CD@JLGNIGLA@models?1powerups?1instant?1enviro?4m@ 4002b524     bg_misc.obj
 0002:00000548       ??_C@_0CI@KAEDJDGE@models?1powerups?1instant?1enviro_r@ 4002b548     bg_misc.obj
 0002:00000570       ??_C@_0BB@MGICBJOH@icons?1envirosuit?$AA@ 4002b570     bg_misc.obj
 0002:00000584       ??_C@_0M@ONKEJEFE@Battle?5Suit?$AA@ 4002b584     bg_misc.obj
 0002:00000590       ??_C@_0DA@OCPACKGN@sound?1items?1airout?4wav?5sound?1ite@ 4002b590     bg_misc.obj
 0002:000005c0       ??_C@_0L@LKMJKIEF@item_haste?$AA@ 4002b5c0     bg_misc.obj
 0002:000005cc       ??_C@_0BG@IJMEPCOI@sound?1items?1haste?4wav?$AA@ 4002b5cc     bg_misc.obj
 0002:000005e4       ??_C@_0CC@NKPAJCMI@models?1powerups?1instant?1haste?4md@ 4002b5e4     bg_misc.obj
 0002:00000608       ??_C@_0CH@KKDDKNEF@models?1powerups?1instant?1haste_ri@ 4002b608     bg_misc.obj
 0002:00000630       ??_C@_0M@CFINMGCL@icons?1haste?$AA@ 4002b630     bg_misc.obj
 0002:0000063c       ??_C@_05HOIAGEJD@Speed?$AA@ 4002b63c     bg_misc.obj
 0002:00000644       ??_C@_0L@MMHNJJPH@item_invis?$AA@ 4002b644     bg_misc.obj
 0002:00000650       ??_C@_0BN@OJBEBLGB@sound?1items?1invisibility?4wav?$AA@ 4002b650     bg_misc.obj
 0002:00000670       ??_C@_0CC@HBONCEML@models?1powerups?1instant?1invis?4md@ 4002b670     bg_misc.obj
 0002:00000694       ??_C@_0CH@IMIHJDNC@models?1powerups?1instant?1invis_ri@ 4002b694     bg_misc.obj
 0002:000006bc       ??_C@_0M@FDDJPHJJ@icons?1invis?$AA@ 4002b6bc     bg_misc.obj
 0002:000006c8       ??_C@_0N@LCCEENAK@Invisibility?$AA@ 4002b6c8     bg_misc.obj
 0002:000006d8       ??_C@_0L@MMGPPPDM@item_regen?$AA@ 4002b6d8     bg_misc.obj
 0002:000006e4       ??_C@_0BN@OBGKHNFF@sound?1items?1regeneration?4wav?$AA@ 4002b6e4     bg_misc.obj
 0002:00000704       ??_C@_0CC@OEAPIKIN@models?1powerups?1instant?1regen?4md@ 4002b704     bg_misc.obj
 0002:00000728       ??_C@_0CH@FANACKJM@models?1powerups?1instant?1regen_ri@ 4002b728     bg_misc.obj
 0002:00000750       ??_C@_0M@FDCLJBFC@icons?1regen?$AA@ 4002b750     bg_misc.obj
 0002:0000075c       ??_C@_0N@CBPBLBHG@Regeneration?$AA@ 4002b75c     bg_misc.obj
 0002:0000076c       ??_C@_0BG@LHDLOKKN@sound?1items?1regen?4wav?$AA@ 4002b76c     bg_misc.obj
 0002:00000784       ??_C@_0M@MBNKEMMH@item_flight?$AA@ 4002b784     bg_misc.obj
 0002:00000790       ??_C@_0BH@COLFHEAE@sound?1items?1flight?4wav?$AA@ 4002b790     bg_misc.obj
 0002:000007a8       ??_C@_0CD@MKDGJOMG@models?1powerups?1instant?1flight?4m@ 4002b7a8     bg_misc.obj
 0002:000007cc       ??_C@_0CI@IADFFEDP@models?1powerups?1instant?1flight_r@ 4002b7cc     bg_misc.obj
 0002:000007f4       ??_C@_0N@GLEPEEPG@icons?1flight?$AA@ 4002b7f4     bg_misc.obj
 0002:00000804       ??_C@_06FDKFDAP@Flight?$AA@ 4002b804     bg_misc.obj
 0002:0000080c       ??_C@_0BB@JNMMCIHG@team_CTF_redflag?$AA@ 4002b80c     bg_misc.obj
 0002:00000820       ??_C@_0BI@PEHEOJEO@models?1flags?1r_flag?4md3?$AA@ 4002b820     bg_misc.obj
 0002:00000838       ??_C@_0BB@EMIEBEOP@icons?1iconf_red1?$AA@ 4002b838     bg_misc.obj
 0002:0000084c       ??_C@_08GAOGPIJL@Red?5Flag?$AA@ 4002b84c     bg_misc.obj
 0002:00000858       ??_C@_0BC@NLKCOFAB@team_CTF_blueflag?$AA@ 4002b858     bg_misc.obj
 0002:0000086c       ??_C@_0BI@FKICCNIF@models?1flags?1b_flag?4md3?$AA@ 4002b86c     bg_misc.obj
 0002:00000884       ??_C@_0BB@EMIIAFKA@icons?1iconf_blu1?$AA@ 4002b884     bg_misc.obj
 0002:00000898       ??_C@_09MDBFHCAB@Blue?5Flag?$AA@ 4002b898     bg_misc.obj
 0002:000008a4       ??_C@_07JFMDDPHJ@EV_NONE?$AA@ 4002b8a4     bg_misc.obj
 0002:000008ac       ??_C@_0M@HLKBOJPO@EV_FOOTSTEP?$AA@ 4002b8ac     bg_misc.obj
 0002:000008b8       ??_C@_0BC@DIJMAMMI@EV_FOOTSTEP_METAL?$AA@ 4002b8b8     bg_misc.obj
 0002:000008cc       ??_C@_0O@HLJHKIDH@EV_FOOTSPLASH?$AA@ 4002b8cc     bg_misc.obj
 0002:000008dc       ??_C@_0M@NPJBGELA@EV_FOOTWADE?$AA@ 4002b8dc     bg_misc.obj
 0002:000008e8       ??_C@_07FFIIIPLH@EV_SWIM?$AA@ 4002b8e8     bg_misc.obj
 0002:000008f0       ??_C@_09OLFOHJNB@EV_STEP_4?$AA@ 4002b8f0     bg_misc.obj
 0002:000008fc       ??_C@_09EHOLDGNN@EV_STEP_8?$AA@ 4002b8fc     bg_misc.obj
 0002:00000908       ??_C@_0L@BKIECKKB@EV_STEP_12?$AA@ 4002b908     bg_misc.obj
 0002:00000914       ??_C@_0L@HOOIOPKF@EV_STEP_16?$AA@ 4002b914     bg_misc.obj
 0002:00000920       ??_C@_0O@EAFDHAJM@EV_FALL_SHORT?$AA@ 4002b920     bg_misc.obj
 0002:00000930       ??_C@_0P@MGFLMCKC@EV_FALL_MEDIUM?$AA@ 4002b930     bg_misc.obj
 0002:00000940       ??_C@_0M@LKJJNJOM@EV_FALL_FAR?$AA@ 4002b940     bg_misc.obj
 0002:0000094c       ??_C@_0M@BPNFGBOJ@EV_JUMP_PAD?$AA@ 4002b94c     bg_misc.obj
 0002:00000958       ??_C@_07GKBEHGAP@EV_JUMP?$AA@ 4002b958     bg_misc.obj
 0002:00000960       ??_C@_0P@GCDBKPMP@EV_WATER_TOUCH?$AA@ 4002b960     bg_misc.obj
 0002:00000970       ??_C@_0P@LHDMOIIG@EV_WATER_LEAVE?$AA@ 4002b970     bg_misc.obj
 0002:00000980       ??_C@_0P@MIAIODEJ@EV_WATER_UNDER?$AA@ 4002b980     bg_misc.obj
 0002:00000990       ??_C@_0P@NIPCJOBG@EV_WATER_CLEAR?$AA@ 4002b990     bg_misc.obj
 0002:000009a0       ??_C@_0P@BGIOEPCB@EV_ITEM_PICKUP?$AA@ 4002b9a0     bg_misc.obj
 0002:000009b0       ??_C@_0BG@KFILGAMN@EV_GLOBAL_ITEM_PICKUP?$AA@ 4002b9b0     bg_misc.obj
 0002:000009c8       ??_C@_09NMIICG@EV_NOAMMO?$AA@ 4002b9c8     bg_misc.obj
 0002:000009d4       ??_C@_0BB@ENKPHJLP@EV_CHANGE_WEAPON?$AA@ 4002b9d4     bg_misc.obj
 0002:000009e8       ??_C@_0P@PFJPAFGH@EV_FIRE_WEAPON?$AA@ 4002b9e8     bg_misc.obj
 0002:000009f8       ??_C@_0N@CGCBJKGD@EV_USE_ITEM0?$AA@ 4002b9f8     bg_misc.obj
 0002:00000a08       ??_C@_0N@DPDKKLCC@EV_USE_ITEM1?$AA@ 4002ba08     bg_misc.obj
 0002:00000a18       ??_C@_0N@BEBHPIOB@EV_USE_ITEM2?$AA@ 4002ba18     bg_misc.obj
 0002:00000a28       ??_C@_0N@NAMMJKA@EV_USE_ITEM3?$AA@ 4002ba28     bg_misc.obj
 0002:00000a38       ??_C@_0N@ECENFPGH@EV_USE_ITEM4?$AA@ 4002ba38     bg_misc.obj
 0002:00000a48       ??_C@_0N@FLFGGOCG@EV_USE_ITEM5?$AA@ 4002ba48     bg_misc.obj
 0002:00000a58       ??_C@_0N@HAHLDNOF@EV_USE_ITEM6?$AA@ 4002ba58     bg_misc.obj
 0002:00000a68       ??_C@_0N@GJGAAMKE@EV_USE_ITEM7?$AA@ 4002ba68     bg_misc.obj
 0002:00000a78       ??_C@_0N@OOPIBAGL@EV_USE_ITEM8?$AA@ 4002ba78     bg_misc.obj
 0002:00000a88       ??_C@_0N@PHODCBCK@EV_USE_ITEM9?$AA@ 4002ba88     bg_misc.obj
 0002:00000a98       ??_C@_0O@KBJENLM@EV_USE_ITEM10?$AA@ 4002ba98     bg_misc.obj
 0002:00000aa8       ??_C@_0O@BDACHMPN@EV_USE_ITEM11?$AA@ 4002baa8     bg_misc.obj
 0002:00000ab8       ??_C@_0O@DICPCPDO@EV_USE_ITEM12?$AA@ 4002bab8     bg_misc.obj
 0002:00000ac8       ??_C@_0O@CBDEBOHP@EV_USE_ITEM13?$AA@ 4002bac8     bg_misc.obj
 0002:00000ad8       ??_C@_0O@GOHFIILI@EV_USE_ITEM14?$AA@ 4002bad8     bg_misc.obj
 0002:00000ae8       ??_C@_0O@HHGOLJPJ@EV_USE_ITEM15?$AA@ 4002bae8     bg_misc.obj
 0002:00000af8       ??_C@_0BA@GJNCODNG@EV_ITEM_RESPAWN?$AA@ 4002baf8     bg_misc.obj
 0002:00000b08       ??_C@_0M@ECGFPIMP@EV_ITEM_POP?$AA@ 4002bb08     bg_misc.obj
 0002:00000b14       ??_C@_0BG@HBBJKNDP@EV_PLAYER_TELEPORT_IN?$AA@ 4002bb14     bg_misc.obj
 0002:00000b2c       ??_C@_0BH@FNNILPIN@EV_PLAYER_TELEPORT_OUT?$AA@ 4002bb2c     bg_misc.obj
 0002:00000b44       ??_C@_0BC@ECIIAFLJ@EV_GRENADE_BOUNCE?$AA@ 4002bb44     bg_misc.obj
 0002:00000b58       ??_C@_0BB@LJGGMAII@EV_GENERAL_SOUND?$AA@ 4002bb58     bg_misc.obj
 0002:00000b6c       ??_C@_0BA@JAMKLOPJ@EV_GLOBAL_SOUND?$AA@ 4002bb6c     bg_misc.obj
 0002:00000b7c       ??_C@_0BF@DDOIKLHD@EV_GLOBAL_TEAM_SOUND?$AA@ 4002bb7c     bg_misc.obj
 0002:00000b94       ??_C@_0BE@KBABEJMP@EV_BULLET_HIT_FLESH?$AA@ 4002bb94     bg_misc.obj
 0002:00000ba8       ??_C@_0BD@MFLMCLPN@EV_BULLET_HIT_WALL?$AA@ 4002bba8     bg_misc.obj
 0002:00000bbc       ??_C@_0P@JFMFNBMO@EV_MISSILE_HIT?$AA@ 4002bbbc     bg_misc.obj
 0002:00000bcc       ??_C@_0BA@CAHALNAE@EV_MISSILE_MISS?$AA@ 4002bbcc     bg_misc.obj
 0002:00000bdc       ??_C@_0BG@LPAHEABB@EV_MISSILE_MISS_METAL?$AA@ 4002bbdc     bg_misc.obj
 0002:00000bf4       ??_C@_0N@HMLLJFGF@EV_RAILTRAIL?$AA@ 4002bbf4     bg_misc.obj
 0002:00000c04       ??_C@_0L@LHBIHDML@EV_SHOTGUN?$AA@ 4002bc04     bg_misc.obj
 0002:00000c10       ??_C@_09ICDIPKFJ@EV_BULLET?$AA@ 4002bc10     bg_misc.obj
 0002:00000c1c       ??_C@_07EMHHKOOH@EV_PAIN?$AA@ 4002bc1c     bg_misc.obj
 0002:00000c24       ??_C@_09JPFBHKII@EV_DEATH1?$AA@ 4002bc24     bg_misc.obj
 0002:00000c30       ??_C@_09LEHMCJEL@EV_DEATH2?$AA@ 4002bc30     bg_misc.obj
 0002:00000c3c       ??_C@_09KNGHBIAK@EV_DEATH3?$AA@ 4002bc3c     bg_misc.obj
 0002:00000c48       ??_C@_0M@PPLCDPP@EV_OBITUARY?$AA@ 4002bc48     bg_misc.obj
 0002:00000c54       ??_C@_0BA@HLHGHIIE@EV_POWERUP_QUAD?$AA@ 4002bc54     bg_misc.obj
 0002:00000c64       ??_C@_0BG@CHAMNADK@EV_POWERUP_BATTLESUIT?$AA@ 4002bc64     bg_misc.obj
 0002:00000c7c       ??_C@_0BB@EGIJIDAN@EV_POWERUP_REGEN?$AA@ 4002bc7c     bg_misc.obj
 0002:00000c90       ??_C@_0O@JLGFLKBE@EV_GIB_PLAYER?$AA@ 4002bc90     bg_misc.obj
 0002:00000ca0       ??_C@_0N@GAJBP@EV_SCOREPLUM?$AA@ 4002bca0     bg_misc.obj
 0002:00000cb0       ??_C@_0BI@KNJAKDGK@EV_PROXIMITY_MINE_STICK?$AA@ 4002bcb0     bg_misc.obj
 0002:00000cc8       ??_C@_0BK@PIFCIJEJ@EV_PROXIMITY_MINE_TRIGGER?$AA@ 4002bcc8     bg_misc.obj
 0002:00000ce4       ??_C@_0M@KACLGFEA@EV_KAMIKAZE?$AA@ 4002bce4     bg_misc.obj
 0002:00000cf0       ??_C@_0BC@LMKNBBLF@EV_OBELISKEXPLODE?$AA@ 4002bcf0     bg_misc.obj
 0002:00000d04       ??_C@_0BA@NHKGBGBA@EV_INVUL_IMPACT?$AA@ 4002bd04     bg_misc.obj
 0002:00000d14       ??_C@_09GLJGDJEJ@EV_JUICED?$AA@ 4002bd14     bg_misc.obj
 0002:00000d20       ??_C@_0BB@HHACOGHI@EV_LIGHTNINGBOLT?$AA@ 4002bd20     bg_misc.obj
 0002:00000d34       ??_C@_0O@PBPAKHP@EV_DEBUG_LINE?$AA@ 4002bd34     bg_misc.obj
 0002:00000d44       ??_C@_0BE@OHJHDFJH@EV_STOPLOOPINGSOUND?$AA@ 4002bd44     bg_misc.obj
 0002:00000d58       ??_C@_08GBKLDCBE@EV_TAUNT?$AA@ 4002bd58     bg_misc.obj
 0002:00000d61       ??_C@_00CNPNBAHC@?$AA@     4002bd61     bg_misc.obj
 0002:00000d64       ??_C@_0BB@DDGIAABK@item_armor_shard?$AA@ 4002bd64     bg_misc.obj
 0002:00000d78       ??_C@_0BI@DECNCEGL@sound?1misc?1ar1_pkup?4wav?$AA@ 4002bd78     bg_misc.obj
 0002:00000d90       ??_C@_0CA@NOFOCCIK@models?1powerups?1armor?1shard?4md3?$AA@ 4002bd90     bg_misc.obj
 0002:00000db0       ??_C@_0CH@NEKDLKN@models?1powerups?1armor?1shard_sphe@ 4002bdb0     bg_misc.obj
 0002:00000dd8       ??_C@_0BC@LPFHDODA@icons?1iconr_shard?$AA@ 4002bdd8     bg_misc.obj
 0002:00000dec       ??_C@_0M@PJIPIDNH@Armor?5Shard?$AA@ 4002bdec     bg_misc.obj
 0002:00000df8       ??_C@_0BC@FPPLPJIL@item_armor_combat?$AA@ 4002bdf8     bg_misc.obj
 0002:00000e0c       ??_C@_0BI@KNMPECGK@sound?1misc?1ar2_pkup?4wav?$AA@ 4002be0c     bg_misc.obj
 0002:00000e24       ??_C@_0CE@PHKMKHKB@models?1powerups?1armor?1armor_yel?4@ 4002be24     bg_misc.obj
 0002:00000e48       ??_C@_0BD@BKPFMPMP@icons?1iconr_yellow?$AA@ 4002be48     bg_misc.obj
 0002:00000e5c       ??_C@_05JOOFIMIN@Armor?$AA@ 4002be5c     bg_misc.obj
 0002:00000e64       ??_C@_0BA@EKKMHIH@item_armor_body?$AA@ 4002be64     bg_misc.obj
 0002:00000e74       ??_C@_0CE@EGJFDJJK@models?1powerups?1armor?1armor_red?4@ 4002be74     bg_misc.obj
 0002:00000e98       ??_C@_0BA@CEJNPBJG@icons?1iconr_red?$AA@ 4002be98     bg_misc.obj
 0002:00000ea8       ??_C@_0M@ICCAHGAD@Heavy?5Armor?$AA@ 4002bea8     bg_misc.obj
 0002:00000eb4       ??_C@_0BC@DOHAFEBI@item_health_small?$AA@ 4002beb4     bg_misc.obj
 0002:00000ec8       ??_C@_0BJ@BIFHONLM@sound?1items?1s_health?4wav?$AA@ 4002bec8     bg_misc.obj
 0002:00000ee4       ??_C@_0CH@JKNLMIJB@models?1powerups?1health?1small_cro@ 4002bee4     bg_misc.obj
 0002:00000f0c       ??_C@_0CI@MPAPPIIE@models?1powerups?1health?1small_sph@ 4002bf0c     bg_misc.obj
 0002:00000f34       ??_C@_0BC@IMNPBGFF@icons?1iconh_green?$AA@ 4002bf34     bg_misc.obj
 0002:00000f48       ??_C@_08IAIFJOAI@5?5Health?$AA@ 4002bf48     bg_misc.obj
 0002:00000f54       ??_C@_0M@KCNAKNNL@item_health?$AA@ 4002bf54     bg_misc.obj
 0002:00000f60       ??_C@_0BJ@OLHMCLBI@sound?1items?1n_health?4wav?$AA@ 4002bf60     bg_misc.obj
 0002:00000f7c       ??_C@_0CI@NAEMLIB@models?1powerups?1health?1medium_cr@ 4002bf7c     bg_misc.obj
 0002:00000fa4       ??_C@_0CJ@NCCPDHOD@models?1powerups?1health?1medium_sp@ 4002bfa4     bg_misc.obj
 0002:00000fd0       ??_C@_0BD@CDBLAHCA@icons?1iconh_yellow?$AA@ 4002bfd0     bg_misc.obj
 0002:00000fe4       ??_C@_09OJAALANF@25?5Health?$AA@ 4002bfe4     bg_misc.obj
 0002:00000ff0       ??_C@_0BC@JGDLKFIO@item_health_large?$AA@ 4002bff0     bg_misc.obj
 0002:00001004       ??_C@_0BJ@ILCAJOFD@sound?1items?1l_health?4wav?$AA@ 4002c004     bg_misc.obj
 0002:00001020       ??_C@_0CH@NHFAKEFE@models?1powerups?1health?1large_cro@ 4002c020     bg_misc.obj
 0002:00001048       ??_C@_0CI@CEEMEFNH@models?1powerups?1health?1large_sph@ 4002c048     bg_misc.obj
 0002:00001070       ??_C@_0BA@IGNANAGL@icons?1iconh_red?$AA@ 4002c070     bg_misc.obj
[...]
 0002:00005d44       _GS_ExceptionPointers      40030d44     LIBCMT:gs_report.obj
 0002:00005d50       Ctable                     40030d50     LIBCMT:tan_sse2_precise.obj
 0002:00007350       PI32INV                    40032350     LIBCMT:tan_sse2_precise.obj
 0002:00007360       SHIFTER                    40032360     LIBCMT:tan_sse2_precise.obj
 0002:00007370       P_1                        40032370     LIBCMT:tan_sse2_precise.obj
 0002:00007380       P_2                        40032380     LIBCMT:tan_sse2_precise.obj
 0002:00007390       P_3                        40032390     LIBCMT:tan_sse2_precise.obj
 0002:000073a0       QQ_2                       400323a0     LIBCMT:tan_sse2_precise.obj
 0002:000073a8       ONE                        400323a8     LIBCMT:tan_sse2_precise.obj
 0002:000073b0       MASK_35                    400323b0     LIBCMT:tan_sse2_precise.obj
 0002:000073c0       sign_mask                  400323c0     LIBCMT:tan_sse2_precise.obj
 0002:000073c8       TWO_POW_55                 400323c8     LIBCMT:tan_sse2_precise.obj
 0002:000073d0       TWO_POW_M55                400323d0     LIBCMT:tan_sse2_precise.obj
 0002:000073d8       TWO_POW_M53                400323d8     LIBCMT:tan_sse2_precise.obj
 0002:000073e0       INF                        400323e0     LIBCMT:tan_sse2_precise.obj
 0002:00007450       DblMax                     40032450     LIBCMT:87cdisp.obj
 0002:00007458       DblMin                     40032458     LIBCMT:87cdisp.obj
 0002:00007460       IeeeAdjO                   40032460     LIBCMT:87cdisp.obj
 0002:00007468       IeeeAdjU                   40032468     LIBCMT:87cdisp.obj
 0002:00007470       _infinity                  40032470     LIBCMT:87cdisp.obj
 0002:00007478       _zero                      40032478     LIBCMT:87cdisp.obj
 0002:00007480       _INF                       40032480     LIBCMT:libm_error.obj
 0002:00007490       _BIG                       40032490     LIBCMT:libm_error.obj
 0002:000074a0       _ZERO                      400324a0     LIBCMT:libm_error.obj
 0002:000074b0       _INF_32                    400324b0     LIBCMT:libm_error.obj
 0002:000074b8       _NAN_32                    400324b8     LIBCMT:libm_error.obj
 0002:000074c0       _ZERO_32                   400324c0     LIBCMT:libm_error.obj
 0002:000074c8       _libm_largef               400324c8     LIBCMT:libm_error.obj
 0002:000074d0       _libm_smallf               400324d0     LIBCMT:libm_error.obj
 0002:000074d8       _libm_small                400324d8     LIBCMT:libm_error.obj
 0002:000077cc       __mb_locale_names          400327cc     LIBCMT:mbctype.obj
 0002:00007bb0       __first_127char            40032bb0     LIBCMT:wsetloca.obj
 0002:00007d00       Ctable                     40032d00     LIBCMT:cos_pentium4.obj
 0002:00008500       SC_1                       40033500     LIBCMT:cos_pentium4.obj
 0002:00008510       SC_2                       40033510     LIBCMT:cos_pentium4.obj
 0002:00008520       SC_3                       40033520     LIBCMT:cos_pentium4.obj
 0002:00008530       SC_4                       40033530     LIBCMT:cos_pentium4.obj
 0002:00008540       PI32INV                    40033540     LIBCMT:cos_pentium4.obj
 0002:00008548       SHIFTER                    40033548     LIBCMT:cos_pentium4.obj
 0002:00008550       P_2                        40033550     LIBCMT:cos_pentium4.obj
 0002:00008560       P_1                        40033560     LIBCMT:cos_pentium4.obj
 0002:00008568       P_3                        40033568     LIBCMT:cos_pentium4.obj
 0002:00008570       TWO_POW_55                 40033570     LIBCMT:cos_pentium4.obj
 0002:00008578       TWO_POW_M55                40033578     LIBCMT:cos_pentium4.obj
 0002:00008580       ALL_ONES                   40033580     LIBCMT:cos_pentium4.obj
 0002:00008588       NEG_ZERO                   40033588     LIBCMT:cos_pentium4.obj
 0002:00008590       ONE                        40033590     LIBCMT:cos_pentium4.obj
 0002:000085a0       SIGN_MASK                  400335a0     LIBCMT:cos_pentium4.obj
 0002:000085c4       One                        400335c4     LIBCMT:87disp.obj
 0002:000085cc       XAMtoTagTab                400335cc     LIBCMT:87disp.obj
 0002:000085e0       One                        400335e0     LIBCMT:common.obj
 0002:000085f4       DblMax                     400335f4     LIBCMT:common.obj
 0002:000085fc       DblMin                     400335fc     LIBCMT:common.obj
 0002:00008604       IeeeAdjO                   40033604     LIBCMT:common.obj
 0002:0000860c       IeeeAdjU                   4003360c     LIBCMT:common.obj
 0002:00008614       _infinity                  40033614     LIBCMT:common.obj
 0002:0000861c       _zero                      4003361c     LIBCMT:common.obj
 0002:00008630       Ctable                     40033630     LIBCMT:sin_pentium4.obj
 0002:00008e30       SC_1                       40033e30     LIBCMT:sin_pentium4.obj
 0002:00008e40       SC_2                       40033e40     LIBCMT:sin_pentium4.obj
 0002:00008e50       SC_3                       40033e50     LIBCMT:sin_pentium4.obj
 0002:00008e60       SC_4                       40033e60     LIBCMT:sin_pentium4.obj
 0002:00008e70       PI32INV                    40033e70     LIBCMT:sin_pentium4.obj
 0002:00008e78       SHIFTER                    40033e78     LIBCMT:sin_pentium4.obj
 0002:00008e80       P_2                        40033e80     LIBCMT:sin_pentium4.obj
 0002:00008e90       P_1                        40033e90     LIBCMT:sin_pentium4.obj
 0002:00008e98       P_3                        40033e98     LIBCMT:sin_pentium4.obj
 0002:00008ea0       TWO_POW_55                 40033ea0     LIBCMT:sin_pentium4.obj
 0002:00008ea8       TWO_POW_M55                40033ea8     LIBCMT:sin_pentium4.obj
 0002:00008eb0       ALL_ONES                   40033eb0     LIBCMT:sin_pentium4.obj
 0002:00008eb8       NEG_ZERO                   40033eb8     LIBCMT:sin_pentium4.obj
 0002:00008ec0       ONE                        40033ec0     LIBCMT:sin_pentium4.obj
 0002:0000b7c0       Ctable                     400367c0     LIBCMT:tan_pentium4.obj
 0002:0000cdc0       PI32INV                    40037dc0     LIBCMT:tan_pentium4.obj
 0002:0000cdd0       SHIFTER                    40037dd0     LIBCMT:tan_pentium4.obj
 0002:0000cde0       P_1                        40037de0     LIBCMT:tan_pentium4.obj
 0002:0000cdf0       P_2                        40037df0     LIBCMT:tan_pentium4.obj
 0002:0000ce00       P_3                        40037e00     LIBCMT:tan_pentium4.obj
 0002:0000ce10       QQ_2                       40037e10     LIBCMT:tan_pentium4.obj
 0002:0000ce18       ONE                        40037e18     LIBCMT:tan_pentium4.obj
 0002:0000ce20       MASK_35                    40037e20     LIBCMT:tan_pentium4.obj
 0002:0000ce30       sign_mask                  40037e30     LIBCMT:tan_pentium4.obj
 0002:0000ce38       TWO_POW_55                 40037e38     LIBCMT:tan_pentium4.obj
 0002:0000ce40       TWO_POW_M55                40037e40     LIBCMT:tan_pentium4.obj
 0002:0000ce48       TWO_POW_M53                40037e48     LIBCMT:tan_pentium4.obj
 0002:0000ce50       INF                        40037e50     LIBCMT:tan_pentium4.obj
 0002:0000d6e8       _rterrs                    400386e8     LIBCMT:crt0msg.obj
 0002:0000da40       __sehtable$__CRT_INIT@12   40038a40     LIBCMT:dllcrt0.obj
 0002:0000da60       __sehtable$___DllMainCRTStartup 40038a60     LIBCMT:dllcrt0.obj
 0002:0000da80       __sehtable$___updatetlocinfo 40038a80     LIBCMT:localref.obj
 0002:0000daa0       __sehtable$___updatetmbcinfo 40038aa0     LIBCMT:mbctype.obj
 0002:0000dac0       __sehtable$__setmbcp       40038ac0     LIBCMT:mbctype.obj
 0002:0000dae0       __sehtable$__freefls@4     40038ae0     LIBCMT:tidtable.obj
 0002:0000db08       __sehtable$__initptd       40038b08     LIBCMT:tidtable.obj
 0002:0000db30       __sehtable$__locterm       40038b30     LIBCMT:wsetloca.obj
 0002:0000db50       __sehtable$_doexit         40038b50     LIBCMT:crt0dat.obj
 0002:0000db70       __sehtable$__ioinit        40038b70     LIBCMT:ioinit.obj
 0002:0000db90       __sehtable$__mtinitlocknum 40038b90     LIBCMT:mlock.obj
 0002:0000dbb0       __sehtable$__write         40038bb0     LIBCMT:write.obj
 0002:0000dbd0       __sehtable$__lseeki64      40038bd0     LIBCMT:lseeki64.obj
 0002:0000dbf0       __sehtable$__IsNonwritableInCurrentImage 40038bf0     LIBCMT:pesect.obj
 0002:0000dc10       __sehtable$__onexit        40038c10     LIBCMT:onexit.obj
 0002:0000dc30       __sehtable$?terminate@@YAXXZ 40038c30     LIBCMT:hooks.obj
 0002:0000dc50       __sehtable$_raise          40038c50     LIBCMT:winsig.obj
 0002:0000dc70       __sehtable$___set_fpsr_sse2 40038c70     LIBCMT:fpctrl.obj
 0002:0000dc90       __sehtable$__fcloseall     40038c90     LIBCMT:closeall.obj
 0002:0000dcb0       __sehtable$_flsall         40038cb0     LIBCMT:fflush.obj
 0002:0000dcd8       __sehtable$___lock_fhandle 40038cd8     LIBCMT:osfinfo.obj
 0002:0000dcf8       __sehtable$_fclose         40038cf8     LIBCMT:fclose.obj
 0002:0000dd18       __sehtable$__commit        40038d18     LIBCMT:commit.obj
 0002:0000dd38       __sehtable$__close         40038d38     LIBCMT:close.obj
 0002:0000e326       .idata$6                   40039326     kernel32:KERNEL32.dll
 0002:0000e340       .edata                     40039340     uix86.exp
 0002:0000e368       rgpv                       40039368     uix86.exp
 0002:0000e370       rgszName                   40039370     uix86.exp
 0002:0000e378       rgwOrd                     40039378     uix86.exp
 0002:0000e37c       szName                     4003937c     uix86.exp
 0002:0000e386       $N00001                    40039386     uix86.exp
 0002:0000e38f       $N00002                    4003938f     uix86.exp
 0003:000011a8       _cvarTableSize             4003b1a8     ui_main.obj
 0003:000011ac       _numHandicaps              4003b1ac     ui_main.obj
 0003:000011b0       _handicapValues            4003b1b0     ui_main.obj
 0003:00001204       ?lastColumn@?1??UI_FeederItemText@@9@9 4003b204     ui_main.obj
 0003:00001208       _updateModel               4003b208     ui_main.obj
 0003:0000120c       _MonthAbbrev               4003b20c     ui_main.obj
 0003:0000123c       _skillLevels               4003b23c     ui_main.obj
 0003:00001250       _netSources                4003b250     ui_main.obj
 0003:00001260       _teamArenaGameTypes        4003b260     ui_main.obj
 0003:00001284       _teamArenaGameNames        4003b284     ui_main.obj
 0003:000012a8       _sortKeys                  4003b2a8     ui_main.obj
 0003:000012bc       _netnames                  4003b2bc     ui_main.obj
 0003:000012cc       _quake3worldMessage        4003b2cc     ui_main.obj
 0003:00001308       _gamecodetoui              4003b308     ui_main.obj
 0003:00001324       _uitogamecode              4003b324     ui_main.obj
 0003:00001340       _updateOpponentModel       4003b340     ui_main.obj
 0003:00001344       ?dlText@?1??UI_DisplayDownloadInfo@@9@9 4003b344     ui_main.obj
 0003:00001354       ?etaText@?1??UI_DisplayDownloadInfo@@9@9 4003b354     ui_main.obj
 0003:0000136c       ?xferText@?1??UI_DisplayDownloadInfo@@9@9 4003b36c     ui_main.obj
 0003:00001380       _cvarTable                 4003b380     ui_main.obj
 0003:00001ab0       _g_bindings                4003bab0     ui_shared.obj
 0003:000020fc       ?staticNULL@?1??String_Alloc@@9@9 4003c0fc     ui_shared.obj
 0003:00002100       _g_configcvars             4003c100     ui_shared.obj
 0003:000025c4       _syscall                   4003c5c4     ui_syscalls.obj
 0003:000025e0       _NAME_                     4003c5e0     LIBCMT:cos.obj
 0003:000025f0       _NAME_                     4003c5f0     LIBCMT:sin.obj
 0003:00002620       _NAME_                     4003c620     LIBCMT:sqrt.obj
 0003:00002628       ?isPackaged@?1??__crtIsPackagedApp@@9@9 4003c628     LIBCMT:winapisupp.obj
 0003:00002630       _errtable                  4003c630     LIBCMT:dosmap.obj
 0003:00002798       _ErrnoNoMem                4003c798     LIBCMT:dosmap.obj
 0003:0000279c       _DoserrorNoMem             4003c79c     LIBCMT:dosmap.obj
 0003:000027a4       ___rgctypeflag             4003c7a4     LIBCMT:mbctype.obj
 0003:000027a8       ___rgcode_page_info        4003c7a8     LIBCMT:mbctype.obj
 0003:00002f04       __ctype_loc_style          4003cf04     LIBCMT:wsetloca.obj
 0003:00002f10       _NAME_                     4003cf10     LIBCMT:tan.obj
 0003:00002f64       _DoubleFormat              4003cf64     LIBCMT:intrncvt.obj
 0003:00002f7c       _FloatFormat               4003cf7c     LIBCMT:intrncvt.obj
 0003:00003258       __locktable                4003d258     LIBCMT:mlock.obj
 0003:00003660       ?_names@?1??_get_fname@@9@9 4003d660     LIBCMT:fpexcept.obj
 0003:00003748       _over                      4003d748     LIBCMT:fpctrl.obj
 0003:00003754       _under                     4003d754     LIBCMT:fpctrl.obj
 0003:00003760       ?__DAZ_ENABLED@?1??__set_fpsr_sse2@@9@9 4003d760     LIBCMT:fpctrl.obj
 0003:000037cc       ?bops_initialized@?1??BoxOnPlaneSide@@9@9 4003d7cc     q_math.obj
 0003:000037d0       ?Ljmptab@?1??BoxOnPlaneSide@@9@9 4003d7d0     q_math.obj
 0003:000037f0       ?sr@?1??AngleVectors@@9@9  4003d7f0     q_math.obj
 0003:000037f4       ?sp@?1??AngleVectors@@9@9  4003d7f4     q_math.obj
 0003:000037f8       ?sy@?1??AngleVectors@@9@9  4003d7f8     q_math.obj
 0003:000037fc       ?cr@?1??AngleVectors@@9@9  4003d7fc     q_math.obj
 0003:00003800       ?cp@?1??AngleVectors@@9@9  4003d800     q_math.obj
 0003:00003804       ?cy@?1??AngleVectors@@9@9  4003d804     q_math.obj
 0003:00003808       ?index@?1??va@@9@9         4003d808     q_shared.obj
 0003:0000380c       ?valueindex@?1??Info_ValueForKey@@9@9 4003d80c     q_shared.obj
 0003:00003810       _com_token                 4003d810     q_shared.obj
 0003:00003c10       _com_parsename             4003dc10     q_shared.obj
 0003:00004010       _com_lines                 4003e010     q_shared.obj
 0003:00004018       ?string@?1??COM_ParseError@@9@9 4003e018     q_shared.obj
 0003:00005018       ?string@?1??COM_ParseWarning@@9@9 4003f018     q_shared.obj
 0003:00006018       ?string@?1??va@@9@9        40040018     q_shared.obj
 0003:00015a18       ?value@?1??Info_ValueForKey@@9@9 4004fa18     q_shared.obj
 0003:00019a20       ?buffer@?1??UI_Argv@@9@9   40053a20     ui_atoms.obj
 0003:00019e20       ?buffer@?1??UI_Cvar_VariableString@@9@9 40053e20     ui_atoms.obj
 0003:0001a220       _ui_botInfos               40054220     ui_gameinfo.obj
 0003:0001b220       _ui_numArenas              40055220     ui_gameinfo.obj
 0003:0001b228       _ui_arenaInfos             40055228     ui_gameinfo.obj
 0003:0001c228       ?lastTime@?1??UI_FeederItemText@@9@9 40056228     ui_main.obj
 0003:0001c22c       _q3Model                   4005622c     ui_main.obj
 0003:0001c230       ?init@?1??UI_HeadCountByTeam@@9@9 40056230     ui_main.obj
 0003:0001c23c       ?index@?1??_UI_Refresh@@9@9 4005623c     ui_main.obj
 0003:0001c240       ?previousTimes@?1??_UI_Refresh@@9@9 40056240     ui_main.obj
 0003:0001c250       ?buf@?1??GetMenuBuffer@@9@9 40056250     ui_main.obj
 0003:00024250       ?info@?1??UI_DrawPlayerModel@@9@9 4005e250     ui_main.obj
 0003:0002474c       ?numinvisible@?1??UI_BuildServerDisplayList@@9@9 4005e74c     ui_main.obj
 0003:00024750       ?info2@?1??UI_DrawOpponent@@9@9 4005e750     ui_main.obj
 0003:00024c4c       ?numFound@?1??UI_BuildFindPlayerList@@9@9 4005ec4c     ui_main.obj
 0003:00024c50       ?numTimeOuts@?1??UI_BuildFindPlayerList@@9@9 4005ec50     ui_main.obj
 0003:00024c54       _lastConnState             4005ec54     ui_main.obj
 0003:00024c58       ?info@?1??UI_FeederItemText@@9@9 4005ec58     ui_main.obj
 0003:00025058       ?hostname@?1??UI_FeederItemText@@9@9 4005f058     ui_main.obj
 0003:00025458       ?clientBuff@?1??UI_FeederItemText@@9@9 4005f458     ui_main.obj
 0003:00025478       ?info@?1??UI_FeederSelection@@9@9 4005f478     ui_main.obj
 0003:00025878       _lastLoadingText           4005f878     ui_main.obj
 0003:00025c78       _dp_realtime               4005fc78     ui_players.obj
 0003:00025c7c       _jumpHeight                4005fc7c     ui_players.obj
 0003:00025c80       _captureFunc               4005fc80     ui_shared.obj
 0003:00025c84       _captureData               4005fc84     ui_shared.obj
 0003:00025c88       _itemCapture               4005fc88     ui_shared.obj
 0003:00025c90       _g_waitingForKey           4005fc90     ui_shared.obj
 0003:00025c94       _g_editingField            4005fc94     ui_shared.obj
 0003:00025c98       _g_bindItem                4005fc98     ui_shared.obj
 0003:00025c9c       _g_editItem                4005fc9c     ui_shared.obj
 0003:00025ca8       _debugMode                 4005fca8     ui_shared.obj
 0003:00025cac       _lastListBoxClickTime      4005fcac     ui_shared.obj
 0003:00025cb0       _strPoolIndex              4005fcb0     ui_shared.obj
 0003:00025cb4       _strHandleCount            4005fcb4     ui_shared.obj
 0003:00025cb8       ?inHandleKey@?9??Menu_HandleKey@@9@9 4005fcb8     ui_shared.obj
 0003:00025cbc       _scrollInfo                4005fcbc     ui_shared.obj
 0003:00025cdc       _allocPoint                4005fcdc     ui_shared.obj
 0003:00025ce0       _memoryPool                4005fce0     ui_shared.obj
 0003:00125ce0       _outOfMemory               4015fce0     ui_shared.obj
 0003:00125ce8       _strPool                   4015fce8     ui_shared.obj
 0003:00185ce8       _strHandle                 401bfce8     ui_shared.obj
 0003:00187ce8       ?string@?1??PC_SourceWarning@@9@9 401c1ce8     ui_shared.obj
 0003:00188ce8       ?string@?1??PC_SourceError@@9@9 401c2ce8     ui_shared.obj
 0003:00189ce8       ?rect@?1??Item_CorrectedTextRect@@9@9 401c3ce8     ui_shared.obj
 0003:00189d00       _GS_ExceptionRecord        401c3d00     LIBCMT:gs_report.obj
 0003:00189d50       _GS_ContextRecord          401c3d50     LIBCMT:gs_report.obj
 0003:0018a01c       _DebuggerWasPresent        401c401c     LIBCMT:gs_report.obj
 0003:0018a020       ___proc_attached           401c4020     LIBCMT:dllcrt0.obj
 0003:0018a02c       __pmatherr_set             401c402c     LIBCMT:libm_error.obj
 0003:0018a04c       _fSystemSet                401c404c     LIBCMT:mbctype.obj
 0003:0018a198       ?_pgmname@?1??_setargv@@9@9 401c4198     LIBCMT:stdargv.obj
 0003:0018a2a8       _lclcritsects              401c42a8     LIBCMT:mlock.obj
 0003:0018a404       ___enable_percent_n        401c4404     LIBCMT:printf.obj
 0003:0018a408       ___crtCallProc             401c4408     LIBCMT:winapinls.obj
 0003:0018a418       ?outmsg@?8??_NMSG_WRITE@@9@9 401c4418     LIBCMT:crt0msg.obj
 0003:0018aa4c       _g_pfnRtlGenRandom         401c4a4c     LIBCMT:rand_s.obj
 0003:0018aa50       _ctrlc_action              401c4a50     LIBCMT:winsig.obj
 0003:0018aa54       _ctrlbreak_action          401c4a54     LIBCMT:winsig.obj
 0003:0018aa58       _abort_action              401c4a58     LIBCMT:winsig.obj
 0003:0018aa5c       _term_action               401c4a5c     LIBCMT:winsig.obj
 0003:0018aa60       _ConsoleCtrlHandler_Installed 401c4a60     LIBCMT:winsig.obj
 0003:0018aa74       ?pfnMessageBox@?1??__crtMessageBoxW@@9@9 401c4a74     LIBCMT:crtmboxw.obj
 0003:0018aa78       ?pfnGetActiveWindow@?1??__crtMessageBoxW@@9@9 401c4a78     LIBCMT:crtmboxw.obj
 0003:0018aa7c       ?pfnGetLastActivePopup@?1??__crtMessageBoxW@@9@9 401c4a7c     LIBCMT:crtmboxw.obj
 0003:0018aa80       ?pfnGetProcessWindowStation@?1??__crtMessageBoxW@@9@9 401c4a80     LIBCMT:crtmboxw.obj
 0003:0018aa84       ?pfnGetUserObjectInformation@?1??__crtMessageBoxW@@9@9 401c4a84     LIBCMT:crtmboxw.obj
 0004:00000060       $R000000                   401fb060     * linker generated manifest res *
