 uix86

 Timestamp is 51f190d5 (Thu Jul 25 15:55:49 2013)

 Preferred load address is 40000000

 Start         Length     Name                   Class
 0001:00000000 00080ceeH .text                   CODE
 0001:00080cf0 00000139H .text$x                 CODE
 0002:00000000 00000158H .idata$5                DATA
 0002:00000158 00000004H .CRT$XCA                DATA
 0002:0000015c 00000004H .CRT$XCZ                DATA
 0002:00000160 00000004H .CRT$XIA                DATA
 0002:00000164 00000014H .CRT$XIC                DATA
 0002:00000178 00000004H .CRT$XIZ                DATA
 0002:0000017c 00000004H .CRT$XPA                DATA
 0002:00000180 00000008H .CRT$XPX                DATA
 0002:00000188 00000004H .CRT$XPXA               DATA
 0002:0000018c 00000004H .CRT$XPZ                DATA
 0002:00000190 00000004H .CRT$XTA                DATA
 0002:00000194 00000004H .CRT$XTZ                DATA
 0002:000001a0 00017b50H .rdata                  DATA
 0002:00017cf0 0000006cH .rdata$debug            DATA
 0002:00017d5c 00000388H .rdata$r                DATA
 0002:000180f0 00000030H .rdata$sxdata           DATA
 0002:00018120 00000004H .rtc$IAA                DATA
 0002:00018124 00000024H .rtc$IMZ                DATA
 0002:00018148 00000004H .rtc$IZZ                DATA
 0002:0001814c 00000004H .rtc$TAA                DATA
 0002:00018150 00000024H .rtc$TMZ                DATA
 0002:00018174 00000004H .rtc$TZZ                DATA
 0002:00018178 00000b08H .xdata$x                DATA
 0002:00018c80 00000014H .idata$2                DATA
 0002:00018c94 00000014H .idata$3                DATA
 0002:00018ca8 00000158H .idata$4                DATA
 0002:00018e00 00000648H .idata$6                DATA
 0002:00019450 00000056H .edata                  DATA
 0003:00000000 00003c47H .data                   DATA
 0003:00003c60 001bc9fcH .bss                    DATA
 0004:00000000 00000058H .rsrc$01                DATA
 0004:00000060 00000180H .rsrc$02                DATA

  Address         Publics by Value              Rva+Base       Lib:Object

 0000:00000000       __except_list              00000000     <absolute>
 0000:0000000c       ___safe_se_handler_count   0000000c     <absolute>
 0000:00000000       ___ImageBase               40000000     <linker-defined>
 0001:00000000       _BG_AddPredictableEventToPlayerstate 40001000 f   bg_misc.obj
 0001:00000120       _BG_CanItemBeGrabbed       40001120 f   bg_misc.obj
 0001:00000590       _BG_EvaluateTrajectory     40001590 f   bg_misc.obj
 0001:00000a80       _BG_EvaluateTrajectoryDelta 40001a80 f   bg_misc.obj
 0001:00000df0       _BG_FindItem               40001df0 f   bg_misc.obj
 0001:00000e60       _BG_FindItemForHoldable    40001e60 f   bg_misc.obj
 0001:00000ef0       _BG_FindItemForPowerup     40001ef0 f   bg_misc.obj
 0001:00000f90       _BG_FindItemForWeapon      40001f90 f   bg_misc.obj
 0001:00001010       _BG_PlayerStateToEntityState 40002010 f   bg_misc.obj
 0001:00001490       _BG_PlayerStateToEntityStateExtraPolate 40002490 f   bg_misc.obj
 0001:00001920       _BG_PlayerTouchesItem      40002920 f   bg_misc.obj
 0001:00001ac0       _BG_TouchJumpPad           40002ac0 f   bg_misc.obj
 0001:00001c50       _AddPointToBounds          40002c50 f   q_math.obj
 0001:00001de0       _AngleDelta                40002de0 f   q_math.obj
 0001:00001e30       _AngleMod                  40002e30 f   q_math.obj
 0001:00001e90       _AngleNormalize180         40002e90 f   q_math.obj
 0001:00001f00       _AngleNormalize360         40002f00 f   q_math.obj
 0001:00001f70       _AngleSubtract             40002f70 f   q_math.obj
 0001:00001ff0       _AngleVectors              40002ff0 f   q_math.obj
 0001:00002310       _AnglesSubtract            40003310 f   q_math.obj
 0001:00002410       _AnglesToAxis              40003410 f   q_math.obj
 0001:00002560       _AxisClear                 40003560 f   q_math.obj
 0001:000026a0       _AxisCopy                  400036a0 f   q_math.obj
 0001:00002850       _BoxOnPlaneSide            40003850 f   q_math.obj
 0001:00002a90       _ByteToDir                 40003a90 f   q_math.obj
 0001:00002b80       _ClampChar                 40003b80 f   q_math.obj
 0001:00002bc0       _ClampShort                40003bc0 f   q_math.obj
 0001:00002c10       _ClearBounds               40003c10 f   q_math.obj
 0001:00002cd0       _ColorBytes3               40003cd0 f   q_math.obj
 0001:00002d80       _ColorBytes4               40003d80 f   q_math.obj
 0001:00002f70       _DirToByte                 40003f70 f   q_math.obj
 0001:00003080       _LerpAngle                 40004080 f   q_math.obj
 0001:00003110       _MakeNormalVectors         40004110 f   q_math.obj
 0001:00003300       _MatrixMultiply            40004300 f   q_math.obj
 0001:00003930       _NormalizeColor            40004930 f   q_math.obj
 0001:00003a90       _PerpendicularVector       40004a90 f   q_math.obj
 0001:00003c00       _PlaneFromPoints           40004c00 f   q_math.obj
 0001:00003e70       _ProjectPointOnPlane       40004e70 f   q_math.obj
 0001:00004120       _Q_crandom                 40005120 f   q_math.obj
 0001:000041a0       _Q_fabs                    400051a0 f   q_math.obj
 0001:000041e0       _Q_log2                    400051e0 f   q_math.obj
 0001:00004230       _Q_rand                    40005230 f   q_math.obj
 0001:00004270       _Q_random                  40005270 f   q_math.obj
 0001:000042d0       _Q_rsqrt                   400052d0 f   q_math.obj
 0001:00004370       _RadiusFromBounds          40005370 f   q_math.obj
 0001:00004480       _RotateAroundDirection     40005480 f   q_math.obj
 0001:000045f0       _RotatePointAroundVector   400055f0 f   q_math.obj
 0001:00004c40       _SetPlaneSignbits          40005c40 f   q_math.obj
 0001:00004cc0       _Vector4Scale              40005cc0 f   q_math.obj
 0001:00004e40       _VectorNormalize           40005e40 f   q_math.obj
 0001:00004f90       _VectorNormalize2          40005f90 f   q_math.obj
 0001:00005130       _VectorRotate              40006130 f   q_math.obj
 0001:00005300       __DotProduct               40006300 f   q_math.obj
 0001:000053a0       __VectorAdd                400063a0 f   q_math.obj
 0001:00005460       __VectorCopy               40006460 f   q_math.obj
 0001:000054e0       __VectorMA                 400064e0 f   q_math.obj
 0001:000055b0       __VectorScale              400065b0 f   q_math.obj
 0001:00005650       __VectorSubtract           40006650 f   q_math.obj
 0001:00005710       _vectoangles               40006710 f   q_math.obj
 0001:000059b0       _COM_BeginParseSession     400069b0 f   q_shared.obj
 0001:00005a10       _COM_Compress              40006a10 f   q_shared.obj
 0001:00005c40       _COM_DefaultExtension      40006c40 f   q_shared.obj
 0001:00005d30       _COM_GetCurrentParseLine   40006d30 f   q_shared.obj
 0001:00005d60       _COM_MatchToken            40006d60 f   q_shared.obj
 0001:00005dd0       _COM_Parse                 40006dd0 f   q_shared.obj
 0001:00005e10       _COM_ParseError            40006e10 f   q_shared.obj
 0001:00005e90       _COM_ParseExt              40006e90 f   q_shared.obj
 0001:000061a0       _COM_ParseWarning          400071a0 f   q_shared.obj
 0001:00006220       _COM_SkipPath              40007220 f   q_shared.obj
 0001:00006280       _COM_StripExtension        40007280 f   q_shared.obj
 0001:000062e0       _Com_Clamp                 400072e0 f   q_shared.obj
 0001:00006330       _Com_sprintf               40007330 f   q_shared.obj
 0001:00006420       _FloatNoSwap               40007420 f   q_shared.obj
 0001:00006450       _FloatSwap                 40007450 f   q_shared.obj
 0001:000064d0       _Info_NextPair             400074d0 f   q_shared.obj
 0001:000065d0       _Info_RemoveKey            400075d0 f   q_shared.obj
 0001:000067b0       _Info_RemoveKey_Big        400077b0 f   q_shared.obj
 0001:00006990       _Info_SetValueForKey       40007990 f   q_shared.obj
 0001:00006b70       _Info_SetValueForKey_Big   40007b70 f   q_shared.obj
 0001:00006d40       _Info_Validate             40007d40 f   q_shared.obj
 0001:00006db0       _Info_ValueForKey          40007db0 f   q_shared.obj
 0001:00006f90       _Long64NoSwap              40007f90 f   q_shared.obj
 0001:00006fc0       _Long64Swap                40007fc0 f   q_shared.obj
 0001:00007050       _LongNoSwap                40008050 f   q_shared.obj
 0001:00007080       _LongSwap                  40008080 f   q_shared.obj
 0001:00007100       _Parse1DMatrix             40008100 f   q_shared.obj
 0001:000071a0       _Parse2DMatrix             400081a0 f   q_shared.obj
 0001:00007230       _Parse3DMatrix             40008230 f   q_shared.obj
 0001:000072d0       _Q_CleanStr                400082d0 f   q_shared.obj
 0001:00007380       _Q_PrintStrlen             40008380 f   q_shared.obj
 0001:00007410       _Q_isalpha                 40008410 f   q_shared.obj
 0001:00007460       _Q_islower                 40008460 f   q_shared.obj
 0001:000074a0       _Q_isprint                 400084a0 f   q_shared.obj
 0001:000074e0       _Q_isupper                 400084e0 f   q_shared.obj
 0001:00007520       _Q_strcat                  40008520 f   q_shared.obj
 0001:000075a0       _Q_stricmp                 400085a0 f   q_shared.obj
 0001:00007610       _Q_stricmpn                40008610 f   q_shared.obj
 0001:00007720       _Q_strlwr                  40008720 f   q_shared.obj
 0001:00007790       _Q_strncmp                 40008790 f   q_shared.obj
 0001:00007830       _Q_strncpyz                40008830 f   q_shared.obj
 0001:000078d0       _Q_strrchr                 400088d0 f   q_shared.obj
 0001:00007950       _Q_strupr                  40008950 f   q_shared.obj
 0001:000079c0       _ShortNoSwap               400089c0 f   q_shared.obj
 0001:000079f0       _ShortSwap                 400089f0 f   q_shared.obj
 0001:00007a40       _SkipBracedSection         40008a40 f   q_shared.obj
 0001:00007af0       _SkipRestOfLine            40008af0 f   q_shared.obj
 0001:00007bf0       _va                        40008bf0 f   q_shared.obj
 0001:00007c70       _Com_Error                 40008c70 f   ui_atoms.obj
 0001:00007d30       _Com_Printf                40008d30 f   ui_atoms.obj
 0001:00007df0       _UI_AdjustFrom640          40008df0 f   ui_atoms.obj
 0001:00007e70       _UI_Argv                   40008e70 f   ui_atoms.obj
 0001:000084e0       _UI_ClampCvar              400094e0 f   ui_atoms.obj
 0001:00008530       _UI_ClearScores            40009530 f   ui_atoms.obj
 0001:00008720       _UI_ConsoleCommand         40009720 f   ui_atoms.obj
 0001:00008930       _UI_CursorInRect           40009930 f   ui_atoms.obj
 0001:00008990       _UI_Cvar_VariableString    40009990 f   ui_atoms.obj
 0001:000089e0       _UI_DrawHandlePic          400099e0 f   ui_atoms.obj
 0001:00008b40       _UI_DrawNamedPic           40009b40 f   ui_atoms.obj
 0001:00008c10       _UI_DrawRect               40009c10 f   ui_atoms.obj
 0001:00008cc0       _UI_DrawSides              40009cc0 f   ui_atoms.obj
 0001:00008e10       _UI_DrawTextBox            40009e10 f   ui_atoms.obj
 0001:00008ef0       _UI_DrawTopBottom          40009ef0 f   ui_atoms.obj
 0001:00009040       _UI_FillRect               4000a040 f   ui_atoms.obj
 0001:00009120       _UI_LoadBestScores         4000a120 f   ui_atoms.obj
 0001:000092d0       _UI_SetBestScores          4000a2d0 f   ui_atoms.obj
 0001:00009750       _UI_SetColor               4000a750 f   ui_atoms.obj
 0001:00009790       _UI_Shutdown               4000a790 f   ui_atoms.obj
 0001:000097c0       _UI_StartDemoLoop          4000a7c0 f   ui_atoms.obj
 0001:00009810       _UI_UpdateScreen           4000a810 f   ui_atoms.obj
 0001:00009850       _UI_GetBotInfoByName       4000a850 f   ui_gameinfo.obj
 0001:000098e0       _UI_GetBotInfoByNumber     4000a8e0 f   ui_gameinfo.obj
 0001:00009950       _UI_GetBotNameByNumber     4000a950 f   ui_gameinfo.obj
 0001:000099b0       _UI_GetNumBots             4000a9b0 f   ui_gameinfo.obj
 0001:000099e0       _UI_LoadArenas             4000a9e0 f   ui_gameinfo.obj
 0001:0000a010       _UI_LoadBots               4000b010 f   ui_gameinfo.obj
 0001:0000a380       _UI_ParseInfos             4000b380 f   ui_gameinfo.obj
 0001:0000a7c0       _AssetCache                4000b7c0 f   ui_main.obj
 0001:0000a9c0       _Asset_Parse               4000b9c0 f   ui_main.obj
 0001:0000b280       _Font_Report               4000c280 f   ui_main.obj
 0001:0000b510       _GetMenuBuffer             4000c510 f   ui_main.obj
 0001:0000b640       _Load_Menu                 4000c640 f   ui_main.obj
 0001:0000bcd0       _Text_Height               4000ccd0 f   ui_main.obj
 0001:0000be30       _Text_Paint                4000ce30 f   ui_main.obj
 0001:0000c210       _Text_PaintCenter          4000d210 f   ui_main.obj
 0001:0000c2c0       _Text_PaintCenter_AutoWrapped 4000d2c0 f   ui_main.obj
 0001:0000c510       _Text_PaintChar            4000d510 f   ui_main.obj
 0001:0000c620       _Text_PaintWithCursor      4000d620 f   ui_main.obj
 0001:0000ce70       _Text_Width                4000de70 f   ui_main.obj
 0001:0000f0d0       _UI_DrawCenteredPic        400100d0 f   ui_main.obj
 0001:0000f5d0       _UI_DrawConnectScreen      400105d0 f   ui_main.obj
 0001:000146a0       _UI_Load                   400156a0 f   ui_main.obj
 0001:000149e0       _UI_LoadMenus              400159e0 f   ui_main.obj
 0001:00014ec0       _UI_LoadNonIngame          40015ec0 f   ui_main.obj
 0001:00016970       _UI_ParseMenu              40017970 f   ui_main.obj
 0001:00017080       _UI_RegisterCvars          40018080 f   ui_main.obj
 0001:000171b0       _UI_Report                 400181b0 f   ui_main.obj
 0001:00018f90       _UI_ServersSort            40019f90 f   ui_main.obj
 0001:00019190       _UI_ShowPostGame           4001a190 f   ui_main.obj
 0001:0001ac10       _UI_UpdateCvars            4001bc10 f   ui_main.obj
 0001:0001ace0       _UI_hasSkinForBase         4001bce0 f   ui_main.obj
 0001:0001ade0       __UI_DrawRect              4001bde0 f   ui_main.obj
 0001:0001aeb0       __UI_DrawSides             4001beb0 f   ui_main.obj
 0001:0001b000       __UI_DrawTopBottom         4001c000 f   ui_main.obj
 0001:0001b150       __UI_Init                  4001c150 f   ui_main.obj
 0001:0001b660       __UI_IsFullscreen          4001c660 f   ui_main.obj
 0001:0001b6a0       __UI_KeyEvent              4001c6a0 f   ui_main.obj
 0001:0001b750       __UI_MouseEvent            4001c750 f   ui_main.obj
 0001:0001b810       __UI_Refresh               4001c810 f   ui_main.obj
 0001:0001b970       __UI_SetActiveMenu         4001c970 f   ui_main.obj
 0001:0001bbc0       __UI_Shutdown              4001cbc0 f   ui_main.obj
 0001:0001bcc0       _vmMain                    4001ccc0 f   ui_main.obj
 0001:0001bde0       _UI_DrawPlayer             4001cde0 f   ui_players.obj
 0001:0001d030       _UI_MachinegunSpinAngle    4001e030 f   ui_players.obj
 0001:0001e030       _UI_PlayerInfo_SetInfo     4001f030 f   ui_players.obj
 0001:0001e470       _UI_PlayerInfo_SetModel    4001f470 f   ui_players.obj
 0001:0001f010       _UI_RegisterClientModelname 40020010 f   ui_players.obj
 0001:0001feb0       _ItemParse_autowrapped     40020eb0 f   ui_shared.obj
 0001:0001fef0       _ItemParse_horizontalscroll 40020ef0 f   ui_shared.obj
 0001:0001ff30       _ItemParse_type            40020f30 f   ui_shared.obj
 0001:0001ff90       _Script_SetTeamColor       40020f90 f   ui_shared.obj
 0001:00020060       _ItemParse_elementwidth    40021060 f   ui_shared.obj
 0001:000200d0       _ItemParse_elementheight   400210d0 f   ui_shared.obj
 0001:00020140       _Script_SetItemColor       40021140 f   ui_shared.obj
 0001:00020330       _ItemParse_feeder          40021330 f   ui_shared.obj
 0001:00020390       _ItemParse_elementtype     40021390 f   ui_shared.obj
 0001:00020410       _ItemParse_columns         40021410 f   ui_shared.obj
 0001:000205a0       _ItemParse_border          400215a0 f   ui_shared.obj
 0001:00020600       _ItemParse_bordersize      40021600 f   ui_shared.obj
 0001:00020660       _ItemParse_visible         40021660 f   ui_shared.obj
 0001:000206f0       _ItemParse_ownerdraw       400216f0 f   ui_shared.obj
 0001:00020750       _ItemParse_align           40021750 f   ui_shared.obj
 0001:000207b0       _ItemParse_textalign       400217b0 f   ui_shared.obj
 0001:00020810       _ItemParse_textalignx      40021810 f   ui_shared.obj
 0001:00020870       _ItemParse_textaligny      40021870 f   ui_shared.obj
 0001:000208d0       _Script_Show               400218d0 f   ui_shared.obj
 0001:00020960       _ItemParse_textscale       40021960 f   ui_shared.obj
 0001:000209c0       _Script_Hide               400219c0 f   ui_shared.obj
 0001:00020a50       _ItemParse_textstyle       40021a50 f   ui_shared.obj
 0001:00020ab0       _ItemParse_backcolor       40021ab0 f   ui_shared.obj
 0001:00020b60       _Script_FadeIn             40021b60 f   ui_shared.obj
 0001:00020bf0       _Script_FadeOut            40021bf0 f   ui_shared.obj
 0001:00020c80       _ItemParse_forecolor       40021c80 f   ui_shared.obj
 0001:00020d40       _Script_Open               40021d40 f   ui_shared.obj
 0001:00020dc0       _ItemParse_bordercolor     40021dc0 f   ui_shared.obj
 0001:00020e70       _Script_ConditionalOpen    40021e70 f   ui_shared.obj
 0001:00020f80       _ItemParse_outlinecolor    40021f80 f   ui_shared.obj
 0001:00020fe0       _Script_Close              40021fe0 f   ui_shared.obj
 0001:00021060       _ItemParse_background      40022060 f   ui_shared.obj
 0001:00021100       _ItemParse_cinematic       40022100 f   ui_shared.obj
 0001:00021160       _ItemParse_doubleClick     40022160 f   ui_shared.obj
 0001:000211e0       _ItemParse_onFocus         400221e0 f   ui_shared.obj
 0001:00021240       _Script_Transition         40022240 f   ui_shared.obj
 0001:000213d0       _ItemParse_leaveFocus      400223d0 f   ui_shared.obj
 0001:00021430       _ItemParse_mouseEnter      40022430 f   ui_shared.obj
 0001:00021490       _ItemParse_mouseExit       40022490 f   ui_shared.obj
 0001:000214f0       _ItemParse_mouseEnterText  400224f0 f   ui_shared.obj
 0001:00021550       _ItemParse_mouseExitText   40022550 f   ui_shared.obj
 0001:000215b0       _Script_Orbit              400225b0 f   ui_shared.obj
 0001:00021730       _ItemParse_action          40022730 f   ui_shared.obj
 0001:00021790       _ItemParse_special         40022790 f   ui_shared.obj
 0001:000217f0       _Script_SetFocus           400227f0 f   ui_shared.obj
 0001:00021920       _ItemParse_cvarTest        40022920 f   ui_shared.obj
 0001:00021980       _ItemParse_cvar            40022980 f   ui_shared.obj
 0001:00021a30       _Script_SetPlayerModel     40022a30 f   ui_shared.obj
 0001:00021ad0       _ItemParse_maxChars        40022ad0 f   ui_shared.obj
 0001:00021b90       _Script_SetPlayerHead      40022b90 f   ui_shared.obj
 0001:00021c30       _Script_SetCvar            40022c30 f   ui_shared.obj
 0001:00021cf0       _ItemParse_maxPaintChars   40022cf0 f   ui_shared.obj
 0001:00021db0       _Script_Exec               40022db0 f   ui_shared.obj
 0001:00021e50       _ItemParse_cvarFloat       40022e50 f   ui_shared.obj
 0001:00021f10       _Script_Play               40022f10 f   ui_shared.obj
 0001:00021fc0       _ItemParse_cvarStrList     40022fc0 f   ui_shared.obj
 0001:000221f0       _Script_playLooped         400231f0 f   ui_shared.obj
 0001:000222a0       _ItemParse_cvarFloatList   400232a0 f   ui_shared.obj
 0001:000224b0       _ItemParse_addColorRange   400234b0 f   ui_shared.obj
 0001:000225b0       _ItemParse_ownerdrawFlag   400235b0 f   ui_shared.obj
 0001:00022640       _ItemParse_enableCvar      40023640 f   ui_shared.obj
 0001:000226b0       _ItemParse_disableCvar     400236b0 f   ui_shared.obj
 0001:00022720       _ItemParse_showCvar        40023720 f   ui_shared.obj
 0001:00022790       _ItemParse_hideCvar        40023790 f   ui_shared.obj
 0001:00022800       _MenuParse_font            40023800 f   ui_shared.obj
 0001:000228b0       _MenuParse_name            400238b0 f   ui_shared.obj
 0001:00022920       _MenuParse_fullscreen      40023920 f   ui_shared.obj
 0001:00022980       _MenuParse_rect            40023980 f   ui_shared.obj
 0001:000229e0       _MenuParse_style           400239e0 f   ui_shared.obj
 0001:00022a40       _MenuParse_visible         40023a40 f   ui_shared.obj
 0001:00022ae0       _MenuParse_onOpen          40023ae0 f   ui_shared.obj
 0001:00022b40       _MenuParse_onClose         40023b40 f   ui_shared.obj
 0001:00022ba0       _MenuParse_onESC           40023ba0 f   ui_shared.obj
 0001:00022c00       _MenuParse_border          40023c00 f   ui_shared.obj
 0001:00022c60       _MenuParse_borderSize      40023c60 f   ui_shared.obj
 0001:00022cc0       _MenuParse_backcolor       40023cc0 f   ui_shared.obj
 0001:00022d70       _MenuParse_forecolor       40023d70 f   ui_shared.obj
 0001:00022e30       _MenuParse_bordercolor     40023e30 f   ui_shared.obj
 0001:00022ee0       _MenuParse_focuscolor      40023ee0 f   ui_shared.obj
 0001:00022f90       _MenuParse_disablecolor    40023f90 f   ui_shared.obj
 0001:00023040       _MenuParse_outlinecolor    40024040 f   ui_shared.obj
 0001:000230a0       _MenuParse_background      400240a0 f   ui_shared.obj
 0001:00023150       _MenuParse_cinematic       40024150 f   ui_shared.obj
 0001:000231b0       _MenuParse_ownerdrawFlag   400241b0 f   ui_shared.obj
 0001:00023240       _MenuParse_ownerdraw       40024240 f   ui_shared.obj
 0001:000232a0       _MenuParse_popup           400242a0 f   ui_shared.obj
 0001:000232f0       _MenuParse_outOfBounds     400242f0 f   ui_shared.obj
 0001:00023340       _MenuParse_soundLoop       40024340 f   ui_shared.obj
 0001:000233a0       _MenuParse_fadeClamp       400243a0 f   ui_shared.obj
 0001:00023400       _MenuParse_fadeAmount      40024400 f   ui_shared.obj
 0001:00023460       _MenuParse_fadeCycle       40024460 f   ui_shared.obj
 0001:000234c0       _MenuParse_itemDef         400244c0 f   ui_shared.obj
 0001:000235c0       _ItemParse_name            400245c0 f   ui_shared.obj
 0001:00023620       _ItemParse_focusSound      40024620 f   ui_shared.obj
 0001:000236d0       _ItemParse_text            400246d0 f   ui_shared.obj
 0001:00023730       _ItemParse_group           40024730 f   ui_shared.obj
 0001:00023790       _ItemParse_asset_model     40024790 f   ui_shared.obj
 0001:00023860       _ItemParse_asset_shader    40024860 f   ui_shared.obj
 0001:00023900       _ItemParse_model_origin    40024900 f   ui_shared.obj
 0001:000239c0       _ItemParse_model_fovx      400249c0 f   ui_shared.obj
 0001:00023a30       _ItemParse_model_fovy      40024a30 f   ui_shared.obj
 0001:00023aa0       _ItemParse_model_rotation  40024aa0 f   ui_shared.obj
 0001:00023b10       _ItemParse_model_angle     40024b10 f   ui_shared.obj
 0001:00023b80       _Script_SetColor           40024b80 f   ui_shared.obj
 0001:00023ce0       _ItemParse_rect            40024ce0 f   ui_shared.obj
 0001:00023d40       _ItemParse_style           40024d40 f   ui_shared.obj
 0001:00023da0       _ItemParse_decoration      40024da0 f   ui_shared.obj
 0001:00023de0       _Script_SetAsset           40024de0 f   ui_shared.obj
 0001:00023e50       _ItemParse_notselectable   40024e50 f   ui_shared.obj
 0001:00023ec0       _Script_SetBackground      40024ec0 f   ui_shared.obj
 0001:00023f60       _ItemParse_wrapped         40024f60 f   ui_shared.obj
 0001:00023fa0       _AdjustFrom640             40024fa0 f   ui_shared.obj
 0001:00024040       _BindingFromName           40025040 f   ui_shared.obj
 0001:00024190       _BindingIDFromName         40025190 f   ui_shared.obj
 0001:00024210       _Color_Parse               40025210 f   ui_shared.obj
 0001:000242c0       _Controls_GetConfig        400252c0 f   ui_shared.obj
 0001:000244c0       _Controls_SetConfig        400254c0 f   ui_shared.obj
 0001:000245c0       _Controls_SetDefaults      400255c0 f   ui_shared.obj
 0001:00024640       _Display_CacheAll          40025640 f   ui_shared.obj
 0001:000246b0       _Display_CaptureItem       400256b0 f   ui_shared.obj
 0001:000247c0       _Display_CursorType        400257c0 f   ui_shared.obj
 0001:000248e0       _Display_GetContext        400258e0 f   ui_shared.obj
 0001:00024910       _Display_HandleKey         40025910 f   ui_shared.obj
 0001:00024980       _Display_KeyBindPending    40025980 f   ui_shared.obj
 0001:000249b0       _Display_MouseMove         400259b0 f   ui_shared.obj
 0001:00024ad0       _Display_VisibleMenuCount  40025ad0 f   ui_shared.obj
 0001:00024b40       _Fade                      40025b40 f   ui_shared.obj
 0001:00024c30       _Float_Parse               40025c30 f   ui_shared.obj
 0001:00024cb0       _GradientBar_Paint         40025cb0 f   ui_shared.obj
 0001:00024d70       _Init_Display              40025d70 f   ui_shared.obj
 0001:00024da0       _Int_Parse                 40025da0 f   ui_shared.obj
 0001:00024e20       _IsVisible                 40025e20 f   ui_shared.obj
 0001:00024e80       _Item_Action               40025e80 f   ui_shared.obj
 0001:00024ed0       _Item_Bind_HandleKey       40025ed0 f   ui_shared.obj
 0001:00025280       _Item_Bind_Paint           40026280 f   ui_shared.obj
 0001:00025780       _Item_EnableShowViaCvar    40026780 f   ui_shared.obj
 0001:000259f0       _Item_HandleKey            400269f0 f   ui_shared.obj
 0001:00025bd0       _Item_Image_Paint          40026bd0 f   ui_shared.obj
 0001:00025c90       _Item_Init                 40026c90 f   ui_shared.obj
 0001:00025d00       _Item_InitControls         40026d00 f   ui_shared.obj
 0001:00025d90       _Item_ListBox_HandleKey    40026d90 f   ui_shared.obj
 0001:00026630       _Item_ListBox_MaxScroll    40027630 f   ui_shared.obj
 0001:00026710       _Item_ListBox_MouseEnter   40027710 f   ui_shared.obj
 0001:00026980       _Item_ListBox_OverLB       40027980 f   ui_shared.obj
 0001:00026df0       _Item_ListBox_Paint        40027df0 f   ui_shared.obj
 0001:00027ae0       _Item_ListBox_ThumbDrawPosition 40028ae0 f   ui_shared.obj
 0001:00027cc0       _Item_ListBox_ThumbPosition 40028cc0 f   ui_shared.obj
 0001:00027e60       _Item_Model_Paint          40028e60 f   ui_shared.obj
 0001:00028460       _Item_MouseEnter           40029460 f   ui_shared.obj
 0001:00028680       _Item_MouseLeave           40029680 f   ui_shared.obj
 0001:00028720       _Item_Multi_CountSettings  40029720 f   ui_shared.obj
 0001:00028770       _Item_Multi_FindCvarByValue 40029770 f   ui_shared.obj
 0001:00028920       _Item_Multi_HandleKey      40029920 f   ui_shared.obj
 0001:00028b00       _Item_Multi_Paint          40029b00 f   ui_shared.obj
 0001:00028e00       _Item_Multi_Setting        40029e00 f   ui_shared.obj
 0001:00028fc0       _Item_OwnerDraw_HandleKey  40029fc0 f   ui_shared.obj
 0001:00029040       _Item_OwnerDraw_Paint      4002a040 f   ui_shared.obj
 0001:00029770       _Item_Paint                4002a770 f   ui_shared.obj
 0001:00029fd0       _Item_Parse                4002afd0 f   ui_shared.obj
 0001:0002a160       _Item_RunScript            4002b160 f   ui_shared.obj
 0001:0002a370       _Item_SetFocus             4002b370 f   ui_shared.obj
 0001:0002a620       _Item_SetMouseOver         4002b620 f   ui_shared.obj
 0001:0002a680       _Item_SetScreenCoords      4002b680 f   ui_shared.obj
 0001:0002a750       _Item_SetTextExtents       4002b750 f   ui_shared.obj
 0001:0002aa90       _Item_SetupKeywordHash     4002ba90 f   ui_shared.obj
 0001:0002ab20       _Item_Slider_HandleKey     4002bb20 f   ui_shared.obj
 0001:0002adc0       _Item_Slider_OverSlider    4002bdc0 f   ui_shared.obj
 0001:0002aec0       _Item_Slider_Paint         4002bec0 f   ui_shared.obj
 0001:0002b230       _Item_Slider_ThumbPosition 4002c230 f   ui_shared.obj
 0001:0002b380       _Item_StartCapture         4002c380 f   ui_shared.obj
 0001:0002b5e0       _Item_StopCapture          4002c5e0 f   ui_shared.obj
 0001:0002b610       _Item_TextColor            4002c610 f   ui_shared.obj
 0001:0002b9e0       _Item_TextField_HandleKey  4002c9e0 f   ui_shared.obj
 0001:0002c0e0       _Item_TextField_Paint      4002d0e0 f   ui_shared.obj
 0001:0002c560       _Item_Text_AutoWrapped_Paint 4002d560 f   ui_shared.obj
 0001:0002ca50       _Item_Text_Paint           4002da50 f   ui_shared.obj
 0001:0002cc60       _Item_Text_Wrapped_Paint   4002dc60 f   ui_shared.obj
 0001:0002cfc0       _Item_UpdatePosition       4002dfc0 f   ui_shared.obj
 0001:0002d080       _Item_ValidateTypeData     4002e080 f   ui_shared.obj
 0001:0002d1f0       _Item_YesNo_HandleKey      4002e1f0 f   ui_shared.obj
 0001:0002d340       _Item_YesNo_Paint          4002e340 f   ui_shared.obj
 0001:0002d6d0       _KeywordHash_Add           4002e6d0 f   ui_shared.obj
 0001:0002d730       _KeywordHash_Find          4002e730 f   ui_shared.obj
 0001:0002d7b0       _KeywordHash_Key           4002e7b0 f   ui_shared.obj
 0001:0002d870       _LerpColor                 4002e870 f   ui_shared.obj
 0001:0002da10       _Menu_ClearFocus           4002ea10 f   ui_shared.obj
 0001:0002dbe0       _Menu_Count                4002ebe0 f   ui_shared.obj
 0001:0002dc10       _Menu_FadeItemByName       4002ec10 f   ui_shared.obj
 0001:0002dce0       _Menu_FindItemByName       4002ece0 f   ui_shared.obj
 0001:0002dd80       _Menu_GetFocused           4002ed80 f   ui_shared.obj
 0001:0002de00       _Menu_GetFocusedItem       4002ee00 f   ui_shared.obj
 0001:0002de80       _Menu_GetMatchingItemByNumber 4002ee80 f   ui_shared.obj
 0001:0002df60       _Menu_HandleKey            4002ef60 f   ui_shared.obj
 0001:0002e5e0       _Menu_HandleMouseMove      4002f5e0 f   ui_shared.obj
 0001:0002e870       _Menu_HitTest              4002f870 f   ui_shared.obj
 0001:0002e910       _Menu_Init                 4002f910 f   ui_shared.obj
 0001:0002e9b0       _Menu_ItemsMatchingGroup   4002f9b0 f   ui_shared.obj
 0001:0002ea70       _Menu_New                  4002fa70 f   ui_shared.obj
 0001:0002eb00       _Menu_OrbitItemByName      4002fb00 f   ui_shared.obj
 0001:0002ed60       _Menu_Paint                4002fd60 f   ui_shared.obj
 0001:0002eff0       _Menu_PaintAll             4002fff0 f   ui_shared.obj
 0001:0002f180       _Menu_Parse                40030180 f   ui_shared.obj
 0001:0002f330       _Menu_PostParse            40030330 f   ui_shared.obj
 0001:0002f3d0       _Menu_Reset                400303d0 f   ui_shared.obj
 0001:0002f4c0       _Menu_ScrollFeeder         400304c0 f   ui_shared.obj
 0001:0002f580       _Menu_SetFeederSelection   40030580 f   ui_shared.obj
 0001:0002f6d0       _Menu_SetNextCursorItem    400306d0 f   ui_shared.obj
 0001:0002f860       _Menu_SetPrevCursorItem    40030860 f   ui_shared.obj
 0001:0002f9f0       _Menu_SetupKeywordHash     400309f0 f   ui_shared.obj
 0001:0002fa80       _Menu_ShowItemByName       40030a80 f   ui_shared.obj
 0001:0002fb60       _Menu_TransitionItemByName 40030b60 f   ui_shared.obj
 0001:0002fce0       _Menu_UpdatePosition       40030ce0 f   ui_shared.obj
 0001:0002fdc0       _Menus_Activate            40030dc0 f   ui_shared.obj
 0001:0002fec0       _Menus_ActivateByName      40030ec0 f   ui_shared.obj
 0001:0002ffc0       _Menus_AnyFullScreenVisible 40030fc0 f   ui_shared.obj
 0001:00030040       _Menus_CloseAll            40031040 f   ui_shared.obj
 0001:000300d0       _Menus_CloseByName         400310d0 f   ui_shared.obj
 0001:00030140       _Menus_FindByName          40031140 f   ui_shared.obj
 0001:000301d0       _Menus_HandleOOBClick      400311d0 f   ui_shared.obj
 0001:00030370       _Menus_OpenByName          40031370 f   ui_shared.obj
 0001:000303b0       _Menus_ShowByName          400313b0 f   ui_shared.obj
 0001:00030410       _PC_Color_Parse            40031410 f   ui_shared.obj
 0001:000304c0       _PC_Float_Parse            400314c0 f   ui_shared.obj
 0001:000305f0       _PC_Int_Parse              400315f0 f   ui_shared.obj
 0001:00030710       _PC_Rect_Parse             40031710 f   ui_shared.obj
 0001:000307b0       _PC_Script_Parse           400317b0 f   ui_shared.obj
 0001:00030970       _PC_SourceError            40031970 f   ui_shared.obj
 0001:00030a90       _PC_SourceWarning          40031a90 f   ui_shared.obj
 0001:00030bb0       _PC_String_Parse           40031bb0 f   ui_shared.obj
 0001:00030c60       _Rect_ContainsPoint        40031c60 f   ui_shared.obj
 0001:00030ce0       _Rect_Parse                40031ce0 f   ui_shared.obj
 0001:00030d80       _Rect_ToWindowCoords       40031d80 f   ui_shared.obj
 0001:000313b0       _String_Alloc              400323b0 f   ui_shared.obj
 0001:00031530       _String_Init               40032530 f   ui_shared.obj
 0001:000315e0       _String_Parse              400325e0 f   ui_shared.obj
 0001:00031660       _String_Report             40032660 f   ui_shared.obj
 0001:00031760       _ToWindowCoords            40032760 f   ui_shared.obj
 0001:000317f0       _UI_Alloc                  400327f0 f   ui_shared.obj
 0001:00031890       _UI_InitMemory             40032890 f   ui_shared.obj
 0001:000318d0       _UI_OutOfMemory            400328d0 f   ui_shared.obj
 0001:00031a30       _Window_Init               40032a30 f   ui_shared.obj
 0001:00031b00       _Window_Paint              40032b00 f   ui_shared.obj
 0001:00032450       _PASSFLOAT                 40033450 f   ui_syscalls.obj
 0001:00032490       _dllEntry                  40033490 f   ui_syscalls.obj
 0001:000324c0       _trap_Argc                 400334c0 f   ui_syscalls.obj
 0001:00032510       _trap_Argv                 40033510 f   ui_syscalls.obj
 0001:00032570       _trap_CIN_DrawCinematic    40033570 f   ui_syscalls.obj
 0001:000325c0       _trap_CIN_PlayCinematic    400335c0 f   ui_syscalls.obj
 0001:00032620       _trap_CIN_RunCinematic     40033620 f   ui_syscalls.obj
 0001:00032670       _trap_CIN_SetExtents       40033670 f   ui_syscalls.obj
 0001:000326d0       _trap_CIN_StopCinematic    400336d0 f   ui_syscalls.obj
 0001:00032720       _trap_CM_LerpTag           40033720 f   ui_syscalls.obj
 0001:00032790       _trap_Cmd_ExecuteText      40033790 f   ui_syscalls.obj
 0001:000327e0       _trap_Cvar_Create          400337e0 f   ui_syscalls.obj
 0001:00032840       _trap_Cvar_InfoStringBuffer 40033840 f   ui_syscalls.obj
 0001:000328a0       _trap_Cvar_Register        400338a0 f   ui_syscalls.obj
 0001:00032900       _trap_Cvar_Reset           40033900 f   ui_syscalls.obj
 0001:00032950       _trap_Cvar_Set             40033950 f   ui_syscalls.obj
 0001:000329a0       _trap_Cvar_SetValue        400339a0 f   ui_syscalls.obj
 0001:00032a00       _trap_Cvar_Update          40033a00 f   ui_syscalls.obj
 0001:00032a50       _trap_Cvar_VariableStringBuffer 40033a50 f   ui_syscalls.obj
 0001:00032ab0       _trap_Cvar_VariableValue   40033ab0 f   ui_syscalls.obj
 0001:00032b00       _trap_Error                40033b00 f   ui_syscalls.obj
 0001:00032b50       _trap_FS_FCloseFile        40033b50 f   ui_syscalls.obj
 0001:00032ba0       _trap_FS_FOpenFile         40033ba0 f   ui_syscalls.obj
 0001:00032c00       _trap_FS_GetFileList       40033c00 f   ui_syscalls.obj
 0001:00032c60       _trap_FS_Read              40033c60 f   ui_syscalls.obj
 0001:00032cc0       _trap_FS_Seek              40033cc0 f   ui_syscalls.obj
 0001:00032d20       _trap_FS_Write             40033d20 f   ui_syscalls.obj
 0001:00032d80       _trap_GetCDKey             40033d80 f   ui_syscalls.obj
 0001:00032dd0       _trap_GetClientState       40033dd0 f   ui_syscalls.obj
 0001:00032e20       _trap_GetClipboardData     40033e20 f   ui_syscalls.obj
 0001:00032e70       _trap_GetConfigString      40033e70 f   ui_syscalls.obj
 0001:00032ed0       _trap_GetGlconfig          40033ed0 f   ui_syscalls.obj
 0001:00032f20       _trap_Key_ClearStates      40033f20 f   ui_syscalls.obj
 0001:00032f70       _trap_Key_GetBindingBuf    40033f70 f   ui_syscalls.obj
 0001:00032fd0       _trap_Key_GetCatcher       40033fd0 f   ui_syscalls.obj
 0001:00033020       _trap_Key_GetOverstrikeMode 40034020 f   ui_syscalls.obj
 0001:00033070       _trap_Key_IsDown           40034070 f   ui_syscalls.obj
 0001:000330c0       _trap_Key_KeynumToStringBuf 400340c0 f   ui_syscalls.obj
 0001:00033120       _trap_Key_SetBinding       40034120 f   ui_syscalls.obj
 0001:00033170       _trap_Key_SetCatcher       40034170 f   ui_syscalls.obj
 0001:000331c0       _trap_Key_SetOverstrikeMode 400341c0 f   ui_syscalls.obj
 0001:00033210       _trap_LAN_AddServer        40034210 f   ui_syscalls.obj
 0001:00033270       _trap_LAN_ClearPing        40034270 f   ui_syscalls.obj
 0001:000332c0       _trap_LAN_CompareServers   400342c0 f   ui_syscalls.obj
 0001:00033320       _trap_LAN_GetPing          40034320 f   ui_syscalls.obj
 0001:00033380       _trap_LAN_GetPingInfo      40034380 f   ui_syscalls.obj
 0001:000333e0       _trap_LAN_GetPingQueueCount 400343e0 f   ui_syscalls.obj
 0001:00033430       _trap_LAN_GetServerAddressString 40034430 f   ui_syscalls.obj
 0001:00033490       _trap_LAN_GetServerCount   40034490 f   ui_syscalls.obj
 0001:000334e0       _trap_LAN_GetServerInfo    400344e0 f   ui_syscalls.obj
 0001:00033540       _trap_LAN_GetServerPing    40034540 f   ui_syscalls.obj
 0001:00033590       _trap_LAN_LoadCachedServers 40034590 f   ui_syscalls.obj
 0001:000335e0       _trap_LAN_MarkServerVisible 400345e0 f   ui_syscalls.obj
 0001:00033640       _trap_LAN_RemoveServer     40034640 f   ui_syscalls.obj
 0001:00033690       _trap_LAN_ResetPings       40034690 f   ui_syscalls.obj
 0001:000336e0       _trap_LAN_SaveCachedServers 400346e0 f   ui_syscalls.obj
 0001:00033730       _trap_LAN_ServerIsVisible  40034730 f   ui_syscalls.obj
 0001:00033780       _trap_LAN_ServerStatus     40034780 f   ui_syscalls.obj
 0001:000337e0       _trap_LAN_UpdateVisiblePings 400347e0 f   ui_syscalls.obj
 0001:00033830       _trap_MemoryRemaining      40034830 f   ui_syscalls.obj
 0001:00033880       _trap_Milliseconds         40034880 f   ui_syscalls.obj
 0001:000338d0       _trap_PC_AddGlobalDefine   400348d0 f   ui_syscalls.obj
 0001:00033920       _trap_PC_FreeSource        40034920 f   ui_syscalls.obj
 0001:00033970       _trap_PC_LoadSource        40034970 f   ui_syscalls.obj
 0001:000339c0       _trap_PC_ReadToken         400349c0 f   ui_syscalls.obj
 0001:00033a10       _trap_PC_SourceFileAndLine 40034a10 f   ui_syscalls.obj
 0001:00033a70       _trap_Print                40034a70 f   ui_syscalls.obj
 0001:00033ac0       _trap_R_AddLightToScene    40034ac0 f   ui_syscalls.obj
 0001:00033b60       _trap_R_AddPolyToScene     40034b60 f   ui_syscalls.obj
 0001:00033bc0       _trap_R_AddRefEntityToScene 40034bc0 f   ui_syscalls.obj
 0001:00033c10       _trap_R_ClearScene         40034c10 f   ui_syscalls.obj
 0001:00033c60       _trap_R_DrawStretchPic     40034c60 f   ui_syscalls.obj
 0001:00033d50       _trap_R_ModelBounds        40034d50 f   ui_syscalls.obj
 0001:00033db0       _trap_R_RegisterFont       40034db0 f   ui_syscalls.obj
 0001:00033e10       _trap_R_RegisterModel      40034e10 f   ui_syscalls.obj
 0001:00033e60       _trap_R_RegisterShaderNoMip 40034e60 f   ui_syscalls.obj
 0001:00033eb0       _trap_R_RegisterSkin       40034eb0 f   ui_syscalls.obj
 0001:00033f00       _trap_R_RemapShader        40034f00 f   ui_syscalls.obj
 0001:00033f60       _trap_R_RenderScene        40034f60 f   ui_syscalls.obj
 0001:00033fb0       _trap_R_SetColor           40034fb0 f   ui_syscalls.obj
 0001:00034000       _trap_RealTime             40035000 f   ui_syscalls.obj
 0001:00034050       _trap_S_RegisterSound      40035050 f   ui_syscalls.obj
 0001:000340a0       _trap_S_StartBackgroundTrack 400350a0 f   ui_syscalls.obj
 0001:000340f0       _trap_S_StartLocalSound    400350f0 f   ui_syscalls.obj
 0001:00034140       _trap_S_StopBackgroundTrack 40035140 f   ui_syscalls.obj
 0001:00034190       _trap_SetCDKey             40035190 f   ui_syscalls.obj
 0001:000341e0       _trap_SetPbClStatus        400351e0 f   ui_syscalls.obj
 0001:00034230       _trap_UpdateScreen         40035230 f   ui_syscalls.obj
 0001:00034280       _trap_VerifyCDKey          40035280 f   ui_syscalls.obj
 0001:000342d0       _cos                       400352d0 f   LIBCMTD:cos.obj
 0001:00034310       __CIcos                    40035310 f   LIBCMTD:cos.obj
 0001:0003434b       __CIcos_default            4003534b f   LIBCMTD:cos.obj
 0001:0003435f       __cos_default              4003535f     LIBCMTD:cos.obj
 0001:00034400       _fabs                      40035400 f   LIBCMTD:fabs.obj
 0001:00034500       _sin                       40035500 f   LIBCMTD:sin.obj
 0001:00034540       __CIsin                    40035540 f   LIBCMTD:sin.obj
 0001:0003457b       __CIsin_default            4003557b f   LIBCMTD:sin.obj
 0001:0003458f       __sin_default              4003558f     LIBCMTD:sin.obj
 0001:00034630       ??0_LocaleUpdate@@QAE@PAUlocaleinfo_struct@@@Z 40035630 f i LIBCMTD:atof.obj
 0001:00034710       ??1_LocaleUpdate@@QAE@XZ   40035710 f i LIBCMTD:atof.obj
 0001:00034740       ?GetLocaleT@_LocaleUpdate@@QAEPAUlocaleinfo_struct@@XZ 40035740 f i LIBCMTD:atof.obj
 0001:00034750       ___STRINGTOLD              40035750 f   LIBCMTD:atof.obj
 0001:000347a0       ___strgtold12              400357a0 f   LIBCMTD:atof.obj
 0001:000347f0       __atof_l                   400357f0 f   LIBCMTD:atof.obj
 0001:00034940       _atof                      40035940 f   LIBCMTD:atof.obj
 0001:00034960       @_RTC_AllocaHelper@12      40035960 f   LIBCMTD:stack.obj
 0001:000349a0       @_RTC_CheckStackVars2@12   400359a0 f   LIBCMTD:stack.obj
 0001:00034a80       @_RTC_CheckStackVars@8     40035a80 f   LIBCMTD:stack.obj
 0001:00034ae0       __RTC_CheckEsp             40035ae0 f   LIBCMTD:stack.obj
 0001:00034b10       @__security_check_cookie@4 40035b10 f   LIBCMTD:secchk.obj
 0001:00034b20       __RTC_InitBase             40035b20 f   LIBCMTD:init.obj
 0001:00034b50       __RTC_Shutdown             40035b50 f   LIBCMTD:init.obj
 0001:00034b70       __fpmath                   40035b70 f   LIBCMTD:fpinit.obj
 0001:00034b90       ___setfflag                40035b90 f   LIBCMTD:fpinit.obj
 0001:00034bb0       __cfltcvt_init             40035bb0 f   LIBCMTD:fpinit.obj
 0001:00034c70       __invoke_watson_if_error   40035c70 f i LIBCMTD:wassert.obj
 0001:00034ca0       __wassert                  40035ca0 f   LIBCMTD:wassert.obj
 0001:000358e0       _atan2                     400368e0 f   LIBCMTD:87ctriga.obj
 0001:000358ea       __CIatan2                  400368ea f   LIBCMTD:87ctriga.obj
 0001:00035900       __CIsqrt                   40036900 f   LIBCMTD:sqrt.obj
 0001:00035914       _sqrt                      40036914     LIBCMTD:sqrt.obj
 0001:000359c0       _memcpy                    400369c0 f   LIBCMTD:memcpy.obj
 0001:00036010       _memset                    40037010 f   LIBCMTD:memset.obj
 0001:000360a0       ___raise_securityfailure   400370a0 f   LIBCMTD:gs_report.obj
 0001:000360f0       ___report_gsfailure        400370f0 f   LIBCMTD:gs_report.obj
 0001:00036200       ___report_rangecheckfailure 40037200 f   LIBCMTD:gs_report.obj
 0001:00036210       ___report_securityfailure  40037210 f   LIBCMTD:gs_report.obj
 0001:000362f0       ___report_securityfailureEx 400372f0 f   LIBCMTD:gs_report.obj
 0001:00036420       __vscprintf                40037420 f   LIBCMTD:vsprintf.obj
 0001:00036440       __vscprintf_helper         40037440 f   LIBCMTD:vsprintf.obj
 0001:00036530       __vscprintf_l              40037530 f   LIBCMTD:vsprintf.obj
 0001:00036550       __vscprintf_p              40037550 f   LIBCMTD:vsprintf.obj
 0001:00036570       __vscprintf_p_l            40037570 f   LIBCMTD:vsprintf.obj
 0001:00036590       __vsprintf_l               40037590 f   LIBCMTD:vsprintf.obj
 0001:00036750       _vsprintf                  40037750 f   LIBCMTD:vsprintf.obj
 0001:00036770       _strcpy                    40037770 f   LIBCMTD:strcat.obj
 0001:00036780       _strcat                    40037780 f   LIBCMTD:strcat.obj
 0001:00036870       _strcmp                    40037870 f   LIBCMTD:strcmp.obj
 0001:00036900       _strlen                    40037900 f   LIBCMTD:strlen.obj
 0001:00036990       _strchr                    40037990 f   LIBCMTD:strchr.obj
 0001:000369fe       ___from_strstr_to_strchr   400379fe     LIBCMTD:strchr.obj
 0001:00036ac0       _strncpy                   40037ac0 f   LIBCMTD:strncpy.obj
 0001:00036bf0       __toupper                  40037bf0 f   LIBCMTD:toupper.obj
 0001:00036c00       __toupper_l                40037c00 f   LIBCMTD:toupper.obj
 0001:00036e40       _toupper                   40037e40 f   LIBCMTD:toupper.obj
 0001:00036e90       __tolower                  40037e90 f   LIBCMTD:tolower.obj
 0001:00036ea0       __tolower_l                40037ea0 f   LIBCMTD:tolower.obj
 0001:000370e0       _tolower                   400380e0 f   LIBCMTD:tolower.obj
 0001:00037130       __alloca_probe             40038130     LIBCMTD:chkstk.obj
 0001:00037130       __chkstk                   40038130 f   LIBCMTD:chkstk.obj
 0001:00037160       __atoi64                   40038160 f   LIBCMTD:atox.obj
 0001:00037180       __atoi64_l                 40038180 f   LIBCMTD:atox.obj
 0001:000371a0       __atoi_l                   400381a0 f   LIBCMTD:atox.obj
 0001:000371c0       __atol_l                   400381c0 f   LIBCMTD:atox.obj
 0001:000371e0       _atoi                      400381e0 f   LIBCMTD:atox.obj
 0001:00037200       _atol                      40038200 f   LIBCMTD:atox.obj
 0001:00037220       __ftol2_sse                40038220 f   LIBCMTD:ftol2.obj
 0001:00037229       __ftol2_pentium4           40038229 f   LIBCMTD:ftol2.obj
 0001:0003723c       __ftol2_sse_excpt          4003823c f   LIBCMTD:ftol2.obj
 0001:00037256       __ftol2                    40038256 f   LIBCMTD:ftol2.obj
 0001:000372d0       _strstr                    400382d0 f   LIBCMTD:strstr.obj
 0001:00037540       __abs64                    40038540 f   LIBCMTD:abs.obj
 0001:00037580       _abs                       40038580 f   LIBCMTD:abs.obj
 0001:000375b0       _qsort                     400385b0 f   LIBCMTD:qsort.obj
 0001:00037aa0       _tan                       40038aa0 f   LIBCMTD:tan.obj
 0001:00037ae0       __CItan                    40038ae0 f   LIBCMTD:tan.obj
 0001:00037b1b       __CItan_default            40038b1b f   LIBCMTD:tan.obj
 0001:00037b2f       __tan_default              40038b2f     LIBCMTD:tan.obj
 0001:00037bd0       _rand                      40038bd0 f   LIBCMTD:rand.obj
 0001:00037c10       _srand                     40038c10 f   LIBCMTD:rand.obj
 0001:00037c20       _memmove                   40038c20 f   LIBCMTD:memmove.obj
 0001:00038270       __CRT_INIT@12              40039270 f   LIBCMTD:dllcrt0.obj
 0001:000384a0       __DllMainCRTStartup@12     400394a0 f   LIBCMTD:dllcrt0.obj
 0001:00038690       ___DllXcptFilter           40039690 f   LIBCMTD:dllcrt0.obj
 0001:000386c0       __sse2_mathfcns_init       400396c0 f   LIBCMTD:mathfcns.obj
 0001:000386e0       __set_SSE2_enable          400396e0 f   LIBCMTD:mathfcns.obj
 0001:00038730       __CIcos_pentium4           40039730 f   LIBCMTD:cos_pentium4.obj
 0001:00038748       __cos_pentium4             40039748     LIBCMTD:cos_pentium4.obj
 0001:000388e0       __trandisp1                400398e0 f   LIBCMTD:87disp.obj
 0001:00038947       __trandisp2                40039947 f   LIBCMTD:87disp.obj
 0001:000389d3       __rttospopde               400399d3     LIBCMTD:87disp.obj
 0001:000389d8       __rttospop                 400399d8     LIBCMTD:87disp.obj
 0001:000389da       __rtnospop                 400399da     LIBCMTD:87disp.obj
 0001:000389dc       __rttosnpop                400399dc     LIBCMTD:87disp.obj
 0001:000389dd       __rtnospopde               400399dd     LIBCMTD:87disp.obj
 0001:000389e4       __rtzeropop                400399e4     LIBCMTD:87disp.obj
 0001:000389e6       __rtzeronpop               400399e6     LIBCMTD:87disp.obj
 0001:000389eb       __rtonepop                 400399eb     LIBCMTD:87disp.obj
 0001:000389ed       __rtonenpop                400399ed     LIBCMTD:87disp.obj
 0001:000389f2       __tosnan1                  400399f2     LIBCMTD:87disp.obj
 0001:00038a1d       __nosnan2                  40039a1d     LIBCMTD:87disp.obj
 0001:00038a1f       __tosnan2                  40039a1f     LIBCMTD:87disp.obj
 0001:00038a47       __nan2                     40039a47     LIBCMTD:87disp.obj
 0001:00038a86       __rtindfpop                40039a86     LIBCMTD:87disp.obj
 0001:00038a88       __rtindfnpop               40039a88     LIBCMTD:87disp.obj
 0001:00038a99       __rttosnpopde              40039a99     LIBCMTD:87disp.obj
 0001:00038aa3       __rtchsifneg               40039aa3     LIBCMTD:87disp.obj
 0001:00038ab0       __twoToTOS                 40039ab0 f   LIBCMTD:common.obj
 0001:00038ac5       __load_CW                  40039ac5 f   LIBCMTD:common.obj
 0001:00038adc       __convertTOStoQNaN         40039adc f   LIBCMTD:common.obj
 0001:00038af5       __fload_withFB             40039af5 f   LIBCMTD:common.obj
 0001:00038b38       __checkTOS_withFB          40039b38 f   LIBCMTD:common.obj
 0001:00038b4e       __fast_exit                40039b4e f   LIBCMTD:common.obj
 0001:00038b5b       __math_exit                40039b5b f   LIBCMTD:common.obj
 0001:00038b85       __check_overflow_exit      40039b85 f   LIBCMTD:common.obj
 0001:00038b99       __check_range_exit         40039b99 f   LIBCMTD:common.obj
 0001:00038c40       __startTwoArgErrorHandling 40039c40 f   LIBCMTD:genexcep.obj
 0001:00038c57       __startOneArgErrorHandling 40039c57 f   LIBCMTD:genexcep.obj
 0001:00038ca0       __errcode                  40039ca0 f   LIBCMTD:fpexcept.obj
 0001:00038d10       __except1                  40039d10 f   LIBCMTD:fpexcept.obj
 0001:00038e10       __except2                  40039e10 f   LIBCMTD:fpexcept.obj
 0001:00038f60       __handle_exc               40039f60 f   LIBCMTD:fpexcept.obj
 0001:00039280       __handle_qnan1             4003a280 f   LIBCMTD:fpexcept.obj
 0001:000392e0       __handle_qnan2             4003a2e0 f   LIBCMTD:fpexcept.obj
 0001:00039350       __raise_exc                4003a350 f   LIBCMTD:fpexcept.obj
 0001:00039380       __raise_exc_ex             4003a380 f   LIBCMTD:fpexcept.obj
 0001:000398f0       __raise_excf               4003a8f0 f   LIBCMTD:fpexcept.obj
 0001:00039920       __set_errno_from_matherr   4003a920 f   LIBCMTD:fpexcept.obj
 0001:00039960       __umatherr                 4003a960 f   LIBCMTD:fpexcept.obj
 0001:00039a00       __add_exp                  4003aa00 f   LIBCMTD:util.obj
 0001:00039a30       __decomp                   4003aa30 f   LIBCMTD:util.obj
 0001:00039b50       __get_exp                  4003ab50 f   LIBCMTD:util.obj
 0001:00039b80       __set_bexp                 4003ab80 f   LIBCMTD:util.obj
 0001:00039bb0       __set_exp                  4003abb0 f   LIBCMTD:util.obj
 0001:00039bf0       __sptype                   4003abf0 f   LIBCMTD:util.obj
 0001:00039c70       ___clrfp_sse2              4003ac70 f   LIBCMTD:fpctrl.obj
 0001:00039cb0       ___ctrlfp_sse2             4003acb0 f   LIBCMTD:fpctrl.obj
 0001:00039d10       ___fclrf_sse2              4003ad10 f   LIBCMTD:fpctrl.obj
 0001:00039d30       ___get_fpsr_sse2           4003ad30 f   LIBCMTD:fpctrl.obj
 0001:00039d60       ___set_fpsr_sse2           4003ad60 f   LIBCMTD:fpctrl.obj
 0001:00039e40       ___set_statfp_sse2         4003ae40 f   LIBCMTD:fpctrl.obj
 0001:00039e70       ___statfp_sse2             4003ae70 f   LIBCMTD:fpctrl.obj
 0001:00039ea0       __clrfp                    4003aea0 f   LIBCMTD:fpctrl.obj
 0001:00039ec0       __ctrlfp                   4003aec0 f   LIBCMTD:fpctrl.obj
 0001:00039ef0       __set_statfp               4003aef0 f   LIBCMTD:fpctrl.obj
 0001:00039f60       __statfp                   4003af60 f   LIBCMTD:fpctrl.obj
 0001:00039f70       __CIsin_pentium4           4003af70 f   LIBCMTD:sin_pentium4.obj
 0001:00039f88       __sin_pentium4             4003af88     LIBCMTD:sin_pentium4.obj
 0001:0003a140       ?_invalid_parameter@@YAXPBG00II@Z 4003b140 f   LIBCMTD:invarg.obj
 0001:0003a170       ?_invoke_watson@@YAXPBG00II@Z 4003b170 f   LIBCMTD:invarg.obj
 0001:0003a190       __call_reportfault         4003b190 f   LIBCMTD:invarg.obj
 0001:0003a2f0       __get_invalid_parameter_handler 4003b2f0 f   LIBCMTD:invarg.obj
 0001:0003a320       __initp_misc_invarg        4003b320 f   LIBCMTD:invarg.obj
 0001:0003a330       __invalid_parameter        4003b330 f   LIBCMTD:invarg.obj
 0001:0003a390       __invoke_watson            4003b390 f   LIBCMTD:invarg.obj
 0001:0003a3d0       __set_invalid_parameter_handler 4003b3d0 f   LIBCMTD:invarg.obj
 0001:0003a410       ___doserrno                4003b410 f   LIBCMTD:dosmap.obj
 0001:0003a440       __dosmaperr                4003b440 f   LIBCMTD:dosmap.obj
 0001:0003a470       __errno                    4003b470 f   LIBCMTD:dosmap.obj
 0001:0003a4a0       __get_doserrno             4003b4a0 f   LIBCMTD:dosmap.obj
 0001:0003a530       __get_errno                4003b530 f   LIBCMTD:dosmap.obj
 0001:0003a5c0       __get_errno_from_oserr     4003b5c0 f   LIBCMTD:dosmap.obj
 0001:0003a640       __set_doserrno             4003b640 f   LIBCMTD:dosmap.obj
 0001:0003a670       __set_errno                4003b670 f   LIBCMTD:dosmap.obj
 0001:0003a6a0       __fltin2                   4003b6a0 f   LIBCMTD:cfin.obj
 0001:0003a780       ___STRINGTOLD_L            4003b780 f   LIBCMTD:strgtold.obj
 0001:0003a7f0       ___addl                    4003b7f0 f i LIBCMTD:strgtold.obj
 0001:0003a830       ___ld12mul                 4003b830 f i LIBCMTD:strgtold.obj
 0001:0003ac40       ___multtenpow12            4003bc40 f i LIBCMTD:strgtold.obj
 0001:0003ad20       ___shl_12                  4003bd20 f i LIBCMTD:strgtold.obj
 0001:0003ada0       ___shr_12                  4003bda0 f i LIBCMTD:strgtold.obj
 0001:0003ae20       ___strgtold12_l            4003be20 f   LIBCMTD:strgtold.obj
 0001:0003b8f0       ___addlocaleref            4003c8f0 f   LIBCMTD:localref.obj
 0001:0003ba10       ___freetlocinfo            4003ca10 f   LIBCMTD:localref.obj
 0001:0003bd00       ___removelocaleref         4003cd00 f   LIBCMTD:localref.obj
 0001:0003be20       ___updatetlocinfo          4003ce20 f   LIBCMTD:localref.obj
 0001:0003bef0       __updatetlocinfoEx_nolock  4003cef0 f   LIBCMTD:localref.obj
 0001:0003bf70       ___initmbctable            4003cf70 f   LIBCMTD:mbctype.obj
 0001:0003c590       ___updatetmbcinfo          4003d590 f   LIBCMTD:mbctype.obj
 0001:0003c6a0       __getmbcp                  4003d6a0 f   LIBCMTD:mbctype.obj
 0001:0003c710       __setmbcp                  4003d710 f   LIBCMTD:mbctype.obj
 0001:0003c9b0       __setmbcp_nolock           4003d9b0 f   LIBCMTD:mbctype.obj
 0001:0003cd30       __chvalidator              4003dd30 f   LIBCMTD:isctype.obj
 0001:0003cd80       __chvalidator_l            4003dd80 f   LIBCMTD:isctype.obj
 0001:0003ce40       __isctype                  4003de40 f   LIBCMTD:isctype.obj
 0001:0003ce80       __isctype_l                4003de80 f   LIBCMTD:isctype.obj
 0001:0003cfd0       ___get_flsindex            4003dfd0 f   LIBCMTD:tidtable.obj
 0001:0003cfe0       ___threadhandle            4003dfe0 f   LIBCMTD:tidtable.obj
 0001:0003cff0       ___threadid                4003dff0 f   LIBCMTD:tidtable.obj
 0001:0003d000       __freefls@4                4003e000 f   LIBCMTD:tidtable.obj
 0001:0003d200       __freeptd                  4003e200 f   LIBCMTD:tidtable.obj
 0001:0003d240       __getptd                   4003e240 f   LIBCMTD:tidtable.obj
 0001:0003d270       __getptd_noexit            4003e270 f   LIBCMTD:tidtable.obj
 0001:0003d320       __initptd                  4003e320 f   LIBCMTD:tidtable.obj
 0001:0003d460       __mtinit                   4003e460 f   LIBCMTD:tidtable.obj
 0001:0003d510       __mtterm                   4003e510 f   LIBCMTD:tidtable.obj
 0001:0003d540       ?_CrtDbgReportW@@YAHHPBGH00ZZ 4003e540 f   LIBCMTD:dbgrptw.obj
 0001:0003d590       __CrtDbgReportW            4003e590 f   LIBCMTD:dbgrptw.obj
 0001:0003d5e0       __CrtDbgReportWV           4003e5e0 f i LIBCMTD:dbgrptw.obj
 0001:0003d610       __CrtSetReportHookW2       4003e610 f   LIBCMTD:dbgrptw.obj
 0001:0003d960       ___crtMessageWindowW       4003e960 f   LIBCMTD:dbgrptw.obj
 0001:0003de10       __invoke_watson_if_oneof   4003ee10 f i LIBCMTD:dbgrptw.obj
 0001:0003dfb0       ?_RTC_AllocaFailure@@YAXPAXPAU_RTC_ALLOCA_NODE@@H@Z 4003efb0 f   LIBCMTD:error.obj
 0001:0003e120       ?_RTC_Failure@@YAXPAXH@Z   4003f120 f   LIBCMTD:error.obj
 0001:0003e170       ?_RTC_StackFailure@@YAXPAXPBD@Z 4003f170 f   LIBCMTD:error.obj
 0001:0003e4d0       __RTC_UninitUse            4003f4d0 f   LIBCMTD:error.obj
 0001:0003e5d0       ?_RTC_GetErrorFunc@@YAP6AHHPBDH00ZZPBX@Z 4003f5d0 f   LIBCMTD:userapi.obj
 0001:0003e5e0       ?_RTC_GetErrorFuncW@@YAP6AHHPB_WH00ZZPBX@Z 4003f5e0 f   LIBCMTD:userapi.obj
 0001:0003e5f0       __RTC_GetErrDesc           4003f5f0 f   LIBCMTD:userapi.obj
 0001:0003e610       __RTC_NumErrors            4003f610 f   LIBCMTD:userapi.obj
 0001:0003e620       __RTC_SetErrorFunc         4003f620 f   LIBCMTD:userapi.obj
 0001:0003e640       __RTC_SetErrorFuncW        4003f640 f   LIBCMTD:userapi.obj
 0001:0003e660       __RTC_SetErrorType         4003f660 f   LIBCMTD:userapi.obj
 0001:0003e690       __CRT_RTC_INIT             4003f690 f   LIBCMTD:chkesp.obj
 0001:0003e6a0       __CRT_RTC_INITW            4003f6a0 f   LIBCMTD:chkesp.obj
 0001:0003e6b0       __chkesp                   4003f6b0 f   LIBCMTD:chkesp.obj
 0001:0003e6f0       ?strrchr@@YAPADPADH@Z      4003f6f0 f i LIBCMTD:cvt.obj
 0001:0003e710       __cfltcvt                  4003f710 f   LIBCMTD:cvt.obj
 0001:0003e740       __cfltcvt_l                4003f740 f   LIBCMTD:cvt.obj
 0001:0003e800       __cftoa                    4003f800 f   LIBCMTD:cvt.obj
 0001:0003e830       __cftoa_l                  4003f830 f   LIBCMTD:cvt.obj
 0001:0003f0a0       __cftoe                    400400a0 f   LIBCMTD:cvt.obj
 0001:0003f4e0       __cftoe_l                  400404e0 f   LIBCMTD:cvt.obj
 0001:0003f710       __cftof                    40040710 f   LIBCMTD:cvt.obj
 0001:0003f9c0       __cftof_l                  400409c0 f   LIBCMTD:cvt.obj
 0001:0003fbc0       __cftog                    40040bc0 f   LIBCMTD:cvt.obj
 0001:0003fbf0       __cftog_l                  40040bf0 f   LIBCMTD:cvt.obj
 0001:0003fe80       __cropzeros                40040e80 f   LIBCMTD:cvt.obj
 0001:0003fea0       __cropzeros_l              40040ea0 f   LIBCMTD:cvt.obj
 0001:0003ffc0       __fassign                  40040fc0 f   LIBCMTD:cvt.obj
 0001:0003ffe0       __fassign_l                40040fe0 f   LIBCMTD:cvt.obj
 0001:00040030       __forcdecpt                40041030 f   LIBCMTD:cvt.obj
 0001:00040050       __forcdecpt_l              40041050 f   LIBCMTD:cvt.obj
 0001:00040120       __positive                 40041120 f   LIBCMTD:cvt.obj
 0001:00040180       __setdefaultprecision      40041180 f   LIBCMTD:fp8.obj
 0001:000401c0       __initp_misc_cfltcvt_tab   400411c0 f   LIBCMTD:cmiscdat.obj
 0001:00040200       _memcpy_s                  40041200 f   LIBCMTD:memcpy_s.obj
 0001:000403d0       _wcscat_s                  400413d0 f   LIBCMTD:wcscat_s.obj
 0001:000407e0       _wcscpy_s                  400417e0 f   LIBCMTD:wcscpy_s.obj
 0001:00040af0       _wcslen                    40041af0 f   LIBCMTD:wcslen.obj
 0001:00040b30       _wcsncat_s                 40041b30 f   LIBCMTD:wcsncat_s.obj
 0001:00041020       ___copy_path_to_wide_string 40042020 f   LIBCMTD:crt0dat.obj
 0001:00041210       ___crtCorExitProcess       40042210 f   LIBCMTD:crt0dat.obj
 0001:00041250       ___crtExitProcess          40042250 f   LIBCMTD:crt0dat.obj
 0001:00041270       ___freeCrtMemory           40042270 f   LIBCMTD:crt0dat.obj
 0001:00041440       __amsg_exit                40042440 f   LIBCMTD:crt0dat.obj
 0001:00041460       __c_exit                   40042460 f   LIBCMTD:crt0dat.obj
 0001:00041480       __cexit                    40042480 f   LIBCMTD:crt0dat.obj
 0001:000414a0       __cinit                    400424a0 f   LIBCMTD:crt0dat.obj
 0001:00041540       __exit                     40042540 f   LIBCMTD:crt0dat.obj
 0001:00041560       __get_pgmptr               40042560 f   LIBCMTD:crt0dat.obj
 0001:00041680       __get_wpgmptr              40042680 f   LIBCMTD:crt0dat.obj
 0001:000417a0       __init_pointers            400427a0 f   LIBCMTD:crt0dat.obj
 0001:00041830       __initterm_e               40042830 f   LIBCMTD:crt0dat.obj
 0001:00041870       __lockexit                 40042870 f   LIBCMTD:crt0dat.obj
 0001:00041880       __unlockexit               40042880 f   LIBCMTD:crt0dat.obj
 0001:00041a90       _exit                      40042a90 f   LIBCMTD:crt0dat.obj
 0001:00041ab0       __set_abort_behavior       40042ab0 f   LIBCMTD:abort.obj
 0001:00041ae0       _abort                     40042ae0 f   LIBCMTD:abort.obj
 0001:00041b50       ___set_app_type            40042b50 f   LIBCMTD:errmode.obj
 0001:00041b60       __set_error_mode           40042b60 f   LIBCMTD:errmode.obj
 0001:00042060       __i64tow_s                 40043060 f   LIBCMTD:xtows.obj
 0001:000420b0       __itow_s                   400430b0 f   LIBCMTD:xtows.obj
 0001:00042110       __ltow_s                   40043110 f   LIBCMTD:xtows.obj
 0001:00042150       __ui64tow_s                40043150 f   LIBCMTD:xtows.obj
 0001:00042170       __ultow_s                  40043170 f   LIBCMTD:xtows.obj
 0001:00042590       ___initstdio               40043590 f   LIBCMTD:_file.obj
 0001:00042660       ___endstdio                40043660 f   LIBCMTD:_file.obj
 0001:000426a0       ___iob_func                400436a0 f   LIBCMTD:_file.obj
 0001:000426b0       __lock_file                400436b0 f   LIBCMTD:_file.obj
 0001:00042710       __lock_file2               40043710 f   LIBCMTD:_file.obj
 0001:00042750       __unlock_file              40043750 f   LIBCMTD:_file.obj
 0001:000427b0       __unlock_file2             400437b0 f   LIBCMTD:_file.obj
 0001:000427f0       __fflush_nolock            400437f0 f   LIBCMTD:fflush.obj
 0001:00042860       __flush                    40043860 f   LIBCMTD:fflush.obj
 0001:00042920       __flushall                 40043920 f   LIBCMTD:fflush.obj
 0001:00042930       _fflush                    40043930 f   LIBCMTD:fflush.obj
 0001:00042b70       _setvbuf                   40043b70 f   LIBCMTD:setvbuf.obj
 0001:00042e70       __fwprintf_l               40043e70 f   LIBCMTD:fwprintf.obj
 0001:00042ea0       __fwprintf_p               40043ea0 f   LIBCMTD:fwprintf.obj
 0001:00042ed0       __fwprintf_p_l             40043ed0 f   LIBCMTD:fwprintf.obj
 0001:00042f00       __fwprintf_s_l             40043f00 f   LIBCMTD:fwprintf.obj
 0001:00042f30       _fwprintf                  40043f30 f   LIBCMTD:fwprintf.obj
 0001:000430e0       _fwprintf_s                400440e0 f   LIBCMTD:fwprintf.obj
 0001:00043110       __vsnwprintf_s             40044110 f   LIBCMTD:vswprnc.obj
 0001:00043140       __vsnwprintf_s_l           40044140 f   LIBCMTD:vswprnc.obj
 0001:00043520       __vswprintf_c              40044520 f   LIBCMTD:vswprnc.obj
 0001:00043570       __vswprintf_c_l            40044570 f   LIBCMTD:vswprnc.obj
 0001:000435c0       __vswprintf_helper         400445c0 f   LIBCMTD:vswprnc.obj
 0001:00043830       __vswprintf_p              40044830 f   LIBCMTD:vswprnc.obj
 0001:00043880       __vswprintf_p_l            40044880 f   LIBCMTD:vswprnc.obj
 0001:000438d0       __vswprintf_s_l            400448d0 f   LIBCMTD:vswprnc.obj
 0001:00043b60       _vswprintf_s               40044b60 f   LIBCMTD:vswprnc.obj
 0001:00043b80       ___fpecode                 40044b80 f   LIBCMTD:winsig.obj
 0001:00043b90       ___get_sigabrt             40044b90 f   LIBCMTD:winsig.obj
 0001:00043bb0       ___pxcptinfoptrs           40044bb0 f   LIBCMTD:winsig.obj
 0001:00043bc0       __initp_misc_winsig        40044bc0 f   LIBCMTD:winsig.obj
 0001:00043ce0       _raise                     40044ce0 f   LIBCMTD:winsig.obj
 0001:00044050       _signal                    40045050 f   LIBCMTD:winsig.obj
 0001:00044400       ___crtMessageBoxW          40045400 f   LIBCMTD:crtmboxw.obj
 0001:00044710       ___crtMessageBoxWaitThreadW@4 40045710 f   LIBCMTD:crtmboxw.obj
 0001:00044750       __FF_MSGBANNER             40045750 f   LIBCMTD:crt0msg.obj
 0001:000447a0       __GET_RTERRMSG             400457a0 f   LIBCMTD:crt0msg.obj
 0001:000447e0       __NMSG_WRITE               400457e0 f   LIBCMTD:crt0msg.obj
 0001:00044bbc       __fFATN2                   40045bbc     LIBCMTD:87triga.obj
 0001:00044c0c       __rtpiby2                  40045c0c     LIBCMTD:87triga.obj
 0001:00044c50       __cintrindisp2             40045c50 f   LIBCMTD:87cdisp.obj
 0001:00044c8e       __cintrindisp1             40045c8e f   LIBCMTD:87cdisp.obj
 0001:00044ccb       __ctrandisp2               40045ccb f   LIBCMTD:87cdisp.obj
 0001:00044e5a       __ctrandisp1               40045e5a f   LIBCMTD:87cdisp.obj
 0001:00044e8d       __fload                    40045e8d f   LIBCMTD:87cdisp.obj
 0001:00044ed0       ___isa_available_init      40045ed0 f   LIBCMTD:cpu_disp.obj
 0001:000450d0       __VEC_memset               400460d0 f   LIBCMTD:p4_memset.obj
 0001:000451a0       __CrtDefaultAllocHook      400461a0 f   LIBCMTD:dbghook.obj
 0001:000451b0       __crt_debugger_hook        400461b0 f   LIBCMTD:dbghook.obj
 0001:00045210       ___crtCloseThreadpoolTimer 40046210 f   LIBCMTD:winapisupp.obj
 0001:00045240       ___crtCloseThreadpoolWait  40046240 f   LIBCMTD:winapisupp.obj
 0001:00045270       ___crtCreateSemaphoreExW@24 40046270 f   LIBCMTD:winapisupp.obj
 0001:000452d0       ___crtCreateSymbolicLinkW  400462d0 f   LIBCMTD:winapisupp.obj
 0001:00045310       ___crtCreateThreadpoolTimer 40046310 f   LIBCMTD:winapisupp.obj
 0001:00045350       ___crtCreateThreadpoolWait 40046350 f   LIBCMTD:winapisupp.obj
 0001:00045390       ___crtFlsAlloc             40046390 f   LIBCMTD:winapisupp.obj
 0001:000453c0       ___crtFlsFree              400463c0 f   LIBCMTD:winapisupp.obj
 0001:00045400       ___crtFlsGetValue          40046400 f   LIBCMTD:winapisupp.obj
 0001:00045440       ___crtFlsSetValue          40046440 f   LIBCMTD:winapisupp.obj
 0001:00045480       ___crtFlushProcessWriteBuffers 40046480 f   LIBCMTD:winapisupp.obj
 0001:000454b0       ___crtFreeLibraryWhenCallbackReturns 400464b0 f   LIBCMTD:winapisupp.obj
 0001:000454e0       ___crtGetCurrentProcessorNumber 400464e0 f   LIBCMTD:winapisupp.obj
 0001:00045510       ___crtGetLogicalProcessorInformation 40046510 f   LIBCMTD:winapisupp.obj
 0001:00045550       ___crtGetShowWindowMode    40046550 f   LIBCMTD:winapisupp.obj
 0001:00045580       ___crtInitializeCriticalSectionEx 40046580 f   LIBCMTD:winapisupp.obj
 0001:000455d0       ___crtIsPackagedApp        400465d0 f   LIBCMTD:winapisupp.obj
 0001:00045610       ___crtLoadWinApiPointers   40046610 f   LIBCMTD:winapisupp.obj
 0001:00045a20       ___crtSetThreadStackGuarantee 40046a20 f   LIBCMTD:winapisupp.obj
 0001:00045a50       ___crtSetThreadpoolTimer   40046a50 f   LIBCMTD:winapisupp.obj
 0001:00045a90       ___crtSetThreadpoolWait    40046a90 f   LIBCMTD:winapisupp.obj
 0001:00045ac0       ___crtSetUnhandledExceptionFilter 40046ac0 f   LIBCMTD:winapisupp.obj
 0001:00045ad0       ___crtTerminateProcess     40046ad0 f   LIBCMTD:winapisupp.obj
 0001:00045af0       ___crtUnhandledException   40046af0 f   LIBCMTD:winapisupp.obj
 0001:00045b10       ___crtWaitForThreadpoolTimerCallbacks 40046b10 f   LIBCMTD:winapisupp.obj
 0001:00045b40       __flsbuf                   40046b40 f   LIBCMTD:_flsbuf.obj
 0001:00045e10       __output_l                 40046e10 f   LIBCMTD:output.obj
 0001:000474b0       _get_int64_arg             400484b0 f i LIBCMTD:output.obj
 0001:000474d0       _get_int_arg               400484d0 f i LIBCMTD:output.obj
 0001:000474f0       _get_short_arg             400484f0 f i LIBCMTD:output.obj
 0001:000476b0       __output_p_l               400486b0 f   LIBCMTD:outputp.obj
 0001:0004b4a0       __validate_param_reuseA    4004c4a0 f   LIBCMTD:outputp.obj
 0001:0004b790       _get_crtdouble_arg         4004c790 f i LIBCMTD:outputp.obj
 0001:0004b950       ___iswcsym                 4004c950 f i LIBCMTD:_wctype.obj
 0001:0004b990       ___iswcsymf                4004c990 f i LIBCMTD:_wctype.obj
 0001:0004b9d0       __isleadbyte_l             4004c9d0 f i LIBCMTD:_wctype.obj
 0001:0004ba20       __iswalnum_l               4004ca20 f i LIBCMTD:_wctype.obj
 0001:0004ba40       __iswalpha_l               4004ca40 f i LIBCMTD:_wctype.obj
 0001:0004ba60       __iswcntrl_l               4004ca60 f i LIBCMTD:_wctype.obj
 0001:0004ba80       __iswcsym_l                4004ca80 f i LIBCMTD:_wctype.obj
 0001:0004bac0       __iswcsymf_l               4004cac0 f i LIBCMTD:_wctype.obj
 0001:0004bb00       __iswdigit_l               4004cb00 f i LIBCMTD:_wctype.obj
 0001:0004bb20       __iswgraph_l               4004cb20 f i LIBCMTD:_wctype.obj
 0001:0004bb40       __iswlower_l               4004cb40 f i LIBCMTD:_wctype.obj
 0001:0004bb60       __iswprint_l               4004cb60 f i LIBCMTD:_wctype.obj
 0001:0004bb80       __iswpunct_l               4004cb80 f i LIBCMTD:_wctype.obj
 0001:0004bba0       __iswspace_l               4004cba0 f i LIBCMTD:_wctype.obj
 0001:0004bbc0       __iswupper_l               4004cbc0 f i LIBCMTD:_wctype.obj
 0001:0004bbe0       __iswxdigit_l              4004cbe0 f i LIBCMTD:_wctype.obj
 0001:0004bc00       _isleadbyte                4004cc00 f i LIBCMTD:_wctype.obj
 0001:0004bc20       _iswalnum                  4004cc20 f i LIBCMTD:_wctype.obj
 0001:0004bc40       _iswalpha                  4004cc40 f i LIBCMTD:_wctype.obj
 0001:0004bc60       _iswascii                  4004cc60 f i LIBCMTD:_wctype.obj
 0001:0004bc90       _iswcntrl                  4004cc90 f i LIBCMTD:_wctype.obj
 0001:0004bcb0       _iswdigit                  4004ccb0 f i LIBCMTD:_wctype.obj
 0001:0004bcd0       _iswgraph                  4004ccd0 f i LIBCMTD:_wctype.obj
 0001:0004bcf0       _iswlower                  4004ccf0 f i LIBCMTD:_wctype.obj
 0001:0004bd10       _iswprint                  4004cd10 f i LIBCMTD:_wctype.obj
 0001:0004bd30       _iswpunct                  4004cd30 f i LIBCMTD:_wctype.obj
 0001:0004bd50       _iswspace                  4004cd50 f i LIBCMTD:_wctype.obj
 0001:0004bd70       _iswupper                  4004cd70 f i LIBCMTD:_wctype.obj
 0001:0004bd90       _iswxdigit                 4004cd90 f i LIBCMTD:_wctype.obj
 0001:0004c0a0       __MarkAllocaS              4004d0a0 f i LIBCMTD:a_map.obj
 0001:0004c0c0       ___crtLCMapStringA         4004d0c0 f   LIBCMTD:a_map.obj
 0001:0004c120       __freea                    4004d120 f i LIBCMTD:a_map.obj
 0001:0004c190       ___init_dummy              4004d190 f   LIBCMTD:wsetloca.obj
 0001:0004c1a0       __locterm                  4004d1a0 f   LIBCMTD:wsetloca.obj
 0001:0004c230       ____setlc_active_func      4004d230 f   LIBCMTD:wsetloca.obj
 0001:0004c240       ____unguarded_readlc_active_add_func 4004d240 f   LIBCMTD:wsetloca.obj
 0001:0004c250       ___copy_locale_name        4004d250 f   LIBCMTD:wsetloca.obj
 0001:0004c2f0       ___create_locale           4004d2f0 f   LIBCMTD:wsetloca.obj
 0001:0004c310       ___free_locale             4004d310 f   LIBCMTD:wsetloca.obj
 0001:0004c330       ___get_current_locale      4004d330 f   LIBCMTD:wsetloca.obj
 0001:0004c340       ___lc_lctowcs              4004d340 f   LIBCMTD:wsetloca.obj
 0001:0004c3f0       ___lc_wcstolc              4004d3f0 f   LIBCMTD:wsetloca.obj
 0001:0004c610       __configthreadlocale       4004d610 f   LIBCMTD:wsetloca.obj
 0001:0004c770       __create_locale            4004d770 f   LIBCMTD:wsetloca.obj
 0001:0004c7e0       __expandlocale             4004d7e0 f   LIBCMTD:wsetloca.obj
 0001:0004ccd0       __free_locale              4004dcd0 f   LIBCMTD:wsetloca.obj
 0001:0004ce00       __get_current_locale       4004de00 f   LIBCMTD:wsetloca.obj
 0001:0004cf20       __wcreate_locale           4004df20 f   LIBCMTD:wsetloca.obj
 0001:0004d100       __wcscats                  4004e100 f   LIBCMTD:wsetloca.obj
 0001:0004d180       __wsetlocale               4004e180 f   LIBCMTD:wsetloca.obj
 0001:0004e740       __strtoi64                 4004f740 f   LIBCMTD:strtoq.obj
 0001:0004e790       __strtoi64_l               4004f790 f   LIBCMTD:strtoq.obj
 0001:0004e7b0       __strtoui64                4004f7b0 f   LIBCMTD:strtoq.obj
 0001:0004e800       __strtoui64_l              4004f800 f   LIBCMTD:strtoq.obj
 0001:0004ed20       __strtol_l                 4004fd20 f   LIBCMTD:strtol.obj
 0001:0004ed40       __strtoul_l                4004fd40 f   LIBCMTD:strtol.obj
 0001:0004ed60       _strtol                    4004fd60 f   LIBCMTD:strtol.obj
 0001:0004edb0       _strtoul                   4004fdb0 f   LIBCMTD:strtol.obj
 0001:0004ee00       __CItan_pentium4           4004fe00 f   LIBCMTD:tan_pentium4.obj
 0001:0004ee18       __tan_pentium4             4004fe18     LIBCMTD:tan_pentium4.obj
 0001:0004f060       __XcptFilter               40050060 f   LIBCMTD:winxfltr.obj
 0001:0004f260       ___CppXcptFilter           40050260 f   LIBCMTD:winxfltr.obj
 0001:0004f2f0       __get_heap_handle          400502f0 f   LIBCMTD:heapinit.obj
 0001:0004f330       __heap_init                40050330 f   LIBCMTD:heapinit.obj
 0001:0004f360       __heap_term                40050360 f   LIBCMTD:heapinit.obj
 0001:0004f370       __ioinit                   40050370 f   LIBCMTD:ioinit.obj
 0001:0004f850       __ioterm                   40050850 f   LIBCMTD:ioinit.obj
 0001:0004f8f0       __set_pgmptr               400508f0 f i LIBCMTD:stdargv.obj
 0001:0004f900       __setargv                  40050900 f   LIBCMTD:stdargv.obj
 0001:0004fdd0       __setenvp                  40050dd0 f   LIBCMTD:stdenvp.obj
 0001:00050400       __CrtCheckMemory           40051400 f   LIBCMTD:dbgheap.obj
 0001:00050860       __CrtDoForAllClientObjects 40051860 f   LIBCMTD:dbgheap.obj
 0001:00050990       __CrtDumpMemoryLeaks       40051990 f   LIBCMTD:dbgheap.obj
 0001:00050a30       __CrtGetAllocHook          40051a30 f   LIBCMTD:dbgheap.obj
 0001:00050a40       __CrtGetCheckCount         40051a40 f   LIBCMTD:dbgheap.obj
 0001:00050a50       __CrtGetDumpClient         40051a50 f   LIBCMTD:dbgheap.obj
 0001:00050a60       __CrtIsMemoryBlock         40051a60 f   LIBCMTD:dbgheap.obj
 0001:00050bd0       __CrtIsValidHeapPointer    40051bd0 f   LIBCMTD:dbgheap.obj
 0001:00050c10       __CrtIsValidPointer        40051c10 f   LIBCMTD:dbgheap.obj
 0001:00050c40       __CrtMemCheckpoint         40051c40 f   LIBCMTD:dbgheap.obj
 0001:00050e70       __CrtMemDifference         40051e70 f   LIBCMTD:dbgheap.obj
 0001:000510d0       __CrtMemDumpAllObjectsSince 400520d0 f   LIBCMTD:dbgheap.obj
 0001:00051110       __CrtMemDumpStatistics     40052110 f   LIBCMTD:dbgheap.obj
 0001:00051230       __CrtReportBlockType       40052230 f   LIBCMTD:dbgheap.obj
 0001:00051260       __CrtSetAllocHook          40052260 f   LIBCMTD:dbgheap.obj
 0001:00051280       __CrtSetBreakAlloc         40052280 f   LIBCMTD:dbgheap.obj
 0001:000512a0       __CrtSetCheckCount         400522a0 f   LIBCMTD:dbgheap.obj
 0001:000512c0       __CrtSetDbgBlockType       400522c0 f   LIBCMTD:dbgheap.obj
 0001:000513b0       __CrtSetDbgFlag            400523b0 f   LIBCMTD:dbgheap.obj
 0001:00051500       __CrtSetDebugFillThreshold 40052500 f   LIBCMTD:dbgheap.obj
 0001:00051520       __CrtSetDumpClient         40052520 f   LIBCMTD:dbgheap.obj
 0001:00051540       __aligned_free             40052540 f   LIBCMTD:dbgheap.obj
 0001:00051560       __aligned_free_dbg         40052560 f   LIBCMTD:dbgheap.obj
 0001:00051610       __aligned_malloc           40052610 f   LIBCMTD:dbgheap.obj
 0001:00051630       __aligned_malloc_dbg       40052630 f   LIBCMTD:dbgheap.obj
 0001:00051650       __aligned_msize            40052650 f   LIBCMTD:dbgheap.obj
 0001:00051670       __aligned_msize_dbg        40052670 f   LIBCMTD:dbgheap.obj
 0001:00051790       __aligned_offset_malloc    40052790 f   LIBCMTD:dbgheap.obj
 0001:000517b0       __aligned_offset_malloc_dbg 400527b0 f   LIBCMTD:dbgheap.obj
 0001:00051990       __aligned_offset_realloc   40052990 f   LIBCMTD:dbgheap.obj
 0001:000519c0       __aligned_offset_realloc_dbg 400529c0 f   LIBCMTD:dbgheap.obj
 0001:00051cd0       __aligned_offset_recalloc  40052cd0 f   LIBCMTD:dbgheap.obj
 0001:00051d00       __aligned_offset_recalloc_dbg 40052d00 f   LIBCMTD:dbgheap.obj
 0001:00051dc0       __aligned_realloc          40052dc0 f   LIBCMTD:dbgheap.obj
 0001:00051de0       __aligned_realloc_dbg      40052de0 f   LIBCMTD:dbgheap.obj
 0001:00051e10       __aligned_recalloc         40052e10 f   LIBCMTD:dbgheap.obj
 0001:00051e40       __aligned_recalloc_dbg     40052e40 f   LIBCMTD:dbgheap.obj
 0001:00051e70       __calloc_dbg               40052e70 f   LIBCMTD:dbgheap.obj
 0001:00051ed0       __calloc_dbg_impl          40052ed0 f   LIBCMTD:dbgheap.obj
 0001:00051f50       __expand                   40052f50 f   LIBCMTD:dbgheap.obj
 0001:00051f80       __expand_dbg               40052f80 f   LIBCMTD:dbgheap.obj
 0001:000520a0       __free_dbg                 400530a0 f   LIBCMTD:dbgheap.obj
 0001:00052120       __free_dbg_nolock          40053120 f   LIBCMTD:dbgheap.obj
 0001:00052620       __free_nolock              40053620 f   LIBCMTD:dbgheap.obj
 0001:00052640       __heap_alloc               40053640 f   LIBCMTD:dbgheap.obj
 0001:00052660       __heap_alloc_dbg           40053660 f   LIBCMTD:dbgheap.obj
 0001:00052a80       __malloc_dbg               40053a80 f   LIBCMTD:dbgheap.obj
 0001:00052ab0       __msize                    40053ab0 f   LIBCMTD:dbgheap.obj
 0001:00052ad0       __msize_dbg                40053ad0 f   LIBCMTD:dbgheap.obj
 0001:00052ce0       __nh_malloc                40053ce0 f   LIBCMTD:dbgheap.obj
 0001:00052d00       __nh_malloc_dbg            40053d00 f   LIBCMTD:dbgheap.obj
 0001:00052f90       __realloc_dbg              40053f90 f   LIBCMTD:dbgheap.obj
 0001:00053020       __recalloc                 40054020 f   LIBCMTD:dbgheap.obj
 0001:00053050       __recalloc_dbg             40054050 f   LIBCMTD:dbgheap.obj
 0001:00053710       ___security_init_cookie    40054710 f   LIBCMTD:gs_support.obj
 0001:000537f0       _DllMain@12                400547f0 f   LIBCMTD:dllmain.obj
 0001:00053800       ___crtGetEnvironmentStringsA 40054800 f   LIBCMTD:a_env.obj
 0001:00053900       __RTC_Initialize           40054900 f   LIBCMTD:initsect.obj
 0001:00053930       __RTC_Terminate            40054930 f   LIBCMTD:initsect.obj
 0001:000539c0       __except_handler4          400549c0 f   LIBCMTD:chandler4.obj
 0001:00053b80       __87except                 40054b80 f   LIBCMTD:87except.obj
 0001:00053d80       __matherr                  40054d80 f   LIBCMTD:matherr.obj
 0001:00053d90       __CopyMan                  40054d90 f i LIBCMTD:intrncvt.obj
 0001:00053de0       __FillZeroMan              40054de0 f i LIBCMTD:intrncvt.obj
 0001:00053e10       __IncMan                   40054e10 f i LIBCMTD:intrncvt.obj
 0001:00053ec0       __IsZeroMan                40054ec0 f i LIBCMTD:intrncvt.obj
 0001:00053f00       __RoundMan                 40054f00 f i LIBCMTD:intrncvt.obj
 0001:00053fe0       __ShrMan                   40054fe0 f i LIBCMTD:intrncvt.obj
 0001:000540d0       __ZeroTail                 400550d0 f i LIBCMTD:intrncvt.obj
 0001:00054160       __ld12cvt                  40055160 f i LIBCMTD:intrncvt.obj
[...]
 0002:000182b0       __sehtable$__CrtSetReportHookW2 4009a2b0     LIBCMTD:dbgrptw.obj
 0002:000182d0       __sehtable$?DebuggerProbe@@YAHK@Z 4009a2d0     LIBCMTD:error.obj
 0002:000182f0       __sehtable$?DebuggerRuntime@@YAHKHPAXPB_W@Z 4009a2f0     LIBCMTD:error.obj
 0002:00018310       __sehtable$_doexit         4009a310     LIBCMTD:crt0dat.obj
 0002:00018330       __sehtable$_fflush         4009a330     LIBCMTD:fflush.obj
 0002:00018350       __sehtable$_flsall         4009a350     LIBCMTD:fflush.obj
 0002:00018378       __sehtable$_setvbuf        4009a378     LIBCMTD:setvbuf.obj
 0002:00018398       __sehtable$_fwprintf       4009a398     LIBCMTD:fwprintf.obj
 0002:000183b8       __sehtable$_signal         4009a3b8     LIBCMTD:winsig.obj
 0002:000183d8       __sehtable$_raise          4009a3d8     LIBCMTD:winsig.obj
 0002:000183f8       __sehtable$_ctrlevent_capture@4 4009a3f8     LIBCMTD:winsig.obj
 0002:00018418       __sehtable$__get_current_locale 4009a418     LIBCMTD:wsetloca.obj
 0002:00018440       __sehtable$__free_locale   4009a440     LIBCMTD:wsetloca.obj
 0002:00018468       __sehtable$__wsetlocale    4009a468     LIBCMTD:wsetloca.obj
 0002:000184a0       __sehtable$__locterm       4009a4a0     LIBCMTD:wsetloca.obj
 0002:000184bc       __unwindtable$?strtoxq@@YA_KPAUlocaleinfo_struct@@PBDPAPBDHH@Z 4009a4bc     LIBCMTD:strtoq.obj
 0002:000184c4       __ehfuncinfo$?strtoxq@@YA_KPAUlocaleinfo_struct@@PBDPAPBDHH@Z 4009a4c4     LIBCMTD:strtoq.obj
 0002:000184e8       __unwindtable$?strtoxl@@YAKPAUlocaleinfo_struct@@PBDPAPBDHH@Z 4009a4e8     LIBCMTD:strtol.obj
 0002:000184f0       __ehfuncinfo$?strtoxl@@YAKPAUlocaleinfo_struct@@PBDPAPBDHH@Z 4009a4f0     LIBCMTD:strtol.obj
 0002:00018518       __sehtable$__ioinit        4009a518     LIBCMTD:ioinit.obj
 0002:00018538       __sehtable$__realloc_dbg   4009a538     LIBCMTD:dbgheap.obj
 0002:00018558       __sehtable$__expand_dbg    4009a558     LIBCMTD:dbgheap.obj
 0002:00018578       __sehtable$__free_dbg      4009a578     LIBCMTD:dbgheap.obj
 0002:00018598       __sehtable$__msize_dbg     4009a598     LIBCMTD:dbgheap.obj
 0002:000185b8       __sehtable$__CrtCheckMemory 4009a5b8     LIBCMTD:dbgheap.obj
 0002:000185d8       __sehtable$__CrtSetDbgFlag 4009a5d8     LIBCMTD:dbgheap.obj
 0002:000185f8       __sehtable$__CrtDoForAllClientObjects 4009a5f8     LIBCMTD:dbgheap.obj
 0002:00018618       __sehtable$__CrtIsMemoryBlock 4009a618     LIBCMTD:dbgheap.obj
 0002:00018638       __sehtable$__CrtMemCheckpoint 4009a638     LIBCMTD:dbgheap.obj
 0002:00018658       __sehtable$__CrtSetDbgBlockType 4009a658     LIBCMTD:dbgheap.obj
 0002:00018678       __sehtable$__heap_alloc_dbg_impl 4009a678     LIBCMTD:dbgheap.obj
 0002:00018698       __sehtable$?__crtIsBadReadPtr@@YAHPBXI@Z 4009a698     LIBCMTD:dbgheap.obj
 0002:000186b8       __sehtable$?_CrtMemDumpAllObjectsSince_stat@@YAXPBU_CrtMemState@@PAUlocaleinfo_struct@@@Z 4009a6b8     LIBCMTD:dbgheap.obj
 0002:000186d8       __sehtable$__mtinitlocknum 4009a6d8     LIBCMTD:mlock.obj
 0002:000186f8       __sehtable$__VCrtDbgReportA 4009a6f8     LIBCMTD:dbgrptt.obj
 0002:00018720       __sehtable$__VCrtDbgReportW 4009a720     LIBCMTD:dbgrptt.obj
 0002:00018748       __sehtable$__CrtSetReportHook2 4009a748     LIBCMTD:dbgrpt.obj
 0002:00018768       __sehtable$__IsNonwritableInCurrentImage 4009a768     LIBCMTD:pesect.obj
 0002:00018788       __sehtable$__onexit        4009a788     LIBCMTD:onexit.obj
 0002:000187a8       __sehtable$?terminate@@YAXXZ 4009a7a8     LIBCMTD:hooks.obj
 0002:000187c8       __sehtable$?_inconsistency@@YAXXZ 4009a7c8     LIBCMTD:hooks.obj
 0002:000187e8       __sehtable$__fcloseall     4009a7e8     LIBCMTD:closeall.obj
 0002:00018808       __sehtable$__commit        4009a808     LIBCMTD:commit.obj
 0002:00018828       __sehtable$__write         4009a828     LIBCMTD:write.obj
 0002:00018848       __sehtable$_vfwprintf_helper 4009a848     LIBCMTD:vfwprint.obj
 0002:00018868       __sehtable$__lseeki64      4009a868     LIBCMTD:lseeki64.obj
 0002:00018888       __sehtable$_printf         4009a888     LIBCMTD:printf.obj
 0002:000188a4       __unwindtable$?x_ismbbtype_l@@YAHPAUlocaleinfo_struct@@IHH@Z 4009a8a4     LIBCMTD:ismbbyte.obj
 0002:000188ac       __ehfuncinfo$?x_ismbbtype_l@@YAHPAUlocaleinfo_struct@@IHH@Z 4009a8ac     LIBCMTD:ismbbyte.obj
 0002:000188d0       __sehtable$___FrameUnwindToState 4009a8d0     LIBCMTD:frame.obj
 0002:000188f8       __sehtable$?CallCatchBlock@@YAPAXPAUEHExceptionRecord@@PAUEHRegistrationNode@@PAU_CONTEXT@@PBU_s_FuncInfo@@PAXHK@Z 4009a8f8     LIBCMTD:frame.obj
 0002:00018920       __sehtable$___BuildCatchObject 4009a920     LIBCMTD:frame.obj
 0002:00018940       __sehtable$___DestructExceptionObject 4009a940     LIBCMTD:frame.obj
 0002:0001895c       __catchsym$?CallUnexpected@@YAXPBU_s_ESTypeList@@@Z$2 4009a95c     LIBCMTD:frame.obj
 0002:0001896c       __unwindtable$?CallUnexpected@@YAXPBU_s_ESTypeList@@@Z 4009a96c     LIBCMTD:frame.obj
 0002:0001897c       __tryblocktable$?CallUnexpected@@YAXPBU_s_ESTypeList@@@Z 4009a97c     LIBCMTD:frame.obj
 0002:00018990       __ehfuncinfo$?CallUnexpected@@YAXPBU_s_ESTypeList@@@Z 4009a990     LIBCMTD:frame.obj
 0002:000189b8       __sehtable$___BuildCatchObjectHelper 4009a9b8     LIBCMTD:frame.obj
 0002:00018a28       __sehtable$_fclose         4009aa28     LIBCMTD:fclose.obj
 0002:00018a48       __sehtable$__alloc_osfhnd  4009aa48     LIBCMTD:osfinfo.obj
 0002:00018a70       __sehtable$___lock_fhandle 4009aa70     LIBCMTD:osfinfo.obj
 0002:00018a90       __sehtable$__open_osfhandle 4009aa90     LIBCMTD:osfinfo.obj
 0002:00018ab0       __sehtable$__putwch        4009aab0     LIBCMTD:putwch.obj
 0002:00018ad0       __sehtable$_fputwc         4009aad0     LIBCMTD:fputwc.obj
 0002:00018af0       __sehtable$_vprintf_helper 4009aaf0     LIBCMTD:vprintf.obj
 0002:00018b10       __sehtable$??3@YAXPAX@Z    4009ab10     LIBCMTD:dbgdel.obj
 0002:00018b30       __sehtable$__close         4009ab30     LIBCMTD:close.obj
 0002:00018b4c       __unwindtable$?wcstoxq@@YA_KPAUlocaleinfo_struct@@PB_WPAPB_WHH@Z 4009ab4c     LIBCMTD:wcstoq.obj
 0002:00018b54       __ehfuncinfo$?wcstoxq@@YA_KPAUlocaleinfo_struct@@PB_WPAPB_WHH@Z 4009ab54     LIBCMTD:wcstoq.obj
 0002:00018b78       __sehtable$?_Name_base@type_info@@CAPBDPBV1@PAU__type_info_node@@@Z 4009ab78     LIBCMTD:typname.obj
 0002:00018b98       __sehtable$?_Type_info_dtor@type_info@@CAXPAV1@@Z 4009ab98     LIBCMTD:typname.obj
 0002:00018bb8       __sehtable$?_Name_base_internal@type_info@@CAPBDPBV1@PAU__type_info_node@@@Z 4009abb8     LIBCMTD:typname.obj
 0002:00018bd8       __sehtable$?_Type_info_dtor_internal@type_info@@CAXPAV1@@Z 4009abd8     LIBCMTD:typname.obj
 0002:00018bf8       __sehtable$___clean_type_info_names_internal 4009abf8     LIBCMTD:typname.obj
 0002:00018c18       __sehtable$___unDName      4009ac18     LIBCMTD:undname.obj
 0002:00018c38       __sehtable$___unDNameEx    4009ac38     LIBCMTD:undname.obj
 0002:00018c54       __unwindtable$?make@DNameStatusNode@@SAPAV1@W4DNameStatus@@@Z 4009ac54     LIBCMTD:undname.obj
 0002:00018c5c       __ehfuncinfo$?make@DNameStatusNode@@SAPAV1@W4DNameStatus@@@Z 4009ac5c     LIBCMTD:undname.obj
 0002:0001943a       .idata$6                   4009b43a     kernel32:KERNEL32.dll
 0002:00019450       .edata                     4009b450     uix86.exp
 0002:00019478       rgpv                       4009b478     uix86.exp
 0002:00019480       rgszName                   4009b480     uix86.exp
 0002:00019488       rgwOrd                     4009b488     uix86.exp
 0002:0001948c       szName                     4009b48c     uix86.exp
 0002:00019496       $N00001                    4009b496     uix86.exp
 0002:0001949f       $N00002                    4009b49f     uix86.exp
 0003:000014e8       ?dlText@?1??UI_DisplayDownloadInfo@@9@9 4009d4e8     ui_main.obj
 0003:000014f8       ?etaText@?1??UI_DisplayDownloadInfo@@9@9 4009d4f8     ui_main.obj
 0003:00001510       ?xferText@?1??UI_DisplayDownloadInfo@@9@9 4009d510     ui_main.obj
 0003:00001520       _cvarTable                 4009d520     ui_main.obj
 0003:00001c50       _cvarTableSize             4009dc50     ui_main.obj
 0003:00001c54       ?lastColumn@?1??UI_FeederItemText@@9@9 4009dc54     ui_main.obj
 0003:00001c58       _handicapValues            4009dc58     ui_main.obj
 0003:00001cac       _updateModel               4009dcac     ui_main.obj
 0003:00001cb0       _MonthAbbrev               4009dcb0     ui_main.obj
 0003:00001ce0       _skillLevels               4009dce0     ui_main.obj
 0003:00001cf4       _netSources                4009dcf4     ui_main.obj
 0003:00001d04       _teamArenaGameTypes        4009dd04     ui_main.obj
 0003:00001d28       _teamArenaGameNames        4009dd28     ui_main.obj
 0003:00001d4c       _sortKeys                  4009dd4c     ui_main.obj
 0003:00001d60       _netnames                  4009dd60     ui_main.obj
 0003:00001d70       _gamecodetoui              4009dd70     ui_main.obj
 0003:00001d8c       _uitogamecode              4009dd8c     ui_main.obj
 0003:00001da8       _updateOpponentModel       4009dda8     ui_main.obj
 0003:00001db0       _g_bindings                4009ddb0     ui_shared.obj
 0003:000023fc       ?staticNULL@?1??String_Alloc@@9@9 4009e3fc     ui_shared.obj
 0003:00002854       _syscall                   4009e854     ui_syscalls.obj
 0003:00002860       _NAME_                     4009e860     LIBCMTD:cos.obj
 0003:00002870       _NAME_                     4009e870     LIBCMTD:sin.obj
 0003:00002888       __assertstring             4009e888     LIBCMTD:wassert.obj
 0003:000028d8       _dotdotdot                 4009e8d8     LIBCMTD:wassert.obj
 0003:000028dc       _newline                   4009e8dc     LIBCMTD:wassert.obj
 0003:000028e0       _dblnewline                4009e8e0     LIBCMTD:wassert.obj
 0003:000028f0       _NAME_                     4009e8f0     LIBCMTD:sqrt.obj
 0003:00002900       _NAME_                     4009e900     LIBCMTD:tan.obj
 0003:00002910       ?_names@?1??_get_fname@@9@9 4009e910     LIBCMTD:fpexcept.obj
 0003:00002a20       _over                      4009ea20     LIBCMTD:fpctrl.obj
 0003:00002a2c       _under                     4009ea2c     LIBCMTD:fpctrl.obj
 0003:00002a38       ?__DAZ_ENABLED@?1??__set_fpsr_sse2@@9@9 4009ea38     LIBCMTD:fpctrl.obj
 0003:00002a40       _errtable                  4009ea40     LIBCMTD:dosmap.obj
 0003:00002ba8       _ErrnoNoMem                4009eba8     LIBCMTD:dosmap.obj
 0003:00002bac       _DoserrorNoMem             4009ebac     LIBCMTD:dosmap.obj
 0003:00002bb0       ___rgctypeflag             4009ebb0     LIBCMTD:mbctype.obj
 0003:00002bb8       ___rgcode_page_info        4009ebb8     LIBCMTD:mbctype.obj
 0003:000030d4       _dotdotdot                 4009f0d4     LIBCMTD:dbgrptw.obj
 0003:000035d8       ?isPackaged@?1??__crtIsPackagedApp@@9@9 4009f5d8     LIBCMTD:winapisupp.obj
 0003:000035e4       __ctype_loc_style          4009f5e4     LIBCMTD:wsetloca.obj
 0003:00003630       __lRequestCurr             4009f630     LIBCMTD:dbgheap.obj
 0003:00003634       __bNoMansLandFill          4009f634     LIBCMTD:dbgheap.obj
 0003:00003635       __bAlignLandFill           4009f635     LIBCMTD:dbgheap.obj
 0003:00003636       __bDeadLandFill            4009f636     LIBCMTD:dbgheap.obj
 0003:00003637       __bCleanLandFill           4009f637     LIBCMTD:dbgheap.obj
 0003:00003648       _DoubleFormat              4009f648     LIBCMTD:intrncvt.obj
 0003:00003660       _FloatFormat               4009f660     LIBCMTD:intrncvt.obj
 0003:00003938       __locktable                4009f938     LIBCMTD:mlock.obj
 0003:00003ad8       _dotdotdot                 4009fad8     LIBCMTD:dbgrpt.obj
 0003:00003c6c       ?bops_initialized@?1??BoxOnPlaneSide@@9@9 4009fc6c     q_math.obj
 0003:00003c70       ?Ljmptab@?1??BoxOnPlaneSide@@9@9 4009fc70     q_math.obj
 0003:00003c90       ?sr@?1??AngleVectors@@9@9  4009fc90     q_math.obj
 0003:00003c94       ?sp@?1??AngleVectors@@9@9  4009fc94     q_math.obj
 0003:00003c98       ?sy@?1??AngleVectors@@9@9  4009fc98     q_math.obj
 0003:00003c9c       ?cr@?1??AngleVectors@@9@9  4009fc9c     q_math.obj
 0003:00003ca0       ?cp@?1??AngleVectors@@9@9  4009fca0     q_math.obj
 0003:00003ca4       ?cy@?1??AngleVectors@@9@9  4009fca4     q_math.obj
 0003:00003ca8       ?index@?1??va@@9@9         4009fca8     q_shared.obj
 0003:00003cac       ?valueindex@?1??Info_ValueForKey@@9@9 4009fcac     q_shared.obj
 0003:00003cb0       _com_token                 4009fcb0     q_shared.obj
 0003:000040b0       _com_parsename             400a00b0     q_shared.obj
 0003:000044b0       _com_lines                 400a04b0     q_shared.obj
 0003:000044b8       ?string@?1??COM_ParseError@@9@9 400a04b8     q_shared.obj
 0003:000054b8       ?string@?1??COM_ParseWarning@@9@9 400a14b8     q_shared.obj
 0003:000064b8       ?string@?1??va@@9@9        400a24b8     q_shared.obj
 0003:00015eb8       ?value@?1??Info_ValueForKey@@9@9 400b1eb8     q_shared.obj
 0003:00019ec0       ?buffer@?1??UI_Argv@@9@9   400b5ec0     ui_atoms.obj
 0003:0001a2c0       ?buffer@?1??UI_Cvar_VariableString@@9@9 400b62c0     ui_atoms.obj
 0003:0001a6c0       _ui_botInfos               400b66c0     ui_gameinfo.obj
 0003:0001b6c0       _ui_numArenas              400b76c0     ui_gameinfo.obj
 0003:0001b6c8       _ui_arenaInfos             400b76c8     ui_gameinfo.obj
 0003:0001c6c8       ?init@?1??UI_HeadCountByTeam@@9@9 400b86c8     ui_main.obj
 0003:0001c6d4       ?lastTime@?1??UI_FeederItemText@@9@9 400b86d4     ui_main.obj
 0003:0001c6d8       _q3Model                   400b86d8     ui_main.obj
 0003:0001c6dc       ?index@?1??_UI_Refresh@@9@9 400b86dc     ui_main.obj
 0003:0001c6e0       ?previousTimes@?1??_UI_Refresh@@9@9 400b86e0     ui_main.obj
 0003:0001c6f0       ?buf@?1??GetMenuBuffer@@9@9 400b86f0     ui_main.obj
 0003:000246f0       ?info@?1??UI_DrawPlayerModel@@9@9 400c06f0     ui_main.obj
 0003:00024bec       ?numinvisible@?1??UI_BuildServerDisplayList@@9@9 400c0bec     ui_main.obj
 0003:00024bf0       ?info2@?1??UI_DrawOpponent@@9@9 400c0bf0     ui_main.obj
 0003:000250ec       ?numFound@?1??UI_BuildFindPlayerList@@9@9 400c10ec     ui_main.obj
 0003:000250f0       ?numTimeOuts@?1??UI_BuildFindPlayerList@@9@9 400c10f0     ui_main.obj
 0003:000250f4       _lastConnState             400c10f4     ui_main.obj
 0003:000250f8       ?info@?1??UI_FeederItemText@@9@9 400c10f8     ui_main.obj
 0003:000254f8       ?hostname@?1??UI_FeederItemText@@9@9 400c14f8     ui_main.obj
 0003:000258f8       ?clientBuff@?1??UI_FeederItemText@@9@9 400c18f8     ui_main.obj
 0003:00025918       ?info@?1??UI_FeederSelection@@9@9 400c1918     ui_main.obj
 0003:00025d18       _lastLoadingText           400c1d18     ui_main.obj
 0003:00026118       _dp_realtime               400c2118     ui_players.obj
 0003:0002611c       _jumpHeight                400c211c     ui_players.obj
 0003:00026120       ?inHandleKey@?9??Menu_HandleKey@@9@9 400c2120     ui_shared.obj
 0003:00026124       _captureFunc               400c2124     ui_shared.obj
 0003:00026128       _captureData               400c2128     ui_shared.obj
 0003:0002612c       _itemCapture               400c212c     ui_shared.obj
 0003:00026134       _g_waitingForKey           400c2134     ui_shared.obj
 0003:00026138       _g_editingField            400c2138     ui_shared.obj
 0003:0002613c       _g_bindItem                400c213c     ui_shared.obj
 0003:00026140       _g_editItem                400c2140     ui_shared.obj
 0003:0002614c       _debugMode                 400c214c     ui_shared.obj
 0003:00026150       _lastListBoxClickTime      400c2150     ui_shared.obj
 0003:00026154       _strPoolIndex              400c2154     ui_shared.obj
 0003:00026158       _strHandleCount            400c2158     ui_shared.obj
 0003:0002615c       _scrollInfo                400c215c     ui_shared.obj
 0003:0002617c       _allocPoint                400c217c     ui_shared.obj
 0003:00026180       _memoryPool                400c2180     ui_shared.obj
 0003:00126180       _outOfMemory               401c2180     ui_shared.obj
 0003:00126188       _strPool                   401c2188     ui_shared.obj
 0003:00186188       _strHandle                 40222188     ui_shared.obj
 0003:00188188       ?string@?1??PC_SourceWarning@@9@9 40224188     ui_shared.obj
 0003:00189188       ?string@?1??PC_SourceError@@9@9 40225188     ui_shared.obj
 0003:0018a188       ?rect@?1??Item_CorrectedTextRect@@9@9 40226188     ui_shared.obj
 0003:0018a198       ?init@?1??_RTC_InitBase@@9@4_NA 40226198     LIBCMTD:init.obj
 0003:0018a1a0       _GS_ExceptionRecord        402261a0     LIBCMTD:gs_report.obj
 0003:0018a1f0       _GS_ContextRecord          402261f0     LIBCMTD:gs_report.obj
 0003:0018a4bc       _DebuggerWasPresent        402264bc     LIBCMTD:gs_report.obj
 0003:0018a4c8       ___proc_attached           402264c8     LIBCMTD:dllcrt0.obj
 0003:0018a4e8       _fSystemSet                402264e8     LIBCMTD:mbctype.obj
 0003:0018a4f0       __RTC_ErrorReportFunc      402264f0     LIBCMTD:userapi.obj
 0003:0018a4f4       __RTC_ErrorReportFuncW     402264f4     LIBCMTD:userapi.obj
 0003:0018a510       ?fExit@?1??doexit@@9@9     40226510     LIBCMTD:crt0dat.obj
 0003:0018a538       _ctrlc_action              40226538     LIBCMTD:winsig.obj
 0003:0018a53c       _ctrlbreak_action          4022653c     LIBCMTD:winsig.obj
 0003:0018a540       _abort_action              40226540     LIBCMTD:winsig.obj
 0003:0018a544       _term_action               40226544     LIBCMTD:winsig.obj
 0003:0018a548       _ConsoleCtrlHandler_Installed 40226548     LIBCMTD:winsig.obj
 0003:0018a54c       ?pfnMessageBox@?1??__crtMessageBoxW@@9@9 4022654c     LIBCMTD:crtmboxw.obj
 0003:0018a550       ?pfnGetActiveWindow@?1??__crtMessageBoxW@@9@9 40226550     LIBCMTD:crtmboxw.obj
 0003:0018a554       ?pfnGetLastActivePopup@?1??__crtMessageBoxW@@9@9 40226554     LIBCMTD:crtmboxw.obj
 0003:0018a558       ?pfnGetProcessWindowStation@?1??__crtMessageBoxW@@9@9 40226558     LIBCMTD:crtmboxw.obj
 0003:0018a55c       ?pfnGetUserObjectInformation@?1??__crtMessageBoxW@@9@9 4022655c     LIBCMTD:crtmboxw.obj
 0003:0018a568       ?outmsg@?L@??_NMSG_WRITE@@9@9 40226568     LIBCMTD:crt0msg.obj
 0003:0018aca0       ?_pgmname@?1??_setargv@@9@9 40226ca0     LIBCMTD:stdargv.obj
 0003:0018adac       _check_frequency           40226dac     LIBCMTD:dbgheap.obj
 0003:0018adb4       _check_counter             40226db4     LIBCMTD:dbgheap.obj
 0003:0018adb8       __lTotalAlloc              40226db8     LIBCMTD:dbgheap.obj
 0003:0018adbc       __lCurAlloc                40226dbc     LIBCMTD:dbgheap.obj
 0003:0018adc0       __lMaxAlloc                40226dc0     LIBCMTD:dbgheap.obj
 0003:0018adc4       __pFirstBlock              40226dc4     LIBCMTD:dbgheap.obj
 0003:0018adc8       __pLastBlock               40226dc8     LIBCMTD:dbgheap.obj
 0003:0018add0       _lclcritsects              40226dd0     LIBCMTD:mlock.obj
 0003:0018af40       _mspdb                     40226f40     LIBCMTD:pdblkup.obj
 0003:0018af44       ?alreadyTried@?1??GetPdbDll@@YAPAUHINSTANCE__@@XZ@4_NA 40226f44     LIBCMTD:pdblkup.obj
 0003:0018af45       ?PDBOK@?BM@??_RTC_GetSrcLine@@YAHPAEPA_WKPAH1K@Z@4_NA 40226f45     LIBCMTD:pdblkup.obj
 0003:0018af58       _g_pfnRtlGenRandom         40226f58     LIBCMTD:rand_s.obj
 0003:0018af64       ___enable_percent_n        40226f64     LIBCMTD:printf.obj
 0003:0018af68       ___crtCallProc             40226f68     LIBCMTD:winapinls.obj
 0003:0018af70       ___type_info_root_node     40226f70     LIBCMTD:typname.obj
 0003:0018afa0       _heap                      40226fa0     LIBCMTD:undname.obj
 0003:0018afb8       ?buf@?1??dbGetString@DName@@QBEPADXZ@4PADA 40226fb8     LIBCMTD:undname.obj
 0004:00000060       $R000000                   4025d060     * linker generated manifest res *
