 cgamex86

 Timestamp is 51f195d0 (Thu Jul 25 16:17:04 2013)

 Preferred load address is 30000000

 Start         Length     Name                   Class
 0001:00000000 0009cf92H .text                   CODE
 0001:0009cfa0 00000139H .text$x                 CODE
 0002:00000000 00000150H .idata$5                DATA
 0002:00000150 00000004H .CRT$XCA                DATA
 0002:00000154 00000004H .CRT$XCZ                DATA
 0002:00000158 00000004H .CRT$XIA                DATA
 0002:0000015c 00000014H .CRT$XIC                DATA
 0002:00000170 00000004H .CRT$XIZ                DATA
 0002:00000174 00000004H .CRT$XPA                DATA
 0002:00000178 00000008H .CRT$XPX                DATA
 0002:00000180 00000004H .CRT$XPXA               DATA
 0002:00000184 00000004H .CRT$XPZ                DATA
 0002:00000188 00000004H .CRT$XTA                DATA
 0002:0000018c 00000004H .CRT$XTZ                DATA
 0002:00000190 000197b0H .rdata                  DATA
 0002:00019940 00000078H .rdata$debug            DATA
 0002:000199b8 00000388H .rdata$r                DATA
 0002:00019d40 00000030H .rdata$sxdata           DATA
 0002:00019d70 00000004H .rtc$IAA                DATA
 0002:00019d74 00000004H .rtc$IZZ                DATA
 0002:00019d78 00000004H .rtc$TAA                DATA
 0002:00019d7c 00000004H .rtc$TZZ                DATA
 0002:00019d80 00000ac8H .xdata$x                DATA
 0002:0001a848 00000014H .idata$2                DATA
 0002:0001a85c 00000014H .idata$3                DATA
 0002:0001a870 00000150H .idata$4                DATA
 0002:0001a9c0 0000062cH .idata$6                DATA
 0002:0001aff0 00000059H .edata                  DATA
 0003:00000000 00004197H .data                   DATA
 0003:000041a0 0050f100H .bss                    DATA
 0004:00000000 00000058H .rsrc$01                DATA
 0004:00000060 00000180H .rsrc$02                DATA

  Address         Publics by Value              Rva+Base       Lib:Object

 0000:00000000       __except_list              00000000     <absolute>
 0000:0000000c       ___safe_se_handler_count   0000000c     <absolute>
 0000:00000000       ___ImageBase               30000000     <linker-defined>
 0001:00000000       _BG_AddPredictableEventToPlayerstate 30001000 f   bg_misc.obj
 0001:000000d0       _BG_CanItemBeGrabbed       300010d0 f   bg_misc.obj
 0001:00000360       _BG_EvaluateTrajectory     30001360 f   bg_misc.obj
 0001:00000800       _BG_EvaluateTrajectoryDelta 30001800 f   bg_misc.obj
 0001:00000b40       _BG_FindItem               30001b40 f   bg_misc.obj
 0001:00000b90       _BG_FindItemForHoldable    30001b90 f   bg_misc.obj
 0001:00000c00       _BG_FindItemForPowerup     30001c00 f   bg_misc.obj
 0001:00000c80       _BG_FindItemForWeapon      30001c80 f   bg_misc.obj
 0001:00000ce0       _BG_PlayerStateToEntityState 30001ce0 f   bg_misc.obj
 0001:00001150       _BG_PlayerStateToEntityStateExtraPolate 30002150 f   bg_misc.obj
 0001:000015d0       _BG_PlayerTouchesItem      300025d0 f   bg_misc.obj
 0001:00001720       _BG_TouchJumpPad           30002720 f   bg_misc.obj
 0001:000019a0       _PM_AddEvent               300029a0 f   bg_pmove.obj
 0001:000019d0       _PM_AddTouchEnt            300029d0 f   bg_pmove.obj
 0001:000025a0       _PM_ClipVelocity           300035a0 f   bg_pmove.obj
 0001:00004a60       _PM_UpdateViewAngles       30005a60 f   bg_pmove.obj
 0001:00005a30       _Pmove                     30006a30 f   bg_pmove.obj
 0001:00005b20       _PmoveSingle               30006b20 f   bg_pmove.obj
 0001:00006240       _PM_SlideMove              30007240 f   bg_slidemove.obj
 0001:00007160       _PM_StepSlideMove          30008160 f   bg_slidemove.obj
 0001:000078d0       _CG_TargetCommand_f        300088d0 f   cg_consolecmds.obj
 0001:00007d90       _CG_ConsoleCommand         30008d90 f   cg_consolecmds.obj
 0001:00007e00       _CG_InitConsoleCommands    30008e00 f   cg_consolecmds.obj
 0001:00007fa0       _CG_AddLagometerFrameInfo  30008fa0 f   cg_draw.obj
 0001:00007fe0       _CG_AddLagometerSnapshotInfo 30008fe0 f   cg_draw.obj
 0001:00008050       _CG_CenterPrint            30009050 f   cg_draw.obj
 0001:000081d0       _CG_Draw3DModel            300091d0 f   cg_draw.obj
 0001:00008370       _CG_DrawActive             30009370 f   cg_draw.obj
 0001:00009210       _CG_DrawFlagModel          3000a210 f   cg_draw.obj
 0001:000095f0       _CG_DrawHead               3000a5f0 f   cg_draw.obj
 0001:0000be60       _CG_DrawTeamBackground     3000ce60 f   cg_draw.obj
 0001:0000d2b0       _CG_AdjustFrom640          3000e2b0 f   cg_drawtools.obj
 0001:0000d320       _CG_ColorForHealth         3000e320 f   cg_drawtools.obj
 0001:0000d370       _CG_DrawBigString          3000e370 f   cg_drawtools.obj
 0001:0000d410       _CG_DrawBigStringColor     3000e410 f   cg_drawtools.obj
 0001:0000d450       _CG_DrawChar               3000e450 f   cg_drawtools.obj
 0001:0000d580       _CG_DrawPic                3000e580 f   cg_drawtools.obj
 0001:0000d620       _CG_DrawRect               3000e620 f   cg_drawtools.obj
 0001:0000d6d0       _CG_DrawSides              3000e6d0 f   cg_drawtools.obj
 0001:0000d800       _CG_DrawSmallString        3000e800 f   cg_drawtools.obj
 0001:0000d8a0       _CG_DrawSmallStringColor   3000e8a0 f   cg_drawtools.obj
 0001:0000d8e0       _CG_DrawStringExt          3000e8e0 f   cg_drawtools.obj
 0001:0000db30       _CG_DrawStrlen             3000eb30 f   cg_drawtools.obj
 0001:0000dbb0       _CG_DrawTopBottom          3000ebb0 f   cg_drawtools.obj
 0001:0000dce0       _CG_FadeColor              3000ece0 f   cg_drawtools.obj
 0001:0000ddc0       _CG_FillRect               3000edc0 f   cg_drawtools.obj
 0001:0000de80       _CG_GetColorForHealth      3000ee80 f   cg_drawtools.obj
 0001:0000e030       _CG_TeamColor              3000f030 f   cg_drawtools.obj
 0001:0000e080       _CG_TileClear              3000f080 f   cg_drawtools.obj
 0001:0000e260       _UI_DrawBannerString       3000f260 f   cg_drawtools.obj
 0001:0000e5e0       _UI_DrawProportionalString 3000f5e0 f   cg_drawtools.obj
 0001:0000ebd0       _UI_ProportionalSizeScale  3000fbd0 f   cg_drawtools.obj
 0001:0000ec00       _UI_ProportionalStringWidth 3000fc00 f   cg_drawtools.obj
 0001:0000ec80       _CG_BigExplode             3000fc80 f   cg_effects.obj
 0001:0000f2f0       _CG_Bleed                  300102f0 f   cg_effects.obj
 0001:0000f410       _CG_BubbleTrail            30010410 f   cg_effects.obj
 0001:0000f980       _CG_GibPlayer              30010980 f   cg_effects.obj
 0001:00010600       _CG_LaunchExplode          30011600 f   cg_effects.obj
 0001:000107e0       _CG_LaunchGib              300117e0 f   cg_effects.obj
 0001:000109c0       _CG_MakeExplosion          300119c0 f   cg_effects.obj
 0001:00010dc0       _CG_ScorePlum              30011dc0 f   cg_effects.obj
 0001:00011070       _CG_SmokePuff              30012070 f   cg_effects.obj
 0001:00011400       _CG_SpawnEffect            30012400 f   cg_effects.obj
 0001:000116e0       _CG_AddPacketEntities      300126e0 f   cg_ents.obj
 0001:000118d0       _CG_AdjustPositionForMover 300128d0 f   cg_ents.obj
 0001:00011be0       _CG_Beam                   30012be0 f   cg_ents.obj
 0001:00013d10       _CG_PositionEntityOnTag    30014d10 f   cg_ents.obj
 0001:00013ef0       _CG_PositionRotatedEntityOnTag 30014ef0 f   cg_ents.obj
 0001:000140f0       _CG_SetEntitySoundPosition 300150f0 f   cg_ents.obj
 0001:00014570       _CG_CheckEvents            30015570 f   cg_event.obj
 0001:00014660       _CG_EntityEvent            30015660 f   cg_event.obj
 0001:00016330       _CG_PainEvent              30017330 f   cg_event.obj
 0001:000163e0       _CG_PlaceString            300173e0 f   cg_event.obj
 0001:00016650       _CG_DrawInformation        30017650 f   cg_info.obj
 0001:00016cc0       _CG_LoadingClient          30017cc0 f   cg_info.obj
 0001:00016eb0       _CG_LoadingItem            30017eb0 f   cg_info.obj
 0001:00016f20       _CG_LoadingString          30017f20 f   cg_info.obj
 0001:00017090       _CG_AddFadeRGB             30018090 f   cg_localents.obj
 0001:00017360       _CG_AddFragment            30018360 f   cg_localents.obj
 0001:00017660       _CG_AddLocalEntities       30018660 f   cg_localents.obj
 0001:00017b00       _CG_AddScorePlum           30018b00 f   cg_localents.obj
 0001:000184a0       _CG_AllocLocalEntity       300194a0 f   cg_localents.obj
 0001:00018520       _CG_BloodTrail             30019520 f   cg_localents.obj
 0001:00018640       _CG_FragmentBounceMark     30019640 f   cg_localents.obj
 0001:000187b0       _CG_FragmentBounceSound    300197b0 f   cg_localents.obj
 0001:00018830       _CG_FreeLocalEntity        30019830 f   cg_localents.obj
 0001:00018890       _CG_InitLocalEntities      30019890 f   cg_localents.obj
 0001:00018910       _CG_ReflectVelocity        30019910 f   cg_localents.obj
 0001:00018da0       _CG_Argv                   30019da0 f   cg_main.obj
 0001:00018dd0       _CG_BuildSpectatorString   30019dd0 f   cg_main.obj
 0001:00018e90       _CG_ConfigString           30019e90 f   cg_main.obj
 0001:00018ed0       _CG_CrosshairPlayer        30019ed0 f   cg_main.obj
 0001:00018f00       _CG_Error                  30019f00 f   cg_main.obj
 0001:00018f60       _CG_EventHandling          30019f60 f   cg_main.obj
 0001:00018fd0       _CG_Init                   30019fd0 f   cg_main.obj
 0001:00019240       _CG_KeyEvent               3001a240 f   cg_main.obj
 0001:00019250       _CG_LastAttacker           3001a250 f   cg_main.obj
 0001:00019290       _CG_MouseEvent             3001a290 f   cg_main.obj
 0001:000192a0       _CG_Printf                 3001a2a0 f   cg_main.obj
 0001:000193a0       _CG_RegisterCvars          3001a3a0 f   cg_main.obj
 0001:0001a810       _CG_Shutdown               3001b810 f   cg_main.obj
 0001:0001a820       _CG_StartMusic             3001b820 f   cg_main.obj
 0001:0001a8a0       _CG_UpdateCvars            3001b8a0 f   cg_main.obj
 0001:0001a970       _Com_Error                 3001b970 f   cg_main.obj
 0001:0001a9d0       _Com_Printf                3001b9d0 f   cg_main.obj
 0001:0001aa30       _vmMain                    3001ba30 f   cg_main.obj
 0001:0001ab20       _CG_AddMarks               3001bb20 f   cg_marks.obj
 0001:0001ae30       _CG_AddParticleShrapnel    3001be30 f   cg_marks.obj
 0001:0001ae50       _CG_AddParticleToScene     3001be50 f   cg_marks.obj
 0001:00021200       _CG_AddParticles           30022200 f   cg_marks.obj
 0001:00021800       _CG_AllocMark              30022800 f   cg_marks.obj
 0001:000218a0       _CG_BloodPool              300228a0 f   cg_marks.obj
 0001:00021b90       _CG_ClearParticles         30022b90 f   cg_marks.obj
 0001:00021cd0       _CG_FreeMarkPoly           30022cd0 f   cg_marks.obj
 0001:00021d30       _CG_ImpactMark             30022d30 f   cg_marks.obj
 0001:00022530       _CG_InitMarkPolys          30023530 f   cg_marks.obj
 0001:000225b0       _CG_NewParticleArea        300235b0 f   cg_marks.obj
 0001:00022820       _CG_OilSlickRemove         30023820 f   cg_marks.obj
 0001:000228b0       _CG_ParticleBloodCloud     300238b0 f   cg_marks.obj
 0001:00022cd0       _CG_ParticleBubble         30023cd0 f   cg_marks.obj
 0001:00023130       _CG_ParticleBulletDebris   30024130 f   cg_marks.obj
 0001:00023370       _CG_ParticleDust           30024370 f   cg_marks.obj
 0001:000239e0       _CG_ParticleExplosion      300249e0 f   cg_marks.obj
 0001:00023c90       _CG_ParticleImpactSmokePuff 30024c90 f   cg_marks.obj
 0001:00023f10       _CG_ParticleMisc           30024f10 f   cg_marks.obj
 0001:00024090       _CG_ParticleSmoke          30025090 f   cg_marks.obj
 0001:00024340       _CG_ParticleSnow           30025340 f   cg_marks.obj
 0001:00024730       _CG_ParticleSnowFlurry     30025730 f   cg_marks.obj
 0001:00024be0       _CG_ParticleSparks         30025be0 f   cg_marks.obj
 0001:00025050       _CG_Particle_Bleed         30026050 f   cg_marks.obj
 0001:000252a0       _CG_Particle_OilParticle   300262a0 f   cg_marks.obj
 0001:00025560       _CG_Particle_OilSlick      30026560 f   cg_marks.obj
 0001:000258e0       _CG_SnowLink               300268e0 f   cg_marks.obj
 0001:00025b40       _ValidBloodPool            30026b40 f   cg_marks.obj
 0001:000260e0       _CG_AddRefEntityWithPowerups 300270e0 f   cg_players.obj
 0001:000264c0       _CG_CustomSound            300274c0 f   cg_players.obj
 0001:00026c00       _CG_LightVerts             30027c00 f   cg_players.obj
 0001:000271e0       _CG_LoadDeferredPlayers    300281e0 f   cg_players.obj
 0001:00027270       _CG_NewClientInfo          30028270 f   cg_players.obj
 0001:00028300       _CG_Player                 30029300 f   cg_players.obj
 0001:0002ae00       _CG_ResetPlayerEntity      3002be00 f   cg_players.obj
 0001:0002bbe0       _CG_CheckAmmo              3002cbe0 f   cg_playerstate.obj
 0001:0002bcf0       _CG_CheckChangedPredictableEvents 3002ccf0 f   cg_playerstate.obj
 0001:0002bdf0       _CG_CheckLocalSounds       3002cdf0 f   cg_playerstate.obj
 0001:0002c570       _CG_CheckPlayerstateEvents 3002d570 f   cg_playerstate.obj
 0001:0002c6c0       _CG_DamageFeedback         3002d6c0 f   cg_playerstate.obj
 0001:0002cc40       _CG_Respawn                3002dc40 f   cg_playerstate.obj
 0001:0002cc80       _CG_TransitionPlayerState  3002dc80 f   cg_playerstate.obj
 0001:0002cec0       _CG_BuildSolidList         3002dec0 f   cg_predict.obj
 0001:0002d510       _CG_PointContents          3002e510 f   cg_predict.obj
 0001:0002d5d0       _CG_PredictPlayerState     3002e5d0 f   cg_predict.obj
 0001:0002e0a0       _CG_Trace                  3002f0a0 f   cg_predict.obj
 0001:0002ebe0       _CG_DrawOldScoreboard      3002fbe0 f   cg_scoreboard.obj
 0001:0002f3a0       _CG_DrawOldTourneyScoreboard 300303a0 f   cg_scoreboard.obj
 0001:0002f8a0       _CG_AddBufferedVoiceChat   300308a0 f   cg_servercmds.obj
 0001:0002fe10       _CG_ExecuteNewServerCommands 30030e10 f   cg_servercmds.obj
 0001:0002fe60       _CG_GetVoiceChat           30030e60 f   cg_servercmds.obj
 0001:0002ff40       _CG_HeadModelVoiceChats    30030f40 f   cg_servercmds.obj
 0001:000300c0       _CG_LoadVoiceChats         300310c0 f   cg_servercmds.obj
 0001:00030610       _CG_ParseServerinfo        30031610 f   cg_servercmds.obj
 0001:00030910       _CG_ParseVoiceChats        30031910 f   cg_servercmds.obj
 0001:00030e90       _CG_PlayBufferedVoiceChats 30031e90 f   cg_servercmds.obj
 0001:00030ea0       _CG_PlayVoiceChat          30031ea0 f   cg_servercmds.obj
 0001:00031240       _CG_SetConfigValues        30032240 f   cg_servercmds.obj
 0001:00031300       _CG_ShaderStateChanged     30032300 f   cg_servercmds.obj
 0001:00031530       _CG_VoiceChat              30032530 f   cg_servercmds.obj
 0001:00031540       _CG_VoiceChatListForClient 30032540 f   cg_servercmds.obj
 0001:00031910       _CG_VoiceChatLocal         30032910 f   cg_servercmds.obj
 0001:00031920       _CG_ProcessSnapshots       30032920 f   cg_snapshot.obj
 0001:00031c60       _CG_SetInitialSnapshot     30032c60 f   cg_snapshot.obj
 0001:00032140       _PASSFLOAT                 30033140 f   cg_syscalls.obj
 0001:00032160       _dllEntry                  30033160 f   cg_syscalls.obj
 0001:00032180       _testPrintFloat            30033180 f   cg_syscalls.obj
 0001:000321c0       _testPrintInt              300331c0 f   cg_syscalls.obj
 0001:000321f0       _trap_AddCommand           300331f0 f   cg_syscalls.obj
 0001:00032210       _trap_Argc                 30033210 f   cg_syscalls.obj
 0001:00032230       _trap_Args                 30033230 f   cg_syscalls.obj
 0001:00032260       _trap_Argv                 30033260 f   cg_syscalls.obj
 0001:00032290       _trap_CIN_DrawCinematic    30033290 f   cg_syscalls.obj
 0001:000322b0       _trap_CIN_PlayCinematic    300332b0 f   cg_syscalls.obj
 0001:000322f0       _trap_CIN_RunCinematic     300332f0 f   cg_syscalls.obj
 0001:00032310       _trap_CIN_SetExtents       30033310 f   cg_syscalls.obj
 0001:00032340       _trap_CIN_StopCinematic    30033340 f   cg_syscalls.obj
 0001:00032360       _trap_CM_BoxTrace          30033360 f   cg_syscalls.obj
 0001:000323a0       _trap_CM_CapsuleTrace      300333a0 f   cg_syscalls.obj
 0001:000323e0       _trap_CM_InlineModel       300333e0 f   cg_syscalls.obj
 0001:00032400       _trap_CM_LoadMap           30033400 f   cg_syscalls.obj
 0001:00032420       _trap_CM_MarkFragments     30033420 f   cg_syscalls.obj
 0001:00032460       _trap_CM_NumInlineModels   30033460 f   cg_syscalls.obj
 0001:00032480       _trap_CM_PointContents     30033480 f   cg_syscalls.obj
 0001:000324b0       _trap_CM_TempBoxModel      300334b0 f   cg_syscalls.obj
 0001:000324e0       _trap_CM_TempCapsuleModel  300334e0 f   cg_syscalls.obj
 0001:00032510       _trap_CM_TransformedBoxTrace 30033510 f   cg_syscalls.obj
 0001:00032550       _trap_CM_TransformedCapsuleTrace 30033550 f   cg_syscalls.obj
 0001:00032590       _trap_CM_TransformedPointContents 30033590 f   cg_syscalls.obj
 0001:000325c0       _trap_Cvar_Register        300335c0 f   cg_syscalls.obj
 0001:000325f0       _trap_Cvar_Set             300335f0 f   cg_syscalls.obj
 0001:00032620       _trap_Cvar_Update          30033620 f   cg_syscalls.obj
 0001:00032640       _trap_Cvar_VariableStringBuffer 30033640 f   cg_syscalls.obj
 0001:00032670       _trap_Error                30033670 f   cg_syscalls.obj
 0001:00032690       _trap_FS_FCloseFile        30033690 f   cg_syscalls.obj
 0001:000326b0       _trap_FS_FOpenFile         300336b0 f   cg_syscalls.obj
 0001:000326e0       _trap_FS_Read              300336e0 f   cg_syscalls.obj
 0001:00032710       _trap_FS_Seek              30033710 f   cg_syscalls.obj
 0001:00032740       _trap_FS_Write             30033740 f   cg_syscalls.obj
 0001:00032770       _trap_GetCurrentCmdNumber  30033770 f   cg_syscalls.obj
 0001:00032790       _trap_GetCurrentSnapshotNumber 30033790 f   cg_syscalls.obj
 0001:000327c0       _trap_GetEntityToken       300337c0 f   cg_syscalls.obj
 0001:000327f0       _trap_GetGameState         300337f0 f   cg_syscalls.obj
 0001:00032810       _trap_GetGlconfig          30033810 f   cg_syscalls.obj
 0001:00032830       _trap_GetServerCommand     30033830 f   cg_syscalls.obj
 0001:00032850       _trap_GetSnapshot          30033850 f   cg_syscalls.obj
 0001:00032880       _trap_GetUserCmd           30033880 f   cg_syscalls.obj
 0001:000328b0       _trap_Key_GetCatcher       300338b0 f   cg_syscalls.obj
 0001:000328d0       _trap_Key_GetKey           300338d0 f   cg_syscalls.obj
 0001:000328f0       _trap_Key_IsDown           300338f0 f   cg_syscalls.obj
 0001:00032910       _trap_Key_SetCatcher       30033910 f   cg_syscalls.obj
 0001:00032930       _trap_MemoryRemaining      30033930 f   cg_syscalls.obj
 0001:00032950       _trap_Milliseconds         30033950 f   cg_syscalls.obj
 0001:00032970       _trap_PC_AddGlobalDefine   30033970 f   cg_syscalls.obj
 0001:00032990       _trap_PC_FreeSource        30033990 f   cg_syscalls.obj
 0001:000329b0       _trap_PC_LoadSource        300339b0 f   cg_syscalls.obj
 0001:000329d0       _trap_PC_ReadToken         300339d0 f   cg_syscalls.obj
 0001:00032a00       _trap_PC_SourceFileAndLine 30033a00 f   cg_syscalls.obj
 0001:00032a30       _trap_Print                30033a30 f   cg_syscalls.obj
 0001:00032a50       _trap_R_AddAdditiveLightToScene 30033a50 f   cg_syscalls.obj
 0001:00032ac0       _trap_R_AddLightToScene    30033ac0 f   cg_syscalls.obj
 0001:00032b30       _trap_R_AddPolyToScene     30033b30 f   cg_syscalls.obj
 0001:00032b60       _trap_R_AddPolysToScene    30033b60 f   cg_syscalls.obj
 0001:00032b90       _trap_R_AddRefEntityToScene 30033b90 f   cg_syscalls.obj
 0001:00032bb0       _trap_R_ClearScene         30033bb0 f   cg_syscalls.obj
 0001:00032bd0       _trap_R_DrawStretchPic     30033bd0 f   cg_syscalls.obj
 0001:00032c90       _trap_R_LerpTag            30033c90 f   cg_syscalls.obj
 0001:00032ce0       _trap_R_LightForPoint      30033ce0 f   cg_syscalls.obj
 0001:00032d10       _trap_R_LoadWorldMap       30033d10 f   cg_syscalls.obj
 0001:00032d30       _trap_R_ModelBounds        30033d30 f   cg_syscalls.obj
 0001:00032d60       _trap_R_RegisterFont       30033d60 f   cg_syscalls.obj
 0001:00032d90       _trap_R_RegisterModel      30033d90 f   cg_syscalls.obj
 0001:00032db0       _trap_R_RegisterShader     30033db0 f   cg_syscalls.obj
 0001:00032dd0       _trap_R_RegisterShaderNoMip 30033dd0 f   cg_syscalls.obj
 0001:00032df0       _trap_R_RegisterSkin       30033df0 f   cg_syscalls.obj
 0001:00032e10       _trap_R_RemapShader        30033e10 f   cg_syscalls.obj
 0001:00032e40       _trap_R_RenderScene        30033e40 f   cg_syscalls.obj
 0001:00032e60       _trap_R_SetColor           30033e60 f   cg_syscalls.obj
 0001:00032e80       _trap_R_inPVS              30033e80 f   cg_syscalls.obj
 0001:00032eb0       _trap_RealTime             30033eb0 f   cg_syscalls.obj
 0001:00032ed0       _trap_RemoveCommand        30033ed0 f   cg_syscalls.obj
 0001:00032ef0       _trap_S_AddLoopingSound    30033ef0 f   cg_syscalls.obj
 0001:00032f20       _trap_S_AddRealLoopingSound 30033f20 f   cg_syscalls.obj
 0001:00032f50       _trap_S_ClearLoopingSounds 30033f50 f   cg_syscalls.obj
 0001:00032f70       _trap_S_RegisterSound      30033f70 f   cg_syscalls.obj
 0001:00032fa0       _trap_S_Respatialize       30033fa0 f   cg_syscalls.obj
 0001:00032fd0       _trap_S_StartBackgroundTrack 30033fd0 f   cg_syscalls.obj
 0001:00033000       _trap_S_StartLocalSound    30034000 f   cg_syscalls.obj
 0001:00033030       _trap_S_StartSound         30034030 f   cg_syscalls.obj
 0001:00033060       _trap_S_StopBackgroundTrack 30034060 f   cg_syscalls.obj
 0001:00033080       _trap_S_StopLoopingSound   30034080 f   cg_syscalls.obj
 0001:000330a0       _trap_S_UpdateEntityPosition 300340a0 f   cg_syscalls.obj
 0001:000330d0       _trap_SendClientCommand    300340d0 f   cg_syscalls.obj
 0001:000330f0       _trap_SendConsoleCommand   300340f0 f   cg_syscalls.obj
 0001:00033110       _trap_SetUserCmdValue      30034110 f   cg_syscalls.obj
 0001:00033150       _trap_SnapVector           30034150 f   cg_syscalls.obj
 0001:00033170       _trap_UpdateScreen         30034170 f   cg_syscalls.obj
 0001:00033190       _CG_AddBufferedSound       30034190 f   cg_view.obj
 0001:000340c0       _CG_DrawActiveFrame        300350c0 f   cg_view.obj
 0001:000354d0       _CG_TestGun_f              300364d0 f   cg_view.obj
 0001:00035500       _CG_TestModelNextFrame_f   30036500 f   cg_view.obj
 0001:00035530       _CG_TestModelNextSkin_f    30036530 f   cg_view.obj
 0001:00035560       _CG_TestModelPrevFrame_f   30036560 f   cg_view.obj
 0001:000355a0       _CG_TestModelPrevSkin_f    300365a0 f   cg_view.obj
 0001:000355e0       _CG_TestModel_f            300365e0 f   cg_view.obj
 0001:000357e0       _CG_ZoomDown_f             300367e0 f   cg_view.obj
 0001:00035810       _CG_ZoomUp_f               30036810 f   cg_view.obj
 0001:00035840       _CG_AddPlayerWeapon        30036840 f   cg_weapons.obj
 0001:00035ff0       _CG_AddViewWeapon          30036ff0 f   cg_weapons.obj
 0001:00036650       _CG_Bullet                 30037650 f   cg_weapons.obj
 0001:00036e90       _CG_DrawWeaponSelect       30037e90 f   cg_weapons.obj
 0001:00037110       _CG_FireWeapon             30038110 f   cg_weapons.obj
 0001:00037250       _CG_GrappleTrail           30038250 f   cg_weapons.obj
 0001:000386e0       _CG_MissileHitPlayer       300396e0 f   cg_weapons.obj
 0001:00038730       _CG_MissileHitWall         30039730 f   cg_weapons.obj
 0001:00038e60       _CG_NextWeapon_f           30039e60 f   cg_weapons.obj
 0001:00038f10       _CG_OutOfAmmoChange        30039f10 f   cg_weapons.obj
 0001:000398c0       _CG_PrevWeapon_f           3003a8c0 f   cg_weapons.obj
 0001:00039970       _CG_RailTrail              3003a970 f   cg_weapons.obj
 0001:0003a610       _CG_RegisterItemVisuals    3003b610 f   cg_weapons.obj
 0001:0003a740       _CG_RegisterWeapon         3003b740 f   cg_weapons.obj
 0001:0003bda0       _CG_ShotgunFire            3003cda0 f   cg_weapons.obj
 0001:0003c570       _CG_Tracer                 3003d570 f   cg_weapons.obj
 0001:0003d250       _CG_Weapon_f               3003e250 f   cg_weapons.obj
 0001:0003d550       _AddPointToBounds          3003e550 f   q_math.obj
 0001:0003d6d0       _AngleDelta                3003e6d0 f   q_math.obj
 0001:0003d700       _AngleMod                  3003e700 f   q_math.obj
 0001:0003d740       _AngleNormalize180         3003e740 f   q_math.obj
 0001:0003d790       _AngleNormalize360         3003e790 f   q_math.obj
 0001:0003d7d0       _AngleSubtract             3003e7d0 f   q_math.obj
 0001:0003d840       _AngleVectors              3003e840 f   q_math.obj
 0001:0003db40       _AnglesSubtract            3003eb40 f   q_math.obj
 0001:0003dc20       _AnglesToAxis              3003ec20 f   q_math.obj
 0001:0003dd20       _AxisClear                 3003ed20 f   q_math.obj
 0001:0003de50       _AxisCopy                  3003ee50 f   q_math.obj
 0001:0003dfe0       _BoxOnPlaneSide            3003efe0 f   q_math.obj
 0001:0003e220       _ByteToDir                 3003f220 f   q_math.obj
 0001:0003e300       _ClampChar                 3003f300 f   q_math.obj
 0001:0003e330       _ClampShort                3003f330 f   q_math.obj
 0001:0003e370       _ClearBounds               3003f370 f   q_math.obj
 0001:0003e410       _ColorBytes3               3003f410 f   q_math.obj
 0001:0003e480       _ColorBytes4               3003f480 f   q_math.obj
 0001:0003e620       _DirToByte                 3003f620 f   q_math.obj
 0001:0003e720       _LerpAngle                 3003f720 f   q_math.obj
 0001:0003e7a0       _MakeNormalVectors         3003f7a0 f   q_math.obj
 0001:0003e960       _MatrixMultiply            3003f960 f   q_math.obj
 0001:0003ef80       _NormalizeColor            3003ff80 f   q_math.obj
 0001:0003f0d0       _PerpendicularVector       300400d0 f   q_math.obj
 0001:0003f1f0       _PlaneFromPoints           300401f0 f   q_math.obj
 0001:0003f3f0       _ProjectPointOnPlane       300403f0 f   q_math.obj
 0001:0003f650       _Q_crandom                 30040650 f   q_math.obj
 0001:0003f6a0       _Q_fabs                    300406a0 f   q_math.obj
 0001:0003f6d0       _Q_log2                    300406d0 f   q_math.obj
 0001:0003f700       _Q_rand                    30040700 f   q_math.obj
 0001:0003f730       _Q_random                  30040730 f   q_math.obj
 0001:0003f770       _Q_rsqrt                   30040770 f   q_math.obj
 0001:0003f7f0       _RadiusFromBounds          300407f0 f   q_math.obj
 0001:0003f8b0       _RotateAroundDirection     300408b0 f   q_math.obj
 0001:0003f9d0       _RotatePointAroundVector   300409d0 f   q_math.obj
 0001:0003ff50       _SetPlaneSignbits          30040f50 f   q_math.obj
 0001:0003ffb0       _Vector4Scale              30040fb0 f   q_math.obj
 0001:000400f0       _VectorNormalize           300410f0 f   q_math.obj
 0001:00040220       _VectorNormalize2          30041220 f   q_math.obj
 0001:000403a0       _VectorRotate              300413a0 f   q_math.obj
 0001:00040560       __DotProduct               30041560 f   q_math.obj
 0001:000405e0       __VectorAdd                300415e0 f   q_math.obj
 0001:00040680       __VectorCopy               30041680 f   q_math.obj
 0001:000406f0       __VectorMA                 300416f0 f   q_math.obj
 0001:000407a0       __VectorScale              300417a0 f   q_math.obj
 0001:00040820       __VectorSubtract           30041820 f   q_math.obj
 0001:000408c0       _vectoangles               300418c0 f   q_math.obj
 0001:00040b30       _COM_BeginParseSession     30041b30 f   q_shared.obj
 0001:00040b70       _COM_Compress              30041b70 f   q_shared.obj
 0001:00040d90       _COM_DefaultExtension      30041d90 f   q_shared.obj
 0001:00040e30       _COM_GetCurrentParseLine   30041e30 f   q_shared.obj
 0001:00040e50       _COM_MatchToken            30041e50 f   q_shared.obj
 0001:00040ea0       _COM_Parse                 30041ea0 f   q_shared.obj
 0001:00040ec0       _COM_ParseError            30041ec0 f   q_shared.obj
 0001:00040f10       _COM_ParseExt              30041f10 f   q_shared.obj
 0001:000411b0       _COM_ParseWarning          300421b0 f   q_shared.obj
 0001:00041200       _COM_SkipPath              30042200 f   q_shared.obj
 0001:00041250       _COM_StripExtension        30042250 f   q_shared.obj
 0001:000412a0       _Com_Clamp                 300422a0 f   q_shared.obj
 0001:000412e0       _Com_sprintf               300422e0 f   q_shared.obj
 0001:00041380       _FloatNoSwap               30042380 f   q_shared.obj
 0001:000413a0       _FloatSwap                 300423a0 f   q_shared.obj
 0001:000413d0       _Info_NextPair             300423d0 f   q_shared.obj
 0001:000414c0       _Info_RemoveKey            300424c0 f   q_shared.obj
 0001:00041640       _Info_RemoveKey_Big        30042640 f   q_shared.obj
 0001:000417d0       _Info_SetValueForKey       300427d0 f   q_shared.obj
 0001:00041960       _Info_SetValueForKey_Big   30042960 f   q_shared.obj
 0001:00041af0       _Info_Validate             30042af0 f   q_shared.obj
 0001:00041b40       _Info_ValueForKey          30042b40 f   q_shared.obj
 0001:00041ce0       _Long64NoSwap              30042ce0 f   q_shared.obj
 0001:00041d00       _Long64Swap                30042d00 f   q_shared.obj
 0001:00041d50       _LongNoSwap                30042d50 f   q_shared.obj
 0001:00041d70       _LongSwap                  30042d70 f   q_shared.obj
 0001:00041de0       _Parse1DMatrix             30042de0 f   q_shared.obj
 0001:00041e60       _Parse2DMatrix             30042e60 f   q_shared.obj
 0001:00041ed0       _Parse3DMatrix             30042ed0 f   q_shared.obj
 0001:00041f50       _Q_CleanStr                30042f50 f   q_shared.obj
 0001:00041fe0       _Q_PrintStrlen             30042fe0 f   q_shared.obj
 0001:00042060       _Q_isalpha                 30043060 f   q_shared.obj
 0001:000420a0       _Q_islower                 300430a0 f   q_shared.obj
 0001:000420d0       _Q_isprint                 300430d0 f   q_shared.obj
 0001:00042100       _Q_isupper                 30043100 f   q_shared.obj
 0001:00042130       _Q_strcat                  30043130 f   q_shared.obj
 0001:00042180       _Q_stricmp                 30043180 f   q_shared.obj
 0001:000421c0       _Q_stricmpn                300431c0 f   q_shared.obj
 0001:000422a0       _Q_strlwr                  300432a0 f   q_shared.obj
 0001:000422f0       _Q_strncmp                 300432f0 f   q_shared.obj
 0001:00042370       _Q_strncpyz                30043370 f   q_shared.obj
 0001:000423e0       _Q_strrchr                 300433e0 f   q_shared.obj
 0001:00042440       _Q_strupr                  30043440 f   q_shared.obj
 0001:00042490       _ShortNoSwap               30043490 f   q_shared.obj
 0001:000424b0       _ShortSwap                 300434b0 f   q_shared.obj
 0001:000424f0       _SkipBracedSection         300434f0 f   q_shared.obj
 0001:00042580       _SkipRestOfLine            30043580 f   q_shared.obj
 0001:00042640       _va                        30043640 f   q_shared.obj
 0001:000426a0       _ItemParse_wrapped         300436a0 f   ui_shared.obj
 0001:000426d0       _ItemParse_autowrapped     300436d0 f   ui_shared.obj
 0001:00042700       _ItemParse_horizontalscroll 30043700 f   ui_shared.obj
 0001:00042730       _Script_SetTeamColor       30043730 f   ui_shared.obj
 0001:000427a0       _ItemParse_type            300437a0 f   ui_shared.obj
 0001:000427e0       _ItemParse_elementwidth    300437e0 f   ui_shared.obj
 0001:00042830       _Script_SetItemColor       30043830 f   ui_shared.obj
 0001:000429b0       _ItemParse_elementheight   300439b0 f   ui_shared.obj
 0001:00042a00       _ItemParse_feeder          30043a00 f   ui_shared.obj
 0001:00042a40       _ItemParse_elementtype     30043a40 f   ui_shared.obj
 0001:00042aa0       _ItemParse_columns         30043aa0 f   ui_shared.obj
 0001:00042bb0       _ItemParse_border          30043bb0 f   ui_shared.obj
 0001:00042be0       _ItemParse_bordersize      30043be0 f   ui_shared.obj
 0001:00042c10       _ItemParse_visible         30043c10 f   ui_shared.obj
 0001:00042c60       _ItemParse_ownerdraw       30043c60 f   ui_shared.obj
 0001:00042ca0       _ItemParse_align           30043ca0 f   ui_shared.obj
 0001:00042ce0       _ItemParse_textalign       30043ce0 f   ui_shared.obj
 0001:00042d20       _ItemParse_textalignx      30043d20 f   ui_shared.obj
 0001:00042d60       _Script_Show               30043d60 f   ui_shared.obj
 0001:00042da0       _ItemParse_textaligny      30043da0 f   ui_shared.obj
 0001:00042de0       _Script_Hide               30043de0 f   ui_shared.obj
 0001:00042e20       _ItemParse_textscale       30043e20 f   ui_shared.obj
 0001:00042e60       _Script_FadeIn             30043e60 f   ui_shared.obj
 0001:00042ea0       _ItemParse_textstyle       30043ea0 f   ui_shared.obj
 0001:00042ee0       _Script_FadeOut            30043ee0 f   ui_shared.obj
 0001:00042f20       _ItemParse_backcolor       30043f20 f   ui_shared.obj
 0001:00042f80       _Script_Open               30043f80 f   ui_shared.obj
 0001:00042fb0       _ItemParse_forecolor       30043fb0 f   ui_shared.obj
 0001:00043020       _Script_ConditionalOpen    30044020 f   ui_shared.obj
 0001:000430b0       _ItemParse_bordercolor     300440b0 f   ui_shared.obj
 0001:00043110       _Script_Close              30044110 f   ui_shared.obj
 0001:00043140       _ItemParse_outlinecolor    30044140 f   ui_shared.obj
 0001:00043180       _ItemParse_background      30044180 f   ui_shared.obj
 0001:000431d0       _ItemParse_cinematic       300441d0 f   ui_shared.obj
 0001:00043200       _ItemParse_doubleClick     30044200 f   ui_shared.obj
 0001:00043260       _Script_Transition         30044260 f   ui_shared.obj
 0001:00043360       _ItemParse_onFocus         30044360 f   ui_shared.obj
 0001:000433a0       _ItemParse_leaveFocus      300443a0 f   ui_shared.obj
 0001:000433e0       _ItemParse_mouseEnter      300443e0 f   ui_shared.obj
 0001:00043420       _ItemParse_mouseExit       30044420 f   ui_shared.obj
 0001:00043460       _ItemParse_mouseEnterText  30044460 f   ui_shared.obj
 0001:000434a0       _Script_Orbit              300444a0 f   ui_shared.obj
 0001:00043580       _ItemParse_mouseExitText   30044580 f   ui_shared.obj
 0001:000435c0       _ItemParse_action          300445c0 f   ui_shared.obj
 0001:00043600       _Script_SetFocus           30044600 f   ui_shared.obj
 0001:000436d0       _ItemParse_special         300446d0 f   ui_shared.obj
 0001:00043710       _Script_SetPlayerModel     30044710 f   ui_shared.obj
 0001:00043750       _ItemParse_cvarTest        30044750 f   ui_shared.obj
 0001:00043790       _ItemParse_cvar            30044790 f   ui_shared.obj
 0001:00043820       _Script_SetPlayerHead      30044820 f   ui_shared.obj
 0001:00043860       _Script_SetCvar            30044860 f   ui_shared.obj
 0001:000438b0       _ItemParse_maxChars        300448b0 f   ui_shared.obj
 0001:00043910       _Script_Exec               30044910 f   ui_shared.obj
 0001:00043960       _ItemParse_maxPaintChars   30044960 f   ui_shared.obj
 0001:000439c0       _Script_Play               300449c0 f   ui_shared.obj
 0001:00043a10       _ItemParse_cvarFloat       30044a10 f   ui_shared.obj
 0001:00043ab0       _Script_playLooped         30044ab0 f   ui_shared.obj
 0001:00043b00       _ItemParse_cvarStrList     30044b00 f   ui_shared.obj
 0001:00043cf0       _ItemParse_cvarFloatList   30044cf0 f   ui_shared.obj
 0001:00043eb0       _ItemParse_addColorRange   30044eb0 f   ui_shared.obj
 0001:00043f60       _ItemParse_ownerdrawFlag   30044f60 f   ui_shared.obj
 0001:00043fa0       _ItemParse_enableCvar      30044fa0 f   ui_shared.obj
 0001:00043fe0       _ItemParse_disableCvar     30044fe0 f   ui_shared.obj
 0001:00044020       _ItemParse_showCvar        30045020 f   ui_shared.obj
 0001:00044060       _ItemParse_hideCvar        30045060 f   ui_shared.obj
 0001:000440a0       _MenuParse_font            300450a0 f   ui_shared.obj
 0001:00044120       _MenuParse_name            30045120 f   ui_shared.obj
 0001:00044170       _MenuParse_fullscreen      30045170 f   ui_shared.obj
 0001:000441b0       _MenuParse_rect            300451b0 f   ui_shared.obj
 0001:000441f0       _MenuParse_style           300451f0 f   ui_shared.obj
 0001:00044230       _MenuParse_visible         30045230 f   ui_shared.obj
 0001:00044280       _MenuParse_onOpen          30045280 f   ui_shared.obj
 0001:000442c0       _MenuParse_onClose         300452c0 f   ui_shared.obj
 0001:00044300       _MenuParse_onESC           30045300 f   ui_shared.obj
 0001:00044340       _MenuParse_border          30045340 f   ui_shared.obj
 0001:00044380       _MenuParse_borderSize      30045380 f   ui_shared.obj
 0001:000443c0       _MenuParse_backcolor       300453c0 f   ui_shared.obj
 0001:00044430       _MenuParse_forecolor       30045430 f   ui_shared.obj
 0001:000444a0       _MenuParse_bordercolor     300454a0 f   ui_shared.obj
 0001:00044510       _MenuParse_focuscolor      30045510 f   ui_shared.obj
 0001:00044580       _MenuParse_disablecolor    30045580 f   ui_shared.obj
 0001:000445f0       _MenuParse_outlinecolor    300455f0 f   ui_shared.obj
 0001:00044630       _MenuParse_background      30045630 f   ui_shared.obj
 0001:00044680       _MenuParse_cinematic       30045680 f   ui_shared.obj
 0001:000446c0       _MenuParse_ownerdrawFlag   300456c0 f   ui_shared.obj
 0001:00044710       _MenuParse_ownerdraw       30045710 f   ui_shared.obj
 0001:00044750       _MenuParse_popup           30045750 f   ui_shared.obj
 0001:00044780       _MenuParse_outOfBounds     30045780 f   ui_shared.obj
 0001:000447b0       _MenuParse_soundLoop       300457b0 f   ui_shared.obj
 0001:000447f0       _MenuParse_fadeClamp       300457f0 f   ui_shared.obj
 0001:00044830       _MenuParse_fadeAmount      30045830 f   ui_shared.obj
 0001:00044870       _MenuParse_fadeCycle       30045870 f   ui_shared.obj
 0001:000448b0       _MenuParse_itemDef         300458b0 f   ui_shared.obj
 0001:00044990       _ItemParse_name            30045990 f   ui_shared.obj
 0001:000449c0       _ItemParse_focusSound      300459c0 f   ui_shared.obj
 0001:00044a10       _ItemParse_text            30045a10 f   ui_shared.obj
 0001:00044a50       _ItemParse_group           30045a50 f   ui_shared.obj
 0001:00044a80       _ItemParse_asset_model     30045a80 f   ui_shared.obj
 0001:00044b00       _ItemParse_asset_shader    30045b00 f   ui_shared.obj
 0001:00044b50       _ItemParse_model_origin    30045b50 f   ui_shared.obj
 0001:00044be0       _ItemParse_model_fovx      30045be0 f   ui_shared.obj
 0001:00044c30       _ItemParse_model_fovy      30045c30 f   ui_shared.obj
 0001:00044c80       _ItemParse_model_rotation  30045c80 f   ui_shared.obj
 0001:00044cd0       _Script_SetColor           30045cd0 f   ui_shared.obj
 0001:00044dd0       _ItemParse_model_angle     30045dd0 f   ui_shared.obj
 0001:00044e20       _ItemParse_rect            30045e20 f   ui_shared.obj
 0001:00044e50       _ItemParse_style           30045e50 f   ui_shared.obj
 0001:00044e80       _Script_SetAsset           30045e80 f   ui_shared.obj
 0001:00044ea0       _ItemParse_decoration      30045ea0 f   ui_shared.obj
 0001:00044ed0       _Script_SetBackground      30045ed0 f   ui_shared.obj
 0001:00044f10       _ItemParse_notselectable   30045f10 f   ui_shared.obj
 0001:00044f60       _AdjustFrom640             30045f60 f   ui_shared.obj
 0001:00044fe0       _BindingFromName           30045fe0 f   ui_shared.obj
 0001:000450f0       _BindingIDFromName         300460f0 f   ui_shared.obj
 0001:00045150       _Color_Parse               30046150 f   ui_shared.obj
 0001:000451b0       _Controls_GetConfig        300461b0 f   ui_shared.obj
 0001:00045310       _Controls_SetConfig        30046310 f   ui_shared.obj
 0001:000453d0       _Controls_SetDefaults      300463d0 f   ui_shared.obj
 0001:00045430       _Display_CacheAll          30046430 f   ui_shared.obj
 0001:00045480       _Display_CaptureItem       30046480 f   ui_shared.obj
 0001:00045550       _Display_CursorType        30046550 f   ui_shared.obj
 0001:00045620       _Display_GetContext        30046620 f   ui_shared.obj
 0001:00045640       _Display_HandleKey         30046640 f   ui_shared.obj
 0001:00045690       _Display_KeyBindPending    30046690 f   ui_shared.obj
 0001:000456b0       _Display_MouseMove         300466b0 f   ui_shared.obj
 0001:000457a0       _Display_VisibleMenuCount  300467a0 f   ui_shared.obj
 0001:00045800       _Fade                      30046800 f   ui_shared.obj
 0001:000458d0       _Float_Parse               300468d0 f   ui_shared.obj
 0001:00045930       _GradientBar_Paint         30046930 f   ui_shared.obj
 0001:000459c0       _Init_Display              300469c0 f   ui_shared.obj
 0001:000459e0       _Int_Parse                 300469e0 f   ui_shared.obj
 0001:00045a40       _IsVisible                 30046a40 f   ui_shared.obj
 0001:00045a80       _Item_Action               30046a80 f   ui_shared.obj
 0001:00045ab0       _Item_Bind_HandleKey       30046ab0 f   ui_shared.obj
 0001:00045e10       _Item_Bind_Paint           30046e10 f   ui_shared.obj
 0001:00046230       _Item_EnableShowViaCvar    30047230 f   ui_shared.obj
 0001:00046420       _Item_HandleKey            30047420 f   ui_shared.obj
 0001:000465d0       _Item_Image_Paint          300475d0 f   ui_shared.obj
 0001:00046660       _Item_Init                 30047660 f   ui_shared.obj
 0001:000466b0       _Item_InitControls         300476b0 f   ui_shared.obj
 0001:00046720       _Item_ListBox_HandleKey    30047720 f   ui_shared.obj
 0001:00046f50       _Item_ListBox_MaxScroll    30047f50 f   ui_shared.obj
 0001:00047000       _Item_ListBox_MouseEnter   30048000 f   ui_shared.obj
 0001:00047220       _Item_ListBox_OverLB       30048220 f   ui_shared.obj
 0001:00047640       _Item_ListBox_Paint        30048640 f   ui_shared.obj
 0001:00048220       _Item_ListBox_ThumbDrawPosition 30049220 f   ui_shared.obj
 0001:000483e0       _Item_ListBox_ThumbPosition 300493e0 f   ui_shared.obj
 0001:00048560       _Item_Model_Paint          30049560 f   ui_shared.obj
 0001:00048a60       _Item_MouseEnter           30049a60 f   ui_shared.obj
 0001:00048c30       _Item_MouseLeave           30049c30 f   ui_shared.obj
 0001:00048cb0       _Item_Multi_CountSettings  30049cb0 f   ui_shared.obj
 0001:00048ce0       _Item_Multi_FindCvarByValue 30049ce0 f   ui_shared.obj
 0001:00048e30       _Item_Multi_HandleKey      30049e30 f   ui_shared.obj
 0001:00048fe0       _Item_Multi_Paint          30049fe0 f   ui_shared.obj
 0001:00049260       _Item_Multi_Setting        3004a260 f   ui_shared.obj
 0001:000493c0       _Item_OwnerDraw_HandleKey  3004a3c0 f   ui_shared.obj
 0001:00049410       _Item_OwnerDraw_Paint      3004a410 f   ui_shared.obj
 0001:00049ab0       _Item_Paint                3004aab0 f   ui_shared.obj
 0001:0004a230       _Item_Parse                3004b230 f   ui_shared.obj
 0001:0004a370       _Item_RunScript            3004b370 f   ui_shared.obj
 0001:0004a500       _Item_SetFocus             3004b500 f   ui_shared.obj
 0001:0004a760       _Item_SetMouseOver         3004b760 f   ui_shared.obj
 0001:0004a7a0       _Item_SetScreenCoords      3004b7a0 f   ui_shared.obj
 0001:0004a850       _Item_SetTextExtents       3004b850 f   ui_shared.obj
 0001:0004ab10       _Item_SetupKeywordHash     3004bb10 f   ui_shared.obj
 0001:0004ab70       _Item_Slider_HandleKey     3004bb70 f   ui_shared.obj
 0001:0004ada0       _Item_Slider_OverSlider    3004bda0 f   ui_shared.obj
 0001:0004ae50       _Item_Slider_Paint         3004be50 f   ui_shared.obj
 0001:0004b130       _Item_Slider_ThumbPosition 3004c130 f   ui_shared.obj
 0001:0004b250       _Item_StartCapture         3004c250 f   ui_shared.obj
 0001:0004b470       _Item_StopCapture          3004c470 f   ui_shared.obj
 0001:0004b480       _Item_TextColor            3004c480 f   ui_shared.obj
 0001:0004b7f0       _Item_TextField_HandleKey  3004c7f0 f   ui_shared.obj
 0001:0004be60       _Item_TextField_Paint      3004ce60 f   ui_shared.obj
 0001:0004c250       _Item_Text_AutoWrapped_Paint 3004d250 f   ui_shared.obj
 0001:0004c690       _Item_Text_Paint           3004d690 f   ui_shared.obj
 0001:0004c800       _Item_Text_Wrapped_Paint   3004d800 f   ui_shared.obj
 0001:0004cab0       _Item_UpdatePosition       3004dab0 f   ui_shared.obj
 0001:0004cb50       _Item_ValidateTypeData     3004db50 f   ui_shared.obj
 0001:0004cca0       _Item_YesNo_HandleKey      3004dca0 f   ui_shared.obj
 0001:0004cdb0       _Item_YesNo_Paint          3004ddb0 f   ui_shared.obj
 0001:0004d0a0       _KeywordHash_Add           3004e0a0 f   ui_shared.obj
 0001:0004d0e0       _KeywordHash_Find          3004e0e0 f   ui_shared.obj
 0001:0004d140       _KeywordHash_Key           3004e140 f   ui_shared.obj
 0001:0004d1f0       _LerpColor                 3004e1f0 f   ui_shared.obj
 0001:0004d350       _Menu_ClearFocus           3004e350 f   ui_shared.obj
 0001:0004d4d0       _Menu_Count                3004e4d0 f   ui_shared.obj
 0001:0004d4f0       _Menu_FadeItemByName       3004e4f0 f   ui_shared.obj
 0001:0004d590       _Menu_FindItemByName       3004e590 f   ui_shared.obj
 0001:0004d610       _Menu_GetFocused           3004e610 f   ui_shared.obj
 0001:0004d680       _Menu_GetFocusedItem       3004e680 f   ui_shared.obj
 0001:0004d6e0       _Menu_GetMatchingItemByNumber 3004e6e0 f   ui_shared.obj
 0001:0004d7a0       _Menu_HandleKey            3004e7a0 f   ui_shared.obj
 0001:0004ddb0       _Menu_HandleMouseMove      3004edb0 f   ui_shared.obj
 0001:0004e020       _Menu_HitTest              3004f020 f   ui_shared.obj
 0001:0004e0a0       _Menu_Init                 3004f0a0 f   ui_shared.obj
 0001:0004e120       _Menu_ItemsMatchingGroup   3004f120 f   ui_shared.obj
 0001:0004e1c0       _Menu_New                  3004f1c0 f   ui_shared.obj
 0001:0004e230       _Menu_OrbitItemByName      3004f230 f   ui_shared.obj
 0001:0004e440       _Menu_Paint                3004f440 f   ui_shared.obj
 0001:0004e660       _Menu_PaintAll             3004f660 f   ui_shared.obj
 0001:0004e790       _Menu_Parse                3004f790 f   ui_shared.obj
 0001:0004e8e0       _Menu_PostParse            3004f8e0 f   ui_shared.obj
 0001:0004e950       _Menu_Reset                3004f950 f   ui_shared.obj
 0001:0004e9e0       _Menu_ScrollFeeder         3004f9e0 f   ui_shared.obj
 0001:0004ea80       _Menu_SetFeederSelection   3004fa80 f   ui_shared.obj
 0001:0004eba0       _Menu_SetNextCursorItem    3004fba0 f   ui_shared.obj
 0001:0004ed10       _Menu_SetPrevCursorItem    3004fd10 f   ui_shared.obj
 0001:0004ee80       _Menu_SetupKeywordHash     3004fe80 f   ui_shared.obj
 0001:0004eee0       _Menu_ShowItemByName       3004fee0 f   ui_shared.obj
 0001:0004ef90       _Menu_TransitionItemByName 3004ff90 f   ui_shared.obj
 0001:0004f0f0       _Menu_UpdatePosition       300500f0 f   ui_shared.obj
 0001:0004f1a0       _Menus_Activate            300501a0 f   ui_shared.obj
 0001:0004f250       _Menus_ActivateByName      30050250 f   ui_shared.obj
 0001:0004f330       _Menus_AnyFullScreenVisible 30050330 f   ui_shared.obj
 0001:0004f390       _Menus_CloseAll            30050390 f   ui_shared.obj
 0001:0004f400       _Menus_CloseByName         30050400 f   ui_shared.obj
 0001:0004f440       _Menus_FindByName          30050440 f   ui_shared.obj
 0001:0004f4b0       _Menus_HandleOOBClick      300504b0 f   ui_shared.obj
 0001:0004f630       _Menus_OpenByName          30050630 f   ui_shared.obj
 0001:0004f650       _Menus_ShowByName          30050650 f   ui_shared.obj
 0001:0004f690       _PC_Color_Parse            30050690 f   ui_shared.obj
 0001:0004f6f0       _PC_Float_Parse            300506f0 f   ui_shared.obj
 0001:0004f7e0       _PC_Int_Parse              300507e0 f   ui_shared.obj
 0001:0004f8c0       _PC_Rect_Parse             300508c0 f   ui_shared.obj
 0001:0004f940       _PC_Script_Parse           30050940 f   ui_shared.obj
 0001:0004faa0       _PC_SourceError            30050aa0 f   ui_shared.obj
 0001:0004fb60       _PC_SourceWarning          30050b60 f   ui_shared.obj
 0001:0004fc20       _PC_String_Parse           30050c20 f   ui_shared.obj
 0001:0004fc80       _Rect_ContainsPoint        30050c80 f   ui_shared.obj
 0001:0004fcf0       _Rect_Parse                30050cf0 f   ui_shared.obj
 0001:0004fd70       _Rect_ToWindowCoords       30050d70 f   ui_shared.obj
 0001:000502d0       _String_Alloc              300512d0 f   ui_shared.obj
 0001:00050430       _String_Init               30051430 f   ui_shared.obj
 0001:000504c0       _String_Parse              300514c0 f   ui_shared.obj
 0001:00050520       _String_Report             30051520 f   ui_shared.obj
 0001:00050600       _ToWindowCoords            30051600 f   ui_shared.obj
 0001:00050670       _UI_Alloc                  30051670 f   ui_shared.obj
 0001:000506f0       _UI_InitMemory             300516f0 f   ui_shared.obj
 0001:00050720       _UI_OutOfMemory            30051720 f   ui_shared.obj
 0001:00050820       _Window_Init               30051820 f   ui_shared.obj
 0001:000508c0       _Window_Paint              300518c0 f   ui_shared.obj
 0001:000510c0       _cos                       300520c0 f   LIBCMTD:cos.obj
 0001:00051100       __CIcos                    30052100 f   LIBCMTD:cos.obj
 0001:0005113b       __CIcos_default            3005213b f   LIBCMTD:cos.obj
 0001:0005114f       __cos_default              3005214f     LIBCMTD:cos.obj
 0001:000511f0       _fabs                      300521f0 f   LIBCMTD:fabs.obj
 0001:000512f0       _sin                       300522f0 f   LIBCMTD:sin.obj
 0001:00051330       __CIsin                    30052330 f   LIBCMTD:sin.obj
 0001:0005136b       __CIsin_default            3005236b f   LIBCMTD:sin.obj
 0001:0005137f       __sin_default              3005237f     LIBCMTD:sin.obj
 0001:00051420       ??0_LocaleUpdate@@QAE@PAUlocaleinfo_struct@@@Z 30052420 f i LIBCMTD:atof.obj
 0001:00051500       ??1_LocaleUpdate@@QAE@XZ   30052500 f i LIBCMTD:atof.obj
 0001:00051530       ?GetLocaleT@_LocaleUpdate@@QAEPAUlocaleinfo_struct@@XZ 30052530 f i LIBCMTD:atof.obj
 0001:00051540       ___STRINGTOLD              30052540 f   LIBCMTD:atof.obj
 0001:00051590       ___strgtold12              30052590 f   LIBCMTD:atof.obj
 0001:000515e0       __atof_l                   300525e0 f   LIBCMTD:atof.obj
 0001:00051730       _atof                      30052730 f   LIBCMTD:atof.obj
 0001:00051750       @__security_check_cookie@4 30052750 f   LIBCMTD:secchk.obj
 0001:00051760       __fpmath                   30052760 f   LIBCMTD:fpinit.obj
 0001:00051780       ___setfflag                30052780 f   LIBCMTD:fpinit.obj
 0001:000517a0       __cfltcvt_init             300527a0 f   LIBCMTD:fpinit.obj
 0001:00051860       __abs64                    30052860 f   LIBCMTD:abs.obj
 0001:000518a0       _abs                       300528a0 f   LIBCMTD:abs.obj
 0001:000518d0       __CIsqrt                   300528d0 f   LIBCMTD:sqrt.obj
 0001:000518e4       _sqrt                      300528e4     LIBCMTD:sqrt.obj
 0001:00051990       _memset                    30052990 f   LIBCMTD:memset.obj
 0001:00051a20       __atoi64                   30052a20 f   LIBCMTD:atox.obj
 0001:00051a40       __atoi64_l                 30052a40 f   LIBCMTD:atox.obj
 0001:00051a60       __atoi_l                   30052a60 f   LIBCMTD:atox.obj
 0001:00051a80       __atol_l                   30052a80 f   LIBCMTD:atox.obj
 0001:00051aa0       _atoi                      30052aa0 f   LIBCMTD:atox.obj
 0001:00051ac0       _atol                      30052ac0 f   LIBCMTD:atox.obj
 0001:00051ae0       ___raise_securityfailure   30052ae0 f   LIBCMTD:gs_report.obj
 0001:00051b30       ___report_gsfailure        30052b30 f   LIBCMTD:gs_report.obj
 0001:00051c40       ___report_rangecheckfailure 30052c40 f   LIBCMTD:gs_report.obj
 0001:00051c50       ___report_securityfailure  30052c50 f   LIBCMTD:gs_report.obj
 0001:00051d30       ___report_securityfailureEx 30052d30 f   LIBCMTD:gs_report.obj
 0001:00051e60       _strlen                    30052e60 f   LIBCMTD:strlen.obj
 0001:00051ef0       _rand                      30052ef0 f   LIBCMTD:rand.obj
 0001:00051f30       _srand                     30052f30 f   LIBCMTD:rand.obj
 0001:00051f40       _memcpy                    30052f40 f   LIBCMTD:memcpy.obj
 0001:00052590       _strcpy                    30053590 f   LIBCMTD:strcat.obj
 0001:000525a0       _strcat                    300535a0 f   LIBCMTD:strcat.obj
 0001:00052690       __vscprintf                30053690 f   LIBCMTD:vsprintf.obj
 0001:000526b0       __vscprintf_helper         300536b0 f   LIBCMTD:vsprintf.obj
 0001:000527a0       __vscprintf_l              300537a0 f   LIBCMTD:vsprintf.obj
 0001:000527c0       __vscprintf_p              300537c0 f   LIBCMTD:vsprintf.obj
 0001:000527e0       __vscprintf_p_l            300537e0 f   LIBCMTD:vsprintf.obj
 0001:00052800       __vsprintf_l               30053800 f   LIBCMTD:vsprintf.obj
 0001:000529c0       _vsprintf                  300539c0 f   LIBCMTD:vsprintf.obj
 0001:000529e0       _strcmp                    300539e0 f   LIBCMTD:strcmp.obj
 0001:00052a70       _floor                     30053a70 f   LIBCMTD:floor_pentium4.obj
 0001:00052ab0       __floor_pentium4           30053ab0 f   LIBCMTD:floor_pentium4.obj
 0001:00052ba0       __alloca_probe             30053ba0     LIBCMTD:chkstk.obj
 0001:00052ba0       __chkstk                   30053ba0 f   LIBCMTD:chkstk.obj
 0001:00052bd0       __ftol2_sse                30053bd0 f   LIBCMTD:ftol2.obj
 0001:00052bd9       __ftol2_pentium4           30053bd9 f   LIBCMTD:ftol2.obj
 0001:00052bec       __ftol2_sse_excpt          30053bec f   LIBCMTD:ftol2.obj
 0001:00052c06       __ftol2                    30053c06 f   LIBCMTD:ftol2.obj
 0001:00052c80       _acos                      30053c80 f   LIBCMTD:acos.obj
 0001:00052cc0       __CIacos                   30053cc0 f   LIBCMTD:acos.obj
 0001:00052cfb       __CIacos_default           30053cfb f   LIBCMTD:acos.obj
 0001:00052d0f       __acos_default             30053d0f     LIBCMTD:acos.obj
 0001:00052dd0       _strchr                    30053dd0 f   LIBCMTD:strchr.obj
 0001:00052e3e       ___from_strstr_to_strchr   30053e3e     LIBCMTD:strchr.obj
 0001:00052f00       _strncpy                   30053f00 f   LIBCMTD:strncpy.obj
 0001:00053030       _strstr                    30054030 f   LIBCMTD:strstr.obj
 0001:000532a0       _atan2                     300542a0 f   LIBCMTD:87ctriga.obj
 0001:000532aa       __CIatan2                  300542aa f   LIBCMTD:87ctriga.obj
 0001:000532c0       _tan                       300542c0 f   LIBCMTD:tan.obj
 0001:00053300       __CItan                    30054300 f   LIBCMTD:tan.obj
 0001:0005333b       __CItan_default            3005433b f   LIBCMTD:tan.obj
 0001:0005334f       __tan_default              3005434f     LIBCMTD:tan.obj
 0001:000533f0       __invoke_watson_if_error   300543f0 f i LIBCMTD:wassert.obj
 0001:00053420       __wassert                  30054420 f   LIBCMTD:wassert.obj
 0001:00054060       __toupper                  30055060 f   LIBCMTD:toupper.obj
 0001:00054070       __toupper_l                30055070 f   LIBCMTD:toupper.obj
 0001:000542b0       _toupper                   300552b0 f   LIBCMTD:toupper.obj
 0001:00054300       __tolower                  30055300 f   LIBCMTD:tolower.obj
 0001:00054310       __tolower_l                30055310 f   LIBCMTD:tolower.obj
 0001:00054550       _tolower                   30055550 f   LIBCMTD:tolower.obj
 0001:000545a0       _memmove                   300555a0 f   LIBCMTD:memmove.obj
 0001:00054bf0       __CRT_INIT@12              30055bf0 f   LIBCMTD:dllcrt0.obj
 0001:00054e20       __DllMainCRTStartup@12     30055e20 f   LIBCMTD:dllcrt0.obj
 0001:00055010       ___DllXcptFilter           30056010 f   LIBCMTD:dllcrt0.obj
 0001:00055040       __sse2_mathfcns_init       30056040 f   LIBCMTD:mathfcns.obj
 0001:00055060       __set_SSE2_enable          30056060 f   LIBCMTD:mathfcns.obj
 0001:000550b0       __CIcos_pentium4           300560b0 f   LIBCMTD:cos_pentium4.obj
 0001:000550c8       __cos_pentium4             300560c8     LIBCMTD:cos_pentium4.obj
 0001:00055260       __trandisp1                30056260 f   LIBCMTD:87disp.obj
 0001:000552c7       __trandisp2                300562c7 f   LIBCMTD:87disp.obj
 0001:00055353       __rttospopde               30056353     LIBCMTD:87disp.obj
 0001:00055358       __rttospop                 30056358     LIBCMTD:87disp.obj
 0001:0005535a       __rtnospop                 3005635a     LIBCMTD:87disp.obj
 0001:0005535c       __rttosnpop                3005635c     LIBCMTD:87disp.obj
 0001:0005535d       __rtnospopde               3005635d     LIBCMTD:87disp.obj
 0001:00055364       __rtzeropop                30056364     LIBCMTD:87disp.obj
 0001:00055366       __rtzeronpop               30056366     LIBCMTD:87disp.obj
 0001:0005536b       __rtonepop                 3005636b     LIBCMTD:87disp.obj
 0001:0005536d       __rtonenpop                3005636d     LIBCMTD:87disp.obj
 0001:00055372       __tosnan1                  30056372     LIBCMTD:87disp.obj
 0001:0005539d       __nosnan2                  3005639d     LIBCMTD:87disp.obj
 0001:0005539f       __tosnan2                  3005639f     LIBCMTD:87disp.obj
 0001:000553c7       __nan2                     300563c7     LIBCMTD:87disp.obj
 0001:00055406       __rtindfpop                30056406     LIBCMTD:87disp.obj
 0001:00055408       __rtindfnpop               30056408     LIBCMTD:87disp.obj
 0001:00055419       __rttosnpopde              30056419     LIBCMTD:87disp.obj
 0001:00055423       __rtchsifneg               30056423     LIBCMTD:87disp.obj
 0001:00055430       __twoToTOS                 30056430 f   LIBCMTD:common.obj
 0001:00055445       __load_CW                  30056445 f   LIBCMTD:common.obj
 0001:0005545c       __convertTOStoQNaN         3005645c f   LIBCMTD:common.obj
 0001:00055475       __fload_withFB             30056475 f   LIBCMTD:common.obj
 0001:000554b8       __checkTOS_withFB          300564b8 f   LIBCMTD:common.obj
 0001:000554ce       __fast_exit                300564ce f   LIBCMTD:common.obj
 0001:000554db       __math_exit                300564db f   LIBCMTD:common.obj
 0001:00055505       __check_overflow_exit      30056505 f   LIBCMTD:common.obj
 0001:00055519       __check_range_exit         30056519 f   LIBCMTD:common.obj
 0001:000555c0       __startTwoArgErrorHandling 300565c0 f   LIBCMTD:genexcep.obj
 0001:000555d7       __startOneArgErrorHandling 300565d7 f   LIBCMTD:genexcep.obj
 0001:00055620       __errcode                  30056620 f   LIBCMTD:fpexcept.obj
 0001:00055690       __except1                  30056690 f   LIBCMTD:fpexcept.obj
 0001:00055790       __except2                  30056790 f   LIBCMTD:fpexcept.obj
 0001:000558e0       __handle_exc               300568e0 f   LIBCMTD:fpexcept.obj
 0001:00055c00       __handle_qnan1             30056c00 f   LIBCMTD:fpexcept.obj
 0001:00055c60       __handle_qnan2             30056c60 f   LIBCMTD:fpexcept.obj
 0001:00055cd0       __raise_exc                30056cd0 f   LIBCMTD:fpexcept.obj
 0001:00055d00       __raise_exc_ex             30056d00 f   LIBCMTD:fpexcept.obj
 0001:00056270       __raise_excf               30057270 f   LIBCMTD:fpexcept.obj
 0001:000562a0       __set_errno_from_matherr   300572a0 f   LIBCMTD:fpexcept.obj
 0001:000562e0       __umatherr                 300572e0 f   LIBCMTD:fpexcept.obj
 0001:00056380       __add_exp                  30057380 f   LIBCMTD:util.obj
 0001:000563b0       __decomp                   300573b0 f   LIBCMTD:util.obj
 0001:000564d0       __get_exp                  300574d0 f   LIBCMTD:util.obj
 0001:00056500       __set_bexp                 30057500 f   LIBCMTD:util.obj
 0001:00056530       __set_exp                  30057530 f   LIBCMTD:util.obj
 0001:00056570       __sptype                   30057570 f   LIBCMTD:util.obj
 0001:000565f0       ___clrfp_sse2              300575f0 f   LIBCMTD:fpctrl.obj
 0001:00056630       ___ctrlfp_sse2             30057630 f   LIBCMTD:fpctrl.obj
 0001:00056690       ___fclrf_sse2              30057690 f   LIBCMTD:fpctrl.obj
 0001:000566b0       ___get_fpsr_sse2           300576b0 f   LIBCMTD:fpctrl.obj
 0001:000566e0       ___set_fpsr_sse2           300576e0 f   LIBCMTD:fpctrl.obj
 0001:000567c0       ___set_statfp_sse2         300577c0 f   LIBCMTD:fpctrl.obj
 0001:000567f0       ___statfp_sse2             300577f0 f   LIBCMTD:fpctrl.obj
 0001:00056820       __clrfp                    30057820 f   LIBCMTD:fpctrl.obj
 0001:00056840       __ctrlfp                   30057840 f   LIBCMTD:fpctrl.obj
 0001:00056870       __set_statfp               30057870 f   LIBCMTD:fpctrl.obj
 0001:000568e0       __statfp                   300578e0 f   LIBCMTD:fpctrl.obj
 0001:000568f0       __CIsin_pentium4           300578f0 f   LIBCMTD:sin_pentium4.obj
 0001:00056908       __sin_pentium4             30057908     LIBCMTD:sin_pentium4.obj
 0001:00056ac0       ?_invalid_parameter@@YAXPBG00II@Z 30057ac0 f   LIBCMTD:invarg.obj
 0001:00056af0       ?_invoke_watson@@YAXPBG00II@Z 30057af0 f   LIBCMTD:invarg.obj
 0001:00056b10       __call_reportfault         30057b10 f   LIBCMTD:invarg.obj
 0001:00056c70       __get_invalid_parameter_handler 30057c70 f   LIBCMTD:invarg.obj
 0001:00056ca0       __initp_misc_invarg        30057ca0 f   LIBCMTD:invarg.obj
 0001:00056cb0       __invalid_parameter        30057cb0 f   LIBCMTD:invarg.obj
 0001:00056d10       __invoke_watson            30057d10 f   LIBCMTD:invarg.obj
 0001:00056d50       __set_invalid_parameter_handler 30057d50 f   LIBCMTD:invarg.obj
 0001:00056d90       ___doserrno                30057d90 f   LIBCMTD:dosmap.obj
 0001:00056dc0       __dosmaperr                30057dc0 f   LIBCMTD:dosmap.obj
 0001:00056df0       __errno                    30057df0 f   LIBCMTD:dosmap.obj
 0001:00056e20       __get_doserrno             30057e20 f   LIBCMTD:dosmap.obj
 0001:00056eb0       __get_errno                30057eb0 f   LIBCMTD:dosmap.obj
 0001:00056f40       __get_errno_from_oserr     30057f40 f   LIBCMTD:dosmap.obj
 0001:00056fc0       __set_doserrno             30057fc0 f   LIBCMTD:dosmap.obj
 0001:00056ff0       __set_errno                30057ff0 f   LIBCMTD:dosmap.obj
 0001:00057020       __fltin2                   30058020 f   LIBCMTD:cfin.obj
 0001:00057100       ___STRINGTOLD_L            30058100 f   LIBCMTD:strgtold.obj
 0001:00057170       ___addl                    30058170 f i LIBCMTD:strgtold.obj
 0001:000571b0       ___ld12mul                 300581b0 f i LIBCMTD:strgtold.obj
 0001:000575c0       ___multtenpow12            300585c0 f i LIBCMTD:strgtold.obj
 0001:000576a0       ___shl_12                  300586a0 f i LIBCMTD:strgtold.obj
 0001:00057720       ___shr_12                  30058720 f i LIBCMTD:strgtold.obj
 0001:000577a0       ___strgtold12_l            300587a0 f   LIBCMTD:strgtold.obj
 0001:00058270       ___addlocaleref            30059270 f   LIBCMTD:localref.obj
 0001:00058390       ___freetlocinfo            30059390 f   LIBCMTD:localref.obj
 0001:00058680       ___removelocaleref         30059680 f   LIBCMTD:localref.obj
 0001:000587a0       ___updatetlocinfo          300597a0 f   LIBCMTD:localref.obj
 0001:00058870       __updatetlocinfoEx_nolock  30059870 f   LIBCMTD:localref.obj
 0001:000588f0       ___initmbctable            300598f0 f   LIBCMTD:mbctype.obj
 0001:00058f10       ___updatetmbcinfo          30059f10 f   LIBCMTD:mbctype.obj
 0001:00059020       __getmbcp                  3005a020 f   LIBCMTD:mbctype.obj
 0001:00059090       __setmbcp                  3005a090 f   LIBCMTD:mbctype.obj
 0001:00059330       __setmbcp_nolock           3005a330 f   LIBCMTD:mbctype.obj
 0001:000596b0       __chvalidator              3005a6b0 f   LIBCMTD:isctype.obj
 0001:00059700       __chvalidator_l            3005a700 f   LIBCMTD:isctype.obj
 0001:000597c0       __isctype                  3005a7c0 f   LIBCMTD:isctype.obj
 0001:00059800       __isctype_l                3005a800 f   LIBCMTD:isctype.obj
 0001:00059950       ___get_flsindex            3005a950 f   LIBCMTD:tidtable.obj
 0001:00059960       ___threadhandle            3005a960 f   LIBCMTD:tidtable.obj
 0001:00059970       ___threadid                3005a970 f   LIBCMTD:tidtable.obj
 0001:00059980       __freefls@4                3005a980 f   LIBCMTD:tidtable.obj
 0001:00059b80       __freeptd                  3005ab80 f   LIBCMTD:tidtable.obj
 0001:00059bc0       __getptd                   3005abc0 f   LIBCMTD:tidtable.obj
 0001:00059bf0       __getptd_noexit            3005abf0 f   LIBCMTD:tidtable.obj
 0001:00059ca0       __initptd                  3005aca0 f   LIBCMTD:tidtable.obj
 0001:00059de0       __mtinit                   3005ade0 f   LIBCMTD:tidtable.obj
 0001:00059e90       __mtterm                   3005ae90 f   LIBCMTD:tidtable.obj
 0001:00059ec0       ?_CrtDbgReportW@@YAHHPBGH00ZZ 3005aec0 f   LIBCMTD:dbgrptw.obj
 0001:00059f10       __CrtDbgReportW            3005af10 f   LIBCMTD:dbgrptw.obj
 0001:00059f60       __CrtDbgReportWV           3005af60 f i LIBCMTD:dbgrptw.obj
 0001:00059f90       __CrtSetReportHookW2       3005af90 f   LIBCMTD:dbgrptw.obj
 0001:0005a2e0       ___crtMessageWindowW       3005b2e0 f   LIBCMTD:dbgrptw.obj
 0001:0005a790       __invoke_watson_if_oneof   3005b790 f i LIBCMTD:dbgrptw.obj
 0001:0005a7d0       ?strrchr@@YAPADPADH@Z      3005b7d0 f i LIBCMTD:cvt.obj
 0001:0005a7f0       __cfltcvt                  3005b7f0 f   LIBCMTD:cvt.obj
 0001:0005a820       __cfltcvt_l                3005b820 f   LIBCMTD:cvt.obj
 0001:0005a8e0       __cftoa                    3005b8e0 f   LIBCMTD:cvt.obj
 0001:0005a910       __cftoa_l                  3005b910 f   LIBCMTD:cvt.obj
 0001:0005b180       __cftoe                    3005c180 f   LIBCMTD:cvt.obj
 0001:0005b5c0       __cftoe_l                  3005c5c0 f   LIBCMTD:cvt.obj
 0001:0005b7f0       __cftof                    3005c7f0 f   LIBCMTD:cvt.obj
 0001:0005baa0       __cftof_l                  3005caa0 f   LIBCMTD:cvt.obj
 0001:0005bca0       __cftog                    3005cca0 f   LIBCMTD:cvt.obj
 0001:0005bcd0       __cftog_l                  3005ccd0 f   LIBCMTD:cvt.obj
 0001:0005bf60       __cropzeros                3005cf60 f   LIBCMTD:cvt.obj
 0001:0005bf80       __cropzeros_l              3005cf80 f   LIBCMTD:cvt.obj
 0001:0005c0a0       __fassign                  3005d0a0 f   LIBCMTD:cvt.obj
 0001:0005c0c0       __fassign_l                3005d0c0 f   LIBCMTD:cvt.obj
 0001:0005c110       __forcdecpt                3005d110 f   LIBCMTD:cvt.obj
 0001:0005c130       __forcdecpt_l              3005d130 f   LIBCMTD:cvt.obj
 0001:0005c200       __positive                 3005d200 f   LIBCMTD:cvt.obj
 0001:0005c260       __setdefaultprecision      3005d260 f   LIBCMTD:fp8.obj
 0001:0005c2a0       __initp_misc_cfltcvt_tab   3005d2a0 f   LIBCMTD:cmiscdat.obj
 0001:0005c2e0       __VEC_memset               3005d2e0 f   LIBCMTD:p4_memset.obj
 0001:0005c3b0       ___isa_available_init      3005d3b0 f   LIBCMTD:cpu_disp.obj
 0001:0005cae0       __strtoi64                 3005dae0 f   LIBCMTD:strtoq.obj
 0001:0005cb30       __strtoi64_l               3005db30 f   LIBCMTD:strtoq.obj
 0001:0005cb50       __strtoui64                3005db50 f   LIBCMTD:strtoq.obj
 0001:0005cba0       __strtoui64_l              3005dba0 f   LIBCMTD:strtoq.obj
 0001:0005d0c0       __strtol_l                 3005e0c0 f   LIBCMTD:strtol.obj
 0001:0005d0e0       __strtoul_l                3005e0e0 f   LIBCMTD:strtol.obj
 0001:0005d100       _strtol                    3005e100 f   LIBCMTD:strtol.obj
 0001:0005d150       _strtoul                   3005e150 f   LIBCMTD:strtol.obj
 0001:0005d1a0       __CrtDefaultAllocHook      3005e1a0 f   LIBCMTD:dbghook.obj
 0001:0005d1b0       __crt_debugger_hook        3005e1b0 f   LIBCMTD:dbghook.obj
 0001:0005d210       ___crtCloseThreadpoolTimer 3005e210 f   LIBCMTD:winapisupp.obj
 0001:0005d240       ___crtCloseThreadpoolWait  3005e240 f   LIBCMTD:winapisupp.obj
 0001:0005d270       ___crtCreateSemaphoreExW@24 3005e270 f   LIBCMTD:winapisupp.obj
 0001:0005d2d0       ___crtCreateSymbolicLinkW  3005e2d0 f   LIBCMTD:winapisupp.obj
 0001:0005d310       ___crtCreateThreadpoolTimer 3005e310 f   LIBCMTD:winapisupp.obj
 0001:0005d350       ___crtCreateThreadpoolWait 3005e350 f   LIBCMTD:winapisupp.obj
 0001:0005d390       ___crtFlsAlloc             3005e390 f   LIBCMTD:winapisupp.obj
 0001:0005d3c0       ___crtFlsFree              3005e3c0 f   LIBCMTD:winapisupp.obj
 0001:0005d400       ___crtFlsGetValue          3005e400 f   LIBCMTD:winapisupp.obj
 0001:0005d440       ___crtFlsSetValue          3005e440 f   LIBCMTD:winapisupp.obj
 0001:0005d480       ___crtFlushProcessWriteBuffers 3005e480 f   LIBCMTD:winapisupp.obj
 0001:0005d4b0       ___crtFreeLibraryWhenCallbackReturns 3005e4b0 f   LIBCMTD:winapisupp.obj
 0001:0005d4e0       ___crtGetCurrentProcessorNumber 3005e4e0 f   LIBCMTD:winapisupp.obj
 0001:0005d510       ___crtGetLogicalProcessorInformation 3005e510 f   LIBCMTD:winapisupp.obj
 0001:0005d550       ___crtGetShowWindowMode    3005e550 f   LIBCMTD:winapisupp.obj
 0001:0005d580       ___crtInitializeCriticalSectionEx 3005e580 f   LIBCMTD:winapisupp.obj
 0001:0005d5d0       ___crtIsPackagedApp        3005e5d0 f   LIBCMTD:winapisupp.obj
 0001:0005d610       ___crtLoadWinApiPointers   3005e610 f   LIBCMTD:winapisupp.obj
 0001:0005da20       ___crtSetThreadStackGuarantee 3005ea20 f   LIBCMTD:winapisupp.obj
 0001:0005da50       ___crtSetThreadpoolTimer   3005ea50 f   LIBCMTD:winapisupp.obj
 0001:0005da90       ___crtSetThreadpoolWait    3005ea90 f   LIBCMTD:winapisupp.obj
 0001:0005dac0       ___crtSetUnhandledExceptionFilter 3005eac0 f   LIBCMTD:winapisupp.obj
 0001:0005dad0       ___crtTerminateProcess     3005ead0 f   LIBCMTD:winapisupp.obj
 0001:0005daf0       ___crtUnhandledException   3005eaf0 f   LIBCMTD:winapisupp.obj
 0001:0005db10       ___crtWaitForThreadpoolTimerCallbacks 3005eb10 f   LIBCMTD:winapisupp.obj
 0001:0005db40       __flsbuf                   3005eb40 f   LIBCMTD:_flsbuf.obj
 0001:0005de10       __output_l                 3005ee10 f   LIBCMTD:output.obj
 0001:0005f4b0       _get_int64_arg             300604b0 f i LIBCMTD:output.obj
 0001:0005f4d0       _get_int_arg               300604d0 f i LIBCMTD:output.obj
 0001:0005f4f0       _get_short_arg             300604f0 f i LIBCMTD:output.obj
 0001:0005f6b0       __output_p_l               300606b0 f   LIBCMTD:outputp.obj
 0001:000634a0       __validate_param_reuseA    300644a0 f   LIBCMTD:outputp.obj
 0001:00063790       _get_crtdouble_arg         30064790 f i LIBCMTD:outputp.obj
 0001:00063950       ___libm_error_support      30064950 f   LIBCMTD:libm_error.obj
 0001:00064520       ___libm_setusermatherr     30065520 f   LIBCMTD:libm_error.obj
 0001:00064550       __floor_default            30065550 f   LIBCMTD:floor.obj
 0001:00064690       __CIacos_pentium4          30065690 f   LIBCMTD:acos_pentium4.obj
 0001:000646a8       __acos_pentium4            300656a8     LIBCMTD:acos_pentium4.obj
 0001:00064c0c       __fFATN2                   30065c0c     LIBCMTD:87triga.obj
 0001:00064c5c       __rtpiby2                  30065c5c     LIBCMTD:87triga.obj
 0001:00064ca0       __cintrindisp2             30065ca0 f   LIBCMTD:87cdisp.obj
 0001:00064cde       __cintrindisp1             30065cde f   LIBCMTD:87cdisp.obj
 0001:00064d1b       __ctrandisp2               30065d1b f   LIBCMTD:87cdisp.obj
 0001:00064eaa       __ctrandisp1               30065eaa f   LIBCMTD:87cdisp.obj
 0001:00064edd       __fload                    30065edd f   LIBCMTD:87cdisp.obj
 0001:00064f20       __CItan_pentium4           30065f20 f   LIBCMTD:tan_pentium4.obj
 0001:00064f38       __tan_pentium4             30065f38     LIBCMTD:tan_pentium4.obj
 0001:00065180       _memcpy_s                  30066180 f   LIBCMTD:memcpy_s.obj
 0001:00065350       _wcscat_s                  30066350 f   LIBCMTD:wcscat_s.obj
 0001:00065760       _wcscpy_s                  30066760 f   LIBCMTD:wcscpy_s.obj
 0001:00065a70       _wcslen                    30066a70 f   LIBCMTD:wcslen.obj
 0001:00065ab0       _wcsncat_s                 30066ab0 f   LIBCMTD:wcsncat_s.obj
 0001:00065fa0       ___copy_path_to_wide_string 30066fa0 f   LIBCMTD:crt0dat.obj
 0001:00066190       ___crtCorExitProcess       30067190 f   LIBCMTD:crt0dat.obj
 0001:000661d0       ___crtExitProcess          300671d0 f   LIBCMTD:crt0dat.obj
 0001:000661f0       ___freeCrtMemory           300671f0 f   LIBCMTD:crt0dat.obj
 0001:000663c0       __amsg_exit                300673c0 f   LIBCMTD:crt0dat.obj
 0001:000663e0       __c_exit                   300673e0 f   LIBCMTD:crt0dat.obj
 0001:00066400       __cexit                    30067400 f   LIBCMTD:crt0dat.obj
 0001:00066420       __cinit                    30067420 f   LIBCMTD:crt0dat.obj
 0001:000664c0       __exit                     300674c0 f   LIBCMTD:crt0dat.obj
 0001:000664e0       __get_pgmptr               300674e0 f   LIBCMTD:crt0dat.obj
 0001:00066600       __get_wpgmptr              30067600 f   LIBCMTD:crt0dat.obj
 0001:00066720       __init_pointers            30067720 f   LIBCMTD:crt0dat.obj
 0001:000667b0       __initterm_e               300677b0 f   LIBCMTD:crt0dat.obj
 0001:000667f0       __lockexit                 300677f0 f   LIBCMTD:crt0dat.obj
 0001:00066800       __unlockexit               30067800 f   LIBCMTD:crt0dat.obj
 0001:00066a10       _exit                      30067a10 f   LIBCMTD:crt0dat.obj
 0001:00066a30       __set_abort_behavior       30067a30 f   LIBCMTD:abort.obj
 0001:00066a60       _abort                     30067a60 f   LIBCMTD:abort.obj
 0001:00066ad0       ___set_app_type            30067ad0 f   LIBCMTD:errmode.obj
 0001:00066ae0       __set_error_mode           30067ae0 f   LIBCMTD:errmode.obj
 0001:00066fe0       __i64tow_s                 30067fe0 f   LIBCMTD:xtows.obj
 0001:00067030       __itow_s                   30068030 f   LIBCMTD:xtows.obj
 0001:00067090       __ltow_s                   30068090 f   LIBCMTD:xtows.obj
 0001:000670d0       __ui64tow_s                300680d0 f   LIBCMTD:xtows.obj
 0001:000670f0       __ultow_s                  300680f0 f   LIBCMTD:xtows.obj
 0001:00067510       ___initstdio               30068510 f   LIBCMTD:_file.obj
 0001:000675e0       ___endstdio                300685e0 f   LIBCMTD:_file.obj
 0001:00067620       ___iob_func                30068620 f   LIBCMTD:_file.obj
 0001:00067630       __lock_file                30068630 f   LIBCMTD:_file.obj
 0001:00067690       __lock_file2               30068690 f   LIBCMTD:_file.obj
 0001:000676d0       __unlock_file              300686d0 f   LIBCMTD:_file.obj
 0001:00067730       __unlock_file2             30068730 f   LIBCMTD:_file.obj
 0001:00067770       __fflush_nolock            30068770 f   LIBCMTD:fflush.obj
 0001:000677e0       __flush                    300687e0 f   LIBCMTD:fflush.obj
 0001:000678a0       __flushall                 300688a0 f   LIBCMTD:fflush.obj
 0001:000678b0       _fflush                    300688b0 f   LIBCMTD:fflush.obj
 0001:00067af0       _setvbuf                   30068af0 f   LIBCMTD:setvbuf.obj
 0001:00067df0       __fwprintf_l               30068df0 f   LIBCMTD:fwprintf.obj
 0001:00067e20       __fwprintf_p               30068e20 f   LIBCMTD:fwprintf.obj
 0001:00067e50       __fwprintf_p_l             30068e50 f   LIBCMTD:fwprintf.obj
 0001:00067e80       __fwprintf_s_l             30068e80 f   LIBCMTD:fwprintf.obj
 0001:00067eb0       _fwprintf                  30068eb0 f   LIBCMTD:fwprintf.obj
 0001:00068060       _fwprintf_s                30069060 f   LIBCMTD:fwprintf.obj
 0001:00068090       __vsnwprintf_s             30069090 f   LIBCMTD:vswprnc.obj
 0001:000680c0       __vsnwprintf_s_l           300690c0 f   LIBCMTD:vswprnc.obj
 0001:000684a0       __vswprintf_c              300694a0 f   LIBCMTD:vswprnc.obj
 0001:000684f0       __vswprintf_c_l            300694f0 f   LIBCMTD:vswprnc.obj
 0001:00068540       __vswprintf_helper         30069540 f   LIBCMTD:vswprnc.obj
 0001:000687b0       __vswprintf_p              300697b0 f   LIBCMTD:vswprnc.obj
 0001:00068800       __vswprintf_p_l            30069800 f   LIBCMTD:vswprnc.obj
 0001:00068850       __vswprintf_s_l            30069850 f   LIBCMTD:vswprnc.obj
 0001:00068ae0       _vswprintf_s               30069ae0 f   LIBCMTD:vswprnc.obj
 0001:00068b00       ___fpecode                 30069b00 f   LIBCMTD:winsig.obj
 0001:00068b10       ___get_sigabrt             30069b10 f   LIBCMTD:winsig.obj
 0001:00068b30       ___pxcptinfoptrs           30069b30 f   LIBCMTD:winsig.obj
 0001:00068b40       __initp_misc_winsig        30069b40 f   LIBCMTD:winsig.obj
 0001:00068c60       _raise                     30069c60 f   LIBCMTD:winsig.obj
 0001:00068fd0       _signal                    30069fd0 f   LIBCMTD:winsig.obj
 0001:00069380       ___crtMessageBoxW          3006a380 f   LIBCMTD:crtmboxw.obj
 0001:00069690       ___crtMessageBoxWaitThreadW@4 3006a690 f   LIBCMTD:crtmboxw.obj
 0001:000696d0       __FF_MSGBANNER             3006a6d0 f   LIBCMTD:crt0msg.obj
 0001:00069720       __GET_RTERRMSG             3006a720 f   LIBCMTD:crt0msg.obj
 0001:00069760       __NMSG_WRITE               3006a760 f   LIBCMTD:crt0msg.obj
 0001:00069b20       ___iswcsym                 3006ab20 f i LIBCMTD:_wctype.obj
 0001:00069b60       ___iswcsymf                3006ab60 f i LIBCMTD:_wctype.obj
 0001:00069ba0       __isleadbyte_l             3006aba0 f i LIBCMTD:_wctype.obj
 0001:00069bf0       __iswalnum_l               3006abf0 f i LIBCMTD:_wctype.obj
 0001:00069c10       __iswalpha_l               3006ac10 f i LIBCMTD:_wctype.obj
 0001:00069c30       __iswcntrl_l               3006ac30 f i LIBCMTD:_wctype.obj
 0001:00069c50       __iswcsym_l                3006ac50 f i LIBCMTD:_wctype.obj
 0001:00069c90       __iswcsymf_l               3006ac90 f i LIBCMTD:_wctype.obj
 0001:00069cd0       __iswdigit_l               3006acd0 f i LIBCMTD:_wctype.obj
 0001:00069cf0       __iswgraph_l               3006acf0 f i LIBCMTD:_wctype.obj
 0001:00069d10       __iswlower_l               3006ad10 f i LIBCMTD:_wctype.obj
 0001:00069d30       __iswprint_l               3006ad30 f i LIBCMTD:_wctype.obj
 0001:00069d50       __iswpunct_l               3006ad50 f i LIBCMTD:_wctype.obj
 0001:00069d70       __iswspace_l               3006ad70 f i LIBCMTD:_wctype.obj
 0001:00069d90       __iswupper_l               3006ad90 f i LIBCMTD:_wctype.obj
 0001:00069db0       __iswxdigit_l              3006adb0 f i LIBCMTD:_wctype.obj
 0001:00069dd0       _isleadbyte                3006add0 f i LIBCMTD:_wctype.obj
 0001:00069df0       _iswalnum                  3006adf0 f i LIBCMTD:_wctype.obj
 0001:00069e10       _iswalpha                  3006ae10 f i LIBCMTD:_wctype.obj
 0001:00069e30       _iswascii                  3006ae30 f i LIBCMTD:_wctype.obj
 0001:00069e60       _iswcntrl                  3006ae60 f i LIBCMTD:_wctype.obj
 0001:00069e80       _iswdigit                  3006ae80 f i LIBCMTD:_wctype.obj
 0001:00069ea0       _iswgraph                  3006aea0 f i LIBCMTD:_wctype.obj
 0001:00069ec0       _iswlower                  3006aec0 f i LIBCMTD:_wctype.obj
 0001:00069ee0       _iswprint                  3006aee0 f i LIBCMTD:_wctype.obj
 0001:00069f00       _iswpunct                  3006af00 f i LIBCMTD:_wctype.obj
 0001:00069f20       _iswspace                  3006af20 f i LIBCMTD:_wctype.obj
 0001:00069f40       _iswupper                  3006af40 f i LIBCMTD:_wctype.obj
[...]
 0002:00019de0       __sehtable$___updatetlocinfo 300b8de0     LIBCMTD:localref.obj
 0002:00019e00       __sehtable$___updatetmbcinfo 300b8e00     LIBCMTD:mbctype.obj
 0002:00019e20       __sehtable$__setmbcp       300b8e20     LIBCMTD:mbctype.obj
 0002:00019e3c       __unwindtable$?getSystemCP@@YAHH@Z 300b8e3c     LIBCMTD:mbctype.obj
 0002:00019e44       __ehfuncinfo$?getSystemCP@@YAHH@Z 300b8e44     LIBCMTD:mbctype.obj
 0002:00019e68       __sehtable$__freefls@4     300b8e68     LIBCMTD:tidtable.obj
 0002:00019e90       __sehtable$__initptd       300b8e90     LIBCMTD:tidtable.obj
 0002:00019eb8       __sehtable$__CrtSetReportHookW2 300b8eb8     LIBCMTD:dbgrptw.obj
 0002:00019ed4       __unwindtable$?strtoxq@@YA_KPAUlocaleinfo_struct@@PBDPAPBDHH@Z 300b8ed4     LIBCMTD:strtoq.obj
 0002:00019edc       __ehfuncinfo$?strtoxq@@YA_KPAUlocaleinfo_struct@@PBDPAPBDHH@Z 300b8edc     LIBCMTD:strtoq.obj
 0002:00019f00       __unwindtable$?strtoxl@@YAKPAUlocaleinfo_struct@@PBDPAPBDHH@Z 300b8f00     LIBCMTD:strtol.obj
 0002:00019f08       __ehfuncinfo$?strtoxl@@YAKPAUlocaleinfo_struct@@PBDPAPBDHH@Z 300b8f08     LIBCMTD:strtol.obj
 0002:00019f30       __sehtable$_doexit         300b8f30     LIBCMTD:crt0dat.obj
 0002:00019f50       __sehtable$_fflush         300b8f50     LIBCMTD:fflush.obj
 0002:00019f70       __sehtable$_flsall         300b8f70     LIBCMTD:fflush.obj
 0002:00019f98       __sehtable$_setvbuf        300b8f98     LIBCMTD:setvbuf.obj
 0002:00019fb8       __sehtable$_fwprintf       300b8fb8     LIBCMTD:fwprintf.obj
 0002:00019fd8       __sehtable$_signal         300b8fd8     LIBCMTD:winsig.obj
 0002:00019ff8       __sehtable$_raise          300b8ff8     LIBCMTD:winsig.obj
 0002:0001a018       __sehtable$_ctrlevent_capture@4 300b9018     LIBCMTD:winsig.obj
 0002:0001a038       __sehtable$__get_current_locale 300b9038     LIBCMTD:wsetloca.obj
 0002:0001a060       __sehtable$__free_locale   300b9060     LIBCMTD:wsetloca.obj
 0002:0001a088       __sehtable$__wsetlocale    300b9088     LIBCMTD:wsetloca.obj
 0002:0001a0c0       __sehtable$__locterm       300b90c0     LIBCMTD:wsetloca.obj
 0002:0001a0e0       __sehtable$__ioinit        300b90e0     LIBCMTD:ioinit.obj
 0002:0001a100       __sehtable$__realloc_dbg   300b9100     LIBCMTD:dbgheap.obj
 0002:0001a120       __sehtable$__expand_dbg    300b9120     LIBCMTD:dbgheap.obj
 0002:0001a140       __sehtable$__free_dbg      300b9140     LIBCMTD:dbgheap.obj
 0002:0001a160       __sehtable$__msize_dbg     300b9160     LIBCMTD:dbgheap.obj
 0002:0001a180       __sehtable$__CrtCheckMemory 300b9180     LIBCMTD:dbgheap.obj
 0002:0001a1a0       __sehtable$__CrtSetDbgFlag 300b91a0     LIBCMTD:dbgheap.obj
 0002:0001a1c0       __sehtable$__CrtDoForAllClientObjects 300b91c0     LIBCMTD:dbgheap.obj
 0002:0001a1e0       __sehtable$__CrtIsMemoryBlock 300b91e0     LIBCMTD:dbgheap.obj
 0002:0001a200       __sehtable$__CrtMemCheckpoint 300b9200     LIBCMTD:dbgheap.obj
 0002:0001a220       __sehtable$__CrtSetDbgBlockType 300b9220     LIBCMTD:dbgheap.obj
 0002:0001a240       __sehtable$__heap_alloc_dbg_impl 300b9240     LIBCMTD:dbgheap.obj
 0002:0001a260       __sehtable$?__crtIsBadReadPtr@@YAHPBXI@Z 300b9260     LIBCMTD:dbgheap.obj
 0002:0001a280       __sehtable$?_CrtMemDumpAllObjectsSince_stat@@YAXPBU_CrtMemState@@PAUlocaleinfo_struct@@@Z 300b9280     LIBCMTD:dbgheap.obj
 0002:0001a2a0       __sehtable$__mtinitlocknum 300b92a0     LIBCMTD:mlock.obj
 0002:0001a2c0       __sehtable$__VCrtDbgReportA 300b92c0     LIBCMTD:dbgrptt.obj
 0002:0001a2e8       __sehtable$__VCrtDbgReportW 300b92e8     LIBCMTD:dbgrptt.obj
 0002:0001a310       __sehtable$__write         300b9310     LIBCMTD:write.obj
 0002:0001a330       __sehtable$__lseeki64      300b9330     LIBCMTD:lseeki64.obj
 0002:0001a350       __sehtable$_printf         300b9350     LIBCMTD:printf.obj
 0002:0001a370       __sehtable$__IsNonwritableInCurrentImage 300b9370     LIBCMTD:pesect.obj
 0002:0001a390       __sehtable$__onexit        300b9390     LIBCMTD:onexit.obj
 0002:0001a3b0       __sehtable$?terminate@@YAXXZ 300b93b0     LIBCMTD:hooks.obj
 0002:0001a3d0       __sehtable$?_inconsistency@@YAXXZ 300b93d0     LIBCMTD:hooks.obj
 0002:0001a3f0       __sehtable$__fcloseall     300b93f0     LIBCMTD:closeall.obj
 0002:0001a410       __sehtable$__commit        300b9410     LIBCMTD:commit.obj
 0002:0001a430       __sehtable$_vfwprintf_helper 300b9430     LIBCMTD:vfwprint.obj
 0002:0001a44c       __unwindtable$?x_ismbbtype_l@@YAHPAUlocaleinfo_struct@@IHH@Z 300b944c     LIBCMTD:ismbbyte.obj
 0002:0001a454       __ehfuncinfo$?x_ismbbtype_l@@YAHPAUlocaleinfo_struct@@IHH@Z 300b9454     LIBCMTD:ismbbyte.obj
 0002:0001a478       __sehtable$__CrtSetReportHook2 300b9478     LIBCMTD:dbgrpt.obj
 0002:0001a498       __sehtable$___FrameUnwindToState 300b9498     LIBCMTD:frame.obj
 0002:0001a4c0       __sehtable$?CallCatchBlock@@YAPAXPAUEHExceptionRecord@@PAUEHRegistrationNode@@PAU_CONTEXT@@PBU_s_FuncInfo@@PAXHK@Z 300b94c0     LIBCMTD:frame.obj
 0002:0001a4e8       __sehtable$___BuildCatchObject 300b94e8     LIBCMTD:frame.obj
 0002:0001a508       __sehtable$___DestructExceptionObject 300b9508     LIBCMTD:frame.obj
 0002:0001a524       __catchsym$?CallUnexpected@@YAXPBU_s_ESTypeList@@@Z$2 300b9524     LIBCMTD:frame.obj
 0002:0001a534       __unwindtable$?CallUnexpected@@YAXPBU_s_ESTypeList@@@Z 300b9534     LIBCMTD:frame.obj
 0002:0001a544       __tryblocktable$?CallUnexpected@@YAXPBU_s_ESTypeList@@@Z 300b9544     LIBCMTD:frame.obj
 0002:0001a558       __ehfuncinfo$?CallUnexpected@@YAXPBU_s_ESTypeList@@@Z 300b9558     LIBCMTD:frame.obj
 0002:0001a580       __sehtable$___BuildCatchObjectHelper 300b9580     LIBCMTD:frame.obj
 0002:0001a5f0       __sehtable$__alloc_osfhnd  300b95f0     LIBCMTD:osfinfo.obj
 0002:0001a618       __sehtable$___lock_fhandle 300b9618     LIBCMTD:osfinfo.obj
 0002:0001a638       __sehtable$__open_osfhandle 300b9638     LIBCMTD:osfinfo.obj
 0002:0001a658       __sehtable$__putwch        300b9658     LIBCMTD:putwch.obj
 0002:0001a678       __sehtable$_vprintf_helper 300b9678     LIBCMTD:vprintf.obj
 0002:0001a698       __sehtable$_fclose         300b9698     LIBCMTD:fclose.obj
 0002:0001a6b8       __sehtable$_fputwc         300b96b8     LIBCMTD:fputwc.obj
 0002:0001a6d8       __sehtable$??3@YAXPAX@Z    300b96d8     LIBCMTD:dbgdel.obj
 0002:0001a6f8       __sehtable$__close         300b96f8     LIBCMTD:close.obj
 0002:0001a714       __unwindtable$?wcstoxq@@YA_KPAUlocaleinfo_struct@@PB_WPAPB_WHH@Z 300b9714     LIBCMTD:wcstoq.obj
 0002:0001a71c       __ehfuncinfo$?wcstoxq@@YA_KPAUlocaleinfo_struct@@PB_WPAPB_WHH@Z 300b971c     LIBCMTD:wcstoq.obj
 0002:0001a740       __sehtable$?_Name_base@type_info@@CAPBDPBV1@PAU__type_info_node@@@Z 300b9740     LIBCMTD:typname.obj
 0002:0001a760       __sehtable$?_Type_info_dtor@type_info@@CAXPAV1@@Z 300b9760     LIBCMTD:typname.obj
 0002:0001a780       __sehtable$?_Name_base_internal@type_info@@CAPBDPBV1@PAU__type_info_node@@@Z 300b9780     LIBCMTD:typname.obj
 0002:0001a7a0       __sehtable$?_Type_info_dtor_internal@type_info@@CAXPAV1@@Z 300b97a0     LIBCMTD:typname.obj
 0002:0001a7c0       __sehtable$___clean_type_info_names_internal 300b97c0     LIBCMTD:typname.obj
 0002:0001a7e0       __sehtable$___unDName      300b97e0     LIBCMTD:undname.obj
 0002:0001a800       __sehtable$___unDNameEx    300b9800     LIBCMTD:undname.obj
 0002:0001a81c       __unwindtable$?make@DNameStatusNode@@SAPAV1@W4DNameStatus@@@Z 300b981c     LIBCMTD:undname.obj
 0002:0001a824       __ehfuncinfo$?make@DNameStatusNode@@SAPAV1@W4DNameStatus@@@Z 300b9824     LIBCMTD:undname.obj
 0002:0001afde       .idata$6                   300b9fde     kernel32:KERNEL32.dll
 0002:0001aff0       .edata                     300b9ff0     cgamex86.exp
 0002:0001b018       rgpv                       300ba018     cgamex86.exp
 0002:0001b020       rgszName                   300ba020     cgamex86.exp
 0002:0001b028       rgwOrd                     300ba028     cgamex86.exp
 0002:0001b02c       szName                     300ba02c     cgamex86.exp
 0002:0001b039       $N00001                    300ba039     cgamex86.exp
 0002:0001b042       $N00002                    300ba042     cgamex86.exp
 0003:000008e8       _commands                  300bb8e8     cg_consolecmds.obj
 0003:000009a0       ?colors@?1??CG_DrawStatusBar@@9@9 300bb9a0     cg_draw.obj
 0003:000009e0       ?colors@?1??CG_DrawPowerups@@9@9 300bb9e0     cg_draw.obj
 0003:00000a08       ?red@?1??CG_TeamColor@@9@9 300bba08     cg_drawtools.obj
 0003:00000a18       ?blue@?1??CG_TeamColor@@9@9 300bba18     cg_drawtools.obj
 0003:00000a28       ?other@?1??CG_TeamColor@@9@9 300bba28     cg_drawtools.obj
 0003:00000a38       ?spectator@?1??CG_TeamColor@@9@9 300bba38     cg_drawtools.obj
 0003:00000a48       _propMap                   300bba48     cg_drawtools.obj
 0003:00001048       _propMapB                  300bc048     cg_drawtools.obj
 0003:00001180       ?seed@?1??CG_SmokePuff@@9@9 300bc180     cg_effects.obj
 0003:0000118c       _cvarTableSize             300bc18c     cg_main.obj
 0003:00001190       _cvarTable                 300bc190     cg_main.obj
 0003:00001720       ?sb_nums@?1??CG_RegisterGraphics@@9@9 300bc720     cg_main.obj
 0003:00001750       _shaderAnimNames           300bc750     cg_marks.obj
 0003:000017d0       _shaderAnimCounts          300bc7d0     cg_marks.obj
 0003:00001850       _shaderAnimSTRatio         300bc850     cg_marks.obj
 0003:00001958       ?movementOffsets@?1??CG_PlayerAngles@@9@9 300bc958     cg_players.obj
 0003:00001978       _syscall                   300bc978     cg_syscalls.obj
 0003:0000197c       ?mins@?1??CG_OffsetThirdPersonView@@9@9 300bc97c     cg_view.obj
 0003:00001988       ?maxs@?1??CG_OffsetThirdPersonView@@9@9 300bc988     cg_view.obj
 0003:00002288       _g_bindings                300bd288     ui_shared.obj
 0003:000028d4       ?staticNULL@?1??String_Alloc@@9@9 300bd8d4     ui_shared.obj
 0003:000028d8       _g_configcvars             300bd8d8     ui_shared.obj
 0003:00002da0       _NAME_                     300bdda0     LIBCMTD:cos.obj
 0003:00002db0       _NAME_                     300bddb0     LIBCMTD:sin.obj
 0003:00002dd0       _NAME_                     300bddd0     LIBCMTD:sqrt.obj
 0003:00002de0       _NAME_                     300bdde0     LIBCMTD:acos.obj
 0003:00002df0       _NAME_                     300bddf0     LIBCMTD:tan.obj
 0003:00002df8       __assertstring             300bddf8     LIBCMTD:wassert.obj
 0003:00002e48       _dotdotdot                 300bde48     LIBCMTD:wassert.obj
 0003:00002e4c       _newline                   300bde4c     LIBCMTD:wassert.obj
 0003:00002e50       _dblnewline                300bde50     LIBCMTD:wassert.obj
 0003:00002e60       ?_names@?1??_get_fname@@9@9 300bde60     LIBCMTD:fpexcept.obj
 0003:00002f70       _over                      300bdf70     LIBCMTD:fpctrl.obj
 0003:00002f7c       _under                     300bdf7c     LIBCMTD:fpctrl.obj
 0003:00002f88       ?__DAZ_ENABLED@?1??__set_fpsr_sse2@@9@9 300bdf88     LIBCMTD:fpctrl.obj
 0003:00002f90       _errtable                  300bdf90     LIBCMTD:dosmap.obj
 0003:000030f8       _ErrnoNoMem                300be0f8     LIBCMTD:dosmap.obj
 0003:000030fc       _DoserrorNoMem             300be0fc     LIBCMTD:dosmap.obj
 0003:00003100       ___rgctypeflag             300be100     LIBCMTD:mbctype.obj
 0003:00003108       ___rgcode_page_info        300be108     LIBCMTD:mbctype.obj
 0003:00003624       _dotdotdot                 300be624     LIBCMTD:dbgrptw.obj
 0003:00003890       ?isPackaged@?1??__crtIsPackagedApp@@9@9 300be890     LIBCMTD:winapisupp.obj
 0003:0000389c       _newcw                     300be89c     LIBCMTD:floor.obj
 0003:00003b28       __ctype_loc_style          300beb28     LIBCMTD:wsetloca.obj
 0003:00003b70       __lRequestCurr             300beb70     LIBCMTD:dbgheap.obj
 0003:00003b74       __bNoMansLandFill          300beb74     LIBCMTD:dbgheap.obj
 0003:00003b75       __bAlignLandFill           300beb75     LIBCMTD:dbgheap.obj
 0003:00003b76       __bDeadLandFill            300beb76     LIBCMTD:dbgheap.obj
 0003:00003b77       __bCleanLandFill           300beb77     LIBCMTD:dbgheap.obj
 0003:00003b88       _DoubleFormat              300beb88     LIBCMTD:intrncvt.obj
 0003:00003ba0       _FloatFormat               300beba0     LIBCMTD:intrncvt.obj
 0003:00003e78       __locktable                300bee78     LIBCMTD:mlock.obj
 0003:00004020       _dotdotdot                 300bf020     LIBCMTD:dbgrpt.obj
 0003:000041a4       ?previousTimes@?1??CG_DrawFPS@@9@9 300bf1a4     cg_draw.obj
 0003:000041b4       ?index@?1??CG_DrawFPS@@9@9 300bf1b4     cg_draw.obj
 0003:000041b8       ?previous@?1??CG_DrawFPS@@9@9 300bf1b8     cg_draw.obj
 0003:000041bc       ?color@?1??CG_FadeColor@@9@9 300bf1bc     cg_drawtools.obj
 0003:000041cc       ?lastPos@?1??CG_ScorePlum@@9@9 300bf1cc     cg_effects.obj
 0003:000041d8       ?str@?1??CG_PlaceString@@9@9 300bf1d8     cg_event.obj
 0003:00004218       _loadingPlayerIconCount    300bf218     cg_info.obj
 0003:0000421c       _loadingItemIconCount      300bf21c     cg_info.obj
 0003:00004220       _loadingPlayerIcons        300bf220     cg_info.obj
 0003:00004260       _loadingItemIcons          300bf260     cg_info.obj
 0003:000042c8       ?buffer@?1??CG_Argv@@9@9   300bf2c8     cg_main.obj
 0003:000046cc       _roll                      300bf6cc     cg_marks.obj
 0003:000046d0       _markTotal                 300bf6d0     cg_marks.obj
 0003:000046d4       _numShaderAnims            300bf6d4     cg_marks.obj
 0003:000046d8       _shaderAnims               300bf6d8     cg_marks.obj
 0003:000066d8       _cg_pmove                  300c16d8     cg_predict.obj
 0003:000067c0       _cg_numSolidEntities       300c17c0     cg_predict.obj
 0003:000067c4       _cg_numTriggerEntities     300c17c4     cg_predict.obj
 0003:000067c8       _cg_solidEntities          300c17c8     cg_predict.obj
 0003:00006bc8       _cg_triggerEntities        300c1bc8     cg_predict.obj
 0003:00006fc8       _localClient               300c1fc8     cg_scoreboard.obj
 0003:00006fd8       ?bops_initialized@?1??BoxOnPlaneSide@@9@9 300c1fd8     q_math.obj
 0003:00006fdc       ?Ljmptab@?1??BoxOnPlaneSide@@9@9 300c1fdc     q_math.obj
 0003:00006ffc       ?sr@?1??AngleVectors@@9@9  300c1ffc     q_math.obj
 0003:00007000       ?sp@?1??AngleVectors@@9@9  300c2000     q_math.obj
 0003:00007004       ?sy@?1??AngleVectors@@9@9  300c2004     q_math.obj
 0003:00007008       ?cr@?1??AngleVectors@@9@9  300c2008     q_math.obj
 0003:0000700c       ?cp@?1??AngleVectors@@9@9  300c200c     q_math.obj
 0003:00007010       ?cy@?1??AngleVectors@@9@9  300c2010     q_math.obj
 0003:00007018       ?index@?1??va@@9@9         300c2018     q_shared.obj
 0003:0000701c       ?valueindex@?1??Info_ValueForKey@@9@9 300c201c     q_shared.obj
 0003:00007020       _com_token                 300c2020     q_shared.obj
 0003:00007420       _com_parsename             300c2420     q_shared.obj
 0003:00007820       _com_lines                 300c2820     q_shared.obj
 0003:00007828       ?string@?1??COM_ParseError@@9@9 300c2828     q_shared.obj
 0003:00008828       ?string@?1??COM_ParseWarning@@9@9 300c3828     q_shared.obj
 0003:00009828       ?string@?1??va@@9@9        300c4828     q_shared.obj
 0003:00019228       ?value@?1??Info_ValueForKey@@9@9 300d4228     q_shared.obj
 0003:0001d228       ?inHandleKey@?9??Menu_HandleKey@@9@9 300d8228     ui_shared.obj
 0003:0001d22c       _captureFunc               300d822c     ui_shared.obj
 0003:0001d230       _captureData               300d8230     ui_shared.obj
 0003:0001d234       _itemCapture               300d8234     ui_shared.obj
 0003:0001d23c       _g_waitingForKey           300d823c     ui_shared.obj
 0003:0001d240       _g_editingField            300d8240     ui_shared.obj
 0003:0001d244       _g_bindItem                300d8244     ui_shared.obj
 0003:0001d248       _g_editItem                300d8248     ui_shared.obj
 0003:0001d254       _debugMode                 300d8254     ui_shared.obj
 0003:0001d258       _lastListBoxClickTime      300d8258     ui_shared.obj
 0003:0001d25c       _strPoolIndex              300d825c     ui_shared.obj
 0003:0001d260       _strHandleCount            300d8260     ui_shared.obj
 0003:0001d264       _scrollInfo                300d8264     ui_shared.obj
 0003:0001d284       _allocPoint                300d8284     ui_shared.obj
 0003:0001d288       _memoryPool                300d8288     ui_shared.obj
 0003:0011d288       _outOfMemory               301d8288     ui_shared.obj
 0003:0011d290       _strPool                   301d8290     ui_shared.obj
 0003:0017d290       _strHandle                 30238290     ui_shared.obj
 0003:0017f290       ?string@?1??PC_SourceWarning@@9@9 3023a290     ui_shared.obj
 0003:00180290       ?string@?1??PC_SourceError@@9@9 3023b290     ui_shared.obj
 0003:00181290       ?rect@?1??Item_CorrectedTextRect@@9@9 3023c290     ui_shared.obj
 0003:001812a8       _GS_ExceptionRecord        3023c2a8     LIBCMTD:gs_report.obj
 0003:001812f8       _GS_ContextRecord          3023c2f8     LIBCMTD:gs_report.obj
 0003:001815c4       _DebuggerWasPresent        3023c5c4     LIBCMTD:gs_report.obj
 0003:001815d0       ___proc_attached           3023c5d0     LIBCMTD:dllcrt0.obj
 0003:001815f0       _fSystemSet                3023c5f0     LIBCMTD:mbctype.obj
 0003:001815fc       __pmatherr_set             3023c5fc     LIBCMTD:libm_error.obj
 0003:00181618       ?fExit@?1??doexit@@9@9     3023c618     LIBCMTD:crt0dat.obj
 0003:00181640       _ctrlc_action              3023c640     LIBCMTD:winsig.obj
 0003:00181644       _ctrlbreak_action          3023c644     LIBCMTD:winsig.obj
 0003:00181648       _abort_action              3023c648     LIBCMTD:winsig.obj
 0003:0018164c       _term_action               3023c64c     LIBCMTD:winsig.obj
 0003:00181650       _ConsoleCtrlHandler_Installed 3023c650     LIBCMTD:winsig.obj
 0003:00181654       ?pfnMessageBox@?1??__crtMessageBoxW@@9@9 3023c654     LIBCMTD:crtmboxw.obj
 0003:00181658       ?pfnGetActiveWindow@?1??__crtMessageBoxW@@9@9 3023c658     LIBCMTD:crtmboxw.obj
 0003:0018165c       ?pfnGetLastActivePopup@?1??__crtMessageBoxW@@9@9 3023c65c     LIBCMTD:crtmboxw.obj
 0003:00181660       ?pfnGetProcessWindowStation@?1??__crtMessageBoxW@@9@9 3023c660     LIBCMTD:crtmboxw.obj
 0003:00181664       ?pfnGetUserObjectInformation@?1??__crtMessageBoxW@@9@9 3023c664     LIBCMTD:crtmboxw.obj
 0003:00181670       ?outmsg@?L@??_NMSG_WRITE@@9@9 3023c670     LIBCMTD:crt0msg.obj
 0003:00181da0       ?_pgmname@?1??_setargv@@9@9 3023cda0     LIBCMTD:stdargv.obj
 0003:00181eac       _check_frequency           3023ceac     LIBCMTD:dbgheap.obj
 0003:00181eb4       _check_counter             3023ceb4     LIBCMTD:dbgheap.obj
 0003:00181eb8       __lTotalAlloc              3023ceb8     LIBCMTD:dbgheap.obj
 0003:00181ebc       __lCurAlloc                3023cebc     LIBCMTD:dbgheap.obj
 0003:00181ec0       __lMaxAlloc                3023cec0     LIBCMTD:dbgheap.obj
 0003:00181ec4       __pFirstBlock              3023cec4     LIBCMTD:dbgheap.obj
 0003:00181ec8       __pLastBlock               3023cec8     LIBCMTD:dbgheap.obj
 0003:00181ed0       _lclcritsects              3023ced0     LIBCMTD:mlock.obj
 0003:00182044       ___enable_percent_n        3023d044     LIBCMTD:printf.obj
 0003:00182054       _g_pfnRtlGenRandom         3023d054     LIBCMTD:rand_s.obj
 0003:00182060       ___crtCallProc             3023d060     LIBCMTD:winapinls.obj
 0003:00182068       ___type_info_root_node     3023d068     LIBCMTD:typname.obj
 0003:00182098       _heap                      3023d098     LIBCMTD:undname.obj
 0003:001820b0       ?buf@?1??dbGetString@DName@@QBEPADXZ@4PADA 3023d0b0     LIBCMTD:undname.obj
 0004:00000060       $R000000                   305cf060     * linker generated manifest res *
