 uix86

 Timestamp is 51f195d6 (Thu Jul 25 16:17:10 2013)

 Preferred load address is 40000000

 Start         Length     Name                   Class
 0001:00000000 0008027eH .text                   CODE
 0001:00080280 00000139H .text$x                 CODE
 0002:00000000 00000158H .idata$5                DATA
 0002:00000158 00000004H .CRT$XCA                DATA
 0002:0000015c 00000004H .CRT$XCZ                DATA
 0002:00000160 00000004H .CRT$XIA                DATA
 0002:00000164 00000014H .CRT$XIC                DATA
 0002:00000178 00000004H .CRT$XIZ                DATA
 0002:0000017c 00000004H .CRT$XPA                DATA
 0002:00000180 00000008H .CRT$XPX                DATA
 0002:00000188 00000004H .CRT$XPXA               DATA
 0002:0000018c 00000004H .CRT$XPZ                DATA
 0002:00000190 00000004H .CRT$XTA                DATA
 0002:00000194 00000004H .CRT$XTZ                DATA
 0002:000001a0 000173b8H .rdata                  DATA
 0002:00017558 0000006cH .rdata$debug            DATA
 0002:000175c4 00000388H .rdata$r                DATA
 0002:00017950 00000030H .rdata$sxdata           DATA
 0002:00017980 00000004H .rtc$IAA                DATA
 0002:00017984 000000a8H .rtc$IMZ                DATA
 0002:00017a2c 00000004H .rtc$IZZ                DATA
 0002:00017a30 00000004H .rtc$TAA                DATA
 0002:00017a34 000000a8H .rtc$TMZ                DATA
 0002:00017adc 00000004H .rtc$TZZ                DATA
 0002:00017ae0 00000b08H .xdata$x                DATA
 0002:000185e8 00000014H .idata$2                DATA
 0002:000185fc 00000014H .idata$3                DATA
 0002:00018610 00000158H .idata$4                DATA
 0002:00018768 00000648H .idata$6                DATA
 0002:00018db0 00000056H .edata                  DATA
 0003:00000000 00003bf7H .data                   DATA
 0003:00003c00 000702bcH .bss                    DATA
 0004:00000000 00000058H .rsrc$01                DATA
 0004:00000060 00000180H .rsrc$02                DATA

  Address         Publics by Value              Rva+Base       Lib:Object

 0000:00000000       __except_list              00000000     <absolute>
 0000:0000000c       ___safe_se_handler_count   0000000c     <absolute>
 0000:00000000       ___ImageBase               40000000     <linker-defined>
 0001:00000000       _BG_AddPredictableEventToPlayerstate 40001000 f   bg_misc.obj
 0001:00000120       _BG_CanItemBeGrabbed       40001120 f   bg_misc.obj
 0001:000003e0       _BG_EvaluateTrajectory     400013e0 f   bg_misc.obj
 0001:000008d0       _BG_EvaluateTrajectoryDelta 400018d0 f   bg_misc.obj
 0001:00000c40       _BG_FindItem               40001c40 f   bg_misc.obj
 0001:00000cb0       _BG_FindItemForHoldable    40001cb0 f   bg_misc.obj
 0001:00000d40       _BG_FindItemForPowerup     40001d40 f   bg_misc.obj
 0001:00000de0       _BG_FindItemForWeapon      40001de0 f   bg_misc.obj
 0001:00000e60       _BG_PlayerStateToEntityState 40001e60 f   bg_misc.obj
 0001:000012e0       _BG_PlayerStateToEntityStateExtraPolate 400022e0 f   bg_misc.obj
 0001:00001770       _BG_PlayerTouchesItem      40002770 f   bg_misc.obj
 0001:00001910       _BG_TouchJumpPad           40002910 f   bg_misc.obj
 0001:00001aa0       _AddPointToBounds          40002aa0 f   q_math.obj
 0001:00001c30       _AngleDelta                40002c30 f   q_math.obj
 0001:00001c80       _AngleMod                  40002c80 f   q_math.obj
 0001:00001ce0       _AngleNormalize180         40002ce0 f   q_math.obj
 0001:00001d50       _AngleNormalize360         40002d50 f   q_math.obj
 0001:00001dc0       _AngleSubtract             40002dc0 f   q_math.obj
 0001:00001e50       _AngleVectors              40002e50 f   q_math.obj
 0001:00002170       _AnglesSubtract            40003170 f   q_math.obj
 0001:00002270       _AnglesToAxis              40003270 f   q_math.obj
 0001:000023c0       _AxisClear                 400033c0 f   q_math.obj
 0001:00002500       _AxisCopy                  40003500 f   q_math.obj
 0001:000026b0       _BoxOnPlaneSide            400036b0 f   q_math.obj
 0001:000028f0       _ByteToDir                 400038f0 f   q_math.obj
 0001:000029e0       _ClampChar                 400039e0 f   q_math.obj
 0001:00002a20       _ClampShort                40003a20 f   q_math.obj
 0001:00002a70       _ClearBounds               40003a70 f   q_math.obj
 0001:00002b30       _ColorBytes3               40003b30 f   q_math.obj
 0001:00002be0       _ColorBytes4               40003be0 f   q_math.obj
 0001:00002dd0       _DirToByte                 40003dd0 f   q_math.obj
 0001:00002ee0       _LerpAngle                 40003ee0 f   q_math.obj
 0001:00002f70       _MakeNormalVectors         40003f70 f   q_math.obj
 0001:00003160       _MatrixMultiply            40004160 f   q_math.obj
 0001:00003790       _NormalizeColor            40004790 f   q_math.obj
 0001:000038f0       _PerpendicularVector       400048f0 f   q_math.obj
 0001:00003a60       _PlaneFromPoints           40004a60 f   q_math.obj
 0001:00003cd0       _ProjectPointOnPlane       40004cd0 f   q_math.obj
 0001:00003f80       _Q_crandom                 40004f80 f   q_math.obj
 0001:00004000       _Q_fabs                    40005000 f   q_math.obj
 0001:00004040       _Q_log2                    40005040 f   q_math.obj
 0001:00004090       _Q_rand                    40005090 f   q_math.obj
 0001:000040d0       _Q_random                  400050d0 f   q_math.obj
 0001:00004130       _Q_rsqrt                   40005130 f   q_math.obj
 0001:000041d0       _RadiusFromBounds          400051d0 f   q_math.obj
 0001:000042e0       _RotateAroundDirection     400052e0 f   q_math.obj
 0001:00004450       _RotatePointAroundVector   40005450 f   q_math.obj
 0001:00004aa0       _SetPlaneSignbits          40005aa0 f   q_math.obj
 0001:00004b20       _Vector4Scale              40005b20 f   q_math.obj
 0001:00004ca0       _VectorNormalize           40005ca0 f   q_math.obj
 0001:00004df0       _VectorNormalize2          40005df0 f   q_math.obj
 0001:00004f90       _VectorRotate              40005f90 f   q_math.obj
 0001:00005160       __DotProduct               40006160 f   q_math.obj
 0001:00005200       __VectorAdd                40006200 f   q_math.obj
 0001:000052c0       __VectorCopy               400062c0 f   q_math.obj
 0001:00005340       __VectorMA                 40006340 f   q_math.obj
 0001:00005410       __VectorScale              40006410 f   q_math.obj
 0001:000054b0       __VectorSubtract           400064b0 f   q_math.obj
 0001:00005570       _vectoangles               40006570 f   q_math.obj
 0001:00005810       _COM_BeginParseSession     40006810 f   q_shared.obj
 0001:00005870       _COM_Compress              40006870 f   q_shared.obj
 0001:00005aa0       _COM_DefaultExtension      40006aa0 f   q_shared.obj
 0001:00005b90       _COM_GetCurrentParseLine   40006b90 f   q_shared.obj
 0001:00005bc0       _COM_MatchToken            40006bc0 f   q_shared.obj
 0001:00005c30       _COM_Parse                 40006c30 f   q_shared.obj
 0001:00005c70       _COM_ParseError            40006c70 f   q_shared.obj
 0001:00005cf0       _COM_ParseExt              40006cf0 f   q_shared.obj
 0001:00006000       _COM_ParseWarning          40007000 f   q_shared.obj
 0001:00006080       _COM_SkipPath              40007080 f   q_shared.obj
 0001:000060e0       _COM_StripExtension        400070e0 f   q_shared.obj
 0001:00006140       _Com_Clamp                 40007140 f   q_shared.obj
 0001:00006190       _Com_sprintf               40007190 f   q_shared.obj
 0001:00006280       _FloatNoSwap               40007280 f   q_shared.obj
 0001:000062b0       _FloatSwap                 400072b0 f   q_shared.obj
 0001:00006330       _Info_NextPair             40007330 f   q_shared.obj
 0001:00006430       _Info_RemoveKey            40007430 f   q_shared.obj
 0001:00006610       _Info_RemoveKey_Big        40007610 f   q_shared.obj
 0001:000067f0       _Info_SetValueForKey       400077f0 f   q_shared.obj
 0001:000069d0       _Info_SetValueForKey_Big   400079d0 f   q_shared.obj
 0001:00006ba0       _Info_Validate             40007ba0 f   q_shared.obj
 0001:00006c10       _Info_ValueForKey          40007c10 f   q_shared.obj
 0001:00006df0       _Long64NoSwap              40007df0 f   q_shared.obj
 0001:00006e20       _Long64Swap                40007e20 f   q_shared.obj
 0001:00006eb0       _LongNoSwap                40007eb0 f   q_shared.obj
 0001:00006ee0       _LongSwap                  40007ee0 f   q_shared.obj
 0001:00006f60       _Parse1DMatrix             40007f60 f   q_shared.obj
 0001:00007000       _Parse2DMatrix             40008000 f   q_shared.obj
 0001:00007090       _Parse3DMatrix             40008090 f   q_shared.obj
 0001:00007130       _Q_CleanStr                40008130 f   q_shared.obj
 0001:000071e0       _Q_PrintStrlen             400081e0 f   q_shared.obj
 0001:00007270       _Q_isalpha                 40008270 f   q_shared.obj
 0001:000072c0       _Q_islower                 400082c0 f   q_shared.obj
 0001:00007300       _Q_isprint                 40008300 f   q_shared.obj
 0001:00007340       _Q_isupper                 40008340 f   q_shared.obj
 0001:00007380       _Q_strcat                  40008380 f   q_shared.obj
 0001:00007400       _Q_stricmp                 40008400 f   q_shared.obj
 0001:00007470       _Q_stricmpn                40008470 f   q_shared.obj
 0001:00007580       _Q_strlwr                  40008580 f   q_shared.obj
 0001:000075f0       _Q_strncmp                 400085f0 f   q_shared.obj
 0001:00007690       _Q_strncpyz                40008690 f   q_shared.obj
 0001:00007730       _Q_strrchr                 40008730 f   q_shared.obj
 0001:000077b0       _Q_strupr                  400087b0 f   q_shared.obj
 0001:00007820       _ShortNoSwap               40008820 f   q_shared.obj
 0001:00007850       _ShortSwap                 40008850 f   q_shared.obj
 0001:000078a0       _SkipBracedSection         400088a0 f   q_shared.obj
 0001:00007950       _SkipRestOfLine            40008950 f   q_shared.obj
 0001:00007a50       _va                        40008a50 f   q_shared.obj
 0001:00007ad0       _UI_AddBotsMenu            40008ad0 f   ui_addbots.obj
 0001:00008510       _UI_AddBots_Cache          40009510 f   ui_addbots.obj
 0001:000085b0       _Com_Error                 400095b0 f   ui_atoms.obj
 0001:00008670       _Com_Printf                40009670 f   ui_atoms.obj
 0001:000087d0       _UI_AdjustFrom640          400097d0 f   ui_atoms.obj
 0001:00008860       _UI_Argv                   40009860 f   ui_atoms.obj
 0001:000088b0       _UI_Cache_f                400098b0 f   ui_atoms.obj
 0001:00008980       _UI_ClampCvar              40009980 f   ui_atoms.obj
 0001:000089d0       _UI_ConsoleCommand         400099d0 f   ui_atoms.obj
 0001:00008b30       _UI_CursorInRect           40009b30 f   ui_atoms.obj
 0001:00008b90       _UI_Cvar_VariableString    40009b90 f   ui_atoms.obj
 0001:00008be0       _UI_DrawBannerString       40009be0 f   ui_atoms.obj
 0001:00008fe0       _UI_DrawChar               40009fe0 f   ui_atoms.obj
 0001:00009090       _UI_DrawHandlePic          4000a090 f   ui_atoms.obj
 0001:000091f0       _UI_DrawNamedPic           4000a1f0 f   ui_atoms.obj
 0001:000092c0       _UI_DrawProportionalString 4000a2c0 f   ui_atoms.obj
 0001:00009940       _UI_DrawProportionalString_AutoWrapped 4000a940 f   ui_atoms.obj
 0001:00009b40       _UI_DrawRect               4000ab40 f   ui_atoms.obj
 0001:00009d90       _UI_DrawString             4000ad90 f   ui_atoms.obj
 0001:0000a370       _UI_DrawTextBox            4000b370 f   ui_atoms.obj
 0001:0000a450       _UI_FillRect               4000b450 f   ui_atoms.obj
 0001:0000a530       _UI_ForceMenuOff           4000b530 f   ui_atoms.obj
 0001:0000a5a0       _UI_Init                   4000b5a0 f   ui_atoms.obj
 0001:0000a680       _UI_IsFullscreen           4000b680 f   ui_atoms.obj
 0001:0000a6e0       _UI_KeyEvent               4000b6e0 f   ui_atoms.obj
 0001:0000a790       _UI_LerpColor              4000b790 f   ui_atoms.obj
 0001:0000a860       _UI_MouseEvent             4000b860 f   ui_atoms.obj
 0001:0000aa70       _UI_PopMenu                4000ba70 f   ui_atoms.obj
 0001:0000ab00       _UI_ProportionalSizeScale  4000bb00 f   ui_atoms.obj
 0001:0000ab40       _UI_ProportionalStringWidth 4000bb40 f   ui_atoms.obj
 0001:0000abd0       _UI_PushMenu               4000bbd0 f   ui_atoms.obj
 0001:0000ad10       _UI_Refresh                4000bd10 f   ui_atoms.obj
 0001:0000af30       _UI_SetActiveMenu          4000bf30 f   ui_atoms.obj
 0001:0000b000       _UI_SetColor               4000c000 f   ui_atoms.obj
 0001:0000b040       _UI_Shutdown               4000c040 f   ui_atoms.obj
 0001:0000b070       _UI_StartDemoLoop          4000c070 f   ui_atoms.obj
 0001:0000b0c0       _UI_UpdateScreen           4000c0c0 f   ui_atoms.obj
 0001:0000b100       _UI_CDKeyMenu              4000c100 f   ui_cdkey.obj
 0001:0000b150       _UI_CDKeyMenu_Cache        4000c150 f   ui_cdkey.obj
 0001:0000b7e0       _UI_CDKeyMenu_f            4000c7e0 f   ui_cdkey.obj
 0001:0000b820       _UI_CinematicsMenu         4000c820 f   ui_cinematics.obj
 0001:0000b8b0       _UI_CinematicsMenu_Cache   4000c8b0 f   ui_cinematics.obj
 0001:0000c130       _UI_CinematicsMenu_f       4000d130 f   ui_cinematics.obj
 0001:0000c1a0       _ConfirmMenu_Cache         4000d1a0 f   ui_confirm.obj
 0001:0000c560       _UI_ConfirmMenu            4000d560 f   ui_confirm.obj
 0001:0000c5b0       _UI_ConfirmMenu_Style      4000d5b0 f   ui_confirm.obj
 0001:0000c830       _UI_Message                4000d830 f   ui_confirm.obj
 0001:0000cf80       _UI_DrawConnectScreen      4000df80 f   ui_connect.obj
 0001:0000d2c0       _UI_KeyConnect             4000e2c0 f   ui_connect.obj
 0001:0000d5f0       _Controls_Cache            4000e5f0 f   ui_controls2.obj
 0001:000102f0       _UI_ControlsMenu           400112f0 f   ui_controls2.obj
 0001:00010340       _UI_CreditMenu             40011340 f   ui_credits.obj
 0001:00010810       _Demos_Cache               40011810 f   ui_demo2.obj
 0001:00010f00       _UI_DemosMenu              40011f00 f   ui_demo2.obj
 0001:00010fb0       _UI_DisplayOptionsMenu     40011fb0 f   ui_display.obj
 0001:00011010       _UI_DisplayOptionsMenu_Cache 40012010 f   ui_display.obj
 0001:00011690       _UI_Alloc                  40012690 f   ui_gameinfo.obj
 0001:00011700       _UI_CanShowTierVideo       40012700 f   ui_gameinfo.obj
 0001:00011800       _UI_GetArenaInfoByMap      40012800 f   ui_gameinfo.obj
 0001:00011890       _UI_GetArenaInfoByNumber   40012890 f   ui_gameinfo.obj
 0001:00011960       _UI_GetAwardLevel          40012960 f   ui_gameinfo.obj
 0001:00011a40       _UI_GetBestScore           40012a40 f   ui_gameinfo.obj
 0001:00011bc0       _UI_GetBotInfoByName       40012bc0 f   ui_gameinfo.obj
 0001:00011c50       _UI_GetBotInfoByNumber     40012c50 f   ui_gameinfo.obj
 0001:00011cc0       _UI_GetCurrentGame         40012cc0 f   ui_gameinfo.obj
 0001:00011e00       _UI_GetNumArenas           40012e00 f   ui_gameinfo.obj
 0001:00011e30       _UI_GetNumBots             40012e30 f   ui_gameinfo.obj
 0001:00011e60       _UI_GetNumSPArenas         40012e60 f   ui_gameinfo.obj
 0001:00011e90       _UI_GetNumSPTiers          40012e90 f   ui_gameinfo.obj
 0001:00011ed0       _UI_GetSpecialArenaInfo    40012ed0 f   ui_gameinfo.obj
 0001:00011f60       _UI_InitGameinfo           40012f60 f   ui_gameinfo.obj
 0001:00012000       _UI_InitMemory             40013000 f   ui_gameinfo.obj
 0001:00012a60       _UI_LogAwardData           40013a60 f   ui_gameinfo.obj
 0001:00012bb0       _UI_NewGame                40013bb0 f   ui_gameinfo.obj
 0001:00012c60       _UI_ParseInfos             40013c60 f   ui_gameinfo.obj
 0001:00012ee0       _UI_SPUnlockMedals_f       40013ee0 f   ui_gameinfo.obj
 0001:00012ff0       _UI_SPUnlock_f             40013ff0 f   ui_gameinfo.obj
 0001:00013150       _UI_SetBestScore           40014150 f   ui_gameinfo.obj
 0001:000132c0       _UI_ShowTierVideo          400142c0 f   ui_gameinfo.obj
 0001:000133e0       _UI_TierCompleted          400143e0 f   ui_gameinfo.obj
 0001:00013540       _InGame_Cache              40014540 f   ui_ingame.obj
 0001:00013580       _InGame_Event              40014580 f   ui_ingame.obj
 0001:00013690       _InGame_MenuInit           40014690 f   ui_ingame.obj
 0001:00013ea0       _UI_InGameMenu             40014ea0 f   ui_ingame.obj
 0001:00013f10       _UI_RegisterCvars          40014f10 f   ui_main.obj
 0001:00013fa0       _UI_UpdateCvars            40014fa0 f   ui_main.obj
 0001:00014010       _vmMain                    40015010 f   ui_main.obj
 0001:00014130       _ErrorMessage_Key          40015130 f   ui_menu.obj
 0001:00014180       _MainMenu_Cache            40015180 f   ui_menu.obj
 0001:00014770       _Main_MenuEvent            40015770 f   ui_menu.obj
 0001:00014860       _UI_MainMenu               40015860 f   ui_menu.obj
 0001:00014f00       _MField_CharEvent          40015f00 f   ui_mfield.obj
 0001:00015140       _MField_Clear              40016140 f   ui_mfield.obj
 0001:00015190       _MField_Draw               40016190 f   ui_mfield.obj
 0001:000153e0       _MField_KeyDownEvent       400163e0 f   ui_mfield.obj
 0001:00015640       _MField_Paste              40016640 f   ui_mfield.obj
 0001:00015710       _MenuField_Draw            40016710 f   ui_mfield.obj
 0001:000158c0       _MenuField_Init            400168c0 f   ui_mfield.obj
 0001:000159a0       _MenuField_Key             400169a0 f   ui_mfield.obj
 0001:00015ba0       _UI_ModsMenu               40016ba0 f   ui_mods.obj
 0001:00015bf0       _UI_ModsMenu_Cache         40016bf0 f   ui_mods.obj
 0001:00016260       _UI_NetworkOptionsMenu     40017260 f   ui_network.obj
 0001:000162c0       _UI_NetworkOptionsMenu_Cache 400172c0 f   ui_network.obj
 0001:000169d0       _Options_MenuInit          400179d0 f   ui_options.obj
 0001:00016de0       _SystemConfig_Cache        40017de0 f   ui_options.obj
 0001:00016e50       _UI_SystemConfigMenu       40017e50 f   ui_options.obj
 0001:000171f0       _PlayerModel_Cache         400181f0 f   ui_playermodel.obj
 0001:00018570       _UI_PlayerModelMenu        40019570 f   ui_playermodel.obj
 0001:000185e0       _UI_DrawPlayer             400195e0 f   ui_players.obj
 0001:000195c0       _UI_MachinegunSpinAngle    4001a5c0 f   ui_players.obj
 0001:0001a5b0       _UI_PlayerInfo_SetInfo     4001b5b0 f   ui_players.obj
 0001:0001a9f0       _UI_PlayerInfo_SetModel    4001b9f0 f   ui_players.obj
 0001:0001b590       _UI_RegisterClientModelname 4001c590 f   ui_players.obj
 0001:0001c090       _PlayerSettings_Cache      4001d090 f   ui_playersettings.obj
 0001:0001d060       _UI_PlayerSettingsMenu     4001e060 f   ui_playersettings.obj
 0001:0001d290       _Preferences_Cache         4001e290 f   ui_preferences.obj
 0001:0001df30       _UI_PreferencesMenu        4001ef30 f   ui_preferences.obj
 0001:0001e210       _Bitmap_Draw               4001f210 f   ui_qmenu.obj
 0001:0001e650       _Bitmap_Init               4001f650 f   ui_qmenu.obj
 0001:0001e730       _Menu_ActivateItem         4001f730 f   ui_qmenu.obj
 0001:0001e7a0       _Menu_AddItem              4001f7a0 f   ui_qmenu.obj
 0001:0001e980       _Menu_AdjustCursor         4001f980 f   ui_qmenu.obj
 0001:0001eaa0       _Menu_Cache                4001faa0 f   ui_qmenu.obj
 0001:0001ec50       _Menu_CursorMoved          4001fc50 f   ui_qmenu.obj
 0001:0001ed30       _Menu_DefaultKey           4001fd30 f   ui_qmenu.obj
 0001:0001f100       _Menu_Draw                 40020100 f   ui_qmenu.obj
 0001:0001f3c0       _Menu_ItemAtCursor         400203c0 f   ui_qmenu.obj
 0001:0001f410       _Menu_SetCursor            40020410 f   ui_qmenu.obj
 0001:0001f480       _Menu_SetCursorToItem      40020480 f   ui_qmenu.obj
 0001:0001fb60       _ScrollList_Draw           40020b60 f   ui_qmenu.obj
 0001:0001fe60       _ScrollList_Key            40020e60 f   ui_qmenu.obj
 0001:00021170       _UI_RemoveBotsMenu         40022170 f   ui_removebots.obj
 0001:00021a60       _UI_RemoveBots_Cache       40022a60 f   ui_removebots.obj
 0001:00021ae0       _Favorites_Add             40022ae0 f   ui_serverinfo.obj
 0001:00021c90       _ServerInfo_Cache          40022c90 f   ui_serverinfo.obj
 0001:00021f40       _UI_ServerInfoMenu         40022f40 f   ui_serverinfo.obj
 0001:000222c0       _ArenaServers_Cache        400232c0 f   ui_servers2.obj
 0001:00022eb0       _ArenaServers_InsertFavorites 40023eb0 f   ui_servers2.obj
 0001:00023010       _ArenaServers_LoadFavorites 40024010 f   ui_servers2.obj
 0001:000240e0       _ArenaServers_SaveChanges  400250e0 f   ui_servers2.obj
 0001:00024190       _ArenaServers_SetType      40025190 f   ui_servers2.obj
 0001:00024310       _ArenaServers_Sort         40025310 f   ui_servers2.obj
 0001:00024e10       _UI_ArenaServersMenu       40025e10 f   ui_servers2.obj
 0001:00024f40       _UI_SetupMenu              40025f40 f   ui_setup.obj
 0001:00024f90       _UI_SetupMenu_Cache        40025f90 f   ui_setup.obj
 0001:000255b0       _UI_SoundOptionsMenu       400265b0 f   ui_sound.obj
 0001:00025610       _UI_SoundOptionsMenu_Cache 40026610 f   ui_sound.obj
 0001:00025dd0       _UI_SPArena_Start          40026dd0 f   ui_sparena.obj
 0001:00025f10       _SpecifyServer_Cache       40026f10 f   ui_specifyserver.obj
 0001:000260c0       _SpecifyServer_MenuInit    400270c0 f   ui_specifyserver.obj
 0001:000263e0       _UI_SpecifyServerMenu      400273e0 f   ui_specifyserver.obj
 0001:000265e0       _UI_SPLevelMenu            400275e0 f   ui_splevel.obj
 0001:00026820       _UI_SPLevelMenu_Cache      40027820 f   ui_splevel.obj
 0001:00027e80       _UI_SPLevelMenu_ReInit     40028e80 f   ui_splevel.obj
 0001:00028960       _UI_SPLevelMenu_f          40029960 f   ui_splevel.obj
 0001:00028b50       _UI_SPPostgameMenu_Cache   40029b50 f   ui_sppostgame.obj
 0001:00029870       _UI_SPPostgameMenu_f       4002a870 f   ui_sppostgame.obj
 0001:00029f30       _Reset_Cache               4002af30 f   ui_spreset.obj
 0001:0002a0c0       _Reset_MenuEvent           4002b0c0 f   ui_spreset.obj
 0001:0002a250       _UI_ResetMenu              4002b250 f   ui_spreset.obj
 0001:0002a550       _UI_SPSkillMenu            4002b550 f   ui_spskill.obj
 0001:0002a600       _UI_SPSkillMenu_Cache      4002b600 f   ui_spskill.obj
 0001:0002b140       _ServerOptions_Cache       4002c140 f   ui_startserver.obj
 0001:0002cf10       _StartServer_Cache         4002df10 f   ui_startserver.obj
 0001:0002df40       _UI_BotSelectMenu          4002ef40 f   ui_startserver.obj
 0001:0002e180       _UI_BotSelectMenu_Cache    4002f180 f   ui_startserver.obj
 0001:0002edd0       _UI_StartServerMenu        4002fdd0 f   ui_startserver.obj
 0001:0002ee20       _PASSFLOAT                 4002fe20 f   ui_syscalls.obj
 0001:0002ee60       _dllEntry                  4002fe60 f   ui_syscalls.obj
 0001:0002ee90       _trap_Argc                 4002fe90 f   ui_syscalls.obj
 0001:0002eee0       _trap_Argv                 4002fee0 f   ui_syscalls.obj
 0001:0002ef40       _trap_CIN_DrawCinematic    4002ff40 f   ui_syscalls.obj
 0001:0002ef90       _trap_CIN_PlayCinematic    4002ff90 f   ui_syscalls.obj
 0001:0002eff0       _trap_CIN_RunCinematic     4002fff0 f   ui_syscalls.obj
 0001:0002f040       _trap_CIN_SetExtents       40030040 f   ui_syscalls.obj
 0001:0002f0a0       _trap_CIN_StopCinematic    400300a0 f   ui_syscalls.obj
 0001:0002f0f0       _trap_CM_LerpTag           400300f0 f   ui_syscalls.obj
 0001:0002f160       _trap_Cmd_ExecuteText      40030160 f   ui_syscalls.obj
 0001:0002f1b0       _trap_Cvar_Create          400301b0 f   ui_syscalls.obj
 0001:0002f210       _trap_Cvar_InfoStringBuffer 40030210 f   ui_syscalls.obj
 0001:0002f270       _trap_Cvar_Register        40030270 f   ui_syscalls.obj
 0001:0002f2d0       _trap_Cvar_Reset           400302d0 f   ui_syscalls.obj
 0001:0002f320       _trap_Cvar_Set             40030320 f   ui_syscalls.obj
 0001:0002f370       _trap_Cvar_SetValue        40030370 f   ui_syscalls.obj
 0001:0002f3d0       _trap_Cvar_Update          400303d0 f   ui_syscalls.obj
 0001:0002f420       _trap_Cvar_VariableStringBuffer 40030420 f   ui_syscalls.obj
 0001:0002f480       _trap_Cvar_VariableValue   40030480 f   ui_syscalls.obj
 0001:0002f4d0       _trap_Error                400304d0 f   ui_syscalls.obj
 0001:0002f520       _trap_FS_FCloseFile        40030520 f   ui_syscalls.obj
 0001:0002f570       _trap_FS_FOpenFile         40030570 f   ui_syscalls.obj
 0001:0002f5d0       _trap_FS_GetFileList       400305d0 f   ui_syscalls.obj
 0001:0002f630       _trap_FS_Read              40030630 f   ui_syscalls.obj
 0001:0002f690       _trap_FS_Seek              40030690 f   ui_syscalls.obj
 0001:0002f6f0       _trap_FS_Write             400306f0 f   ui_syscalls.obj
 0001:0002f750       _trap_GetCDKey             40030750 f   ui_syscalls.obj
 0001:0002f7a0       _trap_GetClientState       400307a0 f   ui_syscalls.obj
 0001:0002f7f0       _trap_GetClipboardData     400307f0 f   ui_syscalls.obj
 0001:0002f840       _trap_GetConfigString      40030840 f   ui_syscalls.obj
 0001:0002f8a0       _trap_GetGlconfig          400308a0 f   ui_syscalls.obj
 0001:0002f8f0       _trap_Key_ClearStates      400308f0 f   ui_syscalls.obj
 0001:0002f940       _trap_Key_GetBindingBuf    40030940 f   ui_syscalls.obj
 0001:0002f9a0       _trap_Key_GetCatcher       400309a0 f   ui_syscalls.obj
 0001:0002f9f0       _trap_Key_GetOverstrikeMode 400309f0 f   ui_syscalls.obj
 0001:0002fa40       _trap_Key_IsDown           40030a40 f   ui_syscalls.obj
 0001:0002fa90       _trap_Key_KeynumToStringBuf 40030a90 f   ui_syscalls.obj
 0001:0002faf0       _trap_Key_SetBinding       40030af0 f   ui_syscalls.obj
 0001:0002fb40       _trap_Key_SetCatcher       40030b40 f   ui_syscalls.obj
 0001:0002fb90       _trap_Key_SetOverstrikeMode 40030b90 f   ui_syscalls.obj
 0001:0002fbe0       _trap_LAN_AddServer        40030be0 f   ui_syscalls.obj
 0001:0002fc40       _trap_LAN_ClearPing        40030c40 f   ui_syscalls.obj
 0001:0002fc90       _trap_LAN_CompareServers   40030c90 f   ui_syscalls.obj
 0001:0002fcf0       _trap_LAN_GetPing          40030cf0 f   ui_syscalls.obj
 0001:0002fd50       _trap_LAN_GetPingInfo      40030d50 f   ui_syscalls.obj
 0001:0002fdb0       _trap_LAN_GetPingQueueCount 40030db0 f   ui_syscalls.obj
 0001:0002fe00       _trap_LAN_GetServerAddressString 40030e00 f   ui_syscalls.obj
 0001:0002fe60       _trap_LAN_GetServerCount   40030e60 f   ui_syscalls.obj
 0001:0002feb0       _trap_LAN_GetServerInfo    40030eb0 f   ui_syscalls.obj
 0001:0002ff10       _trap_LAN_GetServerPing    40030f10 f   ui_syscalls.obj
 0001:0002ff60       _trap_LAN_LoadCachedServers 40030f60 f   ui_syscalls.obj
 0001:0002ffb0       _trap_LAN_MarkServerVisible 40030fb0 f   ui_syscalls.obj
 0001:00030010       _trap_LAN_RemoveServer     40031010 f   ui_syscalls.obj
 0001:00030060       _trap_LAN_ResetPings       40031060 f   ui_syscalls.obj
 0001:000300b0       _trap_LAN_SaveCachedServers 400310b0 f   ui_syscalls.obj
 0001:00030100       _trap_LAN_ServerIsVisible  40031100 f   ui_syscalls.obj
 0001:00030150       _trap_LAN_ServerStatus     40031150 f   ui_syscalls.obj
 0001:000301b0       _trap_LAN_UpdateVisiblePings 400311b0 f   ui_syscalls.obj
 0001:00030200       _trap_MemoryRemaining      40031200 f   ui_syscalls.obj
 0001:00030250       _trap_Milliseconds         40031250 f   ui_syscalls.obj
 0001:000302a0       _trap_PC_AddGlobalDefine   400312a0 f   ui_syscalls.obj
 0001:000302f0       _trap_PC_FreeSource        400312f0 f   ui_syscalls.obj
 0001:00030340       _trap_PC_LoadSource        40031340 f   ui_syscalls.obj
 0001:00030390       _trap_PC_ReadToken         40031390 f   ui_syscalls.obj
 0001:000303e0       _trap_PC_SourceFileAndLine 400313e0 f   ui_syscalls.obj
 0001:00030440       _trap_Print                40031440 f   ui_syscalls.obj
 0001:00030490       _trap_R_AddLightToScene    40031490 f   ui_syscalls.obj
 0001:00030530       _trap_R_AddPolyToScene     40031530 f   ui_syscalls.obj
 0001:00030590       _trap_R_AddRefEntityToScene 40031590 f   ui_syscalls.obj
 0001:000305e0       _trap_R_ClearScene         400315e0 f   ui_syscalls.obj
 0001:00030630       _trap_R_DrawStretchPic     40031630 f   ui_syscalls.obj
 0001:00030720       _trap_R_ModelBounds        40031720 f   ui_syscalls.obj
 0001:00030780       _trap_R_RegisterFont       40031780 f   ui_syscalls.obj
 0001:000307e0       _trap_R_RegisterModel      400317e0 f   ui_syscalls.obj
 0001:00030830       _trap_R_RegisterShaderNoMip 40031830 f   ui_syscalls.obj
 0001:00030880       _trap_R_RegisterSkin       40031880 f   ui_syscalls.obj
 0001:000308d0       _trap_R_RemapShader        400318d0 f   ui_syscalls.obj
 0001:00030930       _trap_R_RenderScene        40031930 f   ui_syscalls.obj
 0001:00030980       _trap_R_SetColor           40031980 f   ui_syscalls.obj
 0001:000309d0       _trap_RealTime             400319d0 f   ui_syscalls.obj
 0001:00030a20       _trap_S_RegisterSound      40031a20 f   ui_syscalls.obj
 0001:00030a70       _trap_S_StartBackgroundTrack 40031a70 f   ui_syscalls.obj
 0001:00030ac0       _trap_S_StartLocalSound    40031ac0 f   ui_syscalls.obj
 0001:00030b10       _trap_S_StopBackgroundTrack 40031b10 f   ui_syscalls.obj
 0001:00030b60       _trap_SetCDKey             40031b60 f   ui_syscalls.obj
 0001:00030bb0       _trap_SetPbClStatus        40031bb0 f   ui_syscalls.obj
 0001:00030c00       _trap_UpdateScreen         40031c00 f   ui_syscalls.obj
 0001:00030c50       _trap_VerifyCDKey          40031c50 f   ui_syscalls.obj
 0001:00030ca0       _TeamMain_Cache            40031ca0 f   ui_team.obj
 0001:00030dd0       _TeamMain_MenuInit         40031dd0 f   ui_team.obj
 0001:00031120       _UI_TeamMainMenu           40032120 f   ui_team.obj
 0001:00031170       _UI_TeamOrdersMenu         40032170 f   ui_teamorders.obj
 0001:000314b0       _UI_TeamOrdersMenu_Cache   400324b0 f   ui_teamorders.obj
 0001:00031700       _UI_TeamOrdersMenu_Key     40032700 f   ui_teamorders.obj
 0001:00031c10       _UI_TeamOrdersMenu_f       40032c10 f   ui_teamorders.obj
 0001:00031d40       _DriverInfo_Cache          40032d40 f   ui_video.obj
 0001:00032360       _GraphicsOptions_Cache     40033360 f   ui_video.obj
 0001:00032710       _GraphicsOptions_MenuDraw  40033710 f   ui_video.obj
 0001:00032780       _GraphicsOptions_MenuInit  40033780 f   ui_video.obj
 0001:00033830       _UI_GraphicsOptionsMenu    40034830 f   ui_video.obj
 0001:00033890       _cos                       40034890 f   LIBCMTD:cos.obj
 0001:000338d0       __CIcos                    400348d0 f   LIBCMTD:cos.obj
 0001:0003390b       __CIcos_default            4003490b f   LIBCMTD:cos.obj
 0001:0003391f       __cos_default              4003491f     LIBCMTD:cos.obj
 0001:000339c0       _fabs                      400349c0 f   LIBCMTD:fabs.obj
 0001:00033ac0       _sin                       40034ac0 f   LIBCMTD:sin.obj
 0001:00033b00       __CIsin                    40034b00 f   LIBCMTD:sin.obj
 0001:00033b3b       __CIsin_default            40034b3b f   LIBCMTD:sin.obj
 0001:00033b4f       __sin_default              40034b4f     LIBCMTD:sin.obj
 0001:00033bf0       ??0_LocaleUpdate@@QAE@PAUlocaleinfo_struct@@@Z 40034bf0 f i LIBCMTD:atof.obj
 0001:00033cd0       ??1_LocaleUpdate@@QAE@XZ   40034cd0 f i LIBCMTD:atof.obj
 0001:00033d00       ?GetLocaleT@_LocaleUpdate@@QAEPAUlocaleinfo_struct@@XZ 40034d00 f i LIBCMTD:atof.obj
 0001:00033d10       ___STRINGTOLD              40034d10 f   LIBCMTD:atof.obj
 0001:00033d60       ___strgtold12              40034d60 f   LIBCMTD:atof.obj
 0001:00033db0       __atof_l                   40034db0 f   LIBCMTD:atof.obj
 0001:00033f00       _atof                      40034f00 f   LIBCMTD:atof.obj
 0001:00033f20       @_RTC_AllocaHelper@12      40034f20 f   LIBCMTD:stack.obj
 0001:00033f60       @_RTC_CheckStackVars2@12   40034f60 f   LIBCMTD:stack.obj
 0001:00034040       @_RTC_CheckStackVars@8     40035040 f   LIBCMTD:stack.obj
 0001:000340a0       __RTC_CheckEsp             400350a0 f   LIBCMTD:stack.obj
 0001:000340d0       @__security_check_cookie@4 400350d0 f   LIBCMTD:secchk.obj
 0001:000340e0       __RTC_InitBase             400350e0 f   LIBCMTD:init.obj
 0001:00034110       __RTC_Shutdown             40035110 f   LIBCMTD:init.obj
 0001:00034130       __fpmath                   40035130 f   LIBCMTD:fpinit.obj
 0001:00034150       ___setfflag                40035150 f   LIBCMTD:fpinit.obj
 0001:00034170       __cfltcvt_init             40035170 f   LIBCMTD:fpinit.obj
 0001:00034230       __invoke_watson_if_error   40035230 f i LIBCMTD:wassert.obj
 0001:00034260       __wassert                  40035260 f   LIBCMTD:wassert.obj
 0001:00034ea0       _atan2                     40035ea0 f   LIBCMTD:87ctriga.obj
 0001:00034eaa       __CIatan2                  40035eaa f   LIBCMTD:87ctriga.obj
 0001:00034ec0       __CIsqrt                   40035ec0 f   LIBCMTD:sqrt.obj
 0001:00034ed4       _sqrt                      40035ed4     LIBCMTD:sqrt.obj
 0001:00034f80       _memcpy                    40035f80 f   LIBCMTD:memcpy.obj
 0001:000355d0       _memset                    400365d0 f   LIBCMTD:memset.obj
 0001:00035660       ___raise_securityfailure   40036660 f   LIBCMTD:gs_report.obj
 0001:000356b0       ___report_gsfailure        400366b0 f   LIBCMTD:gs_report.obj
 0001:000357c0       ___report_rangecheckfailure 400367c0 f   LIBCMTD:gs_report.obj
 0001:000357d0       ___report_securityfailure  400367d0 f   LIBCMTD:gs_report.obj
 0001:000358b0       ___report_securityfailureEx 400368b0 f   LIBCMTD:gs_report.obj
 0001:000359e0       __vscprintf                400369e0 f   LIBCMTD:vsprintf.obj
 0001:00035a00       __vscprintf_helper         40036a00 f   LIBCMTD:vsprintf.obj
 0001:00035af0       __vscprintf_l              40036af0 f   LIBCMTD:vsprintf.obj
 0001:00035b10       __vscprintf_p              40036b10 f   LIBCMTD:vsprintf.obj
 0001:00035b30       __vscprintf_p_l            40036b30 f   LIBCMTD:vsprintf.obj
 0001:00035b50       __vsprintf_l               40036b50 f   LIBCMTD:vsprintf.obj
 0001:00035d10       _vsprintf                  40036d10 f   LIBCMTD:vsprintf.obj
 0001:00035d30       _strcpy                    40036d30 f   LIBCMTD:strcat.obj
 0001:00035d40       _strcat                    40036d40 f   LIBCMTD:strcat.obj
 0001:00035e30       _strcmp                    40036e30 f   LIBCMTD:strcmp.obj
 0001:00035ec0       _strlen                    40036ec0 f   LIBCMTD:strlen.obj
 0001:00035f50       _strchr                    40036f50 f   LIBCMTD:strchr.obj
 0001:00035fbe       ___from_strstr_to_strchr   40036fbe     LIBCMTD:strchr.obj
 0001:00036080       _strncpy                   40037080 f   LIBCMTD:strncpy.obj
 0001:000361b0       __toupper                  400371b0 f   LIBCMTD:toupper.obj
 0001:000361c0       __toupper_l                400371c0 f   LIBCMTD:toupper.obj
 0001:00036400       _toupper                   40037400 f   LIBCMTD:toupper.obj
 0001:00036450       __tolower                  40037450 f   LIBCMTD:tolower.obj
 0001:00036460       __tolower_l                40037460 f   LIBCMTD:tolower.obj
 0001:000366a0       _tolower                   400376a0 f   LIBCMTD:tolower.obj
 0001:000366f0       __chkstk                   400376f0 f   LIBCMTD:chkstk.obj
 0001:000366f0       __alloca_probe             400376f0     LIBCMTD:chkstk.obj
 0001:00036720       __atoi64                   40037720 f   LIBCMTD:atox.obj
 0001:00036740       __atoi64_l                 40037740 f   LIBCMTD:atox.obj
 0001:00036760       __atoi_l                   40037760 f   LIBCMTD:atox.obj
 0001:00036780       __atol_l                   40037780 f   LIBCMTD:atox.obj
 0001:000367a0       _atoi                      400377a0 f   LIBCMTD:atox.obj
 0001:000367c0       _atol                      400377c0 f   LIBCMTD:atox.obj
 0001:000367e0       _qsort                     400377e0 f   LIBCMTD:qsort.obj
 0001:00036cd0       __ftol2_sse                40037cd0 f   LIBCMTD:ftol2.obj
 0001:00036cd9       __ftol2_pentium4           40037cd9 f   LIBCMTD:ftol2.obj
 0001:00036cec       __ftol2_sse_excpt          40037cec f   LIBCMTD:ftol2.obj
 0001:00036d06       __ftol2                    40037d06 f   LIBCMTD:ftol2.obj
 0001:00036d80       _strstr                    40037d80 f   LIBCMTD:strstr.obj
 0001:00036ff0       _memmove                   40037ff0 f   LIBCMTD:memmove.obj
 0001:00037640       _tan                       40038640 f   LIBCMTD:tan.obj
 0001:00037680       __CItan                    40038680 f   LIBCMTD:tan.obj
 0001:000376bb       __CItan_default            400386bb f   LIBCMTD:tan.obj
 0001:000376cf       __tan_default              400386cf     LIBCMTD:tan.obj
 0001:00037770       _rand                      40038770 f   LIBCMTD:rand.obj
 0001:000377b0       _srand                     400387b0 f   LIBCMTD:rand.obj
 0001:000377c0       __CRT_INIT@12              400387c0 f   LIBCMTD:dllcrt0.obj
 0001:000379f0       __DllMainCRTStartup@12     400389f0 f   LIBCMTD:dllcrt0.obj
 0001:00037be0       ___DllXcptFilter           40038be0 f   LIBCMTD:dllcrt0.obj
 0001:00037c10       __sse2_mathfcns_init       40038c10 f   LIBCMTD:mathfcns.obj
 0001:00037c30       __set_SSE2_enable          40038c30 f   LIBCMTD:mathfcns.obj
 0001:00037c80       __CIcos_pentium4           40038c80 f   LIBCMTD:cos_pentium4.obj
 0001:00037c98       __cos_pentium4             40038c98     LIBCMTD:cos_pentium4.obj
 0001:00037e30       __trandisp1                40038e30 f   LIBCMTD:87disp.obj
 0001:00037e97       __trandisp2                40038e97 f   LIBCMTD:87disp.obj
 0001:00037f23       __rttospopde               40038f23     LIBCMTD:87disp.obj
 0001:00037f28       __rttospop                 40038f28     LIBCMTD:87disp.obj
 0001:00037f2a       __rtnospop                 40038f2a     LIBCMTD:87disp.obj
 0001:00037f2c       __rttosnpop                40038f2c     LIBCMTD:87disp.obj
 0001:00037f2d       __rtnospopde               40038f2d     LIBCMTD:87disp.obj
 0001:00037f34       __rtzeropop                40038f34     LIBCMTD:87disp.obj
 0001:00037f36       __rtzeronpop               40038f36     LIBCMTD:87disp.obj
 0001:00037f3b       __rtonepop                 40038f3b     LIBCMTD:87disp.obj
 0001:00037f3d       __rtonenpop                40038f3d     LIBCMTD:87disp.obj
 0001:00037f42       __tosnan1                  40038f42     LIBCMTD:87disp.obj
 0001:00037f6d       __nosnan2                  40038f6d     LIBCMTD:87disp.obj
 0001:00037f6f       __tosnan2                  40038f6f     LIBCMTD:87disp.obj
 0001:00037f97       __nan2                     40038f97     LIBCMTD:87disp.obj
 0001:00037fd6       __rtindfpop                40038fd6     LIBCMTD:87disp.obj
 0001:00037fd8       __rtindfnpop               40038fd8     LIBCMTD:87disp.obj
 0001:00037fe9       __rttosnpopde              40038fe9     LIBCMTD:87disp.obj
 0001:00037ff3       __rtchsifneg               40038ff3     LIBCMTD:87disp.obj
 0001:00038000       __twoToTOS                 40039000 f   LIBCMTD:common.obj
 0001:00038015       __load_CW                  40039015 f   LIBCMTD:common.obj
 0001:0003802c       __convertTOStoQNaN         4003902c f   LIBCMTD:common.obj
 0001:00038045       __fload_withFB             40039045 f   LIBCMTD:common.obj
 0001:00038088       __checkTOS_withFB          40039088 f   LIBCMTD:common.obj
 0001:0003809e       __fast_exit                4003909e f   LIBCMTD:common.obj
 0001:000380ab       __math_exit                400390ab f   LIBCMTD:common.obj
 0001:000380d5       __check_overflow_exit      400390d5 f   LIBCMTD:common.obj
 0001:000380e9       __check_range_exit         400390e9 f   LIBCMTD:common.obj
 0001:00038190       __startTwoArgErrorHandling 40039190 f   LIBCMTD:genexcep.obj
 0001:000381a7       __startOneArgErrorHandling 400391a7 f   LIBCMTD:genexcep.obj
 0001:000381f0       __errcode                  400391f0 f   LIBCMTD:fpexcept.obj
 0001:00038260       __except1                  40039260 f   LIBCMTD:fpexcept.obj
 0001:00038360       __except2                  40039360 f   LIBCMTD:fpexcept.obj
 0001:000384b0       __handle_exc               400394b0 f   LIBCMTD:fpexcept.obj
 0001:000387d0       __handle_qnan1             400397d0 f   LIBCMTD:fpexcept.obj
 0001:00038830       __handle_qnan2             40039830 f   LIBCMTD:fpexcept.obj
 0001:000388a0       __raise_exc                400398a0 f   LIBCMTD:fpexcept.obj
 0001:000388d0       __raise_exc_ex             400398d0 f   LIBCMTD:fpexcept.obj
 0001:00038e40       __raise_excf               40039e40 f   LIBCMTD:fpexcept.obj
 0001:00038e70       __set_errno_from_matherr   40039e70 f   LIBCMTD:fpexcept.obj
 0001:00038eb0       __umatherr                 40039eb0 f   LIBCMTD:fpexcept.obj
 0001:00038f50       __add_exp                  40039f50 f   LIBCMTD:util.obj
 0001:00038f80       __decomp                   40039f80 f   LIBCMTD:util.obj
 0001:000390a0       __get_exp                  4003a0a0 f   LIBCMTD:util.obj
 0001:000390d0       __set_bexp                 4003a0d0 f   LIBCMTD:util.obj
 0001:00039100       __set_exp                  4003a100 f   LIBCMTD:util.obj
 0001:00039140       __sptype                   4003a140 f   LIBCMTD:util.obj
 0001:000391c0       ___clrfp_sse2              4003a1c0 f   LIBCMTD:fpctrl.obj
 0001:00039200       ___ctrlfp_sse2             4003a200 f   LIBCMTD:fpctrl.obj
 0001:00039260       ___fclrf_sse2              4003a260 f   LIBCMTD:fpctrl.obj
 0001:00039280       ___get_fpsr_sse2           4003a280 f   LIBCMTD:fpctrl.obj
 0001:000392b0       ___set_fpsr_sse2           4003a2b0 f   LIBCMTD:fpctrl.obj
 0001:00039390       ___set_statfp_sse2         4003a390 f   LIBCMTD:fpctrl.obj
 0001:000393c0       ___statfp_sse2             4003a3c0 f   LIBCMTD:fpctrl.obj
 0001:000393f0       __clrfp                    4003a3f0 f   LIBCMTD:fpctrl.obj
 0001:00039410       __ctrlfp                   4003a410 f   LIBCMTD:fpctrl.obj
 0001:00039440       __set_statfp               4003a440 f   LIBCMTD:fpctrl.obj
 0001:000394b0       __statfp                   4003a4b0 f   LIBCMTD:fpctrl.obj
 0001:000394c0       __CIsin_pentium4           4003a4c0 f   LIBCMTD:sin_pentium4.obj
 0001:000394d8       __sin_pentium4             4003a4d8     LIBCMTD:sin_pentium4.obj
 0001:00039690       ?_invalid_parameter@@YAXPBG00II@Z 4003a690 f   LIBCMTD:invarg.obj
 0001:000396c0       ?_invoke_watson@@YAXPBG00II@Z 4003a6c0 f   LIBCMTD:invarg.obj
 0001:000396e0       __call_reportfault         4003a6e0 f   LIBCMTD:invarg.obj
 0001:00039840       __get_invalid_parameter_handler 4003a840 f   LIBCMTD:invarg.obj
 0001:00039870       __initp_misc_invarg        4003a870 f   LIBCMTD:invarg.obj
 0001:00039880       __invalid_parameter        4003a880 f   LIBCMTD:invarg.obj
 0001:000398e0       __invoke_watson            4003a8e0 f   LIBCMTD:invarg.obj
 0001:00039920       __set_invalid_parameter_handler 4003a920 f   LIBCMTD:invarg.obj
 0001:00039960       ___doserrno                4003a960 f   LIBCMTD:dosmap.obj
 0001:00039990       __dosmaperr                4003a990 f   LIBCMTD:dosmap.obj
 0001:000399c0       __errno                    4003a9c0 f   LIBCMTD:dosmap.obj
 0001:000399f0       __get_doserrno             4003a9f0 f   LIBCMTD:dosmap.obj
 0001:00039a80       __get_errno                4003aa80 f   LIBCMTD:dosmap.obj
 0001:00039b10       __get_errno_from_oserr     4003ab10 f   LIBCMTD:dosmap.obj
 0001:00039b90       __set_doserrno             4003ab90 f   LIBCMTD:dosmap.obj
 0001:00039bc0       __set_errno                4003abc0 f   LIBCMTD:dosmap.obj
 0001:00039bf0       __fltin2                   4003abf0 f   LIBCMTD:cfin.obj
 0001:00039cd0       ___STRINGTOLD_L            4003acd0 f   LIBCMTD:strgtold.obj
 0001:00039d40       ___addl                    4003ad40 f i LIBCMTD:strgtold.obj
 0001:00039d80       ___ld12mul                 4003ad80 f i LIBCMTD:strgtold.obj
 0001:0003a190       ___multtenpow12            4003b190 f i LIBCMTD:strgtold.obj
 0001:0003a270       ___shl_12                  4003b270 f i LIBCMTD:strgtold.obj
 0001:0003a2f0       ___shr_12                  4003b2f0 f i LIBCMTD:strgtold.obj
 0001:0003a370       ___strgtold12_l            4003b370 f   LIBCMTD:strgtold.obj
 0001:0003ae40       ___addlocaleref            4003be40 f   LIBCMTD:localref.obj
 0001:0003af60       ___freetlocinfo            4003bf60 f   LIBCMTD:localref.obj
 0001:0003b250       ___removelocaleref         4003c250 f   LIBCMTD:localref.obj
 0001:0003b370       ___updatetlocinfo          4003c370 f   LIBCMTD:localref.obj
 0001:0003b440       __updatetlocinfoEx_nolock  4003c440 f   LIBCMTD:localref.obj
 0001:0003b4c0       ___initmbctable            4003c4c0 f   LIBCMTD:mbctype.obj
 0001:0003bae0       ___updatetmbcinfo          4003cae0 f   LIBCMTD:mbctype.obj
 0001:0003bbf0       __getmbcp                  4003cbf0 f   LIBCMTD:mbctype.obj
 0001:0003bc60       __setmbcp                  4003cc60 f   LIBCMTD:mbctype.obj
 0001:0003bf00       __setmbcp_nolock           4003cf00 f   LIBCMTD:mbctype.obj
 0001:0003c280       __chvalidator              4003d280 f   LIBCMTD:isctype.obj
 0001:0003c2d0       __chvalidator_l            4003d2d0 f   LIBCMTD:isctype.obj
 0001:0003c390       __isctype                  4003d390 f   LIBCMTD:isctype.obj
 0001:0003c3d0       __isctype_l                4003d3d0 f   LIBCMTD:isctype.obj
 0001:0003c520       ___get_flsindex            4003d520 f   LIBCMTD:tidtable.obj
 0001:0003c530       ___threadhandle            4003d530 f   LIBCMTD:tidtable.obj
 0001:0003c540       ___threadid                4003d540 f   LIBCMTD:tidtable.obj
 0001:0003c550       __freefls@4                4003d550 f   LIBCMTD:tidtable.obj
 0001:0003c750       __freeptd                  4003d750 f   LIBCMTD:tidtable.obj
 0001:0003c790       __getptd                   4003d790 f   LIBCMTD:tidtable.obj
 0001:0003c7c0       __getptd_noexit            4003d7c0 f   LIBCMTD:tidtable.obj
 0001:0003c870       __initptd                  4003d870 f   LIBCMTD:tidtable.obj
 0001:0003c9b0       __mtinit                   4003d9b0 f   LIBCMTD:tidtable.obj
 0001:0003ca60       __mtterm                   4003da60 f   LIBCMTD:tidtable.obj
 0001:0003ca90       ?_CrtDbgReportW@@YAHHPBGH00ZZ 4003da90 f   LIBCMTD:dbgrptw.obj
 0001:0003cae0       __CrtDbgReportW            4003dae0 f   LIBCMTD:dbgrptw.obj
 0001:0003cb30       __CrtDbgReportWV           4003db30 f i LIBCMTD:dbgrptw.obj
 0001:0003cb60       __CrtSetReportHookW2       4003db60 f   LIBCMTD:dbgrptw.obj
 0001:0003ceb0       ___crtMessageWindowW       4003deb0 f   LIBCMTD:dbgrptw.obj
 0001:0003d360       __invoke_watson_if_oneof   4003e360 f i LIBCMTD:dbgrptw.obj
 0001:0003d4f0       ?_RTC_AllocaFailure@@YAXPAXPAU_RTC_ALLOCA_NODE@@H@Z 4003e4f0 f   LIBCMTD:error.obj
 0001:0003d660       ?_RTC_Failure@@YAXPAXH@Z   4003e660 f   LIBCMTD:error.obj
 0001:0003d6b0       ?_RTC_StackFailure@@YAXPAXPBD@Z 4003e6b0 f   LIBCMTD:error.obj
 0001:0003da10       __RTC_UninitUse            4003ea10 f   LIBCMTD:error.obj
 0001:0003db10       ?_RTC_GetErrorFunc@@YAP6AHHPBDH00ZZPBX@Z 4003eb10 f   LIBCMTD:userapi.obj
 0001:0003db20       ?_RTC_GetErrorFuncW@@YAP6AHHPB_WH00ZZPBX@Z 4003eb20 f   LIBCMTD:userapi.obj
 0001:0003db30       __RTC_GetErrDesc           4003eb30 f   LIBCMTD:userapi.obj
 0001:0003db50       __RTC_NumErrors            4003eb50 f   LIBCMTD:userapi.obj
 0001:0003db60       __RTC_SetErrorFunc         4003eb60 f   LIBCMTD:userapi.obj
 0001:0003db80       __RTC_SetErrorFuncW        4003eb80 f   LIBCMTD:userapi.obj
 0001:0003dba0       __RTC_SetErrorType         4003eba0 f   LIBCMTD:userapi.obj
 0001:0003dbd0       __CRT_RTC_INIT             4003ebd0 f   LIBCMTD:chkesp.obj
 0001:0003dbe0       __CRT_RTC_INITW            4003ebe0 f   LIBCMTD:chkesp.obj
 0001:0003dbf0       __chkesp                   4003ebf0 f   LIBCMTD:chkesp.obj
 0001:0003dc30       ?strrchr@@YAPADPADH@Z      4003ec30 f i LIBCMTD:cvt.obj
 0001:0003dc50       __cfltcvt                  4003ec50 f   LIBCMTD:cvt.obj
 0001:0003dc80       __cfltcvt_l                4003ec80 f   LIBCMTD:cvt.obj
 0001:0003dd40       __cftoa                    4003ed40 f   LIBCMTD:cvt.obj
 0001:0003dd70       __cftoa_l                  4003ed70 f   LIBCMTD:cvt.obj
 0001:0003e5e0       __cftoe                    4003f5e0 f   LIBCMTD:cvt.obj
 0001:0003ea20       __cftoe_l                  4003fa20 f   LIBCMTD:cvt.obj
 0001:0003ec50       __cftof                    4003fc50 f   LIBCMTD:cvt.obj
 0001:0003ef00       __cftof_l                  4003ff00 f   LIBCMTD:cvt.obj
 0001:0003f100       __cftog                    40040100 f   LIBCMTD:cvt.obj
 0001:0003f130       __cftog_l                  40040130 f   LIBCMTD:cvt.obj
 0001:0003f3c0       __cropzeros                400403c0 f   LIBCMTD:cvt.obj
 0001:0003f3e0       __cropzeros_l              400403e0 f   LIBCMTD:cvt.obj
 0001:0003f500       __fassign                  40040500 f   LIBCMTD:cvt.obj
 0001:0003f520       __fassign_l                40040520 f   LIBCMTD:cvt.obj
 0001:0003f570       __forcdecpt                40040570 f   LIBCMTD:cvt.obj
 0001:0003f590       __forcdecpt_l              40040590 f   LIBCMTD:cvt.obj
 0001:0003f660       __positive                 40040660 f   LIBCMTD:cvt.obj
 0001:0003f6c0       __setdefaultprecision      400406c0 f   LIBCMTD:fp8.obj
 0001:0003f700       __initp_misc_cfltcvt_tab   40040700 f   LIBCMTD:cmiscdat.obj
 0001:0003f740       _memcpy_s                  40040740 f   LIBCMTD:memcpy_s.obj
 0001:0003f910       _wcscat_s                  40040910 f   LIBCMTD:wcscat_s.obj
 0001:0003fd20       _wcscpy_s                  40040d20 f   LIBCMTD:wcscpy_s.obj
 0001:00040030       _wcslen                    40041030 f   LIBCMTD:wcslen.obj
 0001:00040070       _wcsncat_s                 40041070 f   LIBCMTD:wcsncat_s.obj
 0001:00040560       ___copy_path_to_wide_string 40041560 f   LIBCMTD:crt0dat.obj
 0001:00040750       ___crtCorExitProcess       40041750 f   LIBCMTD:crt0dat.obj
 0001:00040790       ___crtExitProcess          40041790 f   LIBCMTD:crt0dat.obj
 0001:000407b0       ___freeCrtMemory           400417b0 f   LIBCMTD:crt0dat.obj
 0001:00040980       __amsg_exit                40041980 f   LIBCMTD:crt0dat.obj
 0001:000409a0       __c_exit                   400419a0 f   LIBCMTD:crt0dat.obj
 0001:000409c0       __cexit                    400419c0 f   LIBCMTD:crt0dat.obj
 0001:000409e0       __cinit                    400419e0 f   LIBCMTD:crt0dat.obj
 0001:00040a80       __exit                     40041a80 f   LIBCMTD:crt0dat.obj
 0001:00040aa0       __get_pgmptr               40041aa0 f   LIBCMTD:crt0dat.obj
 0001:00040bc0       __get_wpgmptr              40041bc0 f   LIBCMTD:crt0dat.obj
 0001:00040ce0       __init_pointers            40041ce0 f   LIBCMTD:crt0dat.obj
 0001:00040d70       __initterm_e               40041d70 f   LIBCMTD:crt0dat.obj
 0001:00040db0       __lockexit                 40041db0 f   LIBCMTD:crt0dat.obj
 0001:00040dc0       __unlockexit               40041dc0 f   LIBCMTD:crt0dat.obj
 0001:00040fd0       _exit                      40041fd0 f   LIBCMTD:crt0dat.obj
 0001:00040ff0       __set_abort_behavior       40041ff0 f   LIBCMTD:abort.obj
 0001:00041020       _abort                     40042020 f   LIBCMTD:abort.obj
 0001:00041090       ___set_app_type            40042090 f   LIBCMTD:errmode.obj
 0001:000410a0       __set_error_mode           400420a0 f   LIBCMTD:errmode.obj
 0001:000415a0       __i64tow_s                 400425a0 f   LIBCMTD:xtows.obj
 0001:000415f0       __itow_s                   400425f0 f   LIBCMTD:xtows.obj
 0001:00041650       __ltow_s                   40042650 f   LIBCMTD:xtows.obj
 0001:00041690       __ui64tow_s                40042690 f   LIBCMTD:xtows.obj
 0001:000416b0       __ultow_s                  400426b0 f   LIBCMTD:xtows.obj
 0001:00041ad0       ___initstdio               40042ad0 f   LIBCMTD:_file.obj
 0001:00041ba0       ___endstdio                40042ba0 f   LIBCMTD:_file.obj
 0001:00041be0       ___iob_func                40042be0 f   LIBCMTD:_file.obj
 0001:00041bf0       __lock_file                40042bf0 f   LIBCMTD:_file.obj
 0001:00041c50       __lock_file2               40042c50 f   LIBCMTD:_file.obj
 0001:00041c90       __unlock_file              40042c90 f   LIBCMTD:_file.obj
 0001:00041cf0       __unlock_file2             40042cf0 f   LIBCMTD:_file.obj
 0001:00041d30       __fflush_nolock            40042d30 f   LIBCMTD:fflush.obj
 0001:00041da0       __flush                    40042da0 f   LIBCMTD:fflush.obj
 0001:00041e60       __flushall                 40042e60 f   LIBCMTD:fflush.obj
 0001:00041e70       _fflush                    40042e70 f   LIBCMTD:fflush.obj
 0001:000420b0       _setvbuf                   400430b0 f   LIBCMTD:setvbuf.obj
 0001:000423b0       __fwprintf_l               400433b0 f   LIBCMTD:fwprintf.obj
 0001:000423e0       __fwprintf_p               400433e0 f   LIBCMTD:fwprintf.obj
 0001:00042410       __fwprintf_p_l             40043410 f   LIBCMTD:fwprintf.obj
 0001:00042440       __fwprintf_s_l             40043440 f   LIBCMTD:fwprintf.obj
 0001:00042470       _fwprintf                  40043470 f   LIBCMTD:fwprintf.obj
 0001:00042620       _fwprintf_s                40043620 f   LIBCMTD:fwprintf.obj
 0001:00042650       __vsnwprintf_s             40043650 f   LIBCMTD:vswprnc.obj
 0001:00042680       __vsnwprintf_s_l           40043680 f   LIBCMTD:vswprnc.obj
 0001:00042a60       __vswprintf_c              40043a60 f   LIBCMTD:vswprnc.obj
 0001:00042ab0       __vswprintf_c_l            40043ab0 f   LIBCMTD:vswprnc.obj
 0001:00042b00       __vswprintf_helper         40043b00 f   LIBCMTD:vswprnc.obj
 0001:00042d70       __vswprintf_p              40043d70 f   LIBCMTD:vswprnc.obj
 0001:00042dc0       __vswprintf_p_l            40043dc0 f   LIBCMTD:vswprnc.obj
 0001:00042e10       __vswprintf_s_l            40043e10 f   LIBCMTD:vswprnc.obj
 0001:000430a0       _vswprintf_s               400440a0 f   LIBCMTD:vswprnc.obj
 0001:000430c0       ___fpecode                 400440c0 f   LIBCMTD:winsig.obj
 0001:000430d0       ___get_sigabrt             400440d0 f   LIBCMTD:winsig.obj
 0001:000430f0       ___pxcptinfoptrs           400440f0 f   LIBCMTD:winsig.obj
 0001:00043100       __initp_misc_winsig        40044100 f   LIBCMTD:winsig.obj
 0001:00043220       _raise                     40044220 f   LIBCMTD:winsig.obj
 0001:00043590       _signal                    40044590 f   LIBCMTD:winsig.obj
 0001:00043940       ___crtMessageBoxW          40044940 f   LIBCMTD:crtmboxw.obj
 0001:00043c50       ___crtMessageBoxWaitThreadW@4 40044c50 f   LIBCMTD:crtmboxw.obj
 0001:00043c90       __FF_MSGBANNER             40044c90 f   LIBCMTD:crt0msg.obj
 0001:00043ce0       __GET_RTERRMSG             40044ce0 f   LIBCMTD:crt0msg.obj
 0001:00043d20       __NMSG_WRITE               40044d20 f   LIBCMTD:crt0msg.obj
 0001:000440fc       __fFATN2                   400450fc     LIBCMTD:87triga.obj
 0001:0004414c       __rtpiby2                  4004514c     LIBCMTD:87triga.obj
 0001:00044190       __cintrindisp2             40045190 f   LIBCMTD:87cdisp.obj
 0001:000441ce       __cintrindisp1             400451ce f   LIBCMTD:87cdisp.obj
 0001:0004420b       __ctrandisp2               4004520b f   LIBCMTD:87cdisp.obj
 0001:0004439a       __ctrandisp1               4004539a f   LIBCMTD:87cdisp.obj
 0001:000443cd       __fload                    400453cd f   LIBCMTD:87cdisp.obj
 0001:00044410       ___isa_available_init      40045410 f   LIBCMTD:cpu_disp.obj
 0001:00044610       __VEC_memset               40045610 f   LIBCMTD:p4_memset.obj
 0001:000446e0       __CrtDefaultAllocHook      400456e0 f   LIBCMTD:dbghook.obj
 0001:000446f0       __crt_debugger_hook        400456f0 f   LIBCMTD:dbghook.obj
 0001:00044750       ___crtCloseThreadpoolTimer 40045750 f   LIBCMTD:winapisupp.obj
 0001:00044780       ___crtCloseThreadpoolWait  40045780 f   LIBCMTD:winapisupp.obj
 0001:000447b0       ___crtCreateSemaphoreExW@24 400457b0 f   LIBCMTD:winapisupp.obj
 0001:00044810       ___crtCreateSymbolicLinkW  40045810 f   LIBCMTD:winapisupp.obj
 0001:00044850       ___crtCreateThreadpoolTimer 40045850 f   LIBCMTD:winapisupp.obj
 0001:00044890       ___crtCreateThreadpoolWait 40045890 f   LIBCMTD:winapisupp.obj
 0001:000448d0       ___crtFlsAlloc             400458d0 f   LIBCMTD:winapisupp.obj
 0001:00044900       ___crtFlsFree              40045900 f   LIBCMTD:winapisupp.obj
 0001:00044940       ___crtFlsGetValue          40045940 f   LIBCMTD:winapisupp.obj
 0001:00044980       ___crtFlsSetValue          40045980 f   LIBCMTD:winapisupp.obj
 0001:000449c0       ___crtFlushProcessWriteBuffers 400459c0 f   LIBCMTD:winapisupp.obj
 0001:000449f0       ___crtFreeLibraryWhenCallbackReturns 400459f0 f   LIBCMTD:winapisupp.obj
 0001:00044a20       ___crtGetCurrentProcessorNumber 40045a20 f   LIBCMTD:winapisupp.obj
 0001:00044a50       ___crtGetLogicalProcessorInformation 40045a50 f   LIBCMTD:winapisupp.obj
 0001:00044a90       ___crtGetShowWindowMode    40045a90 f   LIBCMTD:winapisupp.obj
 0001:00044ac0       ___crtInitializeCriticalSectionEx 40045ac0 f   LIBCMTD:winapisupp.obj
 0001:00044b10       ___crtIsPackagedApp        40045b10 f   LIBCMTD:winapisupp.obj
 0001:00044b50       ___crtLoadWinApiPointers   40045b50 f   LIBCMTD:winapisupp.obj
 0001:00044f60       ___crtSetThreadStackGuarantee 40045f60 f   LIBCMTD:winapisupp.obj
 0001:00044f90       ___crtSetThreadpoolTimer   40045f90 f   LIBCMTD:winapisupp.obj
 0001:00044fd0       ___crtSetThreadpoolWait    40045fd0 f   LIBCMTD:winapisupp.obj
 0001:00045000       ___crtSetUnhandledExceptionFilter 40046000 f   LIBCMTD:winapisupp.obj
 0001:00045010       ___crtTerminateProcess     40046010 f   LIBCMTD:winapisupp.obj
 0001:00045030       ___crtUnhandledException   40046030 f   LIBCMTD:winapisupp.obj
 0001:00045050       ___crtWaitForThreadpoolTimerCallbacks 40046050 f   LIBCMTD:winapisupp.obj
 0001:00045080       __flsbuf                   40046080 f   LIBCMTD:_flsbuf.obj
 0001:00045350       __output_l                 40046350 f   LIBCMTD:output.obj
 0001:000469f0       _get_int64_arg             400479f0 f i LIBCMTD:output.obj
 0001:00046a10       _get_int_arg               40047a10 f i LIBCMTD:output.obj
 0001:00046a30       _get_short_arg             40047a30 f i LIBCMTD:output.obj
 0001:00046c10       __output_p_l               40047c10 f   LIBCMTD:outputp.obj
 0001:0004aa00       __validate_param_reuseA    4004ba00 f   LIBCMTD:outputp.obj
 0001:0004acf0       _get_crtdouble_arg         4004bcf0 f i LIBCMTD:outputp.obj
 0001:0004aeb0       ___iswcsym                 4004beb0 f i LIBCMTD:_wctype.obj
 0001:0004aef0       ___iswcsymf                4004bef0 f i LIBCMTD:_wctype.obj
 0001:0004af30       __isleadbyte_l             4004bf30 f i LIBCMTD:_wctype.obj
 0001:0004af80       __iswalnum_l               4004bf80 f i LIBCMTD:_wctype.obj
 0001:0004afa0       __iswalpha_l               4004bfa0 f i LIBCMTD:_wctype.obj
 0001:0004afc0       __iswcntrl_l               4004bfc0 f i LIBCMTD:_wctype.obj
 0001:0004afe0       __iswcsym_l                4004bfe0 f i LIBCMTD:_wctype.obj
 0001:0004b020       __iswcsymf_l               4004c020 f i LIBCMTD:_wctype.obj
 0001:0004b060       __iswdigit_l               4004c060 f i LIBCMTD:_wctype.obj
 0001:0004b080       __iswgraph_l               4004c080 f i LIBCMTD:_wctype.obj
 0001:0004b0a0       __iswlower_l               4004c0a0 f i LIBCMTD:_wctype.obj
 0001:0004b0c0       __iswprint_l               4004c0c0 f i LIBCMTD:_wctype.obj
 0001:0004b0e0       __iswpunct_l               4004c0e0 f i LIBCMTD:_wctype.obj
 0001:0004b100       __iswspace_l               4004c100 f i LIBCMTD:_wctype.obj
 0001:0004b120       __iswupper_l               4004c120 f i LIBCMTD:_wctype.obj
 0001:0004b140       __iswxdigit_l              4004c140 f i LIBCMTD:_wctype.obj
 0001:0004b160       _isleadbyte                4004c160 f i LIBCMTD:_wctype.obj
 0001:0004b180       _iswalnum                  4004c180 f i LIBCMTD:_wctype.obj
 0001:0004b1a0       _iswalpha                  4004c1a0 f i LIBCMTD:_wctype.obj
 0001:0004b1c0       _iswascii                  4004c1c0 f i LIBCMTD:_wctype.obj
 0001:0004b1f0       _iswcntrl                  4004c1f0 f i LIBCMTD:_wctype.obj
 0001:0004b210       _iswdigit                  4004c210 f i LIBCMTD:_wctype.obj
 0001:0004b230       _iswgraph                  4004c230 f i LIBCMTD:_wctype.obj
 0001:0004b250       _iswlower                  4004c250 f i LIBCMTD:_wctype.obj
 0001:0004b270       _iswprint                  4004c270 f i LIBCMTD:_wctype.obj
 0001:0004b290       _iswpunct                  4004c290 f i LIBCMTD:_wctype.obj
 0001:0004b2b0       _iswspace                  4004c2b0 f i LIBCMTD:_wctype.obj
 0001:0004b2d0       _iswupper                  4004c2d0 f i LIBCMTD:_wctype.obj
 0001:0004b2f0       _iswxdigit                 4004c2f0 f i LIBCMTD:_wctype.obj
 0001:0004b600       __MarkAllocaS              4004c600 f i LIBCMTD:a_map.obj
 0001:0004b620       ___crtLCMapStringA         4004c620 f   LIBCMTD:a_map.obj
 0001:0004b680       __freea                    4004c680 f i LIBCMTD:a_map.obj
 0001:0004b6f0       ___init_dummy              4004c6f0 f   LIBCMTD:wsetloca.obj
 0001:0004b700       __locterm                  4004c700 f   LIBCMTD:wsetloca.obj
 0001:0004b790       ____setlc_active_func      4004c790 f   LIBCMTD:wsetloca.obj
 0001:0004b7a0       ____unguarded_readlc_active_add_func 4004c7a0 f   LIBCMTD:wsetloca.obj
 0001:0004b7b0       ___copy_locale_name        4004c7b0 f   LIBCMTD:wsetloca.obj
 0001:0004b850       ___create_locale           4004c850 f   LIBCMTD:wsetloca.obj
 0001:0004b870       ___free_locale             4004c870 f   LIBCMTD:wsetloca.obj
 0001:0004b890       ___get_current_locale      4004c890 f   LIBCMTD:wsetloca.obj
 0001:0004b8a0       ___lc_lctowcs              4004c8a0 f   LIBCMTD:wsetloca.obj
 0001:0004b950       ___lc_wcstolc              4004c950 f   LIBCMTD:wsetloca.obj
 0001:0004bb70       __configthreadlocale       4004cb70 f   LIBCMTD:wsetloca.obj
 0001:0004bcd0       __create_locale            4004ccd0 f   LIBCMTD:wsetloca.obj
 0001:0004bd40       __expandlocale             4004cd40 f   LIBCMTD:wsetloca.obj
 0001:0004c230       __free_locale              4004d230 f   LIBCMTD:wsetloca.obj
 0001:0004c360       __get_current_locale       4004d360 f   LIBCMTD:wsetloca.obj
 0001:0004c480       __wcreate_locale           4004d480 f   LIBCMTD:wsetloca.obj
 0001:0004c660       __wcscats                  4004d660 f   LIBCMTD:wsetloca.obj
 0001:0004c6e0       __wsetlocale               4004d6e0 f   LIBCMTD:wsetloca.obj
 0001:0004dca0       __strtoi64                 4004eca0 f   LIBCMTD:strtoq.obj
 0001:0004dcf0       __strtoi64_l               4004ecf0 f   LIBCMTD:strtoq.obj
 0001:0004dd10       __strtoui64                4004ed10 f   LIBCMTD:strtoq.obj
 0001:0004dd60       __strtoui64_l              4004ed60 f   LIBCMTD:strtoq.obj
 0001:0004e280       __strtol_l                 4004f280 f   LIBCMTD:strtol.obj
 0001:0004e2a0       __strtoul_l                4004f2a0 f   LIBCMTD:strtol.obj
 0001:0004e2c0       _strtol                    4004f2c0 f   LIBCMTD:strtol.obj
 0001:0004e310       _strtoul                   4004f310 f   LIBCMTD:strtol.obj
 0001:0004e360       __CItan_pentium4           4004f360 f   LIBCMTD:tan_pentium4.obj
 0001:0004e378       __tan_pentium4             4004f378     LIBCMTD:tan_pentium4.obj
 0001:0004e5c0       __XcptFilter               4004f5c0 f   LIBCMTD:winxfltr.obj
 0001:0004e7c0       ___CppXcptFilter           4004f7c0 f   LIBCMTD:winxfltr.obj
 0001:0004e850       __get_heap_handle          4004f850 f   LIBCMTD:heapinit.obj
 0001:0004e890       __heap_init                4004f890 f   LIBCMTD:heapinit.obj
 0001:0004e8c0       __heap_term                4004f8c0 f   LIBCMTD:heapinit.obj
 0001:0004e8d0       __ioinit                   4004f8d0 f   LIBCMTD:ioinit.obj
 0001:0004edb0       __ioterm                   4004fdb0 f   LIBCMTD:ioinit.obj
 0001:0004ee50       __set_pgmptr               4004fe50 f i LIBCMTD:stdargv.obj
 0001:0004ee60       __setargv                  4004fe60 f   LIBCMTD:stdargv.obj
 0001:0004f330       __setenvp                  40050330 f   LIBCMTD:stdenvp.obj
 0001:0004f960       __CrtCheckMemory           40050960 f   LIBCMTD:dbgheap.obj
 0001:0004fdc0       __CrtDoForAllClientObjects 40050dc0 f   LIBCMTD:dbgheap.obj
 0001:0004fef0       __CrtDumpMemoryLeaks       40050ef0 f   LIBCMTD:dbgheap.obj
 0001:0004ff90       __CrtGetAllocHook          40050f90 f   LIBCMTD:dbgheap.obj
 0001:0004ffa0       __CrtGetCheckCount         40050fa0 f   LIBCMTD:dbgheap.obj
 0001:0004ffb0       __CrtGetDumpClient         40050fb0 f   LIBCMTD:dbgheap.obj
 0001:0004ffc0       __CrtIsMemoryBlock         40050fc0 f   LIBCMTD:dbgheap.obj
 0001:00050130       __CrtIsValidHeapPointer    40051130 f   LIBCMTD:dbgheap.obj
 0001:00050170       __CrtIsValidPointer        40051170 f   LIBCMTD:dbgheap.obj
 0001:000501a0       __CrtMemCheckpoint         400511a0 f   LIBCMTD:dbgheap.obj
 0001:000503d0       __CrtMemDifference         400513d0 f   LIBCMTD:dbgheap.obj
 0001:00050630       __CrtMemDumpAllObjectsSince 40051630 f   LIBCMTD:dbgheap.obj
 0001:00050670       __CrtMemDumpStatistics     40051670 f   LIBCMTD:dbgheap.obj
 0001:00050790       __CrtReportBlockType       40051790 f   LIBCMTD:dbgheap.obj
 0001:000507c0       __CrtSetAllocHook          400517c0 f   LIBCMTD:dbgheap.obj
 0001:000507e0       __CrtSetBreakAlloc         400517e0 f   LIBCMTD:dbgheap.obj
 0001:00050800       __CrtSetCheckCount         40051800 f   LIBCMTD:dbgheap.obj
 0001:00050820       __CrtSetDbgBlockType       40051820 f   LIBCMTD:dbgheap.obj
 0001:00050910       __CrtSetDbgFlag            40051910 f   LIBCMTD:dbgheap.obj
 0001:00050a60       __CrtSetDebugFillThreshold 40051a60 f   LIBCMTD:dbgheap.obj
 0001:00050a80       __CrtSetDumpClient         40051a80 f   LIBCMTD:dbgheap.obj
 0001:00050aa0       __aligned_free             40051aa0 f   LIBCMTD:dbgheap.obj
 0001:00050ac0       __aligned_free_dbg         40051ac0 f   LIBCMTD:dbgheap.obj
 0001:00050b70       __aligned_malloc           40051b70 f   LIBCMTD:dbgheap.obj
 0001:00050b90       __aligned_malloc_dbg       40051b90 f   LIBCMTD:dbgheap.obj
 0001:00050bb0       __aligned_msize            40051bb0 f   LIBCMTD:dbgheap.obj
 0001:00050bd0       __aligned_msize_dbg        40051bd0 f   LIBCMTD:dbgheap.obj
 0001:00050cf0       __aligned_offset_malloc    40051cf0 f   LIBCMTD:dbgheap.obj
 0001:00050d10       __aligned_offset_malloc_dbg 40051d10 f   LIBCMTD:dbgheap.obj
 0001:00050ef0       __aligned_offset_realloc   40051ef0 f   LIBCMTD:dbgheap.obj
 0001:00050f20       __aligned_offset_realloc_dbg 40051f20 f   LIBCMTD:dbgheap.obj
 0001:00051230       __aligned_offset_recalloc  40052230 f   LIBCMTD:dbgheap.obj
 0001:00051260       __aligned_offset_recalloc_dbg 40052260 f   LIBCMTD:dbgheap.obj
 0001:00051320       __aligned_realloc          40052320 f   LIBCMTD:dbgheap.obj
 0001:00051340       __aligned_realloc_dbg      40052340 f   LIBCMTD:dbgheap.obj
 0001:00051370       __aligned_recalloc         40052370 f   LIBCMTD:dbgheap.obj
 0001:000513a0       __aligned_recalloc_dbg     400523a0 f   LIBCMTD:dbgheap.obj
 0001:000513d0       __calloc_dbg               400523d0 f   LIBCMTD:dbgheap.obj
 0001:00051430       __calloc_dbg_impl          40052430 f   LIBCMTD:dbgheap.obj
 0001:000514b0       __expand                   400524b0 f   LIBCMTD:dbgheap.obj
 0001:000514e0       __expand_dbg               400524e0 f   LIBCMTD:dbgheap.obj
 0001:00051600       __free_dbg                 40052600 f   LIBCMTD:dbgheap.obj
 0001:00051680       __free_dbg_nolock          40052680 f   LIBCMTD:dbgheap.obj
 0001:00051b80       __free_nolock              40052b80 f   LIBCMTD:dbgheap.obj
 0001:00051ba0       __heap_alloc               40052ba0 f   LIBCMTD:dbgheap.obj
 0001:00051bc0       __heap_alloc_dbg           40052bc0 f   LIBCMTD:dbgheap.obj
 0001:00051fe0       __malloc_dbg               40052fe0 f   LIBCMTD:dbgheap.obj
 0001:00052010       __msize                    40053010 f   LIBCMTD:dbgheap.obj
 0001:00052030       __msize_dbg                40053030 f   LIBCMTD:dbgheap.obj
 0001:00052240       __nh_malloc                40053240 f   LIBCMTD:dbgheap.obj
 0001:00052260       __nh_malloc_dbg            40053260 f   LIBCMTD:dbgheap.obj
 0001:000524f0       __realloc_dbg              400534f0 f   LIBCMTD:dbgheap.obj
 0001:00052580       __recalloc                 40053580 f   LIBCMTD:dbgheap.obj
 0001:000525b0       __recalloc_dbg             400535b0 f   LIBCMTD:dbgheap.obj
 0001:00052c70       ___security_init_cookie    40053c70 f   LIBCMTD:gs_support.obj
 0001:00052d50       _DllMain@12                40053d50 f   LIBCMTD:dllmain.obj
 0001:00052d60       ___crtGetEnvironmentStringsA 40053d60 f   LIBCMTD:a_env.obj
 0001:00052e60       __RTC_Initialize           40053e60 f   LIBCMTD:initsect.obj
 0001:00052e90       __RTC_Terminate            40053e90 f   LIBCMTD:initsect.obj
 0001:00052f20       __except_handler4          40053f20 f   LIBCMTD:chandler4.obj
 0001:000530e0       __87except                 400540e0 f   LIBCMTD:87except.obj
 0001:000532e0       __matherr                  400542e0 f   LIBCMTD:matherr.obj
 0001:000532f0       __CopyMan                  400542f0 f i LIBCMTD:intrncvt.obj
 0001:00053340       __FillZeroMan              40054340 f i LIBCMTD:intrncvt.obj
 0001:00053370       __IncMan                   40054370 f i LIBCMTD:intrncvt.obj
 0001:00053420       __IsZeroMan                40054420 f i LIBCMTD:intrncvt.obj
 0001:00053460       __RoundMan                 40054460 f i LIBCMTD:intrncvt.obj
 0001:00053540       __ShrMan                   40054540 f i LIBCMTD:intrncvt.obj
 0001:00053630       __ZeroTail                 40054630 f i LIBCMTD:intrncvt.obj
 0001:000536c0       __ld12cvt                  400546c0 f i LIBCMTD:intrncvt.obj
 0001:00053980       __ld12tod                  40054980 f   LIBCMTD:intrncvt.obj
 0001:000539a0       __ld12tof                  400549a0 f   LIBCMTD:intrncvt.obj
 0001:000539c0       __ld12told                 400549c0 f   LIBCMTD:intrncvt.obj
 0001:00053ac0       ___add_12                  40054ac0 f i LIBCMTD:mantold.obj
 0001:00053b70       ___mtold12                 40054b70 f   LIBCMTD:mantold.obj
 0001:00053cc0       __lock                     40054cc0 f   LIBCMTD:mlock.obj
 0001:00053d00       __lockerr_exit             40054d00 f   LIBCMTD:mlock.obj
 0001:00053d30       __mtdeletelocks            40054d30 f   LIBCMTD:mlock.obj
 0001:00053df0       __mtinitlocknum            40054df0 f   LIBCMTD:mlock.obj
 0001:00053f10       __mtinitlocks              40054f10 f   LIBCMTD:mlock.obj
 0001:00053f90       __unlock                   40054f90 f   LIBCMTD:mlock.obj
 0001:00053fb0       ___free_lconv_mon          40054fb0 f   LIBCMTD:initmon.obj
 0001:00054160       ___init_monetary           40055160 f   LIBCMTD:initmon.obj
 0001:00054770       ___free_lconv_num          40055770 f   LIBCMTD:initnum.obj
 0001:00054820       ___init_numeric            40055820 f   LIBCMTD:initnum.obj
 0001:00054bf0       ___free_lc_time            40055bf0 f   LIBCMTD:inittime.obj
 0001:00055520       ___init_time               40056520 f   LIBCMTD:inittime.obj
 0001:00056520       _localeconv                40057520 f   LIBCMTD:lconv.obj
 0001:00056680       ___crtGetStringTypeA       40057680 f   LIBCMTD:a_str.obj
 0001:000567d0       ?_CallCatchBlock2@@YAPAXPAUEHRegistrationNode@@PBU_s_FuncInfo@@PAXHK@Z 400577d0 f   LIBCMTD:_trnsctrl_.obj
 0001:00056840       ?_CallMemberFunction0@@YGXPAX0@Z 40057840 f   LIBCMTD:_trnsctrl_.obj
 0001:00056850       ?_CallMemberFunction1@@YGXPAX00@Z 40057850 f   LIBCMTD:_trnsctrl_.obj
 0001:00056860       ?_CallMemberFunction2@@YGXPAX00H@Z 40057860 f   LIBCMTD:_trnsctrl_.obj
 0001:00056870       ?_CallSETranslator@@YAHPAUEHExceptionRecord@@PAUEHRegistrationNode@@PAX2PBU_s_FuncInfo@@H1@Z 40057870 f   LIBCMTD:_trnsctrl_.obj
 0001:00056960       ?_GetRangeOfTrysToCheck@@YAPBU_s_TryBlockMapEntry@@PBU_s_FuncInfo@@HHPAI1@Z 40057960 f   LIBCMTD:_trnsctrl_.obj
 0001:000569f0       ?_JumpToContinuation@@YGXPAXPAUEHRegistrationNode@@@Z 400579f0 f   LIBCMTD:_trnsctrl_.obj
 0001:00056a30       ?_UnwindNestedFrames@@YGXPAUEHRegistrationNode@@PAUEHExceptionRecord@@@Z 40057a30 f   LIBCMTD:_trnsctrl_.obj
 0001:00056a90       __CreateFrameInfo          40057a90 f   LIBCMTD:_trnsctrl_.obj
 0001:00056ac0       __FindAndUnlinkFrame       40057ac0 f   LIBCMTD:_trnsctrl_.obj
 0001:00056b20       __IsExceptionObjectToBeDestroyed 40057b20 f   LIBCMTD:_trnsctrl_.obj
 0001:00056b50       ___CxxFrameHandler         40057b50 f   LIBCMTD:_trnsctrl_.obj
 0001:00056b90       ___CxxFrameHandler2        40057b90 f   LIBCMTD:_trnsctrl_.obj
 0001:00056bd0       ___CxxFrameHandler3        40057bd0 f   LIBCMTD:_trnsctrl_.obj
 0001:00056c10       ___CxxLongjmpUnwind@4      40057c10 f   LIBCMTD:_trnsctrl_.obj
 0001:00056c40       ___swprintf_l              40057c40 f   LIBCMTD:swprintf.obj
 0001:00056c70       __scwprintf                40057c70 f   LIBCMTD:swprintf.obj
 0001:00056c90       __scwprintf_l              40057c90 f   LIBCMTD:swprintf.obj
 0001:00056cc0       __scwprintf_p              40057cc0 f   LIBCMTD:swprintf.obj
 0001:00056ce0       __scwprintf_p_l            40057ce0 f   LIBCMTD:swprintf.obj
 0001:00056d10       __snwprintf_s              40057d10 f   LIBCMTD:swprintf.obj
 0001:00056d40       __snwprintf_s_l            40057d40 f   LIBCMTD:swprintf.obj
 0001:00056d70       __swprintf                 40057d70 f   LIBCMTD:swprintf.obj
 0001:00056f90       __swprintf_p               40057f90 f   LIBCMTD:swprintf.obj
 0001:00056fc0       __swprintf_p_l             40057fc0 f   LIBCMTD:swprintf.obj
 0001:00056ff0       __swprintf_s_l             40057ff0 f   LIBCMTD:swprintf.obj
 0001:00057020       _swprintf_s                40058020 f   LIBCMTD:swprintf.obj
 0001:00057050       __CrtDbgBreak              40058050 f   LIBCMTD:dbgrptt.obj
 0001:00057060       __CrtGetReportHook         40058060 f   LIBCMTD:dbgrptt.obj
 0001:00057070       __CrtSetReportFile         40058070 f   LIBCMTD:dbgrptt.obj
 0001:00057170       __CrtSetReportHook         40058170 f   LIBCMTD:dbgrptt.obj
 0001:00057190       __CrtSetReportMode         40058190 f   LIBCMTD:dbgrptt.obj
 0001:000572d0       __VCrtDbgReportA           400582d0 f   LIBCMTD:dbgrptt.obj
 0001:00057b50       __VCrtDbgReportW           40058b50 f   LIBCMTD:dbgrptt.obj
 0001:000584c0       ___pctype_func             400594c0 f   LIBCMTD:ctype.obj
 0001:00058510       ___pwctype_func            40059510 f   LIBCMTD:ctype.obj
 0001:00058950       ?_RTC_GetSrcLine@@YAHPAEPA_WKPAH1K@Z 40059950 f   LIBCMTD:pdblkup.obj
 0001:00058c00       __CrtDbgReport             40059c00 f   LIBCMTD:dbgrpt.obj
 0001:00058c50       __CrtDbgReportV            40059c50 f i LIBCMTD:dbgrpt.obj
 0001:00058c80       __CrtSetReportHook2        40059c80 f   LIBCMTD:dbgrpt.obj
 0001:00058fd0       ___crtMessageWindowA       40059fd0 f   LIBCMTD:dbgrpt.obj
 0001:00059470       ___isascii                 4005a470 f i LIBCMTD:_ctype.obj
 0001:000594a0       ___iscsym                  4005a4a0 f i LIBCMTD:_ctype.obj
 0001:000594e0       ___iscsymf                 4005a4e0 f i LIBCMTD:_ctype.obj
 0001:00059520       ___toascii                 4005a520 f i LIBCMTD:_ctype.obj
 0001:00059530       __isalnum_l                4005a530 f i LIBCMTD:_ctype.obj
 0001:000595b0       __isalpha_l                4005a5b0 f i LIBCMTD:_ctype.obj
 0001:00059630       __iscntrl_l                4005a630 f i LIBCMTD:_ctype.obj
 0001:000596b0       __iscsym_l                 4005a6b0 f i LIBCMTD:_ctype.obj
 0001:000596f0       __iscsymf_l                4005a6f0 f i LIBCMTD:_ctype.obj
 0001:00059730       __isdigit_l                4005a730 f i LIBCMTD:_ctype.obj
 0001:000597b0       __isgraph_l                4005a7b0 f i LIBCMTD:_ctype.obj
 0001:00059830       __islower_l                4005a830 f i LIBCMTD:_ctype.obj
 0001:000598b0       __isprint_l                4005a8b0 f i LIBCMTD:_ctype.obj
 0001:00059930       __ispunct_l                4005a930 f i LIBCMTD:_ctype.obj
 0001:000599b0       __isspace_l                4005a9b0 f i LIBCMTD:_ctype.obj
 0001:00059a30       __isupper_l                4005aa30 f i LIBCMTD:_ctype.obj
 0001:00059ab0       __isxdigit_l               4005aab0 f i LIBCMTD:_ctype.obj
 0001:00059b30       _isalnum                   4005ab30 f i LIBCMTD:_ctype.obj
 0001:00059b70       _isalpha                   4005ab70 f i LIBCMTD:_ctype.obj
 0001:00059bb0       _iscntrl                   4005abb0 f i LIBCMTD:_ctype.obj
 0001:00059be0       _isdigit                   4005abe0 f i LIBCMTD:_ctype.obj
 0001:00059c10       _isgraph                   4005ac10 f i LIBCMTD:_ctype.obj
 0001:00059c50       _islower                   4005ac50 f i LIBCMTD:_ctype.obj
 0001:00059c80       _isprint                   4005ac80 f i LIBCMTD:_ctype.obj
 0001:00059cc0       _ispunct                   4005acc0 f i LIBCMTD:_ctype.obj
 0001:00059cf0       _isspace                   4005acf0 f i LIBCMTD:_ctype.obj
 0001:00059d20       _isupper                   4005ad20 f i LIBCMTD:_ctype.obj
 0001:00059d50       _isxdigit                  4005ad50 f i LIBCMTD:_ctype.obj
 0001:00059d90       _strcpy_s                  4005ad90 f   LIBCMTD:strcpy_s.obj
 0001:0005a090       _strrchr                   4005b090 f   LIBCMTD:strrchr.obj
 0001:0005a1d0       __fptostr                  4005b1d0 f   LIBCMTD:_fptostr.obj
 0001:0005a4f0       __atodbl                   4005b4f0 f   LIBCMTD:atodbl.obj
 0001:0005a510       __atodbl_l                 4005b510 f   LIBCMTD:atodbl.obj
 0001:0005a610       __atoflt                   4005b610 f   LIBCMTD:atodbl.obj
 0001:0005a630       __atoflt_l                 4005b630 f   LIBCMTD:atodbl.obj
 0001:0005a730       __atoldbl                  4005b730 f   LIBCMTD:atodbl.obj
 0001:0005a750       __atoldbl_l                4005b750 f   LIBCMTD:atodbl.obj
 0001:0005a850       ___dtold                   4005b850 f   LIBCMTD:cfout.obj
 0001:0005a9b0       __fltout2                  4005b9b0 f   LIBCMTD:cfout.obj
 0001:0005aa60       __alldiv                   4005ba60 f   LIBCMTD:lldiv.obj
 0001:0005ab10       __allrem                   4005bb10 f   LIBCMTD:llrem.obj
 0001:0005abd0       __allshl                   4005bbd0 f   LIBCMTD:llshl.obj
 0001:0005abf0       __aullshr                  4005bbf0 f   LIBCMTD:ullshr.obj
 0001:0005ac10       __get_output_format        4005bc10 f   LIBCMTD:outputformat.obj
 0001:0005ac20       __set_output_format        4005bc20 f   LIBCMTD:outputformat.obj
 0001:0005acc0       __controlfp_s              4005bcc0 f   LIBCMTD:contrlfp.obj
 0001:0005adb0       __fptrap                   4005bdb0 f   LIBCMTD:crt0fp.obj
 0001:0005adc0       __FindPESection            4005bdc0 f   LIBCMTD:pesect.obj
 0001:0005ae40       __IsNonwritableInCurrentImage 4005be40 f   LIBCMTD:pesect.obj
 0001:0005af70       __ValidateImageBase        4005bf70 f   LIBCMTD:pesect.obj
 0001:0005afd0       ___onexitinit              4005bfd0 f   LIBCMTD:onexit.obj
 0001:0005b030       __onexit                   4005c030 f   LIBCMTD:onexit.obj
 0001:0005b1f0       _atexit                    4005c1f0 f   LIBCMTD:onexit.obj
 0001:0005b220       ?_inconsistency@@YAXXZ     4005c220 f   LIBCMTD:hooks.obj
 0001:0005b2b0       ?terminate@@YAXXZ          4005c2b0 f   LIBCMTD:hooks.obj
 0001:0005b330       ?unexpected@@YAXXZ         4005c330 f   LIBCMTD:hooks.obj
 0001:0005b360       __initp_eh_hooks           4005c360 f   LIBCMTD:hooks.obj
 0001:0005b380       ?_query_new_handler@@YAP6AHI@ZXZ 4005c380 f   LIBCMTD:handler.obj
[...]
 0002:000184e0       __sehtable$?_Name_base@type_info@@CAPBDPBV1@PAU__type_info_node@@@Z 4009a4e0     LIBCMTD:typname.obj
 0002:00018500       __sehtable$?_Type_info_dtor@type_info@@CAXPAV1@@Z 4009a500     LIBCMTD:typname.obj
 0002:00018520       __sehtable$?_Name_base_internal@type_info@@CAPBDPBV1@PAU__type_info_node@@@Z 4009a520     LIBCMTD:typname.obj
 0002:00018540       __sehtable$?_Type_info_dtor_internal@type_info@@CAXPAV1@@Z 4009a540     LIBCMTD:typname.obj
 0002:00018560       __sehtable$___clean_type_info_names_internal 4009a560     LIBCMTD:typname.obj
 0002:00018580       __sehtable$___unDName      4009a580     LIBCMTD:undname.obj
 0002:000185a0       __sehtable$___unDNameEx    4009a5a0     LIBCMTD:undname.obj
 0002:000185bc       __unwindtable$?make@DNameStatusNode@@SAPAV1@W4DNameStatus@@@Z 4009a5bc     LIBCMTD:undname.obj
 0002:000185c4       __ehfuncinfo$?make@DNameStatusNode@@SAPAV1@W4DNameStatus@@@Z 4009a5c4     LIBCMTD:undname.obj
 0002:00018da2       .idata$6                   4009ada2     kernel32:KERNEL32.dll
 0002:00018db0       .edata                     4009adb0     uix86.exp
 0002:00018dd8       rgpv                       4009add8     uix86.exp
 0002:00018de0       rgszName                   4009ade0     uix86.exp
 0002:00018de8       rgwOrd                     4009ade8     uix86.exp
 0002:00018dec       szName                     4009adec     uix86.exp
 0002:00018df6       $N00001                    4009adf6     uix86.exp
 0002:00018dff       $N00002                    4009adff     uix86.exp
 0003:000011a8       _skillNames                4009c1a8     ui_addbots.obj
 0003:000011c0       _teamNames1                4009c1c0     ui_addbots.obj
 0003:000011c8       _teamNames2                4009c1c8     ui_addbots.obj
 0003:000011d8       _propMap                   4009c1d8     ui_atoms.obj
 0003:000017d8       _propMapB                  4009c7d8     ui_atoms.obj
 0003:00001910       _cinematics                4009c910     ui_cinematics.obj
 0003:0000193c       ?dlText@?1??UI_DisplayDownloadInfo@@9@9 4009c93c     ui_connect.obj
 0003:0000194c       ?etaText@?1??UI_DisplayDownloadInfo@@9@9 4009c94c     ui_connect.obj
 0003:00001964       ?xferText@?1??UI_DisplayDownloadInfo@@9@9 4009c964     ui_connect.obj
 0003:00001978       _controls_binding_color    4009c978     ui_controls2.obj
 0003:00001988       _g_bindings                4009c988     ui_controls2.obj
 0003:00001de8       _g_configcvars             4009cde8     ui_controls2.obj
 0003:00001e54       _g_movement_controls       4009ce54     ui_controls2.obj
 0003:00001e84       _g_weapons_controls        4009ce84     ui_controls2.obj
 0003:00001ebc       _g_looking_controls        4009cebc     ui_controls2.obj
 0003:00001eec       _g_misc_controls           4009ceec     ui_controls2.obj
 0003:00001f0c       _g_controls                4009cf0c     ui_controls2.obj
 0003:00001f20       _cvarTable                 4009cf20     ui_main.obj
 0003:00002210       _cvarTableSize             4009d210     ui_main.obj
 0003:00002214       _rate_items                4009d214     ui_network.obj
 0003:0000222c       _playermodel_artlist       4009d22c     ui_playermodel.obj
 0003:00002258       _gamecodetoui              4009d258     ui_playersettings.obj
 0003:00002274       _uitogamecode              4009d274     ui_playersettings.obj
 0003:00002290       _handicap_items            4009d290     ui_playersettings.obj
 0003:000022e4       _teamoverlay_names         4009d2e4     ui_preferences.obj
 0003:000023f8       _serverinfo_artlist        4009d3f8     ui_serverinfo.obj
 0003:0000240c       _master_items              4009d40c     ui_servers2.obj
 0003:0000241c       _servertype_items          4009d41c     ui_servers2.obj
 0003:00002434       _sortkey_items             4009d434     ui_servers2.obj
 0003:0000244c       _gamenames                 4009d44c     ui_servers2.obj
 0003:00002484       _netnames                  4009d484     ui_servers2.obj
 0003:00002494       _quake3worldMessage        4009d494     ui_servers2.obj
 0003:000024f0       _quality_items             4009d4f0     ui_sound.obj
 0003:000024fc       _specifyserver_artlist     4009d4fc     ui_specifyserver.obj
 0003:00002560       _medalLocations            4009d560     ui_sppostgame.obj
 0003:00002578       _gametype_items            4009d578     ui_startserver.obj
 0003:0000258c       _gametype_remap            4009d58c     ui_startserver.obj
 0003:0000259c       _gametype_remap2           4009d59c     ui_startserver.obj
 0003:000025b0       _dedicated_list            4009d5b0     ui_startserver.obj
 0003:000025c0       _playerType_list           4009d5c0     ui_startserver.obj
 0003:000025d0       _playerTeam_list           4009d5d0     ui_startserver.obj
 0003:000025dc       _botSkill_list             4009d5dc     ui_startserver.obj
 0003:000025f4       _syscall                   4009d5f4     ui_syscalls.obj
 0003:000025f8       _ctfOrders                 4009d5f8     ui_teamorders.obj
 0003:00002618       _ctfMessages               4009d618     ui_teamorders.obj
 0003:00002638       _teamOrders                4009d638     ui_teamorders.obj
 0003:00002654       _teamMessages              4009d654     ui_teamorders.obj
 0003:00002670       _driverinfo_artlist        4009d670     ui_video.obj
 0003:00002684       _s_drivers                 4009d684     ui_video.obj
 0003:00002690       _s_ivo_templates           4009d690     ui_video.obj
 0003:00002758       ?s_driver_names@?1??GraphicsOptions_MenuInit@@9@9 4009d758     ui_video.obj
 0003:00002764       ?tq_names@?1??GraphicsOptions_MenuInit@@9@9 4009d764     ui_video.obj
 0003:00002774       ?s_graphics_options_names@?1??GraphicsOptions_MenuInit@@9@9 4009d774     ui_video.obj
 0003:0000278c       ?lighting_names@?1??GraphicsOptions_MenuInit@@9@9 4009d78c     ui_video.obj
 0003:00002798       ?colordepth_names@?1??GraphicsOptions_MenuInit@@9@9 4009d798     ui_video.obj
 0003:000027a8       ?resolutions@?1??GraphicsOptions_MenuInit@@9@9 4009d7a8     ui_video.obj
 0003:000027dc       ?filter_names@?1??GraphicsOptions_MenuInit@@9@9 4009d7dc     ui_video.obj
 0003:000027e8       ?quality_names@?1??GraphicsOptions_MenuInit@@9@9 4009d7e8     ui_video.obj
 0003:000027f8       ?enabled_names@?1??GraphicsOptions_MenuInit@@9@9 4009d7f8     ui_video.obj
 0003:00002810       _NAME_                     4009d810     LIBCMTD:cos.obj
 0003:00002820       _NAME_                     4009d820     LIBCMTD:sin.obj
 0003:00002838       __assertstring             4009d838     LIBCMTD:wassert.obj
 0003:00002888       _dotdotdot                 4009d888     LIBCMTD:wassert.obj
 0003:0000288c       _newline                   4009d88c     LIBCMTD:wassert.obj
 0003:00002890       _dblnewline                4009d890     LIBCMTD:wassert.obj
 0003:000028a0       _NAME_                     4009d8a0     LIBCMTD:sqrt.obj
 0003:000028b0       _NAME_                     4009d8b0     LIBCMTD:tan.obj
 0003:000028c0       ?_names@?1??_get_fname@@9@9 4009d8c0     LIBCMTD:fpexcept.obj
 0003:000029d0       _over                      4009d9d0     LIBCMTD:fpctrl.obj
 0003:000029dc       _under                     4009d9dc     LIBCMTD:fpctrl.obj
 0003:000029e8       ?__DAZ_ENABLED@?1??__set_fpsr_sse2@@9@9 4009d9e8     LIBCMTD:fpctrl.obj
 0003:000029f0       _errtable                  4009d9f0     LIBCMTD:dosmap.obj
 0003:00002b58       _ErrnoNoMem                4009db58     LIBCMTD:dosmap.obj
 0003:00002b5c       _DoserrorNoMem             4009db5c     LIBCMTD:dosmap.obj
 0003:00002b60       ___rgctypeflag             4009db60     LIBCMTD:mbctype.obj
 0003:00002b68       ___rgcode_page_info        4009db68     LIBCMTD:mbctype.obj
 0003:00003084       _dotdotdot                 4009e084     LIBCMTD:dbgrptw.obj
 0003:00003588       ?isPackaged@?1??__crtIsPackagedApp@@9@9 4009e588     LIBCMTD:winapisupp.obj
 0003:00003594       __ctype_loc_style          4009e594     LIBCMTD:wsetloca.obj
 0003:000035e0       __lRequestCurr             4009e5e0     LIBCMTD:dbgheap.obj
 0003:000035e4       __bNoMansLandFill          4009e5e4     LIBCMTD:dbgheap.obj
 0003:000035e5       __bAlignLandFill           4009e5e5     LIBCMTD:dbgheap.obj
 0003:000035e6       __bDeadLandFill            4009e5e6     LIBCMTD:dbgheap.obj
 0003:000035e7       __bCleanLandFill           4009e5e7     LIBCMTD:dbgheap.obj
 0003:000035f8       _DoubleFormat              4009e5f8     LIBCMTD:intrncvt.obj
 0003:00003610       _FloatFormat               4009e610     LIBCMTD:intrncvt.obj
 0003:000038e8       __locktable                4009e8e8     LIBCMTD:mlock.obj
 0003:00003a88       _dotdotdot                 4009ea88     LIBCMTD:dbgrpt.obj
 0003:00003c0c       ?bops_initialized@?1??BoxOnPlaneSide@@9@9 4009ec0c     q_math.obj
 0003:00003c10       ?Ljmptab@?1??BoxOnPlaneSide@@9@9 4009ec10     q_math.obj
 0003:00003c30       ?sr@?1??AngleVectors@@9@9  4009ec30     q_math.obj
 0003:00003c34       ?sp@?1??AngleVectors@@9@9  4009ec34     q_math.obj
 0003:00003c38       ?sy@?1??AngleVectors@@9@9  4009ec38     q_math.obj
 0003:00003c3c       ?cr@?1??AngleVectors@@9@9  4009ec3c     q_math.obj
 0003:00003c40       ?cp@?1??AngleVectors@@9@9  4009ec40     q_math.obj
 0003:00003c44       ?cy@?1??AngleVectors@@9@9  4009ec44     q_math.obj
 0003:00003c48       ?index@?1??va@@9@9         4009ec48     q_shared.obj
 0003:00003c4c       ?valueindex@?1??Info_ValueForKey@@9@9 4009ec4c     q_shared.obj
 0003:00003c50       _com_token                 4009ec50     q_shared.obj
 0003:00004050       _com_parsename             4009f050     q_shared.obj
 0003:00004450       _com_lines                 4009f450     q_shared.obj
 0003:00004458       ?string@?1??COM_ParseError@@9@9 4009f458     q_shared.obj
 0003:00005458       ?string@?1??COM_ParseWarning@@9@9 400a0458     q_shared.obj
 0003:00006458       ?string@?1??va@@9@9        400a1458     q_shared.obj
 0003:00015e58       ?value@?1??Info_ValueForKey@@9@9 400b0e58     q_shared.obj
 0003:00019e58       _addBotsMenuInfo           400b4e58     ui_addbots.obj
 0003:0001b4d8       ?buffer@?1??UI_Argv@@9@9   400b64d8     ui_atoms.obj
 0003:0001b8d8       ?buffer@?1??UI_Cvar_VariableString@@9@9 400b68d8     ui_atoms.obj
 0003:0001bcd8       _cdkeyMenuInfo             400b6cd8     ui_cdkey.obj
 0003:0001c098       _cinematicsMenuInfo        400b7098     ui_cinematics.obj
 0003:0001c5d8       _s_confirm                 400b75d8     ui_confirm.obj
 0003:0001c7a0       _lastConnState             400b77a0     ui_connect.obj
 0003:0001c7a8       _lastLoadingText           400b77a8     ui_connect.obj
 0003:0001cba8       _s_controls                400b7ba8     ui_controls2.obj
 0003:0001deb0       ?playername@?1??Controls_MenuInit@@9@9 400b8eb0     ui_controls2.obj
 0003:0001ded0       _s_credits                 400b8ed0     ui_credits.obj
 0003:0001dff0       _s_demos                   400b8ff0     ui_demo2.obj
 0003:0001ee28       _displayOptionsInfo        400b9e28     ui_display.obj
 0003:0001f250       _ui_botInfos               400ba250     ui_gameinfo.obj
 0003:00020250       _ui_numArenas              400bb250     ui_gameinfo.obj
 0003:00020254       _ui_numSinglePlayerArenas  400bb254     ui_gameinfo.obj
 0003:00020258       _ui_arenaInfos             400bb258     ui_gameinfo.obj
 0003:00021258       _ui_numSpecialSinglePlayerArenas 400bc258     ui_gameinfo.obj
 0003:0002125c       _allocPoint                400bc25c     ui_gameinfo.obj
 0003:00021260       _memoryPool                400bc260     ui_gameinfo.obj
 0003:00041260       _outOfMemory               400dc260     ui_gameinfo.obj
 0003:00041268       _s_ingame                  400dc268     ui_ingame.obj
 0003:000416b0       _s_main                    400dc6b0     ui_menu.obj
 0003:00041a18       _s_errorMessage            400dca18     ui_menu.obj
 0003:00042b38       _s_mods                    400ddb38     ui_mods.obj
 0003:00044068       _networkOptionsInfo        400df068     ui_network.obj
 0003:00044458       _s_options                 400df458     ui_options.obj
 0003:000447e8       _s_playermodel             400df7e8     ui_playermodel.obj
 0003:0004dc8c       ?playername@?1??PlayerModel_MenuInit@@9@9 400e8c8c     ui_playermodel.obj
 0003:0004dcac       ?modelname@?1??PlayerModel_MenuInit@@9@9 400e8cac     ui_playermodel.obj
 0003:0004dccc       ?skinname@?1??PlayerModel_MenuInit@@9@9 400e8ccc     ui_playermodel.obj
 0003:0004dcec       _dp_realtime               400e8cec     ui_players.obj
 0003:0004dcf0       _jumpHeight                400e8cf0     ui_players.obj
 0003:0004dcf8       _s_playersettings          400e8cf8     ui_playersettings.obj
 0003:0004e738       _s_preferences             400e9738     ui_preferences.obj
 0003:0004ecd0       _sliderBar                 400e9cd0     ui_qmenu.obj
 0003:0004ecd4       _sliderButton_0            400e9cd4     ui_qmenu.obj
 0003:0004ecd8       _sliderButton_1            400e9cd8     ui_qmenu.obj
 0003:0004ece0       _removeBotsMenuInfo        400e9ce0     ui_removebots.obj
 0003:00050340       _s_serverinfo              400eb340     ui_serverinfo.obj
 0003:00050a00       _g_arenaservers            400eba00     ui_servers2.obj
 0003:000544c4       _g_numglobalservers        400ef4c4     ui_servers2.obj
 0003:000544c8       _g_globalserverlist        400ef4c8     ui_servers2.obj
 0003:000590c8       _g_localserverlist         400f40c8     ui_servers2.obj
 0003:0005dcc8       _g_numlocalservers         400f8cc8     ui_servers2.obj
 0003:0005dccc       _g_numfavoriteservers      400f8ccc     ui_servers2.obj
 0003:0005dcd0       _g_favoriteserverlist      400f8cd0     ui_servers2.obj
 0003:0005e650       _g_mplayerserverlist       400f9650     ui_servers2.obj
 0003:00063250       _g_nummplayerservers       400fe250     ui_servers2.obj
 0003:00063254       _g_servertype              400fe254     ui_servers2.obj
 0003:00063258       _g_gametype                400fe258     ui_servers2.obj
 0003:0006325c       _g_sortkey                 400fe25c     ui_servers2.obj
 0003:00063260       _g_emptyservers            400fe260     ui_servers2.obj
 0003:00063264       _g_fullservers             400fe264     ui_servers2.obj
 0003:00063268       ?picname@?1??ArenaServers_UpdatePicture@@9@9 400fe268     ui_servers2.obj
 0003:000632a8       ?statusbuffer@?1??ArenaServers_MenuInit@@9@9 400fe2a8     ui_servers2.obj
 0003:000632e8       _setupMenuInfo             400fe2e8     ui_setup.obj
 0003:00063708       _soundOptionsInfo          400fe708     ui_sound.obj
 0003:00063b90       _s_specifyserver           400feb90     ui_specifyserver.obj
 0003:000640f0       _levelMenuInfo             400ff0f0     ui_splevel.obj
 0003:00064b28       _selectedArenaSet          400ffb28     ui_splevel.obj
 0003:00064b2c       _selectedArena             400ffb2c     ui_splevel.obj
 0003:00064b30       _currentSet                400ffb30     ui_splevel.obj
 0003:00064b34       _currentGame               400ffb34     ui_splevel.obj
 0003:00064b38       _trainingTier              400ffb38     ui_splevel.obj
 0003:00064b3c       _finalTier                 400ffb3c     ui_splevel.obj
 0003:00064b40       _minTier                   400ffb40     ui_splevel.obj
 0003:00064b44       _maxTier                   400ffb44     ui_splevel.obj
 0003:00064b48       _postgameMenuInfo          400ffb48     ui_sppostgame.obj
 0003:00064f08       _arenainfo                 400fff08     ui_sppostgame.obj
 0003:00065308       _s_reset                   40100308     ui_spreset.obj
 0003:000654c0       _skillMenuInfo             401004c0     ui_spskill.obj
 0003:00065910       _s_startserver             40100910     ui_startserver.obj
 0003:000665b8       ?picname@?1??StartServer_Update@@9@9 401015b8     ui_startserver.obj
 0003:000666b8       ?mapnamebuffer@?1??StartServer_MenuInit@@9@9 401016b8     ui_startserver.obj
 0003:000666f8       _s_serveroptions           401016f8     ui_startserver.obj
 0003:00067e90       ?picname@?1??ServerOptions_SetMenuItems@@9@9 40102e90     ui_startserver.obj
 0003:00067ed0       _botSelectInfo             40102ed0     ui_startserver.obj
 0003:0006a680       _s_teammain                40105680     ui_team.obj
 0003:0006a918       _teamOrdersMenuInfo        40105918     ui_teamorders.obj
 0003:0006ac50       _s_driverinfo              40105c50     ui_video.obj
 0003:0006b3c4       _s_ivo                     401063c4     ui_video.obj
 0003:0006b3f0       _s_graphicsoptions         401063f0     ui_video.obj
 0003:0006bc2c       ?init@?1??_RTC_InitBase@@9@4_NA 40106c2c     LIBCMTD:init.obj
 0003:0006bc38       _GS_ExceptionRecord        40106c38     LIBCMTD:gs_report.obj
 0003:0006bc88       _GS_ContextRecord          40106c88     LIBCMTD:gs_report.obj
 0003:0006bf54       _DebuggerWasPresent        40106f54     LIBCMTD:gs_report.obj
 0003:0006bf60       ___proc_attached           40106f60     LIBCMTD:dllcrt0.obj
 0003:0006bf80       _fSystemSet                40106f80     LIBCMTD:mbctype.obj
 0003:0006bf88       __RTC_ErrorReportFunc      40106f88     LIBCMTD:userapi.obj
 0003:0006bf8c       __RTC_ErrorReportFuncW     40106f8c     LIBCMTD:userapi.obj
 0003:0006bfa8       ?fExit@?1??doexit@@9@9     40106fa8     LIBCMTD:crt0dat.obj
 0003:0006bfd0       _ctrlc_action              40106fd0     LIBCMTD:winsig.obj
 0003:0006bfd4       _ctrlbreak_action          40106fd4     LIBCMTD:winsig.obj
 0003:0006bfd8       _abort_action              40106fd8     LIBCMTD:winsig.obj
 0003:0006bfdc       _term_action               40106fdc     LIBCMTD:winsig.obj
 0003:0006bfe0       _ConsoleCtrlHandler_Installed 40106fe0     LIBCMTD:winsig.obj
 0003:0006bfe4       ?pfnMessageBox@?1??__crtMessageBoxW@@9@9 40106fe4     LIBCMTD:crtmboxw.obj
 0003:0006bfe8       ?pfnGetActiveWindow@?1??__crtMessageBoxW@@9@9 40106fe8     LIBCMTD:crtmboxw.obj
 0003:0006bfec       ?pfnGetLastActivePopup@?1??__crtMessageBoxW@@9@9 40106fec     LIBCMTD:crtmboxw.obj
 0003:0006bff0       ?pfnGetProcessWindowStation@?1??__crtMessageBoxW@@9@9 40106ff0     LIBCMTD:crtmboxw.obj
 0003:0006bff4       ?pfnGetUserObjectInformation@?1??__crtMessageBoxW@@9@9 40106ff4     LIBCMTD:crtmboxw.obj
 0003:0006c000       ?outmsg@?L@??_NMSG_WRITE@@9@9 40107000     LIBCMTD:crt0msg.obj
 0003:0006c738       ?_pgmname@?1??_setargv@@9@9 40107738     LIBCMTD:stdargv.obj
 0003:0006c844       _check_frequency           40107844     LIBCMTD:dbgheap.obj
 0003:0006c84c       _check_counter             4010784c     LIBCMTD:dbgheap.obj
 0003:0006c850       __lTotalAlloc              40107850     LIBCMTD:dbgheap.obj
 0003:0006c854       __lCurAlloc                40107854     LIBCMTD:dbgheap.obj
 0003:0006c858       __lMaxAlloc                40107858     LIBCMTD:dbgheap.obj
 0003:0006c85c       __pFirstBlock              4010785c     LIBCMTD:dbgheap.obj
 0003:0006c860       __pLastBlock               40107860     LIBCMTD:dbgheap.obj
 0003:0006c868       _lclcritsects              40107868     LIBCMTD:mlock.obj
 0003:0006c9d8       _mspdb                     401079d8     LIBCMTD:pdblkup.obj
 0003:0006c9dc       ?alreadyTried@?1??GetPdbDll@@YAPAUHINSTANCE__@@XZ@4_NA 401079dc     LIBCMTD:pdblkup.obj
 0003:0006c9dd       ?PDBOK@?BM@??_RTC_GetSrcLine@@YAHPAEPA_WKPAH1K@Z@4_NA 401079dd     LIBCMTD:pdblkup.obj
 0003:0006c9f0       _g_pfnRtlGenRandom         401079f0     LIBCMTD:rand_s.obj
 0003:0006c9fc       ___enable_percent_n        401079fc     LIBCMTD:printf.obj
 0003:0006ca00       ___crtCallProc             40107a00     LIBCMTD:winapinls.obj
 0003:0006ca08       ___type_info_root_node     40107a08     LIBCMTD:typname.obj
 0003:0006ca38       _heap                      40107a38     LIBCMTD:undname.obj
 0003:0006ca50       ?buf@?1??dbGetString@DName@@QBEPADXZ@4PADA 40107a50     LIBCMTD:undname.obj
 0004:00000060       $R000000                   4010f060     * linker generated manifest res *
