 qagamex86

 Timestamp is 51f195d1 (Thu Jul 25 16:17:05 2013)

 Preferred load address is 20000000

 Start         Length     Name                   Class
 0001:00000000 000acc2eH .text                   CODE
 0001:000acc30 00000139H .text$x                 CODE
 0002:00000000 00000158H .idata$5                DATA
 0002:00000158 00000004H .CRT$XCA                DATA
 0002:0000015c 00000004H .CRT$XCZ                DATA
 0002:00000160 00000004H .CRT$XIA                DATA
 0002:00000164 00000014H .CRT$XIC                DATA
 0002:00000178 00000004H .CRT$XIZ                DATA
 0002:0000017c 00000004H .CRT$XPA                DATA
 0002:00000180 00000008H .CRT$XPX                DATA
 0002:00000188 00000004H .CRT$XPXA               DATA
 0002:0000018c 00000004H .CRT$XPZ                DATA
 0002:00000190 00000004H .CRT$XTA                DATA
 0002:00000194 00000004H .CRT$XTZ                DATA
 0002:000001a0 000170a8H .rdata                  DATA
 0002:00017248 00000078H .rdata$debug            DATA
 0002:000172c0 00000388H .rdata$r                DATA
 0002:00017650 00000030H .rdata$sxdata           DATA
 0002:00017680 00000004H .rtc$IAA                DATA
 0002:00017684 00000004H .rtc$IZZ                DATA
 0002:00017688 00000004H .rtc$TAA                DATA
 0002:0001768c 00000004H .rtc$TZZ                DATA
 0002:00017690 00000b08H .xdata$x                DATA
 0002:00018198 00000014H .idata$2                DATA
 0002:000181ac 00000014H .idata$3                DATA
 0002:000181c0 00000158H .idata$4                DATA
 0002:00018318 00000648H .idata$6                DATA
 0002:00018960 0000005aH .edata                  DATA
 0003:00000000 000030a7H .data                   DATA
 0003:000030c0 0014cffcH .bss                    DATA
 0004:00000000 00000058H .rsrc$01                DATA
 0004:00000060 00000180H .rsrc$02                DATA

  Address         Publics by Value              Rva+Base       Lib:Object

 0000:00000000       __except_list              00000000     <absolute>
 0000:0000000c       ___safe_se_handler_count   0000000c     <absolute>
 0000:00000000       ___ImageBase               20000000     <linker-defined>
 0001:00000000       _BotChatTest               20001000 f   ai_chat.obj
 0001:00000d70       _BotChatTime               20001d70 f   ai_chat.obj
 0001:00000db0       _BotChat_Death             20001db0 f   ai_chat.obj
 0001:00001290       _BotChat_EndLevel          20002290 f   ai_chat.obj
 0001:000014e0       _BotChat_EnemySuicide      200024e0 f   ai_chat.obj
 0001:00001670       _BotChat_EnterGame         20002670 f   ai_chat.obj
 0001:000017e0       _BotChat_ExitGame          200027e0 f   ai_chat.obj
 0001:00001930       _BotChat_HitNoDeath        20002930 f   ai_chat.obj
 0001:00001b50       _BotChat_HitNoKill         20002b50 f   ai_chat.obj
 0001:00001d30       _BotChat_HitTalking        20002d30 f   ai_chat.obj
 0001:00001f20       _BotChat_Kill              20002f20 f   ai_chat.obj
 0001:00002200       _BotChat_Random            20003200 f   ai_chat.obj
 0001:00002510       _BotChat_StartLevel        20003510 f   ai_chat.obj
 0001:00002670       _BotFirstClientInRankings  20003670 f   ai_chat.obj
 0001:000027d0       _BotIsFirstInRankings      200037d0 f   ai_chat.obj
 0001:00002910       _BotIsLastInRankings       20003910 f   ai_chat.obj
 0001:00002a50       _BotLastClientInRankings   20003a50 f   ai_chat.obj
 0001:00002bb0       _BotMapTitle               20003bb0 f   ai_chat.obj
 0001:00002c50       _BotNumActivePlayers       20003c50 f   ai_chat.obj
 0001:00002d50       _BotRandomOpponentName     20003d50 f   ai_chat.obj
 0001:00002f40       _BotRandomWeaponName       20003f40 f   ai_chat.obj
 0001:00002ff0       _BotValidChatPosition      20003ff0 f   ai_chat.obj
 0001:00003320       _BotVisibleEnemies         20004320 f   ai_chat.obj
 0001:00003450       _BotWeaponNameForMeansOfDeath 20004450 f   ai_chat.obj
 0001:00003520       _BotAddressedToBot         20004520 f   ai_cmd.obj
 0001:000037d0       _BotGPSToPosition          200047d0 f   ai_cmd.obj
 0001:000038e0       _BotGetItemTeamGoal        200048e0 f   ai_cmd.obj
 0001:00003950       _BotGetMessageTeamGoal     20004950 f   ai_cmd.obj
 0001:000039c0       _BotGetPatrolWaypoints     200049c0 f   ai_cmd.obj
 0001:00003c80       _BotGetTime                20004c80 f   ai_cmd.obj
 0001:00003e10       _BotMatchMessage           20004e10 f   ai_cmd.obj
 0001:00004200       _BotMatch_AttackEnemyBase  20005200 f   ai_cmd.obj
 0001:00004350       _BotMatch_CTF              20005350 f   ai_cmd.obj
 0001:00004530       _BotMatch_Camp             20005530 f   ai_cmd.obj
 0001:00004a40       _BotMatch_CheckPoint       20005a40 f   ai_cmd.obj
 0001:00004da0       _BotMatch_DefendKeyArea    20005da0 f   ai_cmd.obj
 0001:00004f50       _BotMatch_Dismiss          20005f50 f   ai_cmd.obj
 0001:00005040       _BotMatch_EnterGame        20006040 f   ai_cmd.obj
 0001:000050a0       _BotMatch_FormationSpace   200060a0 f   ai_cmd.obj
 0001:000051c0       _BotMatch_GetFlag          200061c0 f   ai_cmd.obj
 0001:00005330       _BotMatch_GetItem          20006330 f   ai_cmd.obj
 0001:00005490       _BotMatch_HelpAccompany    20006490 f   ai_cmd.obj
 0001:000059f0       _BotMatch_JoinSubteam      200069f0 f   ai_cmd.obj
 0001:00005af0       _BotMatch_Kill             20006af0 f   ai_cmd.obj
 0001:00005c70       _BotMatch_LeadTheWay       20006c70 f   ai_cmd.obj
 0001:00006010       _BotMatch_LeaveSubteam     20007010 f   ai_cmd.obj
 0001:000060f0       _BotMatch_NewLeader        200070f0 f   ai_cmd.obj
 0001:00006170       _BotMatch_Patrol           20007170 f   ai_cmd.obj
 0001:000062e0       _BotMatch_ReturnFlag       200072e0 f   ai_cmd.obj
 0001:00006410       _BotMatch_RushBase         20007410 f   ai_cmd.obj
 0001:00006560       _BotMatch_StartTeamLeaderShip 20007560 f   ai_cmd.obj
 0001:00006640       _BotMatch_StopTeamLeaderShip 20007640 f   ai_cmd.obj
 0001:00006740       _BotMatch_Suicide          20007740 f   ai_cmd.obj
 0001:00006800       _BotMatch_TaskPreference   20007800 f   ai_cmd.obj
 0001:000069d0       _BotMatch_WhatAreYouDoing  200079d0 f   ai_cmd.obj
 0001:00006c70       _BotMatch_WhatIsMyCommand  20007c70 f   ai_cmd.obj
 0001:00006ce0       _BotMatch_WhereAreYou      20007ce0 f   ai_cmd.obj
 0001:00006fd0       _BotMatch_WhichTeam        20007fd0 f   ai_cmd.obj
 0001:00007070       _BotMatch_WhoIsTeamLeader  20008070 f   ai_cmd.obj
 0001:000070f0       _BotNearestVisibleItem     200080f0 f   ai_cmd.obj
 0001:000072b0       _BotPrintTeamGoal          200082b0 f   ai_cmd.obj
 0001:00007530       _FindClientByName          20008530 f   ai_cmd.obj
 0001:00007630       _FindEnemyByName           20008630 f   ai_cmd.obj
 0001:00007760       _NumPlayersOnSameTeam      20008760 f   ai_cmd.obj
 0001:000078c0       _AIEnter_Battle_Chase      200088c0 f   ai_dmnet.obj
 0001:00007910       _AIEnter_Battle_Fight      20008910 f   ai_dmnet.obj
 0001:00007960       _AIEnter_Battle_NBG        20008960 f   ai_dmnet.obj
 0001:000079a0       _AIEnter_Battle_Retreat    200089a0 f   ai_dmnet.obj
 0001:000079e0       _AIEnter_Battle_SuicidalFight 200089e0 f   ai_dmnet.obj
 0001:00007a40       _AIEnter_Intermission      20008a40 f   ai_dmnet.obj
 0001:00007ac0       _AIEnter_Observer          20008ac0 f   ai_dmnet.obj
 0001:00007b10       _AIEnter_Respawn           20008b10 f   ai_dmnet.obj
 0001:00007c40       _AIEnter_Seek_ActivateEntity 20008c40 f   ai_dmnet.obj
 0001:00007c80       _AIEnter_Seek_LTG          20008c80 f   ai_dmnet.obj
 0001:00007d20       _AIEnter_Seek_NBG          20008d20 f   ai_dmnet.obj
 0001:00007dc0       _AIEnter_Stand             20008dc0 f   ai_dmnet.obj
 0001:00007e20       _AINode_Battle_Chase       20008e20 f   ai_dmnet.obj
 0001:00008530       _AINode_Battle_Fight       20009530 f   ai_dmnet.obj
 0001:00008b80       _AINode_Battle_NBG         20009b80 f   ai_dmnet.obj
 0001:00009230       _AINode_Battle_Retreat     2000a230 f   ai_dmnet.obj
 0001:00009a20       _AINode_Intermission       2000aa20 f   ai_dmnet.obj
 0001:00009ab0       _AINode_Observer           2000aab0 f   ai_dmnet.obj
 0001:00009af0       _AINode_Respawn            2000aaf0 f   ai_dmnet.obj
 0001:00009c00       _AINode_Seek_ActivateEntity 2000ac00 f   ai_dmnet.obj
 0001:0000a620       _AINode_Seek_LTG           2000b620 f   ai_dmnet.obj
 0001:0000aed0       _AINode_Seek_NBG           2000bed0 f   ai_dmnet.obj
 0001:0000b510       _AINode_Stand              2000c510 f   ai_dmnet.obj
 0001:0000b670       _BotClearPath              2000c670 f   ai_dmnet.obj
 0001:0000bce0       _BotDumpNodeSwitches       2000cce0 f   ai_dmnet.obj
 0001:0000bd90       _BotGetAirGoal             2000cd90 f   ai_dmnet.obj
 0001:0000c090       _BotGetItemLongTermGoal    2000d090 f   ai_dmnet.obj
 0001:0000c200       _BotGetLongTermGoal        2000d200 f   ai_dmnet.obj
 0001:0000e750       _BotGoForAir               2000f750 f   ai_dmnet.obj
 0001:0000e860       _BotLongTermGoal           2000f860 f   ai_dmnet.obj
 0001:0000ef50       _BotNearbyGoal             2000ff50 f   ai_dmnet.obj
 0001:0000f020       _BotReachedGoal            20010020 f   ai_dmnet.obj
 0001:0000f260       _BotRecordNodeSwitch       20010260 f   ai_dmnet.obj
 0001:0000f310       _BotResetNodeSwitches      20010310 f   ai_dmnet.obj
 0001:0000f330       _BotSelectActivateWeapon   20010330 f   ai_dmnet.obj
 0001:0000f660       _BotAIBlocked              20010660 f   ai_dmq3.obj
 0001:0000fcb0       _BotAIPredictObstacles     20010cb0 f   ai_dmq3.obj
 0001:0000fe80       _BotAggression             20010e80 f   ai_dmq3.obj
 0001:000100b0       _BotAimAtEnemy             200110b0 f   ai_dmq3.obj
 0001:00012260       _BotAlternateRoute         20013260 f   ai_dmq3.obj
 0001:00012320       _BotAttackMove             20013320 f   ai_dmq3.obj
 0001:00012db0       _BotBattleUseItems         20013db0 f   ai_dmq3.obj
 0001:00012e50       _BotCTFCarryingFlag        20013e50 f   ai_dmq3.obj
 0001:00012eb0       _BotCTFRetreatGoals        20013eb0 f   ai_dmq3.obj
 0001:00012f50       _BotCTFSeekGoals           20013f50 f   ai_dmq3.obj
 0001:00013c20       _BotCanAndWantsToRocketJump 20014c20 f   ai_dmq3.obj
 0001:00013d30       _BotCheckAir               20014d30 f   ai_dmq3.obj
 0001:00013d80       _BotCheckAttack            20014d80 f   ai_dmq3.obj
 0001:00014620       _BotCheckConsoleMessages   20015620 f   ai_dmq3.obj
 0001:00014aa0       _BotCheckEvents            20015aa0 f   ai_dmq3.obj
 0001:00014f90       _BotCheckForGrenades       20015f90 f   ai_dmq3.obj
 0001:00014fe0       _BotCheckItemPickup        20015fe0 f   ai_dmq3.obj
 0001:00014ff0       _BotCheckSnapshot          20015ff0 f   ai_dmq3.obj
 0001:000150f0       _BotChooseWeapon           200160f0 f   ai_dmq3.obj
 0001:000151a0       _BotClearActivateGoalStack 200161a0 f   ai_dmq3.obj
 0001:000151d0       _BotCreateWayPoint         200161d0 f   ai_dmq3.obj
 0001:000153a0       _BotDeathmatchAI           200163a0 f   ai_dmq3.obj
 0001:000157e0       _BotDontAvoid              200167e0 f   ai_dmq3.obj
 0001:00015860       _BotEnableActivateGoalAreas 20016860 f   ai_dmq3.obj
 0001:00015900       _BotEnemyFlag              20016900 f   ai_dmq3.obj
 0001:00015930       _BotEnemyFlagCarrierVisible 20016930 f   ai_dmq3.obj
 0001:00015a30       _BotEntityVisible          20016a30 f   ai_dmq3.obj
 0001:00016430       _BotFeelingBad             20017430 f   ai_dmq3.obj
 0001:000164b0       _BotFindEnemy              200174b0 f   ai_dmq3.obj
 0001:00016c50       _BotFindWayPoint           20017c50 f   ai_dmq3.obj
 0001:00016ca0       _BotFreeWaypoints          20017ca0 f   ai_dmq3.obj
 0001:00016ce0       _BotFuncButtonActivateGoal 20017ce0 f   ai_dmq3.obj
 0001:000181d0       _BotFuncDoorActivateGoal   200191d0 f   ai_dmq3.obj
 0001:00018580       _BotGetActivateGoal        20019580 f   ai_dmq3.obj
 0001:00018ec0       _BotGetAlternateRouteGoal  20019ec0 f   ai_dmq3.obj
 0001:00019090       _BotGoCamp                 2001a090 f   ai_dmq3.obj
 0001:000191e0       _BotGoForActivateGoal      2001a1e0 f   ai_dmq3.obj
 0001:000192f0       _BotGoForPowerups          2001a2f0 f   ai_dmq3.obj
 0001:00019370       _BotGoalForBSPEntity       2001a370 f   ai_dmq3.obj
 0001:000195f0       _BotHasPersistantPowerupAndWeapon 2001a5f0 f   ai_dmq3.obj
 0001:000197f0       _BotInLavaOrSlime          2001a7f0 f   ai_dmq3.obj
 0001:000198a0       _BotInitWaypoints          2001a8a0 f   ai_dmq3.obj
 0001:00019900       _BotIntermission           2001a900 f   ai_dmq3.obj
 0001:00019950       _BotIsDead                 2001a950 f   ai_dmq3.obj
 0001:00019980       _BotIsGoingToActivateEntity 2001a980 f   ai_dmq3.obj
 0001:00019a60       _BotIsObserver             2001aa60 f   ai_dmq3.obj
 0001:00019af0       _BotMapScripts             2001aaf0 f   ai_dmq3.obj
 0001:0001a180       _BotModelMinsMaxs          2001b180 f   ai_dmq3.obj
 0001:0001a440       _BotOppositeTeam           2001b440 f   ai_dmq3.obj
 0001:0001a480       _BotPointAreaNum           2001b480 f   ai_dmq3.obj
 0001:0001a570       _BotPopFromActivateGoalStack 2001b570 f   ai_dmq3.obj
 0001:0001a5f0       _BotPrintActivateGoalInfo  2001b5f0 f   ai_dmq3.obj
 0001:0001a760       _BotPushOntoActivateGoalStack 2001b760 f   ai_dmq3.obj
 0001:0001a880       _BotRandomMove             2001b880 f   ai_dmq3.obj
 0001:0001a990       _BotRefuseOrder            2001b990 f   ai_dmq3.obj
 0001:0001aa30       _BotRememberLastOrderedTask 2001ba30 f   ai_dmq3.obj
 0001:0001aab0       _BotRoamGoal               2001bab0 f   ai_dmq3.obj
 0001:0001b0e0       _BotSameTeam               2001c0e0 f   ai_dmq3.obj
 0001:0001b1d0       _BotSetEntityNumForGoal    2001c1d0 f   ai_dmq3.obj
 0001:0001b320       _BotSetEntityNumForGoalWithModel 2001c320 f   ai_dmq3.obj
 0001:0001b490       _BotSetLastOrderedTask     2001c490 f   ai_dmq3.obj
 0001:0001b650       _BotSetMovedir             2001c650 f   ai_dmq3.obj
 0001:0001b750       _BotSetTeamStatus          2001c750 f   ai_dmq3.obj
 0001:0001b760       _BotSetTeleportTime        2001c760 f   ai_dmq3.obj
 0001:0001b7b0       _BotSetUserInfo            2001c7b0 f   ai_dmq3.obj
 0001:0001b830       _BotSetupAlternativeRouteGoals 2001c830 f   ai_dmq3.obj
 0001:0001b860       _BotSetupDeathmatchAI      2001c860 f   ai_dmq3.obj
 0001:0001ba60       _BotSetupForMovement       2001ca60 f   ai_dmq3.obj
 0001:0001bcc0       _BotShutdownDeathmatchAI   2001ccc0 f   ai_dmq3.obj
 0001:0001bce0       _BotSynonymContext         2001cce0 f   ai_dmq3.obj
 0001:0001bd30       _BotTeam                   2001cd30 f   ai_dmq3.obj
 0001:0001bdf0       _BotTeamFlag               2001cdf0 f   ai_dmq3.obj
 0001:0001be20       _BotTeamFlagCarrier        2001ce20 f   ai_dmq3.obj
 0001:0001bed0       _BotTeamFlagCarrierVisible 2001ced0 f   ai_dmq3.obj
 0001:0001bfd0       _BotTeamGoals              2001cfd0 f   ai_dmq3.obj
 0001:0001c030       _BotTriggerMultipleActivateGoal 2001d030 f   ai_dmq3.obj
 0001:0001c640       _BotUpdateBattleInventory  2001d640 f   ai_dmq3.obj
 0001:0001c780       _BotUpdateInventory        2001d780 f   ai_dmq3.obj
 0001:0001ce90       _BotVisibleTeamMatesAndEnemies 2001de90 f   ai_dmq3.obj
 0001:0001d0b0       _BotWantsToCamp            2001e0b0 f   ai_dmq3.obj
 0001:0001d370       _BotWantsToChase           2001e370 f   ai_dmq3.obj
 0001:0001d430       _BotWantsToHelp            2001e430 f   ai_dmq3.obj
 0001:0001d450       _BotWantsToRetreat         2001e450 f   ai_dmq3.obj
 0001:0001d520       _ClientFromName            2001e520 f   ai_dmq3.obj
 0001:0001d5f0       _ClientName                2001e5f0 f   ai_dmq3.obj
 0001:0001d6a0       _ClientOnSameTeamFromName  2001e6a0 f   ai_dmq3.obj
 0001:0001d780       _ClientSkin                2001e780 f   ai_dmq3.obj
 0001:0001d930       _EasyClientName            2001e930 f   ai_dmq3.obj
 0001:0001dc00       _EntityCarriesFlag         2001ec00 f   ai_dmq3.obj
 0001:0001dc40       _EntityHasQuad             2001ec40 f   ai_dmq3.obj
 0001:0001dc70       _EntityIsChatting          2001ec70 f   ai_dmq3.obj
 0001:0001dca0       _EntityIsDead              2001eca0 f   ai_dmq3.obj
 0001:0001dd10       _EntityIsInvisible         2001ed10 f   ai_dmq3.obj
 0001:0001dd50       _EntityIsShooting          2001ed50 f   ai_dmq3.obj
 0001:0001dd80       _InFieldOfVision           2001ed80 f   ai_dmq3.obj
 0001:0001dec0       _TeamPlayIsOn              2001eec0 f   ai_dmq3.obj
 0001:0001e090       _stristr                   2001f090 f   ai_dmq3.obj
 0001:0001e130       _AngleDifference           2001f130 f   ai_main.obj
 0001:0001e1b0       _BotAI                     2001f1b0 f   ai_main.obj
 0001:0001e6d0       _BotAILoadMap              2001f6d0 f   ai_main.obj
 0001:0001e790       _BotAIRegularUpdate        2001f790 f   ai_main.obj
 0001:0001e7e0       _BotAISetup                2001f7e0 f   ai_main.obj
 0001:0001e970       _BotAISetupClient          2001f970 f   ai_main.obj
 0001:0001ee60       _BotAIShutdown             2001fe60 f   ai_main.obj
 0001:0001eee0       _BotAIShutdownClient       2001fee0 f   ai_main.obj
 0001:0001f010       _BotAIStartFrame           20020010 f   ai_main.obj
 0001:0001f810       _BotAI_BotInitialChat      20020810 f   ai_main.obj
 0001:0001f920       _BotAI_GetClientState      20020920 f   ai_main.obj
 0001:0001f990       _BotAI_GetEntityState      20020990 f   ai_main.obj
 0001:0001fa10       _BotAI_GetSnapshotEntity   20020a10 f   ai_main.obj
 0001:0001fa70       _BotAI_Print               20020a70 f   ai_main.obj
 0001:0001fb90       _BotAI_Trace               20020b90 f   ai_main.obj
 0001:0001fcf0       _BotChangeViewAngle        20020cf0 f   ai_main.obj
 0001:0001fe10       _BotChangeViewAngles       20020e10 f   ai_main.obj
 0001:00020280       _BotEntityInfo             20021280 f   ai_main.obj
 0001:000202a0       _BotInitLibrary            200212a0 f   ai_main.obj
 0001:00020760       _BotInputToUserCommand     20021760 f   ai_main.obj
 0001:00020cb0       _BotInterbreedBots         20021cb0 f   ai_main.obj
 0001:00020e90       _BotInterbreedEndMatch     20021e90 f   ai_main.obj
 0001:00020f30       _BotInterbreeding          20021f30 f   ai_main.obj
 0001:00021060       _BotReadSessionData        20022060 f   ai_main.obj
 0001:000211d0       _BotReportStatus           200221d0 f   ai_main.obj
 0001:000215e0       _BotResetState             200225e0 f   ai_main.obj
 0001:00021820       _BotScheduleBotThink       20022820 f   ai_main.obj
 0001:000218a0       _BotSetInfoConfigString    200228a0 f   ai_main.obj
 0001:00021c80       _BotTeamLeader             20022c80 f   ai_main.obj
 0001:00021ce0       _BotTeamplayReport         20022ce0 f   ai_main.obj
 0001:00021ee0       _BotTestAAS                20022ee0 f   ai_main.obj
 0001:00021fe0       _BotUpdateInfoConfigStrings 20022fe0 f   ai_main.obj
 0001:000220c0       _BotUpdateInput            200230c0 f   ai_main.obj
 0001:00022230       _BotWriteInterbreeded      20023230 f   ai_main.obj
 0001:00022310       _BotWriteSessionData       20023310 f   ai_main.obj
 0001:000224a0       _NumBots                   200234a0 f   ai_main.obj
 0001:000224c0       _RemoveColorEscapeSequences 200234c0 f   ai_main.obj
 0001:00022570       _BotCTFOrders              20023570 f   ai_team.obj
 0001:00022620       _BotCTFOrders_BothFlagsAtBase 20023620 f   ai_team.obj
 0001:00022eb0       _BotCTFOrders_BothFlagsNotAtBase 20023eb0 f   ai_team.obj
 0001:00023490       _BotCTFOrders_EnemyFlagNotAtBase 20024490 f   ai_team.obj
 0001:000239d0       _BotCTFOrders_FlagNotAtBase 200249d0 f   ai_team.obj
 0001:00024260       _BotClientTravelTimeToGoal 20025260 f   ai_team.obj
 0001:000242f0       _BotCreateGroup            200252f0 f   ai_team.obj
 0001:000243d0       _BotGetTeamMateTaskPreference 200253d0 f   ai_team.obj
 0001:00024450       _BotNumTeamMates           20025450 f   ai_team.obj
 0001:00024570       _BotSayTeamOrder           20025570 f   ai_team.obj
 0001:00024590       _BotSayTeamOrderAlways     20025590 f   ai_team.obj
 0001:00024660       _BotSayVoiceTeamOrder      20025660 f   ai_team.obj
 0001:00024670       _BotSetTeamMateTaskPreference 20025670 f   ai_team.obj
 0001:000246d0       _BotSortTeamMatesByBaseTravelTime 200256d0 f   ai_team.obj
 0001:000248e0       _BotSortTeamMatesByTaskPreference 200258e0 f   ai_team.obj
 0001:00024aa0       _BotTeamAI                 20025aa0 f   ai_team.obj
 0001:00024fc0       _BotTeamOrders             20025fc0 f   ai_team.obj
 0001:00025240       _BotValidTeamLeader        20026240 f   ai_team.obj
 0001:00025290       _BotVoiceChat              20026290 f   ai_team.obj
 0001:000252a0       _BotVoiceChatOnly          200262a0 f   ai_team.obj
 0001:000252b0       _FindHumanTeamLeader       200262b0 f   ai_team.obj
 0001:00025370       _BotVoiceChat_GetFlag      20026370 f   ai_vcmd.obj
 0001:00025480       _BotVoiceChat_Offense      20026480 f   ai_vcmd.obj
 0001:00025570       _BotVoiceChat_DefendFlag   20026570 f   ai_vcmd.obj
 0001:000255a0       _BotVoiceChat_Patrol       200265a0 f   ai_vcmd.obj
 0001:00025640       _BotVoiceChat_Camp         20026640 f   ai_vcmd.obj
 0001:000258e0       _BotVoiceChat_FollowMe     200268e0 f   ai_vcmd.obj
 0001:00025bb0       _BotVoiceChat_FollowFlagCarrier 20026bb0 f   ai_vcmd.obj
 0001:00025c00       _BotVoiceChat_ReturnFlag   20026c00 f   ai_vcmd.obj
 0001:00025cd0       _BotVoiceChat_StartLeader  20026cd0 f   ai_vcmd.obj
 0001:00025d00       _BotVoiceChat_StopLeader   20026d00 f   ai_vcmd.obj
 0001:00025d80       _BotVoiceChat_WhoIsLeader  20026d80 f   ai_vcmd.obj
 0001:00025e30       _BotVoiceChat_WantOnDefense 20026e30 f   ai_vcmd.obj
 0001:00025f00       _BotVoiceChat_WantOnOffense 20026f00 f   ai_vcmd.obj
 0001:00025fd0       _BotVoiceChat_Dummy        20026fd0 f   ai_vcmd.obj
 0001:00025fe0       _BotVoiceChat_Defend       20026fe0 f   ai_vcmd.obj
 0001:00026120       _BotVoiceChatCommand       20027120 f   ai_vcmd.obj
 0001:00026380       _BG_AddPredictableEventToPlayerstate 20027380 f   bg_misc.obj
 0001:00026450       _BG_CanItemBeGrabbed       20027450 f   bg_misc.obj
 0001:000266e0       _BG_EvaluateTrajectory     200276e0 f   bg_misc.obj
 0001:00026b80       _BG_EvaluateTrajectoryDelta 20027b80 f   bg_misc.obj
 0001:00026ec0       _BG_FindItem               20027ec0 f   bg_misc.obj
 0001:00026f10       _BG_FindItemForHoldable    20027f10 f   bg_misc.obj
 0001:00026f80       _BG_FindItemForPowerup     20027f80 f   bg_misc.obj
 0001:00027000       _BG_FindItemForWeapon      20028000 f   bg_misc.obj
 0001:00027060       _BG_PlayerStateToEntityState 20028060 f   bg_misc.obj
 0001:000274d0       _BG_PlayerStateToEntityStateExtraPolate 200284d0 f   bg_misc.obj
 0001:00027950       _BG_PlayerTouchesItem      20028950 f   bg_misc.obj
 0001:00027aa0       _BG_TouchJumpPad           20028aa0 f   bg_misc.obj
 0001:00027d20       _PM_AddEvent               20028d20 f   bg_pmove.obj
 0001:00027d50       _PM_AddTouchEnt            20028d50 f   bg_pmove.obj
 0001:00028920       _PM_ClipVelocity           20029920 f   bg_pmove.obj
 0001:0002adf0       _PM_UpdateViewAngles       2002bdf0 f   bg_pmove.obj
 0001:0002bdc0       _Pmove                     2002cdc0 f   bg_pmove.obj
 0001:0002beb0       _PmoveSingle               2002ceb0 f   bg_pmove.obj
 0001:0002c5d0       _PM_SlideMove              2002d5d0 f   bg_slidemove.obj
 0001:0002d4f0       _PM_StepSlideMove          2002e4f0 f   bg_slidemove.obj
 0001:0002dc60       _ClientEndFrame            2002ec60 f   g_active.obj
 0001:0002dde0       _ClientEvents              2002ede0 f   g_active.obj
 0001:0002e0f0       _ClientImpacts             2002f0f0 f   g_active.obj
 0001:0002e210       _ClientInactivityTimer     2002f210 f   g_active.obj
 0001:0002e350       _ClientIntermissionThink   2002f350 f   g_active.obj
 0001:0002e3e0       _ClientThink               2002f3e0 f   g_active.obj
 0001:0002e460       _ClientThink_real          2002f460 f   g_active.obj
 0001:0002eca0       _ClientTimerActions        2002fca0 f   g_active.obj
 0001:0002eec0       _G_RunClient               2002fec0 f   g_active.obj
 0001:0002ef10       _G_SetClientSound          2002ff10 f   g_active.obj
 0001:0002ef70       _G_TouchTriggers           2002ff70 f   g_active.obj
 0001:0002f4b0       _P_DamageFeedback          200304b0 f   g_active.obj
 0001:0002f670       _P_WorldEffects            20030670 f   g_active.obj
 0001:0002f920       _SendPendingPredictableEvents 20030920 f   g_active.obj
 0001:0002fa30       _SpectatorClientEndFrame   20030a30 f   g_active.obj
 0001:0002fbc0       _SpectatorThink            20030bc0 f   g_active.obj
 0001:000310c0       _SpawnModelsOnVictoryPads  200320c0 f   g_arenas.obj
 0001:000314f0       _Svcmd_AbortPodium_f       200324f0 f   g_arenas.obj
 0001:00031540       _UpdateTournamentInfo      20032540 f   g_arenas.obj
 0001:00031dc0       _G_AddRandomBot            20032dc0 f   g_bot.obj
 0001:000320a0       _G_BotConnect              200330a0 f   g_bot.obj
 0001:00032190       _G_CheckBotSpawn           20033190 f   g_bot.obj
 0001:00032270       _G_CheckMinimumPlayers     20033270 f   g_bot.obj
 0001:00032480       _G_CountBotPlayers         20033480 f   g_bot.obj
 0001:00032560       _G_CountHumanPlayers       20033560 f   g_bot.obj
 0001:00032600       _G_GetArenaInfoByMap       20033600 f   g_bot.obj
 0001:00032670       _G_GetBotInfoByName        20033670 f   g_bot.obj
 0001:000326e0       _G_GetBotInfoByNumber      200336e0 f   g_bot.obj
 0001:00032730       _G_InitBots                20033730 f   g_bot.obj
 0001:00032ea0       _G_ParseInfos              20033ea0 f   g_bot.obj
 0001:000330c0       _G_RemoveQueuedBotBegin    200340c0 f   g_bot.obj
 0001:00033110       _G_RemoveRandomBot         20034110 f   g_bot.obj
 0001:00033440       _Svcmd_AddBot_f            20034440 f   g_bot.obj
 0001:000335e0       _Svcmd_BotList_f           200345e0 f   g_bot.obj
 0001:000337b0       _trap_Cvar_VariableValue   200347b0 f   g_bot.obj
 0001:00033810       _BodySink                  20034810 f   g_client.obj
 0001:00033890       _ClientBegin               20034890 f   g_client.obj
 0001:00033b60       _ClientConnect             20034b60 f   g_client.obj
 0001:00033dc0       _ClientDisconnect          20034dc0 f   g_client.obj
 0001:00034030       _ClientSpawn               20035030 f   g_client.obj
 0001:00034910       _ClientUserinfoChanged     20035910 f   g_client.obj
 0001:00034f40       _CopyToBodyQue             20035f40 f   g_client.obj
 0001:00035400       _InitBodyQue               20036400 f   g_client.obj
 0001:00035470       _PickTeam                  20036470 f   g_client.obj
 0001:00035530       _SP_info_player_deathmatch 20036530 f   g_client.obj
 0001:000355b0       _SP_info_player_intermission 200365b0 f   g_client.obj
 0001:000355c0       _SP_info_player_start      200365c0 f   g_client.obj
 0001:000355f0       _SelectInitialSpawnPoint   200365f0 f   g_client.obj
 0001:00035740       _SelectNearestDeathmatchSpawnPoint 20036740 f   g_client.obj
 0001:00035870       _SelectRandomDeathmatchSpawnPoint 20036870 f   g_client.obj
 0001:00035910       _SelectRandomFurthestSpawnPoint 20036910 f   g_client.obj
 0001:00035de0       _SelectSpawnPoint          20036de0 f   g_client.obj
 0001:00035e10       _SelectSpectatorSpawnPoint 20036e10 f   g_client.obj
 0001:00035ed0       _SetClientViewAngle        20036ed0 f   g_client.obj
 0001:00036010       _SpotWouldTelefrag         20037010 f   g_client.obj
 0001:00036200       _TeamCount                 20037200 f   g_client.obj
 0001:00036290       _TeamLeader                20037290 f   g_client.obj
 0001:000363b0       _respawn                   200373b0 f   g_client.obj
 0001:00036410       _BroadcastTeamChange       20037410 f   g_cmds.obj
 0001:000364f0       _CheatsOk                  200374f0 f   g_cmds.obj
 0001:00036570       _ClientCommand             20037570 f   g_cmds.obj
 0001:00036b00       _ClientNumberFromString    20037b00 f   g_cmds.obj
 0001:00036cc0       _Cmd_CallTeamVote_f        20037cc0 f   g_cmds.obj
 0001:00037390       _Cmd_CallVote_f            20038390 f   g_cmds.obj
 0001:000379d0       _Cmd_FollowCycle_f         200389d0 f   g_cmds.obj
 0001:00037b10       _Cmd_Follow_f              20038b10 f   g_cmds.obj
 0001:00037c60       _Cmd_GameCommand_f         20038c60 f   g_cmds.obj
 0001:00037d40       _Cmd_Give_f                20038d40 f   g_cmds.obj
 0001:00038150       _Cmd_God_f                 20039150 f   g_cmds.obj
 0001:000381d0       _Cmd_Kill_f                200391d0 f   g_cmds.obj
 0001:00038260       _Cmd_LevelShot_f           20039260 f   g_cmds.obj
 0001:000382d0       _Cmd_Noclip_f              200392d0 f   g_cmds.obj
 0001:00038380       _Cmd_Notarget_f            20039380 f   g_cmds.obj
 0001:00038460       _Cmd_Score_f               20039460 f   g_cmds.obj
 0001:00038480       _Cmd_SetViewpos_f          20039480 f   g_cmds.obj
 0001:00038600       _Cmd_Stats_f               20039600 f   g_cmds.obj
 0001:00038610       _Cmd_TeamTask_f            20039610 f   g_cmds.obj
 0001:00038700       _Cmd_TeamVote_f            20039700 f   g_cmds.obj
 0001:00038900       _Cmd_Team_f                20039900 f   g_cmds.obj
 0001:00039070       _Cmd_Vote_f                2003a070 f   g_cmds.obj
 0001:00039210       _Cmd_Where_f               2003a210 f   g_cmds.obj
 0001:00039260       _ConcatArgs                2003a260 f   g_cmds.obj
 0001:00039370       _DeathmatchScoreboardMessage 2003a370 f   g_cmds.obj
 0001:000396e0       _G_Say                     2003a6e0 f   g_cmds.obj
 0001:00039a80       _G_Voice                   2003aa80 f   g_cmds.obj
 0001:00039c20       _SanitizeString            2003ac20 f   g_cmds.obj
 0001:00039ca0       _SetTeam                   2003aca0 f   g_cmds.obj
 0001:0003a100       _StopFollowing             2003b100 f   g_cmds.obj
 0001:0003a1b0       _AddScore                  2003b1b0 f   g_combat.obj
 0001:0003a280       _CanDamage                 2003b280 f   g_combat.obj
 0001:0003a7d0       _CheckAlmostCapture        2003b7d0 f   g_combat.obj
 0001:0003aa30       _CheckAlmostScored         2003ba30 f   g_combat.obj
 0001:0003abf0       _CheckArmor                2003bbf0 f   g_combat.obj
 0001:0003acb0       _G_Damage                  2003bcb0 f   g_combat.obj
 0001:0003b4c0       _G_RadiusDamage            2003c4c0 f   g_combat.obj
 0001:0003b880       _GibEntity                 2003c880 f   g_combat.obj
 0001:0003b950       _LookAtKiller              2003c950 f   g_combat.obj
 0001:0003bb70       _RaySphereIntersections    2003cb70 f   g_combat.obj
 0001:0003c070       _ScorePlum                 2003d070 f   g_combat.obj
 0001:0003c0d0       _TossClientItems           2003d0d0 f   g_combat.obj
 0001:0003c310       _body_die                  2003d310 f   g_combat.obj
 0001:0003c360       _player_die                2003d360 f   g_combat.obj
 0001:0003cbc0       _Add_Ammo                  2003dbc0 f   g_items.obj
 0001:0003cc30       _ClearRegisteredItems      2003dc30 f   g_items.obj
 0001:0003cc80       _Drop_Item                 2003dc80 f   g_items.obj
 0001:0003ce30       _FinishSpawningItem        2003de30 f   g_items.obj
 0001:0003d180       _G_BounceItem              2003e180 f   g_items.obj
 0001:0003d5c0       _G_CheckTeamItems          2003e5c0 f   g_items.obj
 0001:0003d660       _G_ItemDisabled            2003e660 f   g_items.obj
 0001:0003d6c0       _G_RunItem                 2003e6c0 f   g_items.obj
 0001:0003d8a0       _G_SpawnItem               2003e8a0 f   g_items.obj
 0001:0003d980       _LaunchItem                2003e980 f   g_items.obj
 0001:0003dbb0       _Pickup_Ammo               2003ebb0 f   g_items.obj
 0001:0003dc10       _Pickup_Armor              2003ec10 f   g_items.obj
 0001:0003dcd0       _Pickup_Health             2003ecd0 f   g_items.obj
 0001:0003ddd0       _Pickup_Holdable           2003edd0 f   g_items.obj
 0001:0003de40       _Pickup_Powerup            2003ee40 f   g_items.obj
 0001:0003e170       _Pickup_Weapon             2003f170 f   g_items.obj
 0001:0003e2d0       _RegisterItem              2003f2d0 f   g_items.obj
 0001:0003e310       _RespawnItem               2003f310 f   g_items.obj
 0001:0003e520       _SaveRegisteredItems       2003f520 f   g_items.obj
 0001:0003e610       _Touch_Item                2003f610 f   g_items.obj
 0001:0003ea40       _Use_Item                  2003fa40 f   g_items.obj
 0001:0003ea60       _AddTournamentPlayer       2003fa60 f   g_main.obj
 0001:0003eb60       _AdjustTournamentScores    2003fb60 f   g_main.obj
 0001:0003ec40       _BeginIntermission         2003fc40 f   g_main.obj
 0001:0003ed00       _CalculateRanks            2003fd00 f   g_main.obj
 0001:0003f2b0       _CheckCvars                200402b0 f   g_main.obj
 0001:0003f330       _CheckExitRules            20040330 f   g_main.obj
 0001:0003f590       _CheckIntermissionExit     20040590 f   g_main.obj
 0001:0003f720       _CheckTeamLeader           20040720 f   g_main.obj
 0001:0003f860       _CheckTeamVote             20040860 f   g_main.obj
 0001:0003f9c0       _CheckTournament           200409c0 f   g_main.obj
 0001:0003fcc0       _CheckVote                 20040cc0 f   g_main.obj
 0001:0003fdb0       _Com_Error                 20040db0 f   g_main.obj
 0001:0003fe10       _Com_Printf                20040e10 f   g_main.obj
 0001:0003fe70       _ExitLevel                 20040e70 f   g_main.obj
 0001:0003ffc0       _FindIntermissionPoint     20040fc0 f   g_main.obj
 0001:000401a0       _G_Error                   200411a0 f   g_main.obj
 0001:00040200       _G_FindTeams               20041200 f   g_main.obj
 0001:000403d0       _G_InitGame                200413d0 f   g_main.obj
 0001:000406b0       _G_LogPrintf               200416b0 f   g_main.obj
 0001:000407e0       _G_Printf                  200417e0 f   g_main.obj
 0001:00040840       _G_RegisterCvars           20041840 f   g_main.obj
 0001:00040920       _G_RemapTeamShaders        20041920 f   g_main.obj
 0001:00040930       _G_RunFrame                20041930 f   g_main.obj
 0001:00040c10       _G_RunThink                20041c10 f   g_main.obj
 0001:00040c90       _G_ShutdownGame            20041c90 f   g_main.obj
 0001:00040d00       _G_UpdateCvars             20041d00 f   g_main.obj
 0001:00040dd0       _LogExit                   20041dd0 f   g_main.obj
 0001:00040f10       _MoveClientToIntermission  20041f10 f   g_main.obj
 0001:000410f0       _PrintTeam                 200420f0 f   g_main.obj
 0001:00041150       _RemoveTournamentLoser     20042150 f   g_main.obj
 0001:000411c0       _RemoveTournamentWinner    200421c0 f   g_main.obj
 0001:00041230       _ScoreIsTied               20042230 f   g_main.obj
 0001:00041300       _SendScoreboardMessageToAllClients 20042300 f   g_main.obj
 0001:00041360       _SetLeader                 20042360 f   g_main.obj
 0001:000414f0       _SortRanks                 200424f0 f   g_main.obj
 0001:00041670       _vmMain                    20042670 f   g_main.obj
 0001:00041790       _G_Alloc                   20042790 f   g_mem.obj
 0001:00041820       _G_InitMemory              20042820 f   g_mem.obj
 0001:00041840       _Svcmd_GameMem_f           20042840 f   g_mem.obj
 0001:00041980       _InitShooter               20042980 f   g_misc.obj
 0001:00041ad0       _SP_info_camp              20042ad0 f   g_misc.obj
 0001:00041b00       _SP_info_notnull           20042b00 f   g_misc.obj
 0001:00041b30       _SP_info_null              20042b30 f   g_misc.obj
 0001:00041b50       _SP_light                  20042b50 f   g_misc.obj
 0001:00041b70       _SP_misc_model             20042b70 f   g_misc.obj
 0001:00041b90       _SP_misc_portal_camera     20042b90 f   g_misc.obj
 0001:00041c90       _SP_misc_portal_surface    20042c90 f   g_misc.obj
 0001:00041df0       _SP_misc_teleporter_dest   20042df0 f   g_misc.obj
 0001:00041e00       _SP_shooter_grenade        20042e00 f   g_misc.obj
 0001:00041e20       _SP_shooter_plasma         20042e20 f   g_misc.obj
 0001:00041e40       _SP_shooter_rocket         20042e40 f   g_misc.obj
 0001:00041e60       _TeleportPlayer            20042e60 f   g_misc.obj
 0001:00042160       _Use_Shooter               20043160 f   g_misc.obj
 0001:00042510       _locateCamera              20043510 f   g_misc.obj
 0001:00042740       _G_BounceMissile           20043740 f   g_missile.obj
 0001:00042af0       _G_ExplodeMissile          20043af0 f   g_missile.obj
 0001:00042cc0       _G_MissileImpact           20043cc0 f   g_missile.obj
 0001:00043340       _G_RunMissile              20044340 f   g_missile.obj
 0001:000435e0       _fire_bfg                  200445e0 f   g_missile.obj
 0001:00043890       _fire_grapple              20044890 f   g_missile.obj
 0001:00043b30       _fire_grenade              20044b30 f   g_missile.obj
 0001:00043df0       _fire_plasma               20044df0 f   g_missile.obj
 0001:000440a0       _fire_rocket               200450a0 f   g_missile.obj
 0001:00044350       _Blocked_Door              20045350 f   g_mover.obj
 0001:00044410       _G_CheckProxMinePosition   20045410 f   g_mover.obj
 0001:00044610       _G_CreateRotationMatrix    20045610 f   g_mover.obj
 0001:00044670       _G_MoverPush               20045670 f   g_mover.obj
 0001:00044ef0       _G_MoverTeam               20045ef0 f   g_mover.obj
 0001:000451f0       _G_RotatePoint             200461f0 f   g_mover.obj
 0001:00045400       _G_RunMover                20046400 f   g_mover.obj
 0001:00045450       _G_TestEntityPosition      20046450 f   g_mover.obj
 0001:00045540       _G_TransposeMatrix         20046540 f   g_mover.obj
 0001:000455b0       _G_TryPushingEntity        200465b0 f   g_mover.obj
 0001:00045fe0       _G_TryPushingProxMine      20046fe0 f   g_mover.obj
 0001:000464f0       _InitMover                 200474f0 f   g_mover.obj
 0001:00046950       _MatchTeam                 20047950 f   g_mover.obj
 0001:00046990       _Reached_BinaryMover       20047990 f   g_mover.obj
 0001:00046ae0       _Reached_Train             20047ae0 f   g_mover.obj
 0001:00046dd0       _ReturnToPos1              20047dd0 f   g_mover.obj
 0001:00046e30       _SP_func_bobbing           20047e30 f   g_mover.obj
 0001:00047020       _SP_func_button            20048020 f   g_mover.obj
 0001:00047410       _SP_func_door              20048410 f   g_mover.obj
 0001:000479e0       _SP_func_pendulum          200489e0 f   g_mover.obj
 0001:00047c60       _SP_func_plat              20048c60 f   g_mover.obj
 0001:00047f30       _SP_func_rotating          20048f30 f   g_mover.obj
 0001:00048140       _SP_func_static            20049140 f   g_mover.obj
 0001:00048230       _SP_func_train             20049230 f   g_mover.obj
 0001:00048380       _SP_path_corner            20049380 f   g_mover.obj
 0001:000483d0       _SetMoverState             200493d0 f   g_mover.obj
 0001:00048890       _SpawnPlatTrigger          20049890 f   g_mover.obj
 0001:00048c60       _Think_BeginMoving         20049c60 f   g_mover.obj
 0001:00048c90       _Think_MatchTeam           20049c90 f   g_mover.obj
 0001:00048cc0       _Think_SetupTrainTargets   20049cc0 f   g_mover.obj
 0001:00048e10       _Think_SpawnNewDoorTrigger 20049e10 f   g_mover.obj
 0001:00049110       _Touch_Button              2004a110 f   g_mover.obj
 0001:00049150       _Touch_DoorTrigger         2004a150 f   g_mover.obj
 0001:000493d0       _Touch_Plat                2004a3d0 f   g_mover.obj
 0001:00049430       _Touch_PlatCenterTrigger   2004a430 f   g_mover.obj
 0001:00049480       _Use_BinaryMover           2004a480 f   g_mover.obj
 0001:00049790       _G_InitSessionData         2004a790 f   g_session.obj
 0001:000498a0       _G_InitWorldSession        2004a8a0 f   g_session.obj
 0001:00049920       _G_ReadSessionData         2004a920 f   g_session.obj
 0001:00049a10       _G_WriteClientSessionData  2004aa10 f   g_session.obj
 0001:00049ab0       _G_WriteSessionData        2004aab0 f   g_session.obj
 0001:00049b40       _SP_item_botroam           2004ab40 f   g_spawn.obj
 0001:00049b50       _G_AddSpawnVarToken        2004ab50 f   g_spawn.obj
 0001:00049bd0       _G_CallSpawn               2004abd0 f   g_spawn.obj
 0001:00049cc0       _G_NewString               2004acc0 f   g_spawn.obj
 0001:00049d80       _G_ParseField              2004ad80 f   g_spawn.obj
 0001:00049f70       _G_ParseSpawnVars          2004af70 f   g_spawn.obj
 0001:0004a100       _G_SpawnEntitiesFromString 2004b100 f   g_spawn.obj
 0001:0004a160       _G_SpawnFloat              2004b160 f   g_spawn.obj
 0001:0004a1a0       _G_SpawnGEntityFromSpawnVars 2004b1a0 f   g_spawn.obj
 0001:0004a410       _G_SpawnInt                2004b410 f   g_spawn.obj
 0001:0004a450       _G_SpawnString             2004b450 f   g_spawn.obj
 0001:0004a4e0       _G_SpawnVector             2004b4e0 f   g_spawn.obj
 0001:0004a540       _SP_worldspawn             2004b540 f   g_spawn.obj
 0001:0004a7c0       _ClientForString           2004b7c0 f   g_svcmds.obj
 0001:0004a8e0       _ConsoleCommand            2004b8e0 f   g_svcmds.obj
 0001:0004ab00       _G_FilterPacket            2004bb00 f   g_svcmds.obj
 0001:0004ac40       _G_ProcessIPBans           2004bc40 f   g_svcmds.obj
 0001:0004aef0       _Svcmd_AddIP_f             2004bef0 f   g_svcmds.obj
 0001:0004af70       _Svcmd_EntityList_f        2004bf70 f   g_svcmds.obj
 0001:0004b130       _Svcmd_ForceTeam_f         2004c130 f   g_svcmds.obj
 0001:0004b1d0       _Svcmd_RemoveIP_f          2004c1d0 f   g_svcmds.obj
 0001:0004b4a0       _PASSFLOAT                 2004c4a0 f   g_syscalls.obj
 0001:0004b4c0       _dllEntry                  2004c4c0 f   g_syscalls.obj
 0001:0004b4e0       _trap_AAS_AlternativeRouteGoals 2004c4e0 f   g_syscalls.obj
 0001:0004b520       _trap_AAS_AreaInfo         2004c520 f   g_syscalls.obj
 0001:0004b550       _trap_AAS_AreaReachability 2004c550 f   g_syscalls.obj
 0001:0004b580       _trap_AAS_AreaTravelTimeToGoalArea 2004c580 f   g_syscalls.obj
 0001:0004b5b0       _trap_AAS_BBoxAreas        2004c5b0 f   g_syscalls.obj
 0001:0004b5e0       _trap_AAS_EnableRoutingArea 2004c5e0 f   g_syscalls.obj
 0001:0004b610       _trap_AAS_EntityInfo       2004c610 f   g_syscalls.obj
 0001:0004b640       _trap_AAS_FloatForBSPEpairKey 2004c640 f   g_syscalls.obj
 0001:0004b670       _trap_AAS_Initialized      2004c670 f   g_syscalls.obj
 0001:0004b690       _trap_AAS_IntForBSPEpairKey 2004c690 f   g_syscalls.obj
 0001:0004b6c0       _trap_AAS_NextBSPEntity    2004c6c0 f   g_syscalls.obj
 0001:0004b6f0       _trap_AAS_PointAreaNum     2004c6f0 f   g_syscalls.obj
 0001:0004b720       _trap_AAS_PointContents    2004c720 f   g_syscalls.obj
 0001:0004b750       _trap_AAS_PointReachabilityAreaIndex 2004c750 f   g_syscalls.obj
 0001:0004b780       _trap_AAS_PredictClientMovement 2004c780 f   g_syscalls.obj
 0001:0004b7f0       _trap_AAS_PredictRoute     2004c7f0 f   g_syscalls.obj
 0001:0004b840       _trap_AAS_PresenceTypeBoundingBox 2004c840 f   g_syscalls.obj
 0001:0004b870       _trap_AAS_Swimming         2004c870 f   g_syscalls.obj
 0001:0004b8a0       _trap_AAS_Time             2004c8a0 f   g_syscalls.obj
 0001:0004b8d0       _trap_AAS_TraceAreas       2004c8d0 f   g_syscalls.obj
 0001:0004b910       _trap_AAS_ValueForBSPEpairKey 2004c910 f   g_syscalls.obj
 0001:0004b940       _trap_AAS_VectorForBSPEpairKey 2004c940 f   g_syscalls.obj
 0001:0004b970       _trap_AdjustAreaPortalState 2004c970 f   g_syscalls.obj
 0001:0004b9a0       _trap_AreasConnected       2004c9a0 f   g_syscalls.obj
 0001:0004b9d0       _trap_Argc                 2004c9d0 f   g_syscalls.obj
 0001:0004b9f0       _trap_Argv                 2004c9f0 f   g_syscalls.obj
 0001:0004ba20       _trap_BotAddAvoidSpot      2004ca20 f   g_syscalls.obj
 0001:0004ba60       _trap_BotAllocChatState    2004ca60 f   g_syscalls.obj
 0001:0004ba80       _trap_BotAllocGoalState    2004ca80 f   g_syscalls.obj
 0001:0004bab0       _trap_BotAllocMoveState    2004cab0 f   g_syscalls.obj
 0001:0004bad0       _trap_BotAllocWeaponState  2004cad0 f   g_syscalls.obj
 0001:0004baf0       _trap_BotAllocateClient    2004caf0 f   g_syscalls.obj
 0001:0004bb10       _trap_BotAvoidGoalTime     2004cb10 f   g_syscalls.obj
 0001:0004bb40       _trap_BotChatLength        2004cb40 f   g_syscalls.obj
 0001:0004bb70       _trap_BotChooseBestFightWeapon 2004cb70 f   g_syscalls.obj
 0001:0004bba0       _trap_BotChooseLTGItem     2004cba0 f   g_syscalls.obj
 0001:0004bbd0       _trap_BotChooseNBGItem     2004cbd0 f   g_syscalls.obj
 0001:0004bc20       _trap_BotDumpAvoidGoals    2004cc20 f   g_syscalls.obj
 0001:0004bc50       _trap_BotDumpGoalStack     2004cc50 f   g_syscalls.obj
 0001:0004bc80       _trap_BotEmptyGoalStack    2004cc80 f   g_syscalls.obj
 0001:0004bcb0       _trap_BotEnterChat         2004ccb0 f   g_syscalls.obj
 0001:0004bce0       _trap_BotFindMatch         2004cce0 f   g_syscalls.obj
 0001:0004bd10       _trap_BotFreeCharacter     2004cd10 f   g_syscalls.obj
 0001:0004bd40       _trap_BotFreeChatState     2004cd40 f   g_syscalls.obj
 0001:0004bd70       _trap_BotFreeClient        2004cd70 f   g_syscalls.obj
 0001:0004bd90       _trap_BotFreeGoalState     2004cd90 f   g_syscalls.obj
 0001:0004bdc0       _trap_BotFreeItemWeights   2004cdc0 f   g_syscalls.obj
 0001:0004bdf0       _trap_BotFreeMoveState     2004cdf0 f   g_syscalls.obj
 0001:0004be20       _trap_BotFreeWeaponState   2004ce20 f   g_syscalls.obj
 0001:0004be50       _trap_BotGetChatMessage    2004ce50 f   g_syscalls.obj
 0001:0004be80       _trap_BotGetLevelItemGoal  2004ce80 f   g_syscalls.obj
 0001:0004beb0       _trap_BotGetMapLocationGoal 2004ceb0 f   g_syscalls.obj
 0001:0004bee0       _trap_BotGetNextCampSpotGoal 2004cee0 f   g_syscalls.obj
 0001:0004bf10       _trap_BotGetSecondGoal     2004cf10 f   g_syscalls.obj
 0001:0004bf40       _trap_BotGetServerCommand  2004cf40 f   g_syscalls.obj
 0001:0004bf70       _trap_BotGetSnapshotEntity 2004cf70 f   g_syscalls.obj
 0001:0004bfa0       _trap_BotGetTopGoal        2004cfa0 f   g_syscalls.obj
 0001:0004bfd0       _trap_BotGetWeaponInfo     2004cfd0 f   g_syscalls.obj
 0001:0004c000       _trap_BotGoalName          2004d000 f   g_syscalls.obj
 0001:0004c030       _trap_BotInitLevelItems    2004d030 f   g_syscalls.obj
 0001:0004c050       _trap_BotInitMoveState     2004d050 f   g_syscalls.obj
 0001:0004c080       _trap_BotInitialChat       2004d080 f   g_syscalls.obj
 0001:0004c0d0       _trap_BotInterbreedGoalFuzzyLogic 2004d0d0 f   g_syscalls.obj
 0001:0004c100       _trap_BotItemGoalInVisButNotVisible 2004d100 f   g_syscalls.obj
 0001:0004c130       _trap_BotLibDefine         2004d130 f   g_syscalls.obj
 0001:0004c160       _trap_BotLibLoadMap        2004d160 f   g_syscalls.obj
 0001:0004c190       _trap_BotLibSetup          2004d190 f   g_syscalls.obj
 0001:0004c1b0       _trap_BotLibShutdown       2004d1b0 f   g_syscalls.obj
 0001:0004c1d0       _trap_BotLibStartFrame     2004d1d0 f   g_syscalls.obj
 0001:0004c210       _trap_BotLibTest           2004d210 f   g_syscalls.obj
 0001:0004c240       _trap_BotLibUpdateEntity   2004d240 f   g_syscalls.obj
 0001:0004c270       _trap_BotLibVarGet         2004d270 f   g_syscalls.obj
 0001:0004c2a0       _trap_BotLibVarSet         2004d2a0 f   g_syscalls.obj
 0001:0004c2d0       _trap_BotLoadCharacter     2004d2d0 f   g_syscalls.obj
 0001:0004c310       _trap_BotLoadChatFile      2004d310 f   g_syscalls.obj
 0001:0004c340       _trap_BotLoadItemWeights   2004d340 f   g_syscalls.obj
 0001:0004c370       _trap_BotLoadWeaponWeights 2004d370 f   g_syscalls.obj
 0001:0004c3a0       _trap_BotMatchVariable     2004d3a0 f   g_syscalls.obj
 0001:0004c3d0       _trap_BotMoveInDirection   2004d3d0 f   g_syscalls.obj
 0001:0004c410       _trap_BotMoveToGoal        2004d410 f   g_syscalls.obj
 0001:0004c440       _trap_BotMovementViewTarget 2004d440 f   g_syscalls.obj
 0001:0004c490       _trap_BotMutateGoalFuzzyLogic 2004d490 f   g_syscalls.obj
 0001:0004c4c0       _trap_BotNextConsoleMessage 2004d4c0 f   g_syscalls.obj
 0001:0004c4f0       _trap_BotNumConsoleMessages 2004d4f0 f   g_syscalls.obj
 0001:0004c520       _trap_BotNumInitialChats   2004d520 f   g_syscalls.obj
 0001:0004c550       _trap_BotPopGoal           2004d550 f   g_syscalls.obj
 0001:0004c580       _trap_BotPredictVisiblePosition 2004d580 f   g_syscalls.obj
 0001:0004c5c0       _trap_BotPushGoal          2004d5c0 f   g_syscalls.obj
 0001:0004c5f0       _trap_BotQueueConsoleMessage 2004d5f0 f   g_syscalls.obj
 0001:0004c620       _trap_BotReachabilityArea  2004d620 f   g_syscalls.obj
 0001:0004c650       _trap_BotRemoveConsoleMessage 2004d650 f   g_syscalls.obj
 0001:0004c680       _trap_BotRemoveFromAvoidGoals 2004d680 f   g_syscalls.obj
 0001:0004c6b0       _trap_BotReplaceSynonyms   2004d6b0 f   g_syscalls.obj
 0001:0004c6e0       _trap_BotReplyChat         2004d6e0 f   g_syscalls.obj
 0001:0004c730       _trap_BotResetAvoidGoals   2004d730 f   g_syscalls.obj
 0001:0004c760       _trap_BotResetAvoidReach   2004d760 f   g_syscalls.obj
 0001:0004c790       _trap_BotResetGoalState    2004d790 f   g_syscalls.obj
 0001:0004c7c0       _trap_BotResetLastAvoidReach 2004d7c0 f   g_syscalls.obj
 0001:0004c7f0       _trap_BotResetMoveState    2004d7f0 f   g_syscalls.obj
 0001:0004c820       _trap_BotResetWeaponState  2004d820 f   g_syscalls.obj
 0001:0004c850       _trap_BotSaveGoalFuzzyLogic 2004d850 f   g_syscalls.obj
 0001:0004c880       _trap_BotSetAvoidGoalTime  2004d880 f   g_syscalls.obj
 0001:0004c8c0       _trap_BotSetChatGender     2004d8c0 f   g_syscalls.obj
 0001:0004c8f0       _trap_BotSetChatName       2004d8f0 f   g_syscalls.obj
 0001:0004c920       _trap_BotTouchingGoal      2004d920 f   g_syscalls.obj
 0001:0004c950       _trap_BotUpdateEntityItems 2004d950 f   g_syscalls.obj
 0001:0004c970       _trap_BotUserCommand       2004d970 f   g_syscalls.obj
 0001:0004c9a0       _trap_Characteristic_BFloat 2004d9a0 f   g_syscalls.obj
 0001:0004ca00       _trap_Characteristic_BInteger 2004da00 f   g_syscalls.obj
 0001:0004ca30       _trap_Characteristic_Float 2004da30 f   g_syscalls.obj
 0001:0004ca60       _trap_Characteristic_Integer 2004da60 f   g_syscalls.obj
 0001:0004ca90       _trap_Characteristic_String 2004da90 f   g_syscalls.obj
 0001:0004cac0       _trap_Cvar_Register        2004dac0 f   g_syscalls.obj
 0001:0004caf0       _trap_Cvar_Set             2004daf0 f   g_syscalls.obj
 0001:0004cb20       _trap_Cvar_Update          2004db20 f   g_syscalls.obj
 0001:0004cb40       _trap_Cvar_VariableIntegerValue 2004db40 f   g_syscalls.obj
 0001:0004cb60       _trap_Cvar_VariableStringBuffer 2004db60 f   g_syscalls.obj
 0001:0004cb90       _trap_DebugPolygonCreate   2004db90 f   g_syscalls.obj
 0001:0004cbc0       _trap_DebugPolygonDelete   2004dbc0 f   g_syscalls.obj
 0001:0004cbe0       _trap_DropClient           2004dbe0 f   g_syscalls.obj
 0001:0004cc10       _trap_EA_Action            2004dc10 f   g_syscalls.obj
 0001:0004cc40       _trap_EA_Attack            2004dc40 f   g_syscalls.obj
 0001:0004cc70       _trap_EA_Command           2004dc70 f   g_syscalls.obj
 0001:0004cca0       _trap_EA_Crouch            2004dca0 f   g_syscalls.obj
 0001:0004ccd0       _trap_EA_DelayedJump       2004dcd0 f   g_syscalls.obj
 0001:0004cd00       _trap_EA_EndRegular        2004dd00 f   g_syscalls.obj
 0001:0004cd40       _trap_EA_Gesture           2004dd40 f   g_syscalls.obj
 0001:0004cd70       _trap_EA_GetInput          2004dd70 f   g_syscalls.obj
 0001:0004cdb0       _trap_EA_Jump              2004ddb0 f   g_syscalls.obj
 0001:0004cde0       _trap_EA_Move              2004dde0 f   g_syscalls.obj
 0001:0004ce20       _trap_EA_MoveBack          2004de20 f   g_syscalls.obj
 0001:0004ce50       _trap_EA_MoveDown          2004de50 f   g_syscalls.obj
 0001:0004ce80       _trap_EA_MoveForward       2004de80 f   g_syscalls.obj
 0001:0004ceb0       _trap_EA_MoveLeft          2004deb0 f   g_syscalls.obj
 0001:0004cee0       _trap_EA_MoveRight         2004dee0 f   g_syscalls.obj
 0001:0004cf10       _trap_EA_MoveUp            2004df10 f   g_syscalls.obj
 0001:0004cf40       _trap_EA_ResetInput        2004df40 f   g_syscalls.obj
 0001:0004cf70       _trap_EA_Respawn           2004df70 f   g_syscalls.obj
 0001:0004cfa0       _trap_EA_Say               2004dfa0 f   g_syscalls.obj
 0001:0004cfd0       _trap_EA_SayTeam           2004dfd0 f   g_syscalls.obj
 0001:0004d000       _trap_EA_SelectWeapon      2004e000 f   g_syscalls.obj
 0001:0004d030       _trap_EA_Talk              2004e030 f   g_syscalls.obj
 0001:0004d060       _trap_EA_Use               2004e060 f   g_syscalls.obj
 0001:0004d090       _trap_EA_View              2004e090 f   g_syscalls.obj
 0001:0004d0c0       _trap_EntitiesInBox        2004e0c0 f   g_syscalls.obj
 0001:0004d0f0       _trap_EntityContact        2004e0f0 f   g_syscalls.obj
 0001:0004d120       _trap_EntityContactCapsule 2004e120 f   g_syscalls.obj
 0001:0004d150       _trap_Error                2004e150 f   g_syscalls.obj
 0001:0004d170       _trap_FS_FCloseFile        2004e170 f   g_syscalls.obj
 0001:0004d190       _trap_FS_FOpenFile         2004e190 f   g_syscalls.obj
 0001:0004d1c0       _trap_FS_GetFileList       2004e1c0 f   g_syscalls.obj
 0001:0004d1f0       _trap_FS_Read              2004e1f0 f   g_syscalls.obj
 0001:0004d220       _trap_FS_Seek              2004e220 f   g_syscalls.obj
 0001:0004d250       _trap_FS_Write             2004e250 f   g_syscalls.obj
 0001:0004d280       _trap_GeneticParentsAndChildSelection 2004e280 f   g_syscalls.obj
 0001:0004d2c0       _trap_GetConfigstring      2004e2c0 f   g_syscalls.obj
 0001:0004d2f0       _trap_GetEntityToken       2004e2f0 f   g_syscalls.obj
 0001:0004d320       _trap_GetServerinfo        2004e320 f   g_syscalls.obj
 0001:0004d350       _trap_GetUsercmd           2004e350 f   g_syscalls.obj
 0001:0004d380       _trap_GetUserinfo          2004e380 f   g_syscalls.obj
 0001:0004d3b0       _trap_InPVS                2004e3b0 f   g_syscalls.obj
 0001:0004d3e0       _trap_InPVSIgnorePortals   2004e3e0 f   g_syscalls.obj
 0001:0004d410       _trap_LinkEntity           2004e410 f   g_syscalls.obj
 0001:0004d430       _trap_LocateGameData       2004e430 f   g_syscalls.obj
 0001:0004d460       _trap_Milliseconds         2004e460 f   g_syscalls.obj
 0001:0004d480       _trap_PC_FreeSource        2004e480 f   g_syscalls.obj
 0001:0004d4b0       _trap_PC_LoadSource        2004e4b0 f   g_syscalls.obj
 0001:0004d4e0       _trap_PC_ReadToken         2004e4e0 f   g_syscalls.obj
 0001:0004d510       _trap_PC_SourceFileAndLine 2004e510 f   g_syscalls.obj
 0001:0004d540       _trap_PointContents        2004e540 f   g_syscalls.obj
 0001:0004d570       _trap_Printf               2004e570 f   g_syscalls.obj
 0001:0004d590       _trap_RealTime             2004e590 f   g_syscalls.obj
 0001:0004d5b0       _trap_SendConsoleCommand   2004e5b0 f   g_syscalls.obj
 0001:0004d5e0       _trap_SendServerCommand    2004e5e0 f   g_syscalls.obj
 0001:0004d610       _trap_SetBrushModel        2004e610 f   g_syscalls.obj
 0001:0004d640       _trap_SetConfigstring      2004e640 f   g_syscalls.obj
 0001:0004d670       _trap_SetUserinfo          2004e670 f   g_syscalls.obj
 0001:0004d6a0       _trap_SnapVector           2004e6a0 f   g_syscalls.obj
 0001:0004d6c0       _trap_StringContains       2004e6c0 f   g_syscalls.obj
 0001:0004d6f0       _trap_Trace                2004e6f0 f   g_syscalls.obj
 0001:0004d730       _trap_TraceCapsule         2004e730 f   g_syscalls.obj
 0001:0004d770       _trap_UnifyWhiteSpaces     2004e770 f   g_syscalls.obj
 0001:0004d7a0       _trap_UnlinkEntity         2004e7a0 f   g_syscalls.obj
 0001:0004d7c0       _SP_target_delay           2004e7c0 f   g_target.obj
 0001:0004d850       _SP_target_give            2004e850 f   g_target.obj
 0001:0004d870       _SP_target_kill            2004e870 f   g_target.obj
 0001:0004d890       _SP_target_laser           2004e890 f   g_target.obj
 0001:0004d8c0       _SP_target_location        2004e8c0 f   g_target.obj
 0001:0004d910       _SP_target_position        2004e910 f   g_target.obj
 0001:0004d940       _SP_target_print           2004e940 f   g_target.obj
 0001:0004d960       _SP_target_relay           2004e960 f   g_target.obj
 0001:0004d980       _SP_target_remove_powerups 2004e980 f   g_target.obj
 0001:0004d9a0       _SP_target_score           2004e9a0 f   g_target.obj
 0001:0004d9e0       _SP_target_speaker         2004e9e0 f   g_target.obj
 0001:0004dc10       _SP_target_teleporter      2004ec10 f   g_target.obj
 0001:0004dc60       _Think_Target_Delay        2004ec60 f   g_target.obj
 0001:0004dc90       _Use_Target_Delay          2004ec90 f   g_target.obj
 0001:0004dd40       _Use_Target_Give           2004ed40 f   g_target.obj
 0001:0004de00       _Use_Target_Print          2004ee00 f   g_target.obj
 0001:0004df00       _Use_Target_Score          2004ef00 f   g_target.obj
 0001:0004df30       _Use_Target_Speaker        2004ef30 f   g_target.obj
 0001:0004dff0       _Use_target_remove_powerups 2004eff0 f   g_target.obj
 0001:0004e0a0       _target_kill_use           2004f0a0 f   g_target.obj
 0001:0004e0d0       _target_laser_off          2004f0d0 f   g_target.obj
 0001:0004e100       _target_laser_on           2004f100 f   g_target.obj
 0001:0004e140       _target_laser_start        2004f140 f   g_target.obj
 0001:0004e240       _target_laser_think        2004f240 f   g_target.obj
 0001:0004e6b0       _target_laser_use          2004f6b0 f   g_target.obj
 0001:0004e7f0       _target_relay_use          2004f7f0 f   g_target.obj
 0001:0004e8c0       _target_teleporter_use     2004f8c0 f   g_target.obj
 0001:0004e930       _AddTeamScore              2004f930 f   g_team.obj
 0001:0004eaa0       _CheckTeamStatus           2004faa0 f   g_team.obj
 0001:0004ec10       _OnSameTeam                2004fc10 f   g_team.obj
 0001:0004ec80       _OtherTeam                 2004fc80 f   g_team.obj
 0001:0004ecb0       _OtherTeamName             2004fcb0 f   g_team.obj
 0001:0004ecf0       _Pickup_Team               2004fcf0 f   g_team.obj
 0001:0004edb0       _PrintMsg                  2004fdb0 f   g_team.obj
 0001:0004ee90       _SP_team_CTF_blueplayer    2004fe90 f   g_team.obj
 0001:0004eea0       _SP_team_CTF_bluespawn     2004fea0 f   g_team.obj
 0001:0004eeb0       _SP_team_CTF_redplayer     2004feb0 f   g_team.obj
 0001:0004eec0       _SP_team_CTF_redspawn      2004fec0 f   g_team.obj
 0001:0004eed0       _SelectCTFSpawnPoint       2004fed0 f   g_team.obj
 0001:0004eff0       _SelectRandomTeamSpawnPoint 2004fff0 f   g_team.obj
 0001:0004f120       _TeamColorString           20050120 f   g_team.obj
 0001:0004f160       _TeamName                  20050160 f   g_team.obj
 0001:0004f1a0       _Team_CaptureFlagSound     200501a0 f   g_team.obj
 0001:0004f210       _Team_CheckDroppedItem     20050210 f   g_team.obj
 0001:0004f280       _Team_CheckHurtCarrier     20050280 f   g_team.obj
 0001:0004f370       _Team_DroppedFlagThink     20050370 f   g_team.obj
 0001:0004f3f0       _Team_ForceGesture         200503f0 f   g_team.obj
 0001:0004f480       _Team_FragBonuses          20050480 f   g_team.obj
 0001:00050090       _Team_FreeEntity           20051090 f   g_team.obj
 0001:000500f0       _Team_GetLocation          200510f0 f   g_team.obj
 0001:000502d0       _Team_GetLocationMsg       200512d0 f   g_team.obj
 0001:00050390       _Team_InitGame             20051390 f   g_team.obj
 0001:000503f0       _Team_ResetFlag            200513f0 f   g_team.obj
 0001:000504b0       _Team_ResetFlags           200514b0 f   g_team.obj
 0001:000504e0       _Team_ReturnFlag           200514e0 f   g_team.obj
 0001:00050540       _Team_ReturnFlagSound      20051540 f   g_team.obj
 0001:000505b0       _Team_SetFlagStatus        200515b0 f   g_team.obj
 0001:000506e0       _Team_TakeFlagSound        200516e0 f   g_team.obj
 0001:000507c0       _Team_TouchEnemyFlag       200517c0 f   g_team.obj
 0001:00050890       _Team_TouchOurFlag         20051890 f   g_team.obj
 0001:00050d90       _TeamplayInfoMessage       20051d90 f   g_team.obj
 0001:00051180       _AimAtTarget               20052180 f   g_trigger.obj
 0001:000514e0       _InitTrigger               200524e0 f   g_trigger.obj
 0001:00051550       _SP_func_timer             20052550 f   g_trigger.obj
 0001:00051640       _SP_target_push            20052640 f   g_trigger.obj
 0001:00051860       _SP_trigger_always         20052860 f   g_trigger.obj
 0001:00051890       _SP_trigger_hurt           20052890 f   g_trigger.obj
 0001:00051930       _SP_trigger_multiple       20052930 f   g_trigger.obj
 0001:00051a00       _SP_trigger_push           20052a00 f   g_trigger.obj
 0001:00051a80       _SP_trigger_teleport       20052a80 f   g_trigger.obj
 0001:00051b10       _Touch_Multi               20052b10 f   g_trigger.obj
 0001:00051b40       _Use_Multi                 20052b40 f   g_trigger.obj
 0001:00051b60       _Use_target_push           20052b60 f   g_trigger.obj
 0001:00051cf0       _func_timer_think          20052cf0 f   g_trigger.obj
 0001:00051da0       _func_timer_use            20052da0 f   g_trigger.obj
 0001:00051df0       _hurt_touch                20052df0 f   g_trigger.obj
 0001:00051ed0       _hurt_use                  20052ed0 f   g_trigger.obj
 0001:00051f10       _multi_trigger             20052f10 f   g_trigger.obj
 0001:00052090       _multi_wait                20053090 f   g_trigger.obj
 0001:000520b0       _trigger_always_think      200530b0 f   g_trigger.obj
 0001:000520e0       _trigger_push_touch        200530e0 f   g_trigger.obj
 0001:00052120       _trigger_teleporter_touch  20053120 f   g_trigger.obj
 0001:000521c0       _AddRemap                  200531c0 f   g_utils.obj
 0001:000522c0       _BuildShaderStateConfig    200532c0 f   g_utils.obj
 0001:000524c0       _DebugLine                 200534c0 f   g_utils.obj
 0001:00052c00       _G_AddEvent                20053c00 f   g_utils.obj
 0001:00052cf0       _G_AddPredictableEvent     20053cf0 f   g_utils.obj
 0001:00052d30       _G_EntitiesFree            20053d30 f   g_utils.obj
 0001:00052da0       _G_Find                    20053da0 f   g_utils.obj
 0001:00052e30       _G_FindConfigstringIndex   20053e30 f   g_utils.obj
 0001:00052f20       _G_FreeEntity              20053f20 f   g_utils.obj
 0001:00052f90       _G_InitGentity             20053f90 f   g_utils.obj
 0001:00052fe0       _G_KillBox                 20053fe0 f   g_utils.obj
 0001:00053220       _G_ModelIndex              20054220 f   g_utils.obj
 0001:00053250       _G_PickTarget              20054250 f   g_utils.obj
 0001:00053300       _G_SetMovedir              20054300 f   g_utils.obj
 0001:00053440       _G_SetOrigin               20054440 f   g_utils.obj
 0001:00053570       _G_Sound                   20054570 f   g_utils.obj
 0001:000535b0       _G_SoundIndex              200545b0 f   g_utils.obj
 0001:000535e0       _G_Spawn                   200545e0 f   g_utils.obj
 0001:00053760       _G_TeamCommand             20054760 f   g_utils.obj
 0001:000537f0       _G_TempEntity              200547f0 f   g_utils.obj
 0001:00053920       _G_UseTargets              20054920 f   g_utils.obj
 0001:00053ad0       _tv                        20054ad0 f   g_utils.obj
 0001:00053b50       _vectoyaw                  20054b50 f   g_utils.obj
 0001:00053c80       _vtos                      20054c80 f   g_utils.obj
 0001:00053d00       _BFG_Fire                  20054d00 f   g_weapon.obj
 0001:00053d70       _Bullet_Fire               20054d70 f   g_weapon.obj
 0001:00054220       _CalcMuzzlePoint           20055220 f   g_weapon.obj
 0001:000543e0       _CalcMuzzlePointOrigin     200553e0 f   g_weapon.obj
 0001:000545a0       _CheckGauntletAttack       200555a0 f   g_weapon.obj
 0001:00054920       _FireWeapon                20055920 f   g_weapon.obj
 0001:00054b20       _G_BounceProjectile        20055b20 f   g_weapon.obj
 0001:00054db0       _LogAccuracyHit            20055db0 f   g_weapon.obj
 0001:00054e40       _ShotgunPattern            20055e40 f   g_weapon.obj
 0001:00055170       _ShotgunPellet             20056170 f   g_weapon.obj
 0001:00055300       _SnapVectorTowards         20056300 f   g_weapon.obj
 0001:00055380       _Weapon_Gauntlet           20056380 f   g_weapon.obj
 0001:00055390       _Weapon_GrapplingHook_Fire 20056390 f   g_weapon.obj
 0001:000553f0       _Weapon_HookFree           200563f0 f   g_weapon.obj
 0001:00055450       _Weapon_HookThink          20056450 f   g_weapon.obj
 0001:000556d0       _Weapon_LightningFire      200566d0 f   g_weapon.obj
 0001:00055930       _Weapon_Plasmagun_Fire     20056930 f   g_weapon.obj
 0001:000559a0       _Weapon_RocketLauncher_Fire 200569a0 f   g_weapon.obj
 0001:00055a10       _weapon_grenadelauncher_fire 20056a10 f   g_weapon.obj
 0001:00055ab0       _weapon_railgun_fire       20056ab0 f   g_weapon.obj
 0001:00056010       _weapon_supershotgun_fire  20057010 f   g_weapon.obj
 0001:00056170       _AddPointToBounds          20057170 f   q_math.obj
 0001:000562f0       _AngleDelta                200572f0 f   q_math.obj
 0001:00056320       _AngleMod                  20057320 f   q_math.obj
 0001:00056360       _AngleNormalize180         20057360 f   q_math.obj
 0001:000563b0       _AngleNormalize360         200573b0 f   q_math.obj
 0001:000563f0       _AngleSubtract             200573f0 f   q_math.obj
 0001:00056460       _AngleVectors              20057460 f   q_math.obj
 0001:00056760       _AnglesSubtract            20057760 f   q_math.obj
 0001:00056840       _AnglesToAxis              20057840 f   q_math.obj
 0001:00056940       _AxisClear                 20057940 f   q_math.obj
 0001:00056a70       _AxisCopy                  20057a70 f   q_math.obj
 0001:00056c00       _BoxOnPlaneSide            20057c00 f   q_math.obj
 0001:00056e40       _ByteToDir                 20057e40 f   q_math.obj
 0001:00056f20       _ClampChar                 20057f20 f   q_math.obj
 0001:00056f50       _ClampShort                20057f50 f   q_math.obj
 0001:00056f90       _ClearBounds               20057f90 f   q_math.obj
 0001:00057030       _ColorBytes3               20058030 f   q_math.obj
 0001:000570a0       _ColorBytes4               200580a0 f   q_math.obj
 0001:00057240       _DirToByte                 20058240 f   q_math.obj
 0001:00057340       _LerpAngle                 20058340 f   q_math.obj
 0001:000573c0       _MakeNormalVectors         200583c0 f   q_math.obj
 0001:00057580       _MatrixMultiply            20058580 f   q_math.obj
 0001:00057ba0       _NormalizeColor            20058ba0 f   q_math.obj
 0001:00057cf0       _PerpendicularVector       20058cf0 f   q_math.obj
 0001:00057e10       _PlaneFromPoints           20058e10 f   q_math.obj
 0001:00058010       _ProjectPointOnPlane       20059010 f   q_math.obj
 0001:00058270       _Q_crandom                 20059270 f   q_math.obj
 0001:000582c0       _Q_fabs                    200592c0 f   q_math.obj
 0001:000582f0       _Q_log2                    200592f0 f   q_math.obj
 0001:00058320       _Q_rand                    20059320 f   q_math.obj
 0001:00058350       _Q_random                  20059350 f   q_math.obj
 0001:00058390       _Q_rsqrt                   20059390 f   q_math.obj
 0001:00058410       _RadiusFromBounds          20059410 f   q_math.obj
 0001:000584d0       _RotateAroundDirection     200594d0 f   q_math.obj
 0001:000585f0       _RotatePointAroundVector   200595f0 f   q_math.obj
 0001:00058b70       _SetPlaneSignbits          20059b70 f   q_math.obj
 0001:00058bd0       _Vector4Scale              20059bd0 f   q_math.obj
 0001:00058d10       _VectorNormalize           20059d10 f   q_math.obj
 0001:00058e40       _VectorNormalize2          20059e40 f   q_math.obj
 0001:00058fc0       _VectorRotate              20059fc0 f   q_math.obj
 0001:00059180       __DotProduct               2005a180 f   q_math.obj
 0001:00059200       __VectorAdd                2005a200 f   q_math.obj
 0001:000592a0       __VectorCopy               2005a2a0 f   q_math.obj
 0001:00059310       __VectorMA                 2005a310 f   q_math.obj
 0001:000593c0       __VectorScale              2005a3c0 f   q_math.obj
 0001:00059440       __VectorSubtract           2005a440 f   q_math.obj
 0001:000594e0       _vectoangles               2005a4e0 f   q_math.obj
 0001:00059750       _COM_BeginParseSession     2005a750 f   q_shared.obj
 0001:00059790       _COM_Compress              2005a790 f   q_shared.obj
 0001:000599b0       _COM_DefaultExtension      2005a9b0 f   q_shared.obj
 0001:00059a50       _COM_GetCurrentParseLine   2005aa50 f   q_shared.obj
 0001:00059a70       _COM_MatchToken            2005aa70 f   q_shared.obj
 0001:00059ac0       _COM_Parse                 2005aac0 f   q_shared.obj
 0001:00059ae0       _COM_ParseError            2005aae0 f   q_shared.obj
 0001:00059b30       _COM_ParseExt              2005ab30 f   q_shared.obj
 0001:00059dd0       _COM_ParseWarning          2005add0 f   q_shared.obj
 0001:00059e20       _COM_SkipPath              2005ae20 f   q_shared.obj
 0001:00059e70       _COM_StripExtension        2005ae70 f   q_shared.obj
 0001:00059ec0       _Com_Clamp                 2005aec0 f   q_shared.obj
 0001:00059f00       _Com_sprintf               2005af00 f   q_shared.obj
 0001:00059fa0       _FloatNoSwap               2005afa0 f   q_shared.obj
 0001:00059fc0       _FloatSwap                 2005afc0 f   q_shared.obj
 0001:00059ff0       _Info_NextPair             2005aff0 f   q_shared.obj
 0001:0005a0e0       _Info_RemoveKey            2005b0e0 f   q_shared.obj
 0001:0005a260       _Info_RemoveKey_Big        2005b260 f   q_shared.obj
 0001:0005a3f0       _Info_SetValueForKey       2005b3f0 f   q_shared.obj
 0001:0005a580       _Info_SetValueForKey_Big   2005b580 f   q_shared.obj
 0001:0005a710       _Info_Validate             2005b710 f   q_shared.obj
 0001:0005a760       _Info_ValueForKey          2005b760 f   q_shared.obj
 0001:0005a900       _Long64NoSwap              2005b900 f   q_shared.obj
 0001:0005a920       _Long64Swap                2005b920 f   q_shared.obj
 0001:0005a970       _LongNoSwap                2005b970 f   q_shared.obj
 0001:0005a990       _LongSwap                  2005b990 f   q_shared.obj
 0001:0005aa00       _Parse1DMatrix             2005ba00 f   q_shared.obj
 0001:0005aa80       _Parse2DMatrix             2005ba80 f   q_shared.obj
 0001:0005aaf0       _Parse3DMatrix             2005baf0 f   q_shared.obj
 0001:0005ab70       _Q_CleanStr                2005bb70 f   q_shared.obj
 0001:0005ac00       _Q_PrintStrlen             2005bc00 f   q_shared.obj
 0001:0005ac80       _Q_isalpha                 2005bc80 f   q_shared.obj
 0001:0005acc0       _Q_islower                 2005bcc0 f   q_shared.obj
 0001:0005acf0       _Q_isprint                 2005bcf0 f   q_shared.obj
 0001:0005ad20       _Q_isupper                 2005bd20 f   q_shared.obj
 0001:0005ad50       _Q_strcat                  2005bd50 f   q_shared.obj
 0001:0005ada0       _Q_stricmp                 2005bda0 f   q_shared.obj
 0001:0005ade0       _Q_stricmpn                2005bde0 f   q_shared.obj
 0001:0005aec0       _Q_strlwr                  2005bec0 f   q_shared.obj
 0001:0005af10       _Q_strncmp                 2005bf10 f   q_shared.obj
 0001:0005af90       _Q_strncpyz                2005bf90 f   q_shared.obj
 0001:0005b000       _Q_strrchr                 2005c000 f   q_shared.obj
 0001:0005b060       _Q_strupr                  2005c060 f   q_shared.obj
 0001:0005b0b0       _ShortNoSwap               2005c0b0 f   q_shared.obj
 0001:0005b0d0       _ShortSwap                 2005c0d0 f   q_shared.obj
 0001:0005b110       _SkipBracedSection         2005c110 f   q_shared.obj
 0001:0005b1a0       _SkipRestOfLine            2005c1a0 f   q_shared.obj
 0001:0005b260       _va                        2005c260 f   q_shared.obj
 0001:0005b2c0       ___raise_securityfailure   2005c2c0 f   LIBCMTD:gs_report.obj
 0001:0005b310       ___report_gsfailure        2005c310 f   LIBCMTD:gs_report.obj
 0001:0005b420       ___report_rangecheckfailure 2005c420 f   LIBCMTD:gs_report.obj
 0001:0005b430       ___report_securityfailure  2005c430 f   LIBCMTD:gs_report.obj
 0001:0005b510       ___report_securityfailureEx 2005c510 f   LIBCMTD:gs_report.obj
 0001:0005b640       _strcpy                    2005c640 f   LIBCMTD:strcat.obj
 0001:0005b650       _strcat                    2005c650 f   LIBCMTD:strcat.obj
 0001:0005b740       _strlen                    2005c740 f   LIBCMTD:strlen.obj
 0001:0005b7d0       _strncpy                   2005c7d0 f   LIBCMTD:strncpy.obj
 0001:0005b900       __atoi64                   2005c900 f   LIBCMTD:atox.obj
 0001:0005b920       __atoi64_l                 2005c920 f   LIBCMTD:atox.obj
 0001:0005b940       __atoi_l                   2005c940 f   LIBCMTD:atox.obj
 0001:0005b960       __atol_l                   2005c960 f   LIBCMTD:atox.obj
 0001:0005b980       _atoi                      2005c980 f   LIBCMTD:atox.obj
 0001:0005b9a0       _atol                      2005c9a0 f   LIBCMTD:atox.obj
 0001:0005b9c0       _rand                      2005c9c0 f   LIBCMTD:rand.obj
 0001:0005ba00       _srand                     2005ca00 f   LIBCMTD:rand.obj
 0001:0005ba10       @__security_check_cookie@4 2005ca10 f   LIBCMTD:secchk.obj
 0001:0005ba20       __fpmath                   2005ca20 f   LIBCMTD:fpinit.obj
 0001:0005ba40       ___setfflag                2005ca40 f   LIBCMTD:fpinit.obj
 0001:0005ba60       __cfltcvt_init             2005ca60 f   LIBCMTD:fpinit.obj
 0001:0005bb20       __CIsqrt                   2005cb20 f   LIBCMTD:sqrt.obj
 0001:0005bb34       _sqrt                      2005cb34     LIBCMTD:sqrt.obj
 0001:0005bbe0       ??0_LocaleUpdate@@QAE@PAUlocaleinfo_struct@@@Z 2005cbe0 f i LIBCMTD:atof.obj
 0001:0005bcc0       ??1_LocaleUpdate@@QAE@XZ   2005ccc0 f i LIBCMTD:atof.obj
 0001:0005bcf0       ?GetLocaleT@_LocaleUpdate@@QAEPAUlocaleinfo_struct@@XZ 2005ccf0 f i LIBCMTD:atof.obj
 0001:0005bd00       ___STRINGTOLD              2005cd00 f   LIBCMTD:atof.obj
 0001:0005bd50       ___strgtold12              2005cd50 f   LIBCMTD:atof.obj
 0001:0005bda0       __atof_l                   2005cda0 f   LIBCMTD:atof.obj
 0001:0005bef0       _atof                      2005cef0 f   LIBCMTD:atof.obj
 0001:0005bf10       __sscanf_l                 2005cf10 f   LIBCMTD:sscanf.obj
 0001:0005bf40       __sscanf_s_l               2005cf40 f   LIBCMTD:sscanf.obj
 0001:0005bf70       _sscanf                    2005cf70 f   LIBCMTD:sscanf.obj
 0001:0005bfa0       _sscanf_s                  2005cfa0 f   LIBCMTD:sscanf.obj
 0001:0005c160       _memcpy                    2005d160 f   LIBCMTD:memcpy.obj
 0001:0005c7b0       _memset                    2005d7b0 f   LIBCMTD:memset.obj
 0001:0005c840       _fabs                      2005d840 f   LIBCMTD:fabs.obj
 0001:0005c940       _strcmp                    2005d940 f   LIBCMTD:strcmp.obj
 0001:0005c9d0       _memmove                   2005d9d0 f   LIBCMTD:memmove.obj
 0001:0005d020       _strstr                    2005e020 f   LIBCMTD:strstr.obj
 0001:0005d290       __toupper                  2005e290 f   LIBCMTD:toupper.obj
 0001:0005d2a0       __toupper_l                2005e2a0 f   LIBCMTD:toupper.obj
 0001:0005d4e0       _toupper                   2005e4e0 f   LIBCMTD:toupper.obj
 0001:0005d530       __ftol2_sse                2005e530 f   LIBCMTD:ftol2.obj
 0001:0005d539       __ftol2_pentium4           2005e539 f   LIBCMTD:ftol2.obj
 0001:0005d54c       __ftol2_sse_excpt          2005e54c f   LIBCMTD:ftol2.obj
 0001:0005d566       __ftol2                    2005e566 f   LIBCMTD:ftol2.obj
 0001:0005d5e0       __abs64                    2005e5e0 f   LIBCMTD:abs.obj
 0001:0005d620       _abs                       2005e620 f   LIBCMTD:abs.obj
 0001:0005d650       __vscprintf                2005e650 f   LIBCMTD:vsprintf.obj
 0001:0005d670       __vscprintf_helper         2005e670 f   LIBCMTD:vsprintf.obj
 0001:0005d760       __vscprintf_l              2005e760 f   LIBCMTD:vsprintf.obj
 0001:0005d780       __vscprintf_p              2005e780 f   LIBCMTD:vsprintf.obj
 0001:0005d7a0       __vscprintf_p_l            2005e7a0 f   LIBCMTD:vsprintf.obj
 0001:0005d7c0       __vsprintf_l               2005e7c0 f   LIBCMTD:vsprintf.obj
 0001:0005d980       _vsprintf                  2005e980 f   LIBCMTD:vsprintf.obj
 0001:0005d9a0       _strchr                    2005e9a0 f   LIBCMTD:strchr.obj
 0001:0005da0e       ___from_strstr_to_strchr   2005ea0e     LIBCMTD:strchr.obj
 0001:0005dad0       _cos                       2005ead0 f   LIBCMTD:cos.obj
 0001:0005db10       __CIcos                    2005eb10 f   LIBCMTD:cos.obj
 0001:0005db4b       __CIcos_default            2005eb4b f   LIBCMTD:cos.obj
 0001:0005db5f       __cos_default              2005eb5f     LIBCMTD:cos.obj
 0001:0005dc00       _sin                       2005ec00 f   LIBCMTD:sin.obj
 0001:0005dc40       __CIsin                    2005ec40 f   LIBCMTD:sin.obj
 0001:0005dc7b       __CIsin_default            2005ec7b f   LIBCMTD:sin.obj
 0001:0005dc8f       __sin_default              2005ec8f     LIBCMTD:sin.obj
 0001:0005dd30       __alloca_probe             2005ed30     LIBCMTD:chkstk.obj
 0001:0005dd30       __chkstk                   2005ed30 f   LIBCMTD:chkstk.obj
 0001:0005dd60       __tolower                  2005ed60 f   LIBCMTD:tolower.obj
 0001:0005dd70       __tolower_l                2005ed70 f   LIBCMTD:tolower.obj
 0001:0005dfb0       _tolower                   2005efb0 f   LIBCMTD:tolower.obj
 0001:0005e000       _ceil                      2005f000 f   LIBCMTD:ceil_pentium4.obj
 0001:0005e040       __ceil_pentium4            2005f040 f   LIBCMTD:ceil_pentium4.obj
 0001:0005e120       _qsort                     2005f120 f   LIBCMTD:qsort.obj
 0001:0005e610       _atan2                     2005f610 f   LIBCMTD:87ctriga.obj
 0001:0005e61a       __CIatan2                  2005f61a f   LIBCMTD:87ctriga.obj
 0001:0005e630       __invoke_watson_if_error   2005f630 f i LIBCMTD:wassert.obj
 0001:0005e660       __wassert                  2005f660 f   LIBCMTD:wassert.obj
 0001:0005f2a0       __CRT_INIT@12              200602a0 f   LIBCMTD:dllcrt0.obj
 0001:0005f4d0       __DllMainCRTStartup@12     200604d0 f   LIBCMTD:dllcrt0.obj
 0001:0005f6c0       ___DllXcptFilter           200606c0 f   LIBCMTD:dllcrt0.obj
 0001:0005f6f0       __CrtDefaultAllocHook      200606f0 f   LIBCMTD:dbghook.obj
 0001:0005f700       __crt_debugger_hook        20060700 f   LIBCMTD:dbghook.obj
 0001:0005f760       ___crtCloseThreadpoolTimer 20060760 f   LIBCMTD:winapisupp.obj
 0001:0005f790       ___crtCloseThreadpoolWait  20060790 f   LIBCMTD:winapisupp.obj
 0001:0005f7c0       ___crtCreateSemaphoreExW@24 200607c0 f   LIBCMTD:winapisupp.obj
 0001:0005f820       ___crtCreateSymbolicLinkW  20060820 f   LIBCMTD:winapisupp.obj
 0001:0005f860       ___crtCreateThreadpoolTimer 20060860 f   LIBCMTD:winapisupp.obj
 0001:0005f8a0       ___crtCreateThreadpoolWait 200608a0 f   LIBCMTD:winapisupp.obj
 0001:0005f8e0       ___crtFlsAlloc             200608e0 f   LIBCMTD:winapisupp.obj
 0001:0005f910       ___crtFlsFree              20060910 f   LIBCMTD:winapisupp.obj
 0001:0005f950       ___crtFlsGetValue          20060950 f   LIBCMTD:winapisupp.obj
 0001:0005f990       ___crtFlsSetValue          20060990 f   LIBCMTD:winapisupp.obj
 0001:0005f9d0       ___crtFlushProcessWriteBuffers 200609d0 f   LIBCMTD:winapisupp.obj
 0001:0005fa00       ___crtFreeLibraryWhenCallbackReturns 20060a00 f   LIBCMTD:winapisupp.obj
 0001:0005fa30       ___crtGetCurrentProcessorNumber 20060a30 f   LIBCMTD:winapisupp.obj
 0001:0005fa60       ___crtGetLogicalProcessorInformation 20060a60 f   LIBCMTD:winapisupp.obj
[...]
 0002:000176f8       __unwindtable$?strtoxl@@YAKPAUlocaleinfo_struct@@PBDPAPBDHH@Z 200c56f8     LIBCMTD:strtol.obj
 0002:00017700       __ehfuncinfo$?strtoxl@@YAKPAUlocaleinfo_struct@@PBDPAPBDHH@Z 200c5700     LIBCMTD:strtol.obj
 0002:00017728       __sehtable$__freefls@4     200c5728     LIBCMTD:tidtable.obj
 0002:00017750       __sehtable$__initptd       200c5750     LIBCMTD:tidtable.obj
 0002:00017778       __sehtable$___updatetlocinfo 200c5778     LIBCMTD:localref.obj
 0002:00017798       __sehtable$___updatetmbcinfo 200c5798     LIBCMTD:mbctype.obj
 0002:000177b8       __sehtable$__setmbcp       200c57b8     LIBCMTD:mbctype.obj
 0002:000177d4       __unwindtable$?getSystemCP@@YAHH@Z 200c57d4     LIBCMTD:mbctype.obj
 0002:000177dc       __ehfuncinfo$?getSystemCP@@YAHH@Z 200c57dc     LIBCMTD:mbctype.obj
 0002:00017800       __sehtable$__CrtSetReportHookW2 200c5800     LIBCMTD:dbgrptw.obj
 0002:00017820       __sehtable$___set_fpsr_sse2 200c5820     LIBCMTD:fpctrl.obj
 0002:00017840       __sehtable$__get_current_locale 200c5840     LIBCMTD:wsetloca.obj
 0002:00017868       __sehtable$__free_locale   200c5868     LIBCMTD:wsetloca.obj
 0002:00017890       __sehtable$__wsetlocale    200c5890     LIBCMTD:wsetloca.obj
 0002:000178c8       __sehtable$__locterm       200c58c8     LIBCMTD:wsetloca.obj
 0002:000178e8       __sehtable$_doexit         200c58e8     LIBCMTD:crt0dat.obj
 0002:00017908       __sehtable$_fflush         200c5908     LIBCMTD:fflush.obj
 0002:00017928       __sehtable$_flsall         200c5928     LIBCMTD:fflush.obj
 0002:00017950       __sehtable$_setvbuf        200c5950     LIBCMTD:setvbuf.obj
 0002:00017970       __sehtable$_fwprintf       200c5970     LIBCMTD:fwprintf.obj
 0002:00017990       __sehtable$_signal         200c5990     LIBCMTD:winsig.obj
 0002:000179b0       __sehtable$_raise          200c59b0     LIBCMTD:winsig.obj
 0002:000179d0       __sehtable$_ctrlevent_capture@4 200c59d0     LIBCMTD:winsig.obj
 0002:000179f0       __sehtable$__ioinit        200c59f0     LIBCMTD:ioinit.obj
 0002:00017a10       __sehtable$__realloc_dbg   200c5a10     LIBCMTD:dbgheap.obj
 0002:00017a30       __sehtable$__expand_dbg    200c5a30     LIBCMTD:dbgheap.obj
 0002:00017a50       __sehtable$__free_dbg      200c5a50     LIBCMTD:dbgheap.obj
 0002:00017a70       __sehtable$__msize_dbg     200c5a70     LIBCMTD:dbgheap.obj
 0002:00017a90       __sehtable$__CrtCheckMemory 200c5a90     LIBCMTD:dbgheap.obj
 0002:00017ab0       __sehtable$__CrtSetDbgFlag 200c5ab0     LIBCMTD:dbgheap.obj
 0002:00017ad0       __sehtable$__CrtDoForAllClientObjects 200c5ad0     LIBCMTD:dbgheap.obj
 0002:00017af0       __sehtable$__CrtIsMemoryBlock 200c5af0     LIBCMTD:dbgheap.obj
 0002:00017b10       __sehtable$__CrtMemCheckpoint 200c5b10     LIBCMTD:dbgheap.obj
 0002:00017b30       __sehtable$__CrtSetDbgBlockType 200c5b30     LIBCMTD:dbgheap.obj
 0002:00017b50       __sehtable$__heap_alloc_dbg_impl 200c5b50     LIBCMTD:dbgheap.obj
 0002:00017b70       __sehtable$?__crtIsBadReadPtr@@YAHPBXI@Z 200c5b70     LIBCMTD:dbgheap.obj
 0002:00017b90       __sehtable$?_CrtMemDumpAllObjectsSince_stat@@YAXPBU_CrtMemState@@PAUlocaleinfo_struct@@@Z 200c5b90     LIBCMTD:dbgheap.obj
 0002:00017bb0       __sehtable$__mtinitlocknum 200c5bb0     LIBCMTD:mlock.obj
 0002:00017bd0       __sehtable$__VCrtDbgReportA 200c5bd0     LIBCMTD:dbgrptt.obj
 0002:00017bf8       __sehtable$__VCrtDbgReportW 200c5bf8     LIBCMTD:dbgrptt.obj
 0002:00017c20       __sehtable$_ungetc         200c5c20     LIBCMTD:ungetc.obj
 0002:00017c40       __sehtable$__write         200c5c40     LIBCMTD:write.obj
 0002:00017c60       __sehtable$__lseeki64      200c5c60     LIBCMTD:lseeki64.obj
 0002:00017c80       __sehtable$_printf         200c5c80     LIBCMTD:printf.obj
 0002:00017ca0       __sehtable$__IsNonwritableInCurrentImage 200c5ca0     LIBCMTD:pesect.obj
 0002:00017cc0       __sehtable$__onexit        200c5cc0     LIBCMTD:onexit.obj
 0002:00017ce0       __sehtable$?terminate@@YAXXZ 200c5ce0     LIBCMTD:hooks.obj
 0002:00017d00       __sehtable$?_inconsistency@@YAXXZ 200c5d00     LIBCMTD:hooks.obj
 0002:00017d20       __sehtable$__fcloseall     200c5d20     LIBCMTD:closeall.obj
 0002:00017d40       __sehtable$__commit        200c5d40     LIBCMTD:commit.obj
 0002:00017d60       __sehtable$_vfwprintf_helper 200c5d60     LIBCMTD:vfwprint.obj
 0002:00017d7c       __unwindtable$?x_ismbbtype_l@@YAHPAUlocaleinfo_struct@@IHH@Z 200c5d7c     LIBCMTD:ismbbyte.obj
 0002:00017d84       __ehfuncinfo$?x_ismbbtype_l@@YAHPAUlocaleinfo_struct@@IHH@Z 200c5d84     LIBCMTD:ismbbyte.obj
 0002:00017da8       __sehtable$__CrtSetReportHook2 200c5da8     LIBCMTD:dbgrpt.obj
 0002:00017dc8       __sehtable$___FrameUnwindToState 200c5dc8     LIBCMTD:frame.obj
 0002:00017df0       __sehtable$?CallCatchBlock@@YAPAXPAUEHExceptionRecord@@PAUEHRegistrationNode@@PAU_CONTEXT@@PBU_s_FuncInfo@@PAXHK@Z 200c5df0     LIBCMTD:frame.obj
 0002:00017e18       __sehtable$___BuildCatchObject 200c5e18     LIBCMTD:frame.obj
 0002:00017e38       __sehtable$___DestructExceptionObject 200c5e38     LIBCMTD:frame.obj
 0002:00017e54       __catchsym$?CallUnexpected@@YAXPBU_s_ESTypeList@@@Z$2 200c5e54     LIBCMTD:frame.obj
 0002:00017e64       __unwindtable$?CallUnexpected@@YAXPBU_s_ESTypeList@@@Z 200c5e64     LIBCMTD:frame.obj
 0002:00017e74       __tryblocktable$?CallUnexpected@@YAXPBU_s_ESTypeList@@@Z 200c5e74     LIBCMTD:frame.obj
 0002:00017e88       __ehfuncinfo$?CallUnexpected@@YAXPBU_s_ESTypeList@@@Z 200c5e88     LIBCMTD:frame.obj
 0002:00017eb0       __sehtable$___BuildCatchObjectHelper 200c5eb0     LIBCMTD:frame.obj
 0002:00017f20       __sehtable$__read          200c5f20     LIBCMTD:read.obj
 0002:00017f40       __sehtable$__alloc_osfhnd  200c5f40     LIBCMTD:osfinfo.obj
 0002:00017f68       __sehtable$___lock_fhandle 200c5f68     LIBCMTD:osfinfo.obj
 0002:00017f88       __sehtable$__open_osfhandle 200c5f88     LIBCMTD:osfinfo.obj
 0002:00017fa8       __sehtable$__putwch        200c5fa8     LIBCMTD:putwch.obj
 0002:00017fc8       __sehtable$_vprintf_helper 200c5fc8     LIBCMTD:vprintf.obj
 0002:00017fe8       __sehtable$_fclose         200c5fe8     LIBCMTD:fclose.obj
 0002:00018008       __sehtable$_fputwc         200c6008     LIBCMTD:fputwc.obj
 0002:00018028       __sehtable$??3@YAXPAX@Z    200c6028     LIBCMTD:dbgdel.obj
 0002:00018044       __unwindtable$?wcstoxq@@YA_KPAUlocaleinfo_struct@@PB_WPAPB_WHH@Z 200c6044     LIBCMTD:wcstoq.obj
 0002:0001804c       __ehfuncinfo$?wcstoxq@@YA_KPAUlocaleinfo_struct@@PB_WPAPB_WHH@Z 200c604c     LIBCMTD:wcstoq.obj
 0002:00018070       __sehtable$__close         200c6070     LIBCMTD:close.obj
 0002:00018090       __sehtable$?_Name_base@type_info@@CAPBDPBV1@PAU__type_info_node@@@Z 200c6090     LIBCMTD:typname.obj
 0002:000180b0       __sehtable$?_Type_info_dtor@type_info@@CAXPAV1@@Z 200c60b0     LIBCMTD:typname.obj
 0002:000180d0       __sehtable$?_Name_base_internal@type_info@@CAPBDPBV1@PAU__type_info_node@@@Z 200c60d0     LIBCMTD:typname.obj
 0002:000180f0       __sehtable$?_Type_info_dtor_internal@type_info@@CAXPAV1@@Z 200c60f0     LIBCMTD:typname.obj
 0002:00018110       __sehtable$___clean_type_info_names_internal 200c6110     LIBCMTD:typname.obj
 0002:00018130       __sehtable$___unDName      200c6130     LIBCMTD:undname.obj
 0002:00018150       __sehtable$___unDNameEx    200c6150     LIBCMTD:undname.obj
 0002:0001816c       __unwindtable$?make@DNameStatusNode@@SAPAV1@W4DNameStatus@@@Z 200c616c     LIBCMTD:undname.obj
 0002:00018174       __ehfuncinfo$?make@DNameStatusNode@@SAPAV1@W4DNameStatus@@@Z 200c6174     LIBCMTD:undname.obj
 0002:00018952       .idata$6                   200c6952     kernel32:KERNEL32.dll
 0002:00018960       .edata                     200c6960     qagamex86.exp
 0002:00018988       rgpv                       200c6988     qagamex86.exp
 0002:00018990       rgszName                   200c6990     qagamex86.exp
 0002:00018998       rgwOrd                     200c6998     qagamex86.exp
 0002:0001899c       szName                     200c699c     qagamex86.exp
 0002:000189aa       $N00001                    200c69aa     qagamex86.exp
 0002:000189b3       $N00002                    200c69b3     qagamex86.exp
 0003:00000000       _VEC_UP                    200c7000     ai_dmq3.obj
 0003:0000000c       _MOVEDIR_UP                200c700c     ai_dmq3.obj
 0003:00000018       _VEC_DOWN                  200c7018     ai_dmq3.obj
 0003:00000024       _MOVEDIR_DOWN              200c7024     ai_dmq3.obj
 0003:00000990       ?range@?1??G_TouchTriggers@@9@9 200c7990     g_active.obj
 0003:0000099c       _offsetFirst               200c799c     g_arenas.obj
 0003:000009a8       _offsetSecond              200c79a8     g_arenas.obj
 0003:000009b4       _offsetThird               200c79b4     g_arenas.obj
 0003:000009c0       _playerMins                200c79c0     g_client.obj
 0003:000009cc       _playerMaxs                200c79cc     g_client.obj
 0003:000009d8       _gc_orders                 200c79d8     g_cmds.obj
 0003:000009f4       _gameNames                 200c79f4     g_cmds.obj
 0003:00000a78       _gameCvarTableSize         200c7a78     g_main.obj
 0003:00000a7c       ?lastMod@?1??CheckCvars@@9@9 200c7a7c     g_main.obj
 0003:00000a80       _gameCvarTable             200c7a80     g_main.obj
 0003:00001260       ?gametypeNames@?1??G_SpawnGEntityFromSpawnVars@@9@9 200c8260     g_spawn.obj
 0003:00001284       _syscall                   200c8284     g_syscalls.obj
 0003:00001288       _ctfFlagStatusRemap        200c8288     g_team.obj
 0003:00001290       _oneFlagStatusRemap        200c8290     g_team.obj
 0003:00001298       ?VEC_UP@?1??G_SetMovedir@@9@9 200c8298     g_utils.obj
 0003:000012a4       ?MOVEDIR_UP@?1??G_SetMovedir@@9@9 200c82a4     g_utils.obj
 0003:000012b0       ?VEC_DOWN@?1??G_SetMovedir@@9@9 200c82b0     g_utils.obj
 0003:000012bc       ?MOVEDIR_DOWN@?1??G_SetMovedir@@9@9 200c82bc     g_utils.obj
 0003:00001bd0       _NAME_                     200c8bd0     LIBCMTD:sqrt.obj
 0003:00001be0       _NAME_                     200c8be0     LIBCMTD:cos.obj
 0003:00001bf0       _NAME_                     200c8bf0     LIBCMTD:sin.obj
 0003:00001c00       __assertstring             200c8c00     LIBCMTD:wassert.obj
 0003:00001c50       _dotdotdot                 200c8c50     LIBCMTD:wassert.obj
 0003:00001c54       _newline                   200c8c54     LIBCMTD:wassert.obj
 0003:00001c58       _dblnewline                200c8c58     LIBCMTD:wassert.obj
 0003:00001c60       ?isPackaged@?1??__crtIsPackagedApp@@9@9 200c8c60     LIBCMTD:winapisupp.obj
 0003:00001c90       _errtable                  200c8c90     LIBCMTD:dosmap.obj
 0003:00001df8       _ErrnoNoMem                200c8df8     LIBCMTD:dosmap.obj
 0003:00001dfc       _DoserrorNoMem             200c8dfc     LIBCMTD:dosmap.obj
 0003:00001e00       ___rgctypeflag             200c8e00     LIBCMTD:mbctype.obj
 0003:00001e08       ___rgcode_page_info        200c8e08     LIBCMTD:mbctype.obj
 0003:00002320       _dotdotdot                 200c9320     LIBCMTD:dbgrptw.obj
 0003:00002560       ?_names@?1??_get_fname@@9@9 200c9560     LIBCMTD:fpexcept.obj
 0003:00002670       _over                      200c9670     LIBCMTD:fpctrl.obj
 0003:0000267c       _under                     200c967c     LIBCMTD:fpctrl.obj
 0003:00002688       ?__DAZ_ENABLED@?1??__set_fpsr_sse2@@9@9 200c9688     LIBCMTD:fpctrl.obj
 0003:0000268c       __ctype_loc_style          200c968c     LIBCMTD:wsetloca.obj
 0003:000026a0       _newcw                     200c96a0     LIBCMTD:ceil.obj
 0003:00002978       __lRequestCurr             200c9978     LIBCMTD:dbgheap.obj
 0003:0000297c       __bNoMansLandFill          200c997c     LIBCMTD:dbgheap.obj
 0003:0000297d       __bAlignLandFill           200c997d     LIBCMTD:dbgheap.obj
 0003:0000297e       __bDeadLandFill            200c997e     LIBCMTD:dbgheap.obj
 0003:0000297f       __bCleanLandFill           200c997f     LIBCMTD:dbgheap.obj
 0003:00002990       __locktable                200c9990     LIBCMTD:mlock.obj
 0003:00002ab0       _DoubleFormat              200c9ab0     LIBCMTD:intrncvt.obj
 0003:00002ac8       _FloatFormat               200c9ac8     LIBCMTD:intrncvt.obj
 0003:00002e30       _dotdotdot                 200c9e30     LIBCMTD:dbgrpt.obj
 0003:000030c0       ?maxclients@?1??BotNumActivePlayers@@9@9 200ca0c0     ai_chat.obj
 0003:000030c4       ?maxclients@?1??BotIsFirstInRankings@@9@9 200ca0c4     ai_chat.obj
 0003:000030c8       ?maxclients@?1??BotIsLastInRankings@@9@9 200ca0c8     ai_chat.obj
 0003:000030cc       ?name@?1??BotFirstClientInRankings@@9@9 200ca0cc     ai_chat.obj
 0003:000030ec       ?maxclients@?1??BotFirstClientInRankings@@9@9 200ca0ec     ai_chat.obj
 0003:000030f0       ?name@?1??BotLastClientInRankings@@9@9 200ca0f0     ai_chat.obj
 0003:00003110       ?maxclients@?1??BotLastClientInRankings@@9@9 200ca110     ai_chat.obj
 0003:00003114       ?maxclients@?1??BotRandomOpponentName@@9@9 200ca114     ai_chat.obj
 0003:00003118       ?name@?1??BotRandomOpponentName@@9@9 200ca118     ai_chat.obj
 0003:00003138       ?mapname@?1??BotMapTitle@@9@9 200ca138     ai_chat.obj
 0003:000031b8       ?maxclients@?1??FindClientByName@@9@9 200ca1b8     ai_cmd.obj
 0003:000031bc       ?maxclients@?1??FindEnemyByName@@9@9 200ca1bc     ai_cmd.obj
 0003:000031c0       ?maxclients@?1??NumPlayersOnSameTeam@@9@9 200ca1c0     ai_cmd.obj
 0003:000031c4       ?maxclients@?1??ClientFromName@@9@9 200ca1c4     ai_dmq3.obj
 0003:000031c8       ?maxclients@?1??ClientOnSameTeamFromName@@9@9 200ca1c8     ai_dmq3.obj
 0003:000031cc       ?local_time@?1??BotAIStartFrame@@9@9 200ca1cc     ai_main.obj
 0003:000031d0       ?botlib_residual@?1??BotAIStartFrame@@9@9 200ca1d0     ai_main.obj
 0003:000031d4       ?lastbotthink_time@?1??BotAIStartFrame@@9@9 200ca1d4     ai_main.obj
 0003:000031d8       ?maxclients@?1??BotNumTeamMates@@9@9 200ca1d8     ai_team.obj
 0003:000031dc       ?maxclients@?1??BotSortTeamMatesByBaseTravelTime@@9@9 200ca1dc     ai_team.obj
 0003:000031e0       ?maxclients@?1??BotTeamOrders@@9@9 200ca1e0     ai_team.obj
 0003:000031e8       _g_numBots                 200ca1e8     g_bot.obj
 0003:000031ec       ?checkminimumplayers_time@?1??G_CheckMinimumPlayers@@9@9 200ca1ec     g_bot.obj
 0003:000031f0       _g_botInfos                200ca1f0     g_bot.obj
 0003:000041f0       _g_arenaInfos              200cb1f0     g_bot.obj
 0003:000051f0       _botSpawnQueue             200cc1f0     g_bot.obj
 0003:00005270       ?line@?1??ConcatArgs@@9@9  200cc270     g_cmds.obj
 0003:00005670       ?i@?CB@??player_die@@9@9   200cc670     g_combat.obj
 0003:00005678       _memoryPool                200cc678     g_mem.obj
 0003:00045678       _allocPoint                2010c678     g_mem.obj
 0003:00045680       _ipFilters                 2010c680     g_svcmds.obj
 0003:00047680       _numIPFilters              2010e680     g_svcmds.obj
 0003:0004768c       ?index@?1??tv@@9@9         2010e68c     g_utils.obj
 0003:00047690       ?buff@?1??BuildShaderStateConfig@@9@9 2010e690     g_utils.obj
 0003:00048690       ?vecs@?1??tv@@9@9          2010f690     g_utils.obj
 0003:000486f0       ?index@?1??vtos@@9@9       2010f6f0     g_utils.obj
 0003:000486f8       ?str@?1??vtos@@9@9         2010f6f8     g_utils.obj
 0003:000487f8       _s_quadFactor              2010f7f8     g_weapon.obj
 0003:000487fc       _forward                   2010f7fc     g_weapon.obj
 0003:00048808       _right                     2010f808     g_weapon.obj
 0003:00048814       _up                        2010f814     g_weapon.obj
 0003:00048820       _muzzle                    2010f820     g_weapon.obj
 0003:00048838       ?bops_initialized@?1??BoxOnPlaneSide@@9@9 2010f838     q_math.obj
 0003:0004883c       ?Ljmptab@?1??BoxOnPlaneSide@@9@9 2010f83c     q_math.obj
 0003:0004885c       ?sr@?1??AngleVectors@@9@9  2010f85c     q_math.obj
 0003:00048860       ?sp@?1??AngleVectors@@9@9  2010f860     q_math.obj
 0003:00048864       ?sy@?1??AngleVectors@@9@9  2010f864     q_math.obj
 0003:00048868       ?cr@?1??AngleVectors@@9@9  2010f868     q_math.obj
 0003:0004886c       ?cp@?1??AngleVectors@@9@9  2010f86c     q_math.obj
 0003:00048870       ?cy@?1??AngleVectors@@9@9  2010f870     q_math.obj
 0003:00048878       ?index@?1??va@@9@9         2010f878     q_shared.obj
 0003:0004887c       ?valueindex@?1??Info_ValueForKey@@9@9 2010f87c     q_shared.obj
 0003:00048880       _com_token                 2010f880     q_shared.obj
 0003:00048c80       _com_parsename             2010fc80     q_shared.obj
 0003:00049080       _com_lines                 20110080     q_shared.obj
 0003:00049088       ?string@?1??COM_ParseError@@9@9 20110088     q_shared.obj
 0003:0004a088       ?string@?1??COM_ParseWarning@@9@9 20111088     q_shared.obj
 0003:0004b088       ?string@?1??va@@9@9        20112088     q_shared.obj
 0003:0005aa88       ?value@?1??Info_ValueForKey@@9@9 20121a88     q_shared.obj
 0003:0005ea88       _GS_ExceptionRecord        20125a88     LIBCMTD:gs_report.obj
 0003:0005ead8       _GS_ContextRecord          20125ad8     LIBCMTD:gs_report.obj
 0003:0005eda4       _DebuggerWasPresent        20125da4     LIBCMTD:gs_report.obj
 0003:0005edb4       ___proc_attached           20125db4     LIBCMTD:dllcrt0.obj
 0003:0005edd4       _fSystemSet                20125dd4     LIBCMTD:mbctype.obj
 0003:0005ede4       __pmatherr_set             20125de4     LIBCMTD:libm_error.obj
 0003:0005ee00       ?fExit@?1??doexit@@9@9     20125e00     LIBCMTD:crt0dat.obj
 0003:0005ee28       _ctrlc_action              20125e28     LIBCMTD:winsig.obj
 0003:0005ee2c       _ctrlbreak_action          20125e2c     LIBCMTD:winsig.obj
 0003:0005ee30       _abort_action              20125e30     LIBCMTD:winsig.obj
 0003:0005ee34       _term_action               20125e34     LIBCMTD:winsig.obj
 0003:0005ee38       _ConsoleCtrlHandler_Installed 20125e38     LIBCMTD:winsig.obj
 0003:0005ee3c       ?pfnMessageBox@?1??__crtMessageBoxW@@9@9 20125e3c     LIBCMTD:crtmboxw.obj
 0003:0005ee40       ?pfnGetActiveWindow@?1??__crtMessageBoxW@@9@9 20125e40     LIBCMTD:crtmboxw.obj
 0003:0005ee44       ?pfnGetLastActivePopup@?1??__crtMessageBoxW@@9@9 20125e44     LIBCMTD:crtmboxw.obj
 0003:0005ee48       ?pfnGetProcessWindowStation@?1??__crtMessageBoxW@@9@9 20125e48     LIBCMTD:crtmboxw.obj
 0003:0005ee4c       ?pfnGetUserObjectInformation@?1??__crtMessageBoxW@@9@9 20125e4c     LIBCMTD:crtmboxw.obj
 0003:0005ee58       ?outmsg@?L@??_NMSG_WRITE@@9@9 20125e58     LIBCMTD:crt0msg.obj
 0003:0005f588       ?_pgmname@?1??_setargv@@9@9 20126588     LIBCMTD:stdargv.obj
 0003:0005f694       _check_frequency           20126694     LIBCMTD:dbgheap.obj
 0003:0005f69c       _check_counter             2012669c     LIBCMTD:dbgheap.obj
 0003:0005f6a0       __lTotalAlloc              201266a0     LIBCMTD:dbgheap.obj
 0003:0005f6a4       __lCurAlloc                201266a4     LIBCMTD:dbgheap.obj
 0003:0005f6a8       __lMaxAlloc                201266a8     LIBCMTD:dbgheap.obj
 0003:0005f6ac       __pFirstBlock              201266ac     LIBCMTD:dbgheap.obj
 0003:0005f6b0       __pLastBlock               201266b0     LIBCMTD:dbgheap.obj
 0003:0005f6b8       _lclcritsects              201266b8     LIBCMTD:mlock.obj
 0003:0005f82c       ___crtCallProc             2012682c     LIBCMTD:winapinls.obj
 0003:0005f830       ___enable_percent_n        20126830     LIBCMTD:printf.obj
 0003:0005f840       _g_pfnRtlGenRandom         20126840     LIBCMTD:rand_s.obj
 0003:0005f850       ___type_info_root_node     20126850     LIBCMTD:typname.obj
 0003:0005f880       _heap                      20126880     LIBCMTD:undname.obj
 0003:0005f898       ?buf@?1??dbGetString@DName@@QBEPADXZ@4PADA 20126898     LIBCMTD:undname.obj
 0004:00000060       $R000000                   20218060     * linker generated manifest res *
